warm-start from previous mshoot best
warm-start from previous fourbar best
트라이얼 22개
기준 J=5.9985 | [2.4   2.248 1.046 1.094 3.862 3.087]
x:stiff+              : J 6.007895411286402 (ΔJ +0.0094)
x:stiff-              : J 5.988053967211848 (ΔJ -0.0104)
x:ref+                : J 5.998297732811635 (ΔJ -0.0002)
x:ref-                : J 5.9988997388857666 (ΔJ +0.0004)
x:fv_hip+             : J 5.975404283675447 (ΔJ -0.0231)
x:fv_hip-             : J 6.02245802187928 (ΔJ +0.0240)
x:fc_hip+             : J 5.996554284615409 (ΔJ -0.0019)
x:fc_hip-             : J 5.998368654122138 (ΔJ -0.0001)
x:fv_knee+            : J 5.957795269384172 (ΔJ -0.0407)
x:fv_knee-            : J 6.041832704859321 (ΔJ +0.0433)
x:fc_knee+            : J 5.992069585455452 (ΔJ -0.0064)
x:fc_knee-            : J 6.003084780213818 (ΔJ +0.0046)
x:solref+             : J 5.971318543693436 (ΔJ -0.0272)
x:solref-             : J 6.025691012182843 (ΔJ +0.0272)
x:imp0+               : J 6.003616213149388 (ΔJ +0.0051)
x:imp0-               : J 6.002323950318715 (ΔJ +0.0038)
x:arm_knee+           : J 5.965998576937592 (ΔJ -0.0325)
x:arm_knee-           : J 6.032721170273019 (ΔJ +0.0342)
x:M_c+                : J 5.998500997304689 (ΔJ +0.0000)
x:M_c-                : J 5.998500997304689 (ΔJ +0.0000)
x:I_th+               : J 5.995558233631661 (ΔJ -0.0029)
x:I_th-               : J 6.001452895103509 (ΔJ +0.0030)
x:I_ca+               : J 5.998500997304689 (ΔJ +0.0000)
x:I_ca-               : J 5.998500997304689 (ΔJ +0.0000)
x:dz_th+              : J 6.015710122158749 (ΔJ +0.0172)
x:dz_th-              : J 5.982114539295477 (ΔJ -0.0164)
x:dz_ca+              : J 5.998500997304689 (ΔJ +0.0000)
x:dz_ca-              : J 5.998500997304689 (ΔJ +0.0000)
x:LAW_A+              : J 6.003304696709762 (ΔJ +0.0048)
x:LAW_A-              : J 5.991898562056243 (ΔJ -0.0066)
x:LAW_V0+             : J 6.005623321500929 (ΔJ +0.0071)
x:LAW_V0-             : J 5.9894144528342705 (ΔJ -0.0091)
x:LAW_B+              : J 5.969259024113615 (ΔJ -0.0292)
x:LAW_B-              : J 5.9857005279157995 (ΔJ -0.0128)
x:K_RISE+             : J 6.053210116681868 (ΔJ +0.0547)
x:K_RISE-             : J 5.947527089138007 (ΔJ -0.0510)
x:T_SPR+              : J 5.995648720742547 (ΔJ -0.0029)
x:T_SPR-              : J 5.999859455234027 (ΔJ +0.0014)
x:B1_HIP+             : J 5.9940824722201915 (ΔJ -0.0044)
x:B1_HIP-             : J 6.002816580581027 (ΔJ +0.0043)
x:V0_HIP+             : J 6.010471411189897 (ΔJ +0.0120)
x:V0_HIP-             : J 5.985686922837565 (ΔJ -0.0128)
x:K1_HIP+             : J 5.9985305744627855 (ΔJ +0.0000)
x:K1_HIP-             : J 5.998471421881893 (ΔJ -0.0000)
body:base:m x1.1      : ΔJ -0.1073
body:base:m x0.9      : ΔJ +0.2688
body:base:com+0.01    : ΔJ -0.0000
body:base:com-0.01    : ΔJ -0.0000
body:thigh:m x1.1     : ΔJ -0.0799
body:thigh:m x0.9     : ΔJ +0.1152
body:thigh:com+0.01   : ΔJ -0.0264
body:thigh:com-0.01   : ΔJ +0.0303
body:calf:m x1.1      : ΔJ -0.0067
body:calf:m x0.9      : ΔJ +0.0076
body:calf:com+0.01    : ΔJ +0.0062
body:calf:com-0.01    : ΔJ +0.0084
body:crank:m x1.1     : ΔJ -0.0580
body:crank:m x0.9     : ΔJ +0.0762
body:crank:com+0.01   : ΔJ -0.0270
body:crank:com-0.01   : ΔJ +0.0266
body:coupler:m x1.1   : ΔJ -0.0189
body:coupler:m x0.9   : ΔJ +0.0194
body:coupler:com+0.01 : ΔJ -0.0046
body:coupler:com-0.01 : ΔJ +0.0041
sea:ks1=86            : ΔJ -0.1738
sea:ks1=106           : ΔJ +0.1708
sea:ks1_hi=250        : ΔJ -0.0399
sea:ks1_hi=400        : ΔJ +0.0435
sea:tau0_1=7.5        : ΔJ +0.1772
sea:tau0_1=10.5       : ΔJ -0.0994
sea:bs1=0.8           : ΔJ -0.0109
sea:bs1=2.5           : ΔJ +0.1736
sea:jm1=0.006         : ΔJ +0.0349
sea:jm1=0.02          : ΔJ -0.0316
contact:mu=0.85: ΔJ -0.0539
contact:mu=1.2: ΔJ +0.0816

=== 개선 상위 12 (ΔJ<0=개선) ===
sea:ks1=86               ΔJ -0.1738
body:base:m x1.1         ΔJ -0.1073
sea:tau0_1=10.5          ΔJ -0.0994
body:thigh:m x1.1        ΔJ -0.0799
body:crank:m x1.1        ΔJ -0.0580
contact:mu=0.85          ΔJ -0.0539
x:K_RISE-                ΔJ -0.0510
x:fv_knee+               ΔJ -0.0407
sea:ks1_hi=250           ΔJ -0.0399
x:arm_knee+              ΔJ -0.0325
sea:jm1=0.02             ΔJ -0.0316
x:LAW_B+                 ΔJ -0.0292
=== 악화 상위 5 ===
body:thigh:m x0.9        ΔJ +0.1152
sea:ks1=106              ΔJ +0.1708
sea:bs1=2.5              ΔJ +0.1736
sea:tau0_1=7.5           ΔJ +0.1772
body:base:m x0.9         ΔJ +0.2688
done
EXIT 0
