warm-start from previous mshoot best
warm-start from previous fourbar best
trial 16
=== J_m 격자 (ks1=96 고정) — 킥 날(22/25) vs 매끈 날(27) ===
jm1=0.01 26.07.22: J 7.543 q1 2.65 q2 3.23 τ1 4.06
jm1=0.01 26.07.25: J 7.677 q1 3.89 q2 2.03 τ1 6.67
jm1=0.01 26.07.27: J 3.785 q1 0.93 q2 1.38 τ1 2.58
jm1=0.02 26.07.22: J 7.434 q1 2.82 q2 3.17 τ1 3.80
jm1=0.02 26.07.25: J 7.481 q1 4.13 q2 1.87 τ1 6.57
jm1=0.02 26.07.27: J 3.787 q1 1.05 q2 1.35 τ1 2.47
jm1=0.05 26.07.22: J 7.490 q1 3.44 q2 3.01 τ1 3.13
jm1=0.05 26.07.25: J 7.748 q1 4.91 q2 1.42 τ1 6.05
jm1=0.05 26.07.27: J 4.292 q1 1.64 q2 1.39 τ1 2.56
jm1=0.1 26.07.22: J 7.625 q1 4.63 q2 2.70 τ1 2.10
jm1=0.1 26.07.25: J 7.678 q1 6.53 q2 0.83 τ1 3.03
jm1=0.1 26.07.27: J 5.512 q1 2.85 q2 1.65 τ1 2.57
jm1=0.2 26.07.22: J 9.501 q1 6.97 q2 3.34 τ1 2.60
jm1=0.2 26.07.25: J 12.991 q1 10.27 q2 3.55 τ1 5.58
jm1=0.2 26.07.27: J 10.233 q1 5.96 q2 3.79 τ1 6.95
done
