warm-start from previous mshoot best
warm-start from previous fourbar best
트라이얼 22개
26.07.22/120_2_120_2: 66:6.715 76:7.339 86:7.909 96:8.413 106:8.851 116:9.234 126:9.569
26.07.22/150_2.2_250_3: 66:6.325 76:6.875 86:7.436 96:7.95 106:8.406 116:8.806 126:9.157
26.07.22/150_3.3_500_5: 66:6.965 76:7.548 86:8.169 96:8.702 106:9.16 116:9.56 126:9.912
26.07.22/60_0.75_60_2: 66:6.386 76:6.547 86:6.698 96:6.85 106:6.983 116:7.104 126:7.222
26.07.22/60_1.5_60_1.5: 66:5.497 76:5.591 86:5.69 96:5.797 106:5.891 116:5.978 126:6.064
26.07.23/150_2.2_250_3: 66:6.42 76:6.635 86:6.785 96:6.9 106:6.982 116:7.066 126:7.105
26.07.23/150_2.2_500_5: 66:4.489 76:4.0 86:3.653 96:3.412 106:3.246 116:3.134 126:3.062
26.07.23/60_0.75_60_2: 66:7.677 76:7.675 86:7.627 96:7.591 106:7.532 116:7.462 126:7.428
26.07.24/150_2.2_250_3: 66:4.239 76:4.468 86:4.704 96:4.933 106:5.147 116:5.344 126:5.52
26.07.24/150_2.2_350_3.5: 66:10.309 76:10.276 86:10.243 96:10.21 106:10.181 116:10.155 126:10.13
26.07.24/150_2.2_500_5: 66:5.079 76:4.601 86:4.257 96:4.009 106:3.828 116:3.697 126:3.603
26.07.25/100_1.5_250_3: 66:5.77 76:6.226 86:6.689 96:7.127 106:7.518 116:7.862 126:8.161
26.07.25/120_2_250_3: 66:5.796 76:6.354 86:6.909 96:7.413 106:7.853 116:8.231 126:8.556
26.07.25/150_2.2_250_3: 66:6.269 76:6.94 86:7.511 96:7.993 106:8.392 116:8.727 126:9.012
26.07.25/200_2.5_250_3: 66:6.533 76:7.159 86:7.709 96:8.175 106:8.57 116:8.906 126:9.192
26.07.27/100_1.5_250_3: 66:3.733 76:3.429 86:3.266 96:3.209 106:3.22 116:3.264 126:3.333
26.07.27/120_2_250_3: 66:3.706 76:3.434 86:3.31 96:3.296 106:3.349 116:3.439 126:3.544
26.07.27/150_2.2_250_3: 66:4.173 76:3.987 86:3.887 96:3.862 106:3.89 116:3.958 126:4.055
26.07.27/200_2.5_250_3: 66:4.327 76:4.211 86:4.217 96:4.323 106:4.481 116:4.657 126:4.829
26.07.27/250_3_250_3: 66:4.853 76:4.711 86:4.697 96:4.795 106:4.96 116:5.141 126:5.324
26.07.27/60_2_250_3: 66:3.418 76:3.359 86:3.414 96:3.507 106:3.634 116:3.757 126:3.885
26.07.27/80_2_250_3: 66:3.295 76:3.272 86:3.364 96:3.5 106:3.649 116:3.796 126:3.943

=== LOTO 캘리브 판정 (J / q1[°]) ===
26.07.22 (n=5): 고정96 J 7.543/q1 2.65 | LOTO J 6.378/q1 1.83 (선택 [66, 66, 66, 66, 66]) | 오라클 ks=66 J 6.378/q1 1.83
26.07.23 (n=3): 고정96 J 5.968/q1 2.69 | LOTO J 6.144/q1 2.82 (선택 [66, 126, 126]) | 오라클 ks=126 J 5.865/q1 2.63
26.07.24 (n=3): 고정96 J 6.384/q1 3.15 | LOTO J 6.694/q1 3.34 (선택 [66, 126, 126]) | 오라클 ks=96 J 6.384/q1 3.15
26.07.25 (n=4): 고정96 J 7.677/q1 3.89 | LOTO J 6.092/q1 2.62 (선택 [66, 66, 66, 66]) | 오라클 ks=66 J 6.092/q1 2.62
26.07.27 (n=7): 고정96 J 3.785/q1 0.93 | LOTO J 3.784/q1 0.99 (선택 [96, 96, 96, 76, 86, 76, 76]) | 오라클 ks=86 J 3.736/q1 0.92
done
