warm-start from previous mshoot best
warm-start from previous fourbar best

== 26.07.25/100_1.5_250_3 (이륙 128ms) — 창 50ms 리셋 스캔 ==
  창시작[ms] | |dq1|평균 | Δq1(창끝)[°] | 결손토크추정[Nm]
        0 |     4.42 |     +8.15 |    +7.4
       25 |     4.31 |     +1.01 |    +1.0
       50 |     5.48 |     +0.04 |    +0.0
       75 |     7.18 |     -1.63 |    -1.5

== 26.07.27/100_1.5_250_3 (이륙 182ms) — 창 50ms 리셋 스캔 ==
  창시작[ms] | |dq1|평균 | Δq1(창끝)[°] | 결손토크추정[Nm]
        0 |     0.46 |     -0.81 |    -0.8
       25 |     2.14 |     +1.50 |    +1.4
       50 |     4.02 |     +4.31 |    +4.3
       75 |     4.76 |     +3.13 |    +3.0
      100 |     6.00 |     +2.87 |    +2.8
      125 |     8.00 |     +0.68 |    +0.6

== 26.07.22/120_2_120_2 (이륙 150ms) — 창 50ms 리셋 스캔 ==
  창시작[ms] | |dq1|평균 | Δq1(창끝)[°] | 결손토크추정[Nm]
        0 |     3.64 |     +8.17 |    +7.4
       25 |     3.34 |     +3.21 |    +3.0
       50 |     3.73 |     +0.57 |    +0.6
       75 |     5.51 |     +1.46 |    +1.4

done
