warm-start from previous mshoot best
warm-start from previous fourbar best
BASE jump_0429: dq2 replay mean 17.006 (n=10) | q2 min -174.4 deg
BASE jump_0324: dq2 replay mean 3.094 (n=3) | q2 min -152.8 deg
STOPPER147 jump_0429: dq2 replay mean 9.900 (n=10) | q2 min -174.4 deg
STOPPER147 jump_0324: dq2 replay mean 5.779 (n=3) | q2 min -152.8 deg
done
WARNING: Nan, Inf or huge value in CTRL at ACTUATOR 1. The simulation is unstable. Time = 0.0310.

WARNING: Nan, Inf or huge value in QACC at DOF 0. The simulation is unstable. Time = 0.0310.

WARNING: Nan, Inf or huge value in CTRL at ACTUATOR 1. The simulation is unstable. Time = 0.0315.

WARNING: Nan, Inf or huge value in QACC at DOF 0. The simulation is unstable. Time = 0.0315.

WARNING: Nan, Inf or huge value in CTRL at ACTUATOR 1. The simulation is unstable. Time = 0.0315.

WARNING: Nan, Inf or huge value in QACC at DOF 0. The simulation is unstable. Time = 0.0315.

WARNING: Nan, Inf or huge value in CTRL at ACTUATOR 1. The simulation is unstable. Time = 0.0315.

WARNING: Nan, Inf or huge value in QACC at DOF 0. The simulation is unstable. Time = 0.0315.

WARNING: Nan, Inf or huge value in QACC at DOF 4. The simulation is unstable. Time = 0.0310.

WARNING: Nan, Inf or huge value in CTRL at ACTUATOR 1. The simulation is unstable. Time = 0.0315.

WARNING: Nan, Inf or huge value in QACC at DOF 0. The simulation is unstable. Time = 0.0315.

WARNING: Nan, Inf or huge value in CTRL at ACTUATOR 1. The simulation is unstable. Time = 0.0315.

WARNING: Nan, Inf or huge value in QACC at DOF 0. The simulation is unstable. Time = 0.0315.

