warm-start from previous mshoot best
warm-start from previous fourbar best
26.07.22/120_2_120_2: 완료 (h 0.82m)
26.07.22/150_2.2_250_3: 완료 (h 0.85m)
26.07.22/150_3.3_500_5: 완료 (h 0.85m)
26.07.22/60_0.75_60_2: 완료 (h 0.74m)
26.07.22/60_1.5_60_1.5: 완료 (h 0.76m)
26.07.23/150_2.2_250_3: 완료 (h 0.81m)
26.07.23/150_2.2_500_5: 완료 (h 0.80m)
26.07.23/60_0.75_60_2: 완료 (h 0.83m)
26.07.24/150_2.2_250_3: 완료 (h 0.76m)
26.07.24/150_2.2_350_3.5: 완료 (h 0.79m)
26.07.24/150_2.2_500_5: 완료 (h 0.72m)
26.07.25/100_1.5_250_3: 완료 (h 0.76m)
26.07.25/120_2_250_3: 완료 (h 0.75m)
26.07.25/150_2.2_250_3: 완료 (h 0.76m)
26.07.25/200_2.5_250_3: 완료 (h 0.74m)
26.07.27/100_1.5_250_3: 완료 (h 0.82m)
26.07.27/120_2_250_3: 완료 (h 0.81m)
26.07.27/150_2.2_250_3: 완료 (h 0.84m)
26.07.27/200_2.5_250_3: 완료 (h 0.84m)
26.07.27/250_3_250_3: 완료 (h 0.86m)
26.07.27/60_2_250_3: 완료 (h 0.84m)
26.07.27/80_2_250_3: 완료 (h 0.83m)
26.04.24/120_2.2_150_2.5: 완료 (h 0.81m)
26.04.24/120_2.2_200_2.8: 완료 (h 0.80m)
26.04.24/120_2_120_2: 완료 (h 0.84m)
26.04.24/150_2.2_250_3: 완료 (h 0.77m)
26.04.24/150_2.2_350_3.5: 완료 (h 0.77m)
26.04.24/150_2.2_500_4: 완료 (h 0.78m)
26.04.24/60_0.75_60_2: 완료 (h 0.90m)
26.04.24/60_1.5_60_1.5: 완료 (h 0.91m)
26.04.24/90_0.75_90_2: 완료 (h 0.89m)
26.06.02_position/120_2_120_2: 완료 (h 0.94m)
26.06.02_position/150_2.2_250_3: 완료 (h 0.90m)
26.06.02_position/150_2.2_500_5: 완료 (h 0.80m)
26.06.02_position/60_0.75_60_2: 완료 (h 0.94m)
26.06.02_position/60_1.5_60_1.5: 완료 (h 0.96m)
26.06.02_position/90_0.75_90_2: 완료 (h 0.98m)
26.03.24_Jump_No_Tr/P100_D3: 완료 (h 0.74m)
26.03.24_Jump_No_Tr/P40_D0.7: 완료 (h 0.80m)
26.03.24_Jump_No_Tr/P60_D1.5: 완료 (h 0.77m)

done → C:\Users\junho\Documents\jump-opt-digital-twin\code\goal22\p26_sea\promo_all_trials
