warm-start from previous mshoot best
warm-start from previous fourbar best
setup done [2s] — dt=0.0005 law=(-0.3823, 0.6301, 7.2968) spr=(0.5637, 1.8775, 5.8838) k_rise=0.2656 tm=1.31ms crouch(sub=60_0.75_60_2)=(-0.2967,-2.5481) Q1R=(-1.378,-0.154) Q2R=(-2.811,-0.329)
  golden A — 0602/60_0.75_60_2: dq2 RMSE=0.8903 h_sim=0.8966
  golden A — 0602/60_1.5_60_1.5: dq2 RMSE=0.7416 h_sim=0.8824
  golden A — 0602/90_0.75_90_2: dq2 RMSE=1.2248 h_sim=0.9510
  golden A — 0602/120_2_120_2: dq2 RMSE=1.5531 h_sim=0.9238
  golden A — 0602/150_2.2_250_3: dq2 RMSE=1.2513 h_sim=0.9002
  golden A — 0602/150_2.2_500_5: dq2 RMSE=2.0494 h_sim=0.7890
  golden A — session mean 1.2851 (canonical 1.2851) PASS
  golden B — 0602/60_0.75_60_2 env vs cl_run23 max|Δ|=0.000e+00 PASS
GOLDEN PASS (A: 0602 재생 세션평균 / B: env 스텝 비트 일치)
PPO start — 1464 updates × batch 2048 (net 9541 params)
up   10 steps     20k  ret40  0.950  apex40 0.302  det h 0.6295 (best 0.6295)  sat 0.00  bounce 2  std [0.614 0.563]
up   20 steps     41k  ret40  1.499  apex40 0.368  det h 0.6001 (best 0.6295)  sat 0.01  bounce 1  std [0.625 0.524]
up   30 steps     61k  ret40  2.297  apex40 0.668  det h 0.7737 (best 0.7737)  sat 0.12  bounce 0  std [0.602 0.526]
up   40 steps     82k  ret40  2.621  apex40 0.744  det h 0.8469 (best 0.8469)  sat 0.16  bounce 0  std [0.606 0.516]
up   50 steps    102k  ret40  2.701  apex40 0.765  det h 0.8134 (best 0.8469)  sat 0.14  bounce 0  std [0.598 0.51 ]
up   60 steps    123k  ret40  2.847  apex40 0.774  det h 0.7525 (best 0.8469)  sat 0.14  bounce 0  std [0.579 0.492]
up   70 steps    143k  ret40  2.556  apex40 0.723  det h 0.7194 (best 0.8469)  sat 0.15  bounce 1  std [0.564 0.478]
up   80 steps    164k  ret40  2.338  apex40 0.673  det h 0.6942 (best 0.8469)  sat 0.14  bounce 1  std [0.572 0.473]
up   90 steps    184k  ret40  2.724  apex40 0.746  det h 0.8023 (best 0.8469)  sat 0.17  bounce 3  std [0.573 0.464]
up  100 steps    205k  ret40  3.035  apex40 0.806  det h 0.8449 (best 0.8469)  sat 0.21  bounce 1  std [0.575 0.469]
up  110 steps    225k  ret40  3.044  apex40 0.832  det h 0.8529 (best 0.8529)  sat 0.19  bounce 1  std [0.566 0.463]
up  120 steps    246k  ret40  3.359  apex40 0.876  det h 0.9654 (best 0.9654)  sat 0.32  bounce 3  std [0.551 0.468]
up  130 steps    266k  ret40  3.762  apex40 0.965  det h 1.0047 (best 1.0047)  sat 0.22  bounce 2  std [0.552 0.478]
up  140 steps    287k  ret40  3.814  apex40 0.982  det h 1.0191 (best 1.0191)  sat 0.22  bounce 0  std [0.54 0.47]
up  150 steps    307k  ret40  4.048  apex40 1.012  det h 1.0413 (best 1.0413)  sat 0.32  bounce 1  std [0.521 0.459]
up  160 steps    328k  ret40  4.161  apex40 1.032  det h 1.0268 (best 1.0413)  sat 0.24  bounce 6  std [0.521 0.458]
up  170 steps    348k  ret40  4.250  apex40 1.059  det h 1.1498 (best 1.1498)  sat 0.36  bounce 0  std [0.514 0.458]
up  180 steps    369k  ret40  4.285  apex40 1.067  det h 1.0344 (best 1.1498)  sat 0.24  bounce 6  std [0.51  0.454]
up  190 steps    389k  ret40  4.252  apex40 1.066  det h 1.1030 (best 1.1498)  sat 0.24  bounce 0  std [0.508 0.448]
up  200 steps    410k  ret40  4.518  apex40 1.106  det h 1.1683 (best 1.1683)  sat 0.36  bounce 0  std [0.501 0.453]
up  210 steps    430k  ret40  4.516  apex40 1.105  det h 1.1518 (best 1.1683)  sat 0.25  bounce 0  std [0.493 0.434]
up  220 steps    451k  ret40  4.527  apex40 1.115  det h 1.1453 (best 1.1683)  sat 0.24  bounce 1  std [0.484 0.427]
up  230 steps    471k  ret40  4.563  apex40 1.118  det h 1.1407 (best 1.1683)  sat 0.24  bounce 0  std [0.496 0.417]
up  240 steps    492k  ret40  4.702  apex40 1.145  det h 1.1749 (best 1.1749)  sat 0.24  bounce 0  std [0.49  0.414]
up  250 steps    512k  ret40  4.694  apex40 1.141  det h 1.1573 (best 1.1749)  sat 0.24  bounce 0  std [0.481 0.417]
up  260 steps    532k  ret40  4.708  apex40 1.145  det h 1.1562 (best 1.1749)  sat 0.24  bounce 0  std [0.476 0.406]
up  270 steps    553k  ret40  4.540  apex40 1.127  det h 1.1208 (best 1.1749)  sat 0.24  bounce 2  std [0.492 0.42 ]
up  280 steps    573k  ret40  4.572  apex40 1.127  det h 1.1406 (best 1.1749)  sat 0.25  bounce 0  std [0.491 0.431]
up  290 steps    594k  ret40  4.648  apex40 1.129  det h 1.1674 (best 1.1749)  sat 0.25  bounce 0  std [0.48  0.433]
up  300 steps    614k  ret40  4.689  apex40 1.139  det h 1.1834 (best 1.1834)  sat 0.25  bounce 0  std [0.47  0.429]
up  310 steps    635k  ret40  4.793  apex40 1.162  det h 1.1806 (best 1.1834)  sat 0.25  bounce 0  std [0.456 0.421]
up  320 steps    655k  ret40  4.820  apex40 1.163  det h 1.1828 (best 1.1834)  sat 0.26  bounce 0  std [0.448 0.425]
up  330 steps    676k  ret40  4.877  apex40 1.174  det h 1.1954 (best 1.1954)  sat 0.26  bounce 0  std [0.443 0.414]
up  340 steps    696k  ret40  4.877  apex40 1.176  det h 1.2060 (best 1.2060)  sat 0.26  bounce 0  std [0.429 0.41 ]
up  350 steps    717k  ret40  4.935  apex40 1.189  det h 1.2091 (best 1.2091)  sat 0.26  bounce 0  std [0.413 0.398]
up  360 steps    737k  ret40  5.024  apex40 1.203  det h 1.2256 (best 1.2256)  sat 0.26  bounce 0  std [0.4   0.388]
up  370 steps    758k  ret40  5.022  apex40 1.203  det h 1.2090 (best 1.2256)  sat 0.26  bounce 0  std [0.378 0.389]
up  380 steps    778k  ret40  5.090  apex40 1.217  det h 1.2332 (best 1.2332)  sat 0.27  bounce 0  std [0.363 0.382]
up  390 steps    799k  ret40  5.129  apex40 1.227  det h 1.2370 (best 1.2370)  sat 0.27  bounce 0  std [0.361 0.373]
up  400 steps    819k  ret40  5.079  apex40 1.233  det h 1.2275 (best 1.2370)  sat 0.27  bounce 0  std [0.361 0.363]
up  410 steps    840k  ret40  5.091  apex40 1.219  det h 1.2253 (best 1.2370)  sat 0.27  bounce 0  std [0.365 0.359]
up  420 steps    860k  ret40  5.086  apex40 1.216  det h 1.2057 (best 1.2370)  sat 0.42  bounce 0  std [0.355 0.357]
up  430 steps    881k  ret40  5.093  apex40 1.218  det h 1.2238 (best 1.2370)  sat 0.28  bounce 0  std [0.353 0.355]
up  440 steps    901k  ret40  5.080  apex40 1.214  det h 1.2295 (best 1.2370)  sat 0.28  bounce 0  std [0.351 0.347]
up  450 steps    922k  ret40  5.024  apex40 1.228  det h 1.2355 (best 1.2370)  sat 0.28  bounce 0  std [0.349 0.352]
up  460 steps    942k  ret40  5.128  apex40 1.226  det h 1.2311 (best 1.2370)  sat 0.28  bounce 0  std [0.354 0.352]
up  470 steps    963k  ret40  5.165  apex40 1.234  det h 1.2402 (best 1.2402)  sat 0.28  bounce 0  std [0.355 0.355]
up  480 steps    983k  ret40  5.131  apex40 1.236  det h 1.2413 (best 1.2413)  sat 0.28  bounce 0  std [0.363 0.355]
up  490 steps   1004k  ret40  5.179  apex40 1.234  det h 1.2353 (best 1.2413)  sat 0.27  bounce 0  std [0.349 0.351]
up  500 steps   1024k  ret40  5.097  apex40 1.227  det h 1.2370 (best 1.2413)  sat 0.27  bounce 0  std [0.347 0.362]
up  510 steps   1044k  ret40  5.094  apex40 1.232  det h 1.2388 (best 1.2413)  sat 0.27  bounce 0  std [0.349 0.37 ]
up  520 steps   1065k  ret40  5.016  apex40 1.229  det h 1.2352 (best 1.2413)  sat 0.27  bounce 0  std [0.354 0.383]
up  530 steps   1085k  ret40  5.129  apex40 1.224  det h 1.2332 (best 1.2413)  sat 0.27  bounce 0  std [0.348 0.385]
up  540 steps   1106k  ret40  5.052  apex40 1.220  det h 1.2258 (best 1.2413)  sat 0.27  bounce 0  std [0.338 0.391]
up  550 steps   1126k  ret40  5.093  apex40 1.219  det h 1.2361 (best 1.2413)  sat 0.27  bounce 0  std [0.333 0.383]
up  560 steps   1147k  ret40  5.142  apex40 1.227  det h 1.2314 (best 1.2413)  sat 0.27  bounce 0  std [0.327 0.383]
up  570 steps   1167k  ret40  5.063  apex40 1.223  det h 1.2322 (best 1.2413)  sat 0.27  bounce 0  std [0.323 0.389]
up  580 steps   1188k  ret40  5.130  apex40 1.227  det h 1.2333 (best 1.2413)  sat 0.27  bounce 0  std [0.322 0.389]
up  590 steps   1208k  ret40  5.169  apex40 1.235  det h 1.2459 (best 1.2459)  sat 0.27  bounce 0  std [0.318 0.39 ]
up  600 steps   1229k  ret40  5.192  apex40 1.239  det h 1.2405 (best 1.2459)  sat 0.27  bounce 0  std [0.319 0.396]
up  610 steps   1249k  ret40  5.125  apex40 1.230  det h 1.2323 (best 1.2459)  sat 0.26  bounce 0  std [0.318 0.402]
up  620 steps   1270k  ret40  5.096  apex40 1.217  det h 1.2303 (best 1.2459)  sat 0.28  bounce 0  std [0.311 0.388]
up  630 steps   1290k  ret40  5.091  apex40 1.221  det h 1.2308 (best 1.2459)  sat 0.26  bounce 0  std [0.305 0.39 ]
up  640 steps   1311k  ret40  5.088  apex40 1.219  det h 1.2308 (best 1.2459)  sat 0.26  bounce 0  std [0.305 0.38 ]
up  650 steps   1331k  ret40  5.063  apex40 1.216  det h 1.2275 (best 1.2459)  sat 0.37  bounce 0  std [0.302 0.386]
up  660 steps   1352k  ret40  5.062  apex40 1.216  det h 1.2273 (best 1.2459)  sat 0.26  bounce 0  std [0.297 0.385]
up  670 steps   1372k  ret40  5.094  apex40 1.220  det h 1.2241 (best 1.2459)  sat 0.44  bounce 0  std [0.291 0.375]
up  680 steps   1393k  ret40  5.137  apex40 1.226  det h 1.2298 (best 1.2459)  sat 0.27  bounce 0  std [0.29  0.387]
early stop: plateau (best 1.2413 이후 20회 미개선)
done — steps 1392640 wall 4.6min best_h 1.2459 (plateau (best 1.2413 이후 20회 미개선))
curve saved: p25_c_curve_t18.png
