warm-start from previous mshoot best
warm-start from previous fourbar best
ref const2.25: {'jump_position_0421': 74.96719623788836, 'jump_0424': 79.78047093981588, 'jump_0602': 82.86106915534988}
ref base_only: {'jump_position_0421': 89.80446142149403, 'jump_0424': 84.66895165705914, 'jump_0602': 82.92689330011552}
hip λ=-1.50: 0421 85.8 0424 83.1 0602 88.3
hip λ=-0.75: 0421 79.2 0424 79.7 0602 83.8
hip λ=+0.00: 0421 75.0 0424 79.8 0602 82.9
hip λ=+0.75: 0421 73.0 0424 83.8 0602 85.1
hip λ=+1.50: 0421 73.2 0424 92.5 0602 89.3
A1(제곱·포화형) δ=0.0002: 평균 82.0 | 0421 83.3 0424 78.7 0602 83.9
A1(제곱·포화형) δ=0.000417: 평균 80.7 | 0421 79.4 0424 73.6 0602 89.2
A1(제곱·포화형) δ=0.0008: 평균 88.1 | 0421 82.0 0424 71.7 0602 110.8
A1(제곱·포화형) δ=0.0013: 평균 110.9 | 0421 102.7 0424 80.7 0602 149.2
A1(제곱·포화형) δ=0.002: 평균 158.5 | 0421 149.7 0424 108.6 0602 217.2
A3(부하비례형) δ=0.05: 평균 80.5 | 0421 79.5 0424 76.4 0602 85.5
A3(부하비례형) δ=0.1: 평균 82.2 | 0421 74.7 0424 75.3 0602 96.5
A3(부하비례형) δ=0.15: 평균 91.3 | 0421 77.2 0424 81.4 0602 115.3
A3(부하비례형) δ=0.22: 평균 115.1 | 0421 94.2 0424 102.1 0602 148.9
visc(점성 참조형) δ=0.05: 평균 79.1 | 0421 76.6 0424 76.9 0602 83.7
visc(점성 참조형) δ=0.1: 평균 75.6 | 0421 65.4 0424 73.9 0602 87.5
visc(점성 참조형) δ=0.15: 평균 77.6 | 0421 61.3 0424 76.5 0602 94.9
visc(점성 참조형) δ=0.2: 평균 85.9 | 0421 66.6 0424 85.1 0602 106.0

BEST: visc(점성 참조형) δ=0.1 (평균 75.6)
s2s: const {'s2s_gnd_0319': 43.20105853595184} | base {'s2s_gnd_0319': 11.561222084832949} | winner {'s2s_gnd_0319': 11.31864328116788}
0429 Mode A: ref 58.52 → winner(+visc(점성 참조형)) 114.36
saved C:\Users\junho\Desktop\jump_opt\g22_p20_results\exp1_forms.png
