warm-start from previous mshoot best
warm-start from previous fourbar best
점프 창 점수 vs c (기준: const2.25 → 0421 75.0 / 0424 79.8 / 0602 82.9, 평균 79.2)
  c=0.00: 평균  115.1 | 0421 92.4 0424 136.0 0602 117.1
  c=0.10: 평균   94.1 | 0421 84.4 0424 104.3 0602 93.6
  c=0.15: 평균   88.4 | 0421 86.1 0424 91.4 0602 87.6
  c=0.20: 평균   86.9 | 0421 92.3 0424 81.7 0602 86.6
  c=0.25: 평균   90.1 | 0421 102.9 0424 75.5 0602 91.9
  c=0.30: 평균   97.7 | 0421 116.5 0424 74.2 0602 102.5
  c=0.40: 평균  122.3 | 0421 150.3 0424 84.4 0602 132.2
BEST c = 0.20 (평균 86.9)
s2s 창 점수 (c=0.2): 15.3  [참조: const2.25 43.2 / 세션기준선 11.6]
0429 Mode A 총점 (c=0.2): 221.12  [참조: 현행 58.5]

[예측표] 저속 유지 구간 — 예측 c·⟨â⟩ vs 실측 λ*
구간                      ⟨â⟩[Nm]   예측 c·⟨â⟩    실측 λ*
jump_position_0421          6.0       1.21     0.14
jump_0424                   5.4       1.07     1.78
jump_0602                   4.0       0.80     2.20
s2s_gnd_0319                3.5       0.71     1.02
0604 cvt no_load            3.6       0.72     1.02
0604 cvt 2.5kg              6.5       1.31     2.09
0604 cvt 5kg                8.3       1.67     3.77
0604 no_cvt                 4.9       0.98     0.71
0429 저속                     nan        nan     1.01
