warm-start from previous mshoot best
warm-start from previous fourbar best
x0(1라운드 승자): CL 36.9% | 점프창 404.4 | s2s 1192.8 | 0604 151.9
warm-start from previous mshoot best
warm-start from previous fourbar best
warm-start from previous mshoot best
warm-start from previous fourbar best
warm-start from previous mshoot best
warm-start from previous fourbar best
warm-start from previous mshoot best
warm-start from previous fourbar best
warm-start from previous mshoot best
warm-start from previous fourbar best
warm-start from previous mshoot best
warm-start from previous fourbar best
warm-start from previous mshoot best
warm-start from previous fourbar best
warm-start from previous mshoot best
warm-start from previous fourbar best
warm-start from previous mshoot best
warm-start from previous fourbar best
BEST r0 nev=185 J=1.0000 stiff=1.06 ref=1.65 fv_hip=0.285 fc_hip=0.00892 fv_knee=0.0585 fc_knee=0.0727 solref=0.00918 imp0=0.602 arm_knee=0.00775 M_c=0.922 I_th=0.767 I_ca=1.09 dz_th=0.0919 dz_ca=0.023 tm=0.00105 c_qs=0.0291 v0=15.3 o1_429=0.104 o2_429=-0.0686 [1.6m]
BEST r0 nev=233 J=0.9920 stiff=1.14 ref=1.58 fv_hip=0.393 fc_hip=0.00244 fv_knee=0.0167 fc_knee=0.046 solref=0.00734 imp0=0.548 arm_knee=0.00663 M_c=0.895 I_th=0.564 I_ca=1.11 dz_th=0.0443 dz_ca=0.0348 tm=0.000142 c_qs=0.062 v0=13.7 o1_429=0.131 o2_429=-0.0442 [2.0m]
BEST r0 nev=400 J=0.9903 stiff=1.18 ref=1.63 fv_hip=0.303 fc_hip=0.00321 fv_knee=0.0298 fc_knee=0.0983 solref=0.00806 imp0=0.596 arm_knee=0.00651 M_c=0.997 I_th=0.585 I_ca=1.03 dz_th=0.0703 dz_ca=-0.00199 tm=0.00129 c_qs=0.00996 v0=7.83 o1_429=0.112 o2_429=-0.0528 [3.3m]
BEST r0 nev=487 J=0.9889 stiff=1.17 ref=1.67 fv_hip=0.322 fc_hip=1.31e-06 fv_knee=0.0241 fc_knee=0.0661 solref=0.0101 imp0=0.585 arm_knee=0.00767 M_c=0.989 I_th=0.553 I_ca=0.99 dz_th=0.0438 dz_ca=0.00686 tm=0.00138 c_qs=0.035 v0=12.9 o1_429=0.114 o2_429=-0.064 [4.0m]
BEST r0 nev=504 J=0.9878 stiff=1.22 ref=1.67 fv_hip=0.181 fc_hip=0.00153 fv_knee=0.0279 fc_knee=0.0802 solref=0.00971 imp0=0.583 arm_knee=0.00647 M_c=0.962 I_th=0.55 I_ca=1.04 dz_th=0.0418 dz_ca=0.00369 tm=0.00121 c_qs=0.0269 v0=13.8 o1_429=0.113 o2_429=-0.095 [4.1m]
BEST r0 nev=522 J=0.9856 stiff=1.17 ref=1.73 fv_hip=0.279 fc_hip=0.0047 fv_knee=0.0225 fc_knee=0.0742 solref=0.00908 imp0=0.558 arm_knee=0.00707 M_c=0.887 I_th=0.55 I_ca=1.09 dz_th=0.0346 dz_ca=-0.0019 tm=0.00162 c_qs=0.0484 v0=13.8 o1_429=0.107 o2_429=-0.0557 [4.3m]
BEST r0 nev=586 J=0.9847 stiff=1.19 ref=1.64 fv_hip=0.205 fc_hip=0.00394 fv_knee=0.0331 fc_knee=0.0738 solref=0.00984 imp0=0.586 arm_knee=0.00594 M_c=0.892 I_th=0.557 I_ca=1.05 dz_th=0.0512 dz_ca=0.0531 tm=0.00118 c_qs=0.0111 v0=19 o1_429=0.102 o2_429=-0.0445 [4.7m]
BEST r0 nev=603 J=0.9844 stiff=1.19 ref=1.72 fv_hip=0.236 fc_hip=0.000559 fv_knee=0.0321 fc_knee=0.0789 solref=0.00778 imp0=0.564 arm_knee=0.00582 M_c=0.951 I_th=0.562 I_ca=1.02 dz_th=0.0295 dz_ca=0.0455 tm=0.00162 c_qs=0.017 v0=19.1 o1_429=0.116 o2_429=-0.0793 [5.0m]
BEST r0 nev=613 J=0.9836 stiff=1.13 ref=1.64 fv_hip=0.404 fc_hip=0.00183 fv_knee=0.0181 fc_knee=0.0598 solref=0.00925 imp0=0.643 arm_knee=0.00677 M_c=0.939 I_th=0.558 I_ca=1.09 dz_th=0.04 dz_ca=0.0298 tm=0.000297 c_qs=0.0591 v0=16.2 o1_429=0.117 o2_429=-0.0637 [5.0m]
BEST r0 nev=652 J=0.9827 stiff=1.17 ref=1.58 fv_hip=0.231 fc_hip=0.0035 fv_knee=0.0344 fc_knee=0.0893 solref=0.00837 imp0=0.583 arm_knee=0.00623 M_c=0.947 I_th=0.551 I_ca=1.14 dz_th=0.0396 dz_ca=0.00786 tm=9.4e-07 c_qs=0.0457 v0=19.6 o1_429=0.101 o2_429=-0.0678 [5.3m]
BEST r0 nev=690 J=0.9817 stiff=1.23 ref=1.68 fv_hip=0.23 fc_hip=0.0104 fv_knee=0.0306 fc_knee=0.0952 solref=0.00864 imp0=0.594 arm_knee=0.00662 M_c=0.967 I_th=0.562 I_ca=1.15 dz_th=0.0342 dz_ca=0.0391 tm=2.38e-05 c_qs=0.0122 v0=16.7 o1_429=0.112 o2_429=-0.0539 [5.7m]
BEST r0 nev=753 J=0.9813 stiff=1.21 ref=1.67 fv_hip=0.266 fc_hip=0.00937 fv_knee=0.026 fc_knee=0.0773 solref=0.00976 imp0=0.575 arm_knee=0.00645 M_c=0.908 I_th=0.55 I_ca=1.15 dz_th=0.0384 dz_ca=0.0227 tm=4.09e-05 c_qs=0.00731 v0=17.6 o1_429=0.107 o2_429=-0.0631 [6.1m]
BEST r0 nev=762 J=0.9805 stiff=1.21 ref=1.67 fv_hip=0.273 fc_hip=0.0191 fv_knee=0.0264 fc_knee=0.0881 solref=0.00783 imp0=0.559 arm_knee=0.00658 M_c=0.939 I_th=0.55 I_ca=1.18 dz_th=0.0377 dz_ca=0.0365 tm=0.000117 c_qs=0.0171 v0=17.7 o1_429=0.101 o2_429=-0.0664 [6.2m]
BEST r0 nev=774 J=0.9803 stiff=1.22 ref=1.67 fv_hip=0.288 fc_hip=0.019 fv_knee=0.0287 fc_knee=0.08 solref=0.00956 imp0=0.593 arm_knee=0.00618 M_c=0.942 I_th=0.552 I_ca=1.2 dz_th=0.0299 dz_ca=0.0322 tm=2.16e-05 c_qs=0.0166 v0=19.5 o1_429=0.113 o2_429=-0.0628 [6.3m]
BEST r0 nev=783 J=0.9798 stiff=1.19 ref=1.68 fv_hip=0.286 fc_hip=0.0215 fv_knee=0.0279 fc_knee=0.0802 solref=0.00822 imp0=0.551 arm_knee=0.00633 M_c=0.935 I_th=0.554 I_ca=1.16 dz_th=0.0267 dz_ca=0.0352 tm=1.63e-05 c_qs=0.0298 v0=18 o1_429=0.108 o2_429=-0.0661 [6.3m]
BEST r0 nev=793 J=0.9794 stiff=1.17 ref=1.6 fv_hip=0.295 fc_hip=0.029 fv_knee=0.023 fc_knee=0.075 solref=0.00885 imp0=0.562 arm_knee=0.00632 M_c=0.959 I_th=0.554 I_ca=1.16 dz_th=0.0336 dz_ca=0.0484 tm=4.77e-05 c_qs=0.0356 v0=19.6 o1_429=0.109 o2_429=-0.0726 [6.4m]
BEST r0 nev=807 J=0.9788 stiff=1.2 ref=1.67 fv_hip=0.266 fc_hip=0.0353 fv_knee=0.0237 fc_knee=0.0684 solref=0.00877 imp0=0.567 arm_knee=0.00622 M_c=0.947 I_th=0.55 I_ca=1.2 dz_th=0.031 dz_ca=0.0385 tm=6.1e-05 c_qs=0.0221 v0=19 o1_429=0.106 o2_429=-0.0648 [6.5m]
BEST r0 nev=835 J=0.9788 stiff=1.18 ref=1.64 fv_hip=0.27 fc_hip=0.0206 fv_knee=0.0258 fc_knee=0.0697 solref=0.00836 imp0=0.548 arm_knee=0.00635 M_c=0.921 I_th=0.554 I_ca=1.21 dz_th=0.0322 dz_ca=0.0428 tm=9.01e-08 c_qs=0.0261 v0=18.9 o1_429=0.118 o2_429=-0.0618 [6.7m]
BEST r0 nev=836 J=0.9785 stiff=1.23 ref=1.72 fv_hip=0.325 fc_hip=0.0293 fv_knee=0.0199 fc_knee=0.0722 solref=0.00799 imp0=0.544 arm_knee=0.00582 M_c=0.937 I_th=0.551 I_ca=1.22 dz_th=0.026 dz_ca=0.048 tm=2.17e-07 c_qs=0.0151 v0=17.3 o1_429=0.11 o2_429=-0.0645 [6.7m]
BEST r0 nev=846 J=0.9770 stiff=1.18 ref=1.67 fv_hip=0.332 fc_hip=0.0295 fv_knee=0.0199 fc_knee=0.0659 solref=0.00794 imp0=0.543 arm_knee=0.006 M_c=0.929 I_th=0.55 I_ca=1.22 dz_th=0.0289 dz_ca=0.0535 tm=5.69e-05 c_qs=0.0302 v0=17.9 o1_429=0.117 o2_429=-0.0724 [6.8m]
BEST r0 nev=991 J=0.9764 stiff=1.2 ref=1.78 fv_hip=0.3 fc_hip=0.0344 fv_knee=0.0365 fc_knee=0.0677 solref=0.00641 imp0=0.515 arm_knee=0.00611 M_c=0.919 I_th=0.568 I_ca=1.16 dz_th=0.0341 dz_ca=0.0873 tm=5.88e-05 c_qs=0.018 v0=16.6 o1_429=0.105 o2_429=-0.072 [8.0m]
BEST r0 nev=1016 J=0.9762 stiff=1.25 ref=1.79 fv_hip=0.263 fc_hip=0.0299 fv_knee=0.0261 fc_knee=0.0866 solref=0.00702 imp0=0.5 arm_knee=0.00586 M_c=0.874 I_th=0.553 I_ca=1.24 dz_th=0.0274 dz_ca=0.0916 tm=9.34e-07 c_qs=1.82e-05 v0=18.2 o1_429=0.104 o2_429=-0.0615 [8.2m]
BEST r0 nev=1023 J=0.9749 stiff=1.21 ref=1.78 fv_hip=0.25 fc_hip=0.0399 fv_knee=0.0381 fc_knee=0.0608 solref=0.00785 imp0=0.523 arm_knee=0.00594 M_c=0.898 I_th=0.554 I_ca=1.24 dz_th=0.0348 dz_ca=0.0934 tm=0.000357 c_qs=0.00523 v0=18.8 o1_429=0.115 o2_429=-0.0658 [8.3m]
BEST r0 nev=1046 J=0.9739 stiff=1.2 ref=1.78 fv_hip=0.223 fc_hip=0.0442 fv_knee=0.0282 fc_knee=0.0778 solref=0.00662 imp0=0.482 arm_knee=0.00599 M_c=0.903 I_th=0.553 I_ca=1.2 dz_th=0.0264 dz_ca=0.108 tm=4.07e-06 c_qs=0.012 v0=15.4 o1_429=0.112 o2_429=-0.0613 [8.4m]
BEST r0 nev=1137 J=0.9735 stiff=1.21 ref=1.77 fv_hip=0.192 fc_hip=0.0306 fv_knee=0.0373 fc_knee=0.0831 solref=0.00711 imp0=0.494 arm_knee=0.00556 M_c=0.916 I_th=0.563 I_ca=1.26 dz_th=0.0319 dz_ca=0.0953 tm=1.28e-05 c_qs=0.00433 v0=20.5 o1_429=0.119 o2_429=-0.0772 [9.2m]
BEST r0 nev=1143 J=0.9735 stiff=1.18 ref=1.76 fv_hip=0.24 fc_hip=0.0359 fv_knee=0.0396 fc_knee=0.0816 solref=0.00677 imp0=0.489 arm_knee=0.00564 M_c=0.876 I_th=0.551 I_ca=1.23 dz_th=0.0308 dz_ca=0.0995 tm=0.000279 c_qs=0.00895 v0=20.2 o1_429=0.113 o2_429=-0.0677 [9.2m]
BEST r0 nev=1147 J=0.9734 stiff=1.2 ref=1.73 fv_hip=0.275 fc_hip=0.0344 fv_knee=0.0361 fc_knee=0.0762 solref=0.00619 imp0=0.479 arm_knee=0.00579 M_c=0.929 I_th=0.566 I_ca=1.18 dz_th=0.0357 dz_ca=0.0942 tm=1.04e-08 c_qs=0.00606 v0=18.8 o1_429=0.109 o2_429=-0.071 [9.2m]
BEST r0 nev=1149 J=0.9729 stiff=1.18 ref=1.76 fv_hip=0.239 fc_hip=0.0381 fv_knee=0.0352 fc_knee=0.0781 solref=0.00639 imp0=0.48 arm_knee=0.00551 M_c=0.883 I_th=0.552 I_ca=1.24 dz_th=0.0352 dz_ca=0.0975 tm=0.000185 c_qs=0.00559 v0=20.7 o1_429=0.116 o2_429=-0.0707 [9.3m]
BEST r0 nev=1169 J=0.9729 stiff=1.22 ref=1.75 fv_hip=0.242 fc_hip=0.0388 fv_knee=0.0368 fc_knee=0.0818 solref=0.0067 imp0=0.502 arm_knee=0.00571 M_c=0.892 I_th=0.558 I_ca=1.27 dz_th=0.0337 dz_ca=0.109 tm=0.000165 c_qs=0.00101 v0=21 o1_429=0.12 o2_429=-0.0683 [9.5m]
BEST r0 nev=1184 J=0.9729 stiff=1.18 ref=1.74 fv_hip=0.244 fc_hip=0.0499 fv_knee=0.0351 fc_knee=0.0785 solref=0.00599 imp0=0.486 arm_knee=0.00567 M_c=0.915 I_th=0.569 I_ca=1.24 dz_th=0.0362 dz_ca=0.119 tm=8.71e-05 c_qs=5.88e-05 v0=19.6 o1_429=0.109 o2_429=-0.0759 [9.6m]
BEST r0 nev=1192 J=0.9728 stiff=1.2 ref=1.77 fv_hip=0.223 fc_hip=0.0436 fv_knee=0.0369 fc_knee=0.0658 solref=0.00644 imp0=0.48 arm_knee=0.0053 M_c=0.9 I_th=0.555 I_ca=1.24 dz_th=0.0267 dz_ca=0.113 tm=0.00019 c_qs=0.000969 v0=23.1 o1_429=0.122 o2_429=-0.0785 [9.7m]
BEST r0 nev=1196 J=0.9727 stiff=1.21 ref=1.69 fv_hip=0.2 fc_hip=0.0435 fv_knee=0.0436 fc_knee=0.0799 solref=0.00625 imp0=0.482 arm_knee=0.00579 M_c=0.889 I_th=0.575 I_ca=1.29 dz_th=0.0362 dz_ca=0.107 tm=7.05e-05 c_qs=0.000653 v0=21.4 o1_429=0.11 o2_429=-0.0679 [9.7m]
BEST r0 nev=1204 J=0.9726 stiff=1.18 ref=1.76 fv_hip=0.227 fc_hip=0.0359 fv_knee=0.0427 fc_knee=0.0775 solref=0.00632 imp0=0.478 arm_knee=0.0056 M_c=0.934 I_th=0.57 I_ca=1.25 dz_th=0.0329 dz_ca=0.117 tm=0.000321 c_qs=0.00268 v0=19.7 o1_429=0.111 o2_429=-0.0779 [9.7m]
BEST r0 nev=1208 J=0.9724 stiff=1.21 ref=1.73 fv_hip=0.188 fc_hip=0.0483 fv_knee=0.034 fc_knee=0.0659 solref=0.00687 imp0=0.499 arm_knee=0.0051 M_c=0.874 I_th=0.552 I_ca=1.25 dz_th=0.0235 dz_ca=0.119 tm=0.000491 c_qs=0.00119 v0=22.2 o1_429=0.124 o2_429=-0.0715 [9.8m]
BEST r0 nev=1220 J=0.9724 stiff=1.17 ref=1.72 fv_hip=0.221 fc_hip=0.0341 fv_knee=0.0444 fc_knee=0.0762 solref=0.00645 imp0=0.502 arm_knee=0.00557 M_c=0.897 I_th=0.556 I_ca=1.22 dz_th=0.0385 dz_ca=0.119 tm=0.000183 c_qs=0.00182 v0=21.3 o1_429=0.125 o2_429=-0.0772 [9.9m]
BEST r0 nev=1254 J=0.9718 stiff=1.18 ref=1.75 fv_hip=0.219 fc_hip=0.044 fv_knee=0.0426 fc_knee=0.0737 solref=0.00621 imp0=0.485 arm_knee=0.00566 M_c=0.879 I_th=0.586 I_ca=1.25 dz_th=0.0357 dz_ca=0.119 tm=7.8e-06 c_qs=0.000459 v0=20.6 o1_429=0.12 o2_429=-0.0799 [10.1m]
BEST r0 nev=1271 J=0.9715 stiff=1.2 ref=1.72 fv_hip=0.183 fc_hip=0.0527 fv_knee=0.0465 fc_knee=0.0703 solref=0.00593 imp0=0.472 arm_knee=0.00559 M_c=0.865 I_th=0.597 I_ca=1.29 dz_th=0.0375 dz_ca=0.109 tm=0.000124 c_qs=0.0012 v0=22.8 o1_429=0.132 o2_429=-0.0892 [10.2m]
BEST r0 nev=1313 J=0.9714 stiff=1.2 ref=1.75 fv_hip=0.194 fc_hip=0.0286 fv_knee=0.0517 fc_knee=0.0766 solref=0.00588 imp0=0.475 arm_knee=0.0055 M_c=0.879 I_th=0.578 I_ca=1.27 dz_th=0.0313 dz_ca=0.118 tm=1.8e-06 c_qs=0.00581 v0=21.7 o1_429=0.136 o2_429=-0.083 [10.6m]
BEST r0 nev=1336 J=0.9713 stiff=1.22 ref=1.73 fv_hip=0.219 fc_hip=0.0384 fv_knee=0.045 fc_knee=0.0713 solref=0.00596 imp0=0.48 arm_knee=0.00526 M_c=0.896 I_th=0.566 I_ca=1.26 dz_th=0.0312 dz_ca=0.119 tm=1.7e-05 c_qs=0.00239 v0=20 o1_429=0.126 o2_429=-0.0809 [10.8m]
BEST r0 nev=1350 J=0.9708 stiff=1.2 ref=1.76 fv_hip=0.166 fc_hip=0.031 fv_knee=0.0544 fc_knee=0.0706 solref=0.00614 imp0=0.481 arm_knee=0.00541 M_c=0.856 I_th=0.589 I_ca=1.3 dz_th=0.032 dz_ca=0.119 tm=3.38e-06 c_qs=0.00353 v0=19.9 o1_429=0.12 o2_429=-0.0816 [10.9m]
BEST r0 nev=1524 J=0.9704 stiff=1.2 ref=1.84 fv_hip=0.184 fc_hip=0.0441 fv_knee=0.0506 fc_knee=0.0619 solref=0.00592 imp0=0.471 arm_knee=0.00567 M_c=0.847 I_th=0.555 I_ca=1.34 dz_th=0.0282 dz_ca=0.117 tm=6e-06 c_qs=0.00192 v0=18.2 o1_429=0.125 o2_429=-0.0807 [12.3m]
BEST r0 nev=1598 J=0.9704 stiff=1.2 ref=1.82 fv_hip=0.212 fc_hip=0.0526 fv_knee=0.0407 fc_knee=0.0596 solref=0.00573 imp0=0.461 arm_knee=0.00551 M_c=0.822 I_th=0.57 I_ca=1.35 dz_th=0.0317 dz_ca=0.118 tm=5.91e-06 c_qs=0.00598 v0=21.6 o1_429=0.131 o2_429=-0.0894 [12.9m]
BEST r0 nev=1640 J=0.9702 stiff=1.2 ref=1.84 fv_hip=0.189 fc_hip=0.0459 fv_knee=0.0477 fc_knee=0.0658 solref=0.00585 imp0=0.467 arm_knee=0.00539 M_c=0.814 I_th=0.556 I_ca=1.35 dz_th=0.0281 dz_ca=0.12 tm=0.000132 c_qs=0.00621 v0=21.2 o1_429=0.127 o2_429=-0.083 [13.3m]
BEST r0 nev=1692 J=0.9702 stiff=1.21 ref=1.82 fv_hip=0.191 fc_hip=0.0501 fv_knee=0.0512 fc_knee=0.066 solref=0.00568 imp0=0.463 arm_knee=0.00548 M_c=0.848 I_th=0.554 I_ca=1.39 dz_th=0.0337 dz_ca=0.12 tm=0.000389 c_qs=0.00342 v0=23.2 o1_429=0.126 o2_429=-0.0871 [13.6m]
BEST r0 nev=1715 J=0.9699 stiff=1.2 ref=1.82 fv_hip=0.198 fc_hip=0.058 fv_knee=0.0469 fc_knee=0.0616 solref=0.0058 imp0=0.469 arm_knee=0.00522 M_c=0.851 I_th=0.551 I_ca=1.41 dz_th=0.0281 dz_ca=0.12 tm=0.00041 c_qs=0.00504 v0=23.9 o1_429=0.134 o2_429=-0.0876 [13.8m]
BEST r0 nev=1760 J=0.9698 stiff=1.21 ref=1.83 fv_hip=0.167 fc_hip=0.0595 fv_knee=0.0543 fc_knee=0.0534 solref=0.00557 imp0=0.454 arm_knee=0.00572 M_c=0.822 I_th=0.551 I_ca=1.43 dz_th=0.0326 dz_ca=0.118 tm=0.000862 c_qs=0.000337 v0=24.4 o1_429=0.119 o2_429=-0.0826 [14.2m]
BEST r0 nev=1795 J=0.9696 stiff=1.21 ref=1.83 fv_hip=0.167 fc_hip=0.0537 fv_knee=0.0564 fc_knee=0.0568 solref=0.00498 imp0=0.435 arm_knee=0.0054 M_c=0.827 I_th=0.558 I_ca=1.43 dz_th=0.0359 dz_ca=0.119 tm=0.00106 c_qs=0.00103 v0=23.4 o1_429=0.114 o2_429=-0.0833 [14.5m]
BEST r0 nev=1805 J=0.9694 stiff=1.2 ref=1.85 fv_hip=0.157 fc_hip=0.0552 fv_knee=0.0574 fc_knee=0.0565 solref=0.0057 imp0=0.459 arm_knee=0.0054 M_c=0.832 I_th=0.562 I_ca=1.42 dz_th=0.0307 dz_ca=0.12 tm=0.000944 c_qs=0.00126 v0=25.2 o1_429=0.122 o2_429=-0.0865 [14.5m]
BEST r0 nev=1823 J=0.9693 stiff=1.2 ref=1.86 fv_hip=0.167 fc_hip=0.0502 fv_knee=0.0531 fc_knee=0.0534 solref=0.00579 imp0=0.458 arm_knee=0.00532 M_c=0.831 I_th=0.556 I_ca=1.42 dz_th=0.0389 dz_ca=0.119 tm=0.000962 c_qs=0.000744 v0=25.4 o1_429=0.118 o2_429=-0.0902 [14.7m]
BEST r0 nev=1850 J=0.9688 stiff=1.18 ref=1.82 fv_hip=0.174 fc_hip=0.0489 fv_knee=0.0536 fc_knee=0.0544 solref=0.0055 imp0=0.454 arm_knee=0.00528 M_c=0.83 I_th=0.566 I_ca=1.41 dz_th=0.04 dz_ca=0.119 tm=0.000865 c_qs=0.00195 v0=24.6 o1_429=0.121 o2_429=-0.0881 [15.0m]
BEST r0 nev=1937 J=0.9688 stiff=1.19 ref=1.87 fv_hip=0.194 fc_hip=0.0452 fv_knee=0.0516 fc_knee=0.0552 solref=0.0054 imp0=0.451 arm_knee=0.00521 M_c=0.834 I_th=0.554 I_ca=1.43 dz_th=0.0414 dz_ca=0.12 tm=0.00103 c_qs=0.00318 v0=25.7 o1_429=0.123 o2_429=-0.0871 [15.7m]
BEST r0 nev=2052 J=0.9686 stiff=1.19 ref=1.89 fv_hip=0.186 fc_hip=0.0427 fv_knee=0.052 fc_knee=0.0534 solref=0.00536 imp0=0.451 arm_knee=0.00548 M_c=0.814 I_th=0.552 I_ca=1.42 dz_th=0.038 dz_ca=0.119 tm=0.000962 c_qs=0.00392 v0=27.3 o1_429=0.123 o2_429=-0.0918 [16.6m]
BEST r0 nev=2075 J=0.9685 stiff=1.19 ref=1.87 fv_hip=0.175 fc_hip=0.0529 fv_knee=0.0537 fc_knee=0.0483 solref=0.00565 imp0=0.462 arm_knee=0.00521 M_c=0.822 I_th=0.562 I_ca=1.44 dz_th=0.0355 dz_ca=0.12 tm=0.000983 c_qs=0.00366 v0=28.1 o1_429=0.128 o2_429=-0.0917 [16.8m]
BEST r0 nev=2188 J=0.9685 stiff=1.19 ref=1.85 fv_hip=0.193 fc_hip=0.0537 fv_knee=0.0524 fc_knee=0.0526 solref=0.00574 imp0=0.459 arm_knee=0.00533 M_c=0.824 I_th=0.552 I_ca=1.44 dz_th=0.0357 dz_ca=0.12 tm=0.00096 c_qs=0.00444 v0=28.4 o1_429=0.128 o2_429=-0.0947 [17.7m]
BEST r0 nev=2259 J=0.9685 stiff=1.19 ref=1.87 fv_hip=0.206 fc_hip=0.0485 fv_knee=0.0556 fc_knee=0.0541 solref=0.0056 imp0=0.457 arm_knee=0.00526 M_c=0.823 I_th=0.551 I_ca=1.45 dz_th=0.0375 dz_ca=0.116 tm=0.000968 c_qs=0.00554 v0=28.8 o1_429=0.12 o2_429=-0.0881 [18.3m]
BEST r0 nev=2300 J=0.9684 stiff=1.18 ref=1.86 fv_hip=0.199 fc_hip=0.0501 fv_knee=0.0519 fc_knee=0.0535 solref=0.00567 imp0=0.462 arm_knee=0.00528 M_c=0.826 I_th=0.553 I_ca=1.42 dz_th=0.0356 dz_ca=0.12 tm=0.000888 c_qs=0.00655 v0=26.2 o1_429=0.124 o2_429=-0.0859 [18.6m]
BEST r0 nev=2302 J=0.9684 stiff=1.18 ref=1.85 fv_hip=0.208 fc_hip=0.049 fv_knee=0.0526 fc_knee=0.0561 solref=0.00565 imp0=0.46 arm_knee=0.00515 M_c=0.827 I_th=0.551 I_ca=1.44 dz_th=0.0394 dz_ca=0.119 tm=0.000859 c_qs=0.00378 v0=28.5 o1_429=0.123 o2_429=-0.0897 [18.6m]
BEST r0 nev=2309 J=0.9684 stiff=1.18 ref=1.88 fv_hip=0.223 fc_hip=0.0511 fv_knee=0.0487 fc_knee=0.0524 solref=0.00551 imp0=0.455 arm_knee=0.00524 M_c=0.816 I_th=0.55 I_ca=1.44 dz_th=0.0378 dz_ca=0.12 tm=0.000927 c_qs=0.0059 v0=28.2 o1_429=0.125 o2_429=-0.0905 [18.6m]
BEST r0 nev=2342 J=0.9683 stiff=1.18 ref=1.9 fv_hip=0.196 fc_hip=0.0505 fv_knee=0.0525 fc_knee=0.0535 solref=0.00592 imp0=0.469 arm_knee=0.00537 M_c=0.822 I_th=0.55 I_ca=1.44 dz_th=0.0358 dz_ca=0.12 tm=0.000991 c_qs=0.00805 v0=28.6 o1_429=0.123 o2_429=-0.0895 [18.9m]
BEST r0 nev=2445 J=0.9683 stiff=1.18 ref=1.87 fv_hip=0.203 fc_hip=0.0517 fv_knee=0.0525 fc_knee=0.0515 solref=0.00586 imp0=0.465 arm_knee=0.00541 M_c=0.827 I_th=0.55 I_ca=1.45 dz_th=0.0364 dz_ca=0.12 tm=0.000997 c_qs=0.0113 v0=28 o1_429=0.123 o2_429=-0.0912 [19.7m]
BEST r0 nev=2450 J=0.9682 stiff=1.18 ref=1.87 fv_hip=0.21 fc_hip=0.0523 fv_knee=0.0506 fc_knee=0.0489 solref=0.00576 imp0=0.463 arm_knee=0.00541 M_c=0.822 I_th=0.55 I_ca=1.44 dz_th=0.0351 dz_ca=0.119 tm=0.000857 c_qs=0.00765 v0=27.9 o1_429=0.119 o2_429=-0.0894 [19.7m]
BEST r0 nev=2452 J=0.9681 stiff=1.19 ref=1.87 fv_hip=0.208 fc_hip=0.0547 fv_knee=0.051 fc_knee=0.048 solref=0.00588 imp0=0.467 arm_knee=0.00531 M_c=0.819 I_th=0.551 I_ca=1.44 dz_th=0.0357 dz_ca=0.119 tm=0.000923 c_qs=0.00734 v0=27.5 o1_429=0.121 o2_429=-0.0897 [19.9m]
BEST r0 nev=2471 J=0.9680 stiff=1.18 ref=1.87 fv_hip=0.198 fc_hip=0.0482 fv_knee=0.0548 fc_knee=0.0543 solref=0.00576 imp0=0.461 arm_knee=0.00527 M_c=0.815 I_th=0.551 I_ca=1.44 dz_th=0.0406 dz_ca=0.12 tm=0.000958 c_qs=0.00479 v0=27.9 o1_429=0.122 o2_429=-0.0876 [20.0m]
restart 0 종료 J=0.9680 (global 0.9680) [20.2m]
restart 1 종료 J=0.9723 (global 0.9680) [40.5m]
restart 2 종료 J=0.9734 (global 0.9680) [60.5m]
P20 CMA2 DONE J=0.9680 [60.5m]
