warm-start from previous mshoot best
warm-start from previous fourbar best
x0(P19): CLτ 38.1% CLdq 16.7% | JW02 418.1 | JW06 1235.9/299.3 | s2s 4926.8 | 0604 164.5
warm-start from previous mshoot best
warm-start from previous fourbar best
warm-start from previous mshoot best
warm-start from previous fourbar best
warm-start from previous mshoot best
warm-start from previous fourbar best
warm-start from previous mshoot best
warm-start from previous fourbar best
warm-start from previous mshoot best
warm-start from previous fourbar best
warm-start from previous mshoot best
warm-start from previous fourbar best
warm-start from previous mshoot best
warm-start from previous fourbar best
warm-start from previous mshoot best
warm-start from previous fourbar best
warm-start from previous mshoot best
warm-start from previous fourbar best
BEST r0 nev=2 J=0.9739 stiff=0.654 ref=1.5 fv_hip=0.477 fc_hip=0.0629 fv_knee=0.0711 fc_knee=0.0102 solref=0.00991 imp0=0.559 arm_knee=0.00575 M_c=0.501 I_th=0.914 I_ca=1.16 dz_th=0.0417 dz_ca=0.0787 tm=3.28e-05 c_qs=0.0202 v0=4.37 o1_429=0.147 o2_429=-0.0309 pre30=1.74 [0.2m]
BEST r0 nev=19 J=0.9738 stiff=0.0603 ref=1.63 fv_hip=0.235 fc_hip=0.105 fv_knee=0.046 fc_knee=0.00672 solref=0.0142 imp0=0.42 arm_knee=0.00583 M_c=0.703 I_th=0.567 I_ca=1.4 dz_th=0.0585 dz_ca=0.0774 tm=8.79e-05 c_qs=0.00585 v0=1.29 o1_429=0.125 o2_429=-0.0451 pre30=1.92 [0.3m]
BEST r0 nev=29 J=0.9726 stiff=0.0121 ref=1.52 fv_hip=0.42 fc_hip=0.11 fv_knee=0.0545 fc_knee=0.00082 solref=0.0052 imp0=0.499 arm_knee=0.00693 M_c=0.691 I_th=0.634 I_ca=1.45 dz_th=0.0811 dz_ca=0.0801 tm=0.00175 c_qs=9.37e-05 v0=1.05 o1_429=0.147 o2_429=-0.0595 pre30=2.34 [0.5m]
BEST r0 nev=36 J=0.9664 stiff=0.461 ref=1.5 fv_hip=0.728 fc_hip=0.0792 fv_knee=0.0194 fc_knee=0.00245 solref=0.00928 imp0=0.422 arm_knee=0.0104 M_c=0.81 I_th=0.636 I_ca=1.26 dz_th=0.0911 dz_ca=0.0522 tm=2.24e-05 c_qs=0.024 v0=1.8 o1_429=0.15 o2_429=-0.0768 pre30=1.07 [0.5m]
BEST r0 nev=42 J=0.9601 stiff=0.342 ref=1.51 fv_hip=0.0558 fc_hip=0.084 fv_knee=0.0532 fc_knee=1.7e-05 solref=0.00873 imp0=0.473 arm_knee=0.00977 M_c=0.58 I_th=0.766 I_ca=1.33 dz_th=0.0631 dz_ca=0.0733 tm=0.00184 c_qs=0.00859 v0=1.01 o1_429=0.12 o2_429=-0.0412 pre30=1.45 [0.5m]
BEST r0 nev=44 J=0.9578 stiff=0.269 ref=1.5 fv_hip=0.206 fc_hip=0.108 fv_knee=0.0337 fc_knee=0.0307 solref=0.00917 imp0=0.441 arm_knee=0.00845 M_c=0.498 I_th=0.634 I_ca=1.3 dz_th=0.117 dz_ca=0.058 tm=0.00042 c_qs=0.0214 v0=6.41 o1_429=0.094 o2_429=-0.0448 pre30=1.58 [0.6m]
BEST r0 nev=47 J=0.9477 stiff=0.55 ref=1.6 fv_hip=0.518 fc_hip=0.0509 fv_knee=0.0296 fc_knee=0.0245 solref=0.0118 imp0=0.453 arm_knee=0.0114 M_c=0.697 I_th=0.784 I_ca=1.28 dz_th=0.0865 dz_ca=0.0534 tm=0.000742 c_qs=0.0688 v0=1.67 o1_429=0.0935 o2_429=-0.0254 pre30=1.03 [0.6m]
BEST r0 nev=53 J=0.9421 stiff=0.284 ref=1.54 fv_hip=0.511 fc_hip=0.0777 fv_knee=0.0635 fc_knee=0.0628 solref=0.00607 imp0=0.426 arm_knee=0.00742 M_c=0.64 I_th=0.716 I_ca=1.45 dz_th=0.0665 dz_ca=0.104 tm=8.98e-05 c_qs=0.107 v0=5.84 o1_429=0.116 o2_429=-0.00607 pre30=1.31 [0.6m]
BEST r0 nev=95 J=0.9382 stiff=0.604 ref=1.61 fv_hip=0.0633 fc_hip=0.126 fv_knee=0.0368 fc_knee=0.0541 solref=0.0145 imp0=0.516 arm_knee=0.00852 M_c=0.677 I_th=0.725 I_ca=1.35 dz_th=0.0886 dz_ca=0.0955 tm=0.000259 c_qs=0.006 v0=9.17 o1_429=0.0702 o2_429=-0.0196 pre30=0.576 [1.0m]
BEST r0 nev=108 J=0.9325 stiff=0.483 ref=1.51 fv_hip=0.299 fc_hip=0.0431 fv_knee=0.0593 fc_knee=0.0173 solref=0.0133 imp0=0.548 arm_knee=0.00986 M_c=0.767 I_th=0.702 I_ca=1.31 dz_th=0.11 dz_ca=0.0559 tm=0.000494 c_qs=0.104 v0=3.65 o1_429=0.0476 o2_429=-0.00567 pre30=0.612 [1.1m]
BEST r0 nev=138 J=0.9169 stiff=0.842 ref=1.64 fv_hip=0.421 fc_hip=0.0644 fv_knee=0.0305 fc_knee=0.0877 solref=0.0137 imp0=0.523 arm_knee=0.00871 M_c=0.718 I_th=0.828 I_ca=1.34 dz_th=0.104 dz_ca=0.0969 tm=0.00135 c_qs=0.00608 v0=10 o1_429=0.0682 o2_429=-0.00503 pre30=0.0485 [1.4m]
BEST r0 nev=171 J=0.9118 stiff=0.822 ref=1.53 fv_hip=0.585 fc_hip=0.164 fv_knee=0.0237 fc_knee=0.106 solref=0.00892 imp0=0.536 arm_knee=0.00827 M_c=0.754 I_th=0.951 I_ca=1.44 dz_th=0.117 dz_ca=0.0896 tm=0.000264 c_qs=0.0057 v0=1.37 o1_429=0.0712 o2_429=-0.0871 pre30=0.402 [1.8m]
BEST r0 nev=177 J=0.9107 stiff=0.781 ref=1.55 fv_hip=0.532 fc_hip=0.0902 fv_knee=0.021 fc_knee=0.0347 solref=0.0129 imp0=0.476 arm_knee=0.00977 M_c=0.889 I_th=0.619 I_ca=1.43 dz_th=0.0965 dz_ca=0.0894 tm=0.000167 c_qs=0.0275 v0=8.44 o1_429=0.0634 o2_429=-0.0884 pre30=0.431 [1.8m]
BEST r0 nev=195 J=0.9088 stiff=0.915 ref=1.5 fv_hip=0.166 fc_hip=0.087 fv_knee=0.0646 fc_knee=0.0743 solref=0.0102 imp0=0.592 arm_knee=0.00809 M_c=0.783 I_th=0.973 I_ca=1.43 dz_th=0.0743 dz_ca=0.12 tm=1.09e-06 c_qs=0.000507 v0=3.76 o1_429=0.0953 o2_429=-0.0809 pre30=0.53 [1.9m]
BEST r0 nev=226 J=0.9057 stiff=1.03 ref=1.5 fv_hip=0.446 fc_hip=0.166 fv_knee=0.082 fc_knee=0.102 solref=0.00713 imp0=0.61 arm_knee=0.00899 M_c=0.747 I_th=0.804 I_ca=1.44 dz_th=0.114 dz_ca=0.117 tm=0.000258 c_qs=0.00929 v0=9.49 o1_429=0.0997 o2_429=-0.0657 pre30=0.247 [2.3m]
BEST r0 nev=273 J=0.9023 stiff=1.01 ref=1.5 fv_hip=0.25 fc_hip=0.186 fv_knee=0.0795 fc_knee=0.147 solref=0.00831 imp0=0.7 arm_knee=0.0099 M_c=0.704 I_th=0.818 I_ca=1.45 dz_th=0.0854 dz_ca=0.104 tm=0.000391 c_qs=0.0354 v0=8.09 o1_429=0.119 o2_429=-0.076 pre30=4.38e-05 [2.7m]
BEST r0 nev=352 J=0.8994 stiff=0.913 ref=1.51 fv_hip=0.497 fc_hip=0.0958 fv_knee=0.068 fc_knee=0.00754 solref=0.0102 imp0=0.682 arm_knee=0.00775 M_c=0.614 I_th=0.967 I_ca=1.43 dz_th=0.103 dz_ca=0.12 tm=0.000167 c_qs=0.00418 v0=13.8 o1_429=0.139 o2_429=-0.0942 pre30=0.365 [3.5m]
BEST r0 nev=402 J=0.8987 stiff=0.924 ref=1.59 fv_hip=0.369 fc_hip=0.0678 fv_knee=0.0708 fc_knee=0.0824 solref=0.00836 imp0=0.626 arm_knee=0.00747 M_c=0.621 I_th=1 I_ca=1.43 dz_th=0.0912 dz_ca=0.12 tm=0.000184 c_qs=0.000176 v0=18.8 o1_429=0.117 o2_429=-0.0821 pre30=0.432 [3.9m]
BEST r0 nev=525 J=0.8973 stiff=1.15 ref=1.5 fv_hip=0.258 fc_hip=0.0662 fv_knee=0.0812 fc_knee=0.0822 solref=0.00838 imp0=0.509 arm_knee=0.00848 M_c=0.531 I_th=0.948 I_ca=1.45 dz_th=0.0676 dz_ca=0.117 tm=0.00199 c_qs=0.0204 v0=7.64 o1_429=0.0884 o2_429=-0.0527 pre30=0.0358 [5.1m]
BEST r0 nev=527 J=0.8970 stiff=0.99 ref=1.5 fv_hip=0.4 fc_hip=0.0541 fv_knee=0.0926 fc_knee=0.0845 solref=0.0064 imp0=0.568 arm_knee=0.00853 M_c=0.446 I_th=0.876 I_ca=1.45 dz_th=0.0799 dz_ca=0.111 tm=0.00185 c_qs=0.0409 v0=11.3 o1_429=0.0713 o2_429=-0.0539 pre30=0.161 [5.1m]
BEST r0 nev=537 J=0.8967 stiff=1.1 ref=1.5 fv_hip=0.349 fc_hip=0.0925 fv_knee=0.0936 fc_knee=0.0785 solref=0.00843 imp0=0.585 arm_knee=0.00895 M_c=0.465 I_th=0.869 I_ca=1.42 dz_th=0.0783 dz_ca=0.117 tm=1.04e-05 c_qs=0.0313 v0=5.25 o1_429=0.0836 o2_429=-0.0378 pre30=9e-08 [5.2m]
BEST r0 nev=592 J=0.8929 stiff=1.13 ref=1.57 fv_hip=0.123 fc_hip=0.0768 fv_knee=0.0855 fc_knee=0.0907 solref=0.0101 imp0=0.56 arm_knee=0.00893 M_c=0.443 I_th=0.91 I_ca=1.45 dz_th=0.053 dz_ca=0.109 tm=0.00115 c_qs=0.0134 v0=12.8 o1_429=0.108 o2_429=-0.0664 pre30=0.0178 [5.7m]
BEST r0 nev=668 J=0.8903 stiff=1.14 ref=1.51 fv_hip=0.278 fc_hip=0.0481 fv_knee=0.0854 fc_knee=0.0614 solref=0.0092 imp0=0.526 arm_knee=0.00852 M_c=0.515 I_th=0.993 I_ca=1.38 dz_th=0.072 dz_ca=0.117 tm=0.000736 c_qs=0.00383 v0=10.3 o1_429=0.0943 o2_429=-0.0633 pre30=0.00195 [6.4m]
BEST r0 nev=699 J=0.8881 stiff=1.1 ref=1.57 fv_hip=0.287 fc_hip=0.0704 fv_knee=0.0847 fc_knee=0.0854 solref=0.00783 imp0=0.508 arm_knee=0.00882 M_c=0.497 I_th=0.892 I_ca=1.35 dz_th=0.0628 dz_ca=0.118 tm=0.000865 c_qs=0.0254 v0=14.3 o1_429=0.115 o2_429=-0.0966 pre30=0.0298 [6.7m]
BEST r0 nev=713 J=0.8874 stiff=1.06 ref=1.61 fv_hip=0.277 fc_hip=0.0502 fv_knee=0.087 fc_knee=0.0758 solref=0.00886 imp0=0.506 arm_knee=0.00923 M_c=0.553 I_th=0.862 I_ca=1.36 dz_th=0.0555 dz_ca=0.12 tm=0.00118 c_qs=0.0556 v0=16.9 o1_429=0.126 o2_429=-0.0734 pre30=0.0373 [6.8m]
BEST r0 nev=801 J=0.8866 stiff=1.05 ref=1.56 fv_hip=0.306 fc_hip=0.0711 fv_knee=0.0672 fc_knee=0.0815 solref=0.00983 imp0=0.584 arm_knee=0.00942 M_c=0.611 I_th=0.842 I_ca=1.42 dz_th=0.0617 dz_ca=0.117 tm=1.66e-06 c_qs=0.0392 v0=16.8 o1_429=0.0953 o2_429=-0.0658 pre30=0.0246 [7.7m]
BEST r0 nev=841 J=0.8850 stiff=1.06 ref=1.55 fv_hip=0.368 fc_hip=0.059 fv_knee=0.0624 fc_knee=0.0881 solref=0.00887 imp0=0.534 arm_knee=0.0104 M_c=0.609 I_th=0.807 I_ca=1.37 dz_th=0.0435 dz_ca=0.12 tm=0.000661 c_qs=0.0655 v0=15.4 o1_429=0.103 o2_429=-0.0811 pre30=0.0618 [8.1m]
BEST r0 nev=867 J=0.8840 stiff=1.01 ref=1.5 fv_hip=0.352 fc_hip=0.0533 fv_knee=0.0545 fc_knee=0.0725 solref=0.0107 imp0=0.544 arm_knee=0.0102 M_c=0.599 I_th=0.84 I_ca=1.34 dz_th=0.0403 dz_ca=0.12 tm=0.000357 c_qs=0.0738 v0=18.2 o1_429=0.0891 o2_429=-0.0531 pre30=0.0552 [8.3m]
BEST r0 nev=936 J=0.8840 stiff=1.05 ref=1.5 fv_hip=0.469 fc_hip=0.0909 fv_knee=0.0405 fc_knee=0.0779 solref=0.00871 imp0=0.501 arm_knee=0.0105 M_c=0.623 I_th=0.785 I_ca=1.45 dz_th=0.0435 dz_ca=0.11 tm=9.01e-05 c_qs=0.0815 v0=19.2 o1_429=0.0915 o2_429=-0.0767 pre30=0.0254 [8.9m]
BEST r0 nev=952 J=0.8833 stiff=1.09 ref=1.51 fv_hip=0.435 fc_hip=0.0803 fv_knee=0.0407 fc_knee=0.0748 solref=0.00795 imp0=0.483 arm_knee=0.0105 M_c=0.658 I_th=0.732 I_ca=1.43 dz_th=0.0246 dz_ca=0.11 tm=3.06e-06 c_qs=0.0921 v0=19.3 o1_429=0.105 o2_429=-0.0594 pre30=0.0278 [9.1m]
BEST r0 nev=967 J=0.8833 stiff=0.94 ref=1.54 fv_hip=0.463 fc_hip=0.106 fv_knee=0.045 fc_knee=0.0793 solref=0.00923 imp0=0.578 arm_knee=0.0106 M_c=0.66 I_th=0.759 I_ca=1.4 dz_th=0.0362 dz_ca=0.116 tm=4.85e-05 c_qs=0.0992 v0=19.4 o1_429=0.115 o2_429=-0.0796 pre30=0.169 [9.3m]
BEST r0 nev=992 J=0.8810 stiff=1.04 ref=1.51 fv_hip=0.396 fc_hip=0.0841 fv_knee=0.0445 fc_knee=0.0657 solref=0.0108 imp0=0.543 arm_knee=0.011 M_c=0.567 I_th=0.624 I_ca=1.37 dz_th=0.0201 dz_ca=0.119 tm=1.96e-05 c_qs=0.11 v0=19 o1_429=0.0925 o2_429=-0.0715 pre30=0.0156 [9.5m]
BEST r0 nev=1016 J=0.8791 stiff=1.05 ref=1.5 fv_hip=0.496 fc_hip=0.104 fv_knee=0.0336 fc_knee=0.0713 solref=0.00877 imp0=0.574 arm_knee=0.0116 M_c=0.564 I_th=0.628 I_ca=1.34 dz_th=0.0236 dz_ca=0.118 tm=0.000193 c_qs=0.108 v0=26.4 o1_429=0.102 o2_429=-0.0587 pre30=0.00243 [9.7m]
BEST r0 nev=1048 J=0.8786 stiff=0.995 ref=1.53 fv_hip=0.478 fc_hip=0.0745 fv_knee=0.0411 fc_knee=0.0803 solref=0.01 imp0=0.572 arm_knee=0.0122 M_c=0.613 I_th=0.652 I_ca=1.42 dz_th=0.0269 dz_ca=0.119 tm=1.69e-05 c_qs=0.117 v0=24 o1_429=0.0886 o2_429=-0.0455 pre30=0.0186 [10.0m]
BEST r0 nev=1074 J=0.8778 stiff=1.01 ref=1.54 fv_hip=0.525 fc_hip=0.104 fv_knee=0.047 fc_knee=0.0685 solref=0.00921 imp0=0.549 arm_knee=0.012 M_c=0.635 I_th=0.623 I_ca=1.44 dz_th=0.0205 dz_ca=0.117 tm=9.67e-05 c_qs=0.146 v0=25 o1_429=0.0952 o2_429=-0.058 pre30=0.00215 [10.3m]
BEST r0 nev=1124 J=0.8776 stiff=1.04 ref=1.5 fv_hip=0.415 fc_hip=0.0854 fv_knee=0.0375 fc_knee=0.0462 solref=0.0117 imp0=0.559 arm_knee=0.0116 M_c=0.607 I_th=0.618 I_ca=1.45 dz_th=0.0102 dz_ca=0.118 tm=0.000611 c_qs=0.119 v0=30.6 o1_429=0.089 o2_429=-0.0314 pre30=0.011 [10.8m]
BEST r0 nev=1128 J=0.8762 stiff=1.03 ref=1.5 fv_hip=0.492 fc_hip=0.107 fv_knee=0.0408 fc_knee=0.035 solref=0.00954 imp0=0.576 arm_knee=0.0118 M_c=0.598 I_th=0.568 I_ca=1.44 dz_th=0.0186 dz_ca=0.12 tm=0.000583 c_qs=0.102 v0=33.3 o1_429=0.0879 o2_429=-0.0523 pre30=0.00918 [10.8m]
BEST r0 nev=1174 J=0.8752 stiff=0.898 ref=1.5 fv_hip=0.54 fc_hip=0.121 fv_knee=0.0518 fc_knee=0.0586 solref=0.0102 imp0=0.582 arm_knee=0.0132 M_c=0.655 I_th=0.583 I_ca=1.43 dz_th=0.0253 dz_ca=0.118 tm=0.000719 c_qs=0.155 v0=35.1 o1_429=0.0806 o2_429=-0.0205 pre30=0.002 [11.2m]
BEST r0 nev=1213 J=0.8751 stiff=0.99 ref=1.52 fv_hip=0.519 fc_hip=0.109 fv_knee=0.0519 fc_knee=0.0726 solref=0.00967 imp0=0.559 arm_knee=0.0121 M_c=0.62 I_th=0.555 I_ca=1.37 dz_th=0.0364 dz_ca=0.118 tm=0.000578 c_qs=0.124 v0=31.7 o1_429=0.077 o2_429=-0.0372 pre30=0.0284 [11.5m]
BEST r0 nev=1217 J=0.8750 stiff=0.912 ref=1.5 fv_hip=0.536 fc_hip=0.0946 fv_knee=0.0319 fc_knee=0.0606 solref=0.0108 imp0=0.53 arm_knee=0.0126 M_c=0.617 I_th=0.556 I_ca=1.42 dz_th=0.0102 dz_ca=0.12 tm=0.000891 c_qs=0.16 v0=30.8 o1_429=0.0802 o2_429=-0.045 pre30=0.0166 [11.5m]
BEST r0 nev=1265 J=0.8748 stiff=0.94 ref=1.5 fv_hip=0.381 fc_hip=0.105 fv_knee=0.0559 fc_knee=0.0903 solref=0.00871 imp0=0.552 arm_knee=0.0125 M_c=0.622 I_th=0.56 I_ca=1.41 dz_th=0.0143 dz_ca=0.117 tm=0.000733 c_qs=0.134 v0=33.8 o1_429=0.0909 o2_429=-0.0383 pre30=0.0268 [12.1m]
BEST r0 nev=1300 J=0.8739 stiff=0.968 ref=1.52 fv_hip=0.481 fc_hip=0.141 fv_knee=0.0527 fc_knee=0.0741 solref=0.00857 imp0=0.516 arm_knee=0.0135 M_c=0.574 I_th=0.622 I_ca=1.43 dz_th=0.000263 dz_ca=0.116 tm=0.000792 c_qs=0.169 v0=37.7 o1_429=0.0889 o2_429=-0.0483 pre30=0.00151 [12.3m]
BEST r0 nev=1317 J=0.8738 stiff=1.01 ref=1.5 fv_hip=0.379 fc_hip=0.139 fv_knee=0.0636 fc_knee=0.0895 solref=0.00867 imp0=0.513 arm_knee=0.0124 M_c=0.613 I_th=0.584 I_ca=1.45 dz_th=0.0165 dz_ca=0.0922 tm=0.000152 c_qs=0.129 v0=37.3 o1_429=0.0971 o2_429=-0.0616 pre30=0.0093 [12.6m]
BEST r0 nev=1341 J=0.8738 stiff=0.93 ref=1.53 fv_hip=0.459 fc_hip=0.152 fv_knee=0.0645 fc_knee=0.0996 solref=0.00882 imp0=0.52 arm_knee=0.0138 M_c=0.618 I_th=0.634 I_ca=1.45 dz_th=0.0198 dz_ca=0.1 tm=3.47e-05 c_qs=0.18 v0=39.9 o1_429=0.0892 o2_429=-0.0489 pre30=0.00546 [12.7m]
BEST r0 nev=1343 J=0.8727 stiff=0.947 ref=1.5 fv_hip=0.479 fc_hip=0.133 fv_knee=0.0598 fc_knee=0.0927 solref=0.00909 imp0=0.553 arm_knee=0.0125 M_c=0.564 I_th=0.579 I_ca=1.45 dz_th=0.0215 dz_ca=0.115 tm=0.000635 c_qs=0.139 v0=38.5 o1_429=0.0848 o2_429=-0.0553 pre30=0.102 [12.7m]
BEST r0 nev=1380 J=0.8723 stiff=0.921 ref=1.5 fv_hip=0.498 fc_hip=0.142 fv_knee=0.0582 fc_knee=0.0831 solref=0.00974 imp0=0.526 arm_knee=0.0127 M_c=0.657 I_th=0.634 I_ca=1.44 dz_th=0.0144 dz_ca=0.12 tm=0.00105 c_qs=0.174 v0=39.7 o1_429=0.0775 o2_429=-0.0575 pre30=0.0503 [13.1m]
BEST r0 nev=1405 J=0.8723 stiff=0.938 ref=1.53 fv_hip=0.547 fc_hip=0.153 fv_knee=0.0587 fc_knee=0.0954 solref=0.0103 imp0=0.55 arm_knee=0.0129 M_c=0.687 I_th=0.571 I_ca=1.45 dz_th=0.0246 dz_ca=0.117 tm=0.00137 c_qs=0.17 v0=39.8 o1_429=0.0957 o2_429=-0.0484 pre30=0.00148 [13.4m]
BEST r0 nev=1518 J=0.8721 stiff=0.847 ref=1.51 fv_hip=0.433 fc_hip=0.153 fv_knee=0.0706 fc_knee=0.0802 solref=0.00978 imp0=0.546 arm_knee=0.0122 M_c=0.713 I_th=0.567 I_ca=1.44 dz_th=0.0377 dz_ca=0.107 tm=0.00125 c_qs=0.165 v0=39.9 o1_429=0.0878 o2_429=-0.0484 pre30=0.0177 [14.5m]
BEST r0 nev=1535 J=0.8720 stiff=0.884 ref=1.5 fv_hip=0.484 fc_hip=0.144 fv_knee=0.0643 fc_knee=0.0784 solref=0.0109 imp0=0.565 arm_knee=0.0126 M_c=0.675 I_th=0.582 I_ca=1.43 dz_th=0.0316 dz_ca=0.11 tm=0.000795 c_qs=0.17 v0=39.6 o1_429=0.0847 o2_429=-0.0555 pre30=0.00626 [14.6m]
BEST r0 nev=1568 J=0.8712 stiff=0.932 ref=1.5 fv_hip=0.482 fc_hip=0.152 fv_knee=0.0685 fc_knee=0.0869 solref=0.00917 imp0=0.569 arm_knee=0.0127 M_c=0.641 I_th=0.57 I_ca=1.42 dz_th=0.0271 dz_ca=0.101 tm=0.00133 c_qs=0.162 v0=39.8 o1_429=0.0805 o2_429=-0.0445 pre30=0.000246 [14.9m]
BEST r0 nev=1578 J=0.8710 stiff=0.95 ref=1.5 fv_hip=0.497 fc_hip=0.147 fv_knee=0.0618 fc_knee=0.0832 solref=0.0103 imp0=0.564 arm_knee=0.0127 M_c=0.673 I_th=0.59 I_ca=1.4 dz_th=0.0259 dz_ca=0.0963 tm=0.00126 c_qs=0.157 v0=39.8 o1_429=0.0806 o2_429=-0.0562 pre30=0.00125 [15.0m]
BEST r0 nev=1585 J=0.8709 stiff=0.89 ref=1.51 fv_hip=0.502 fc_hip=0.143 fv_knee=0.061 fc_knee=0.0759 solref=0.01 imp0=0.544 arm_knee=0.0132 M_c=0.645 I_th=0.575 I_ca=1.37 dz_th=0.0279 dz_ca=0.108 tm=0.00106 c_qs=0.174 v0=39.6 o1_429=0.0802 o2_429=-0.0563 pre30=3.27e-05 [15.1m]
BEST r0 nev=1587 J=0.8706 stiff=0.945 ref=1.53 fv_hip=0.413 fc_hip=0.147 fv_knee=0.0651 fc_knee=0.0894 solref=0.0103 imp0=0.56 arm_knee=0.0129 M_c=0.651 I_th=0.595 I_ca=1.41 dz_th=0.0146 dz_ca=0.0984 tm=0.00103 c_qs=0.162 v0=39.9 o1_429=0.0877 o2_429=-0.0525 pre30=0.0245 [15.1m]
BEST r0 nev=1595 J=0.8706 stiff=0.937 ref=1.51 fv_hip=0.453 fc_hip=0.151 fv_knee=0.0722 fc_knee=0.0711 solref=0.0105 imp0=0.577 arm_knee=0.0124 M_c=0.613 I_th=0.555 I_ca=1.39 dz_th=0.0244 dz_ca=0.102 tm=0.00107 c_qs=0.153 v0=40 o1_429=0.0885 o2_429=-0.0486 pre30=0.0621 [15.1m]
BEST r0 nev=1676 J=0.8703 stiff=0.931 ref=1.51 fv_hip=0.493 fc_hip=0.156 fv_knee=0.0624 fc_knee=0.0847 solref=0.00961 imp0=0.553 arm_knee=0.0127 M_c=0.689 I_th=0.552 I_ca=1.44 dz_th=0.0279 dz_ca=0.103 tm=0.00117 c_qs=0.162 v0=39.8 o1_429=0.0953 o2_429=-0.0588 pre30=0.0379 [15.9m]
BEST r0 nev=1708 J=0.8702 stiff=0.91 ref=1.53 fv_hip=0.462 fc_hip=0.151 fv_knee=0.0636 fc_knee=0.0847 solref=0.00972 imp0=0.557 arm_knee=0.0126 M_c=0.665 I_th=0.554 I_ca=1.42 dz_th=0.0274 dz_ca=0.106 tm=0.0011 c_qs=0.162 v0=40 o1_429=0.0962 o2_429=-0.0616 pre30=0.0118 [16.1m]
BEST r0 nev=1726 J=0.8701 stiff=0.937 ref=1.51 fv_hip=0.463 fc_hip=0.142 fv_knee=0.0628 fc_knee=0.0923 solref=0.00949 imp0=0.553 arm_knee=0.013 M_c=0.665 I_th=0.557 I_ca=1.41 dz_th=0.0164 dz_ca=0.101 tm=0.000997 c_qs=0.172 v0=39.8 o1_429=0.101 o2_429=-0.0539 pre30=0.000658 [16.4m]
BEST r0 nev=1727 J=0.8698 stiff=0.936 ref=1.53 fv_hip=0.425 fc_hip=0.136 fv_knee=0.0655 fc_knee=0.0907 solref=0.00975 imp0=0.554 arm_knee=0.0127 M_c=0.659 I_th=0.559 I_ca=1.44 dz_th=0.026 dz_ca=0.109 tm=0.000942 c_qs=0.151 v0=40 o1_429=0.0887 o2_429=-0.0559 pre30=0.000132 [16.4m]
BEST r0 nev=1798 J=0.8697 stiff=0.929 ref=1.53 fv_hip=0.437 fc_hip=0.14 fv_knee=0.0685 fc_knee=0.0864 solref=0.00934 imp0=0.544 arm_knee=0.0128 M_c=0.644 I_th=0.551 I_ca=1.43 dz_th=0.0252 dz_ca=0.104 tm=0.00105 c_qs=0.161 v0=39.9 o1_429=0.0905 o2_429=-0.0557 pre30=0.000539 [17.0m]
BEST r0 nev=1813 J=0.8696 stiff=0.94 ref=1.55 fv_hip=0.436 fc_hip=0.124 fv_knee=0.0692 fc_knee=0.0886 solref=0.00951 imp0=0.549 arm_knee=0.0128 M_c=0.631 I_th=0.55 I_ca=1.42 dz_th=0.0204 dz_ca=0.104 tm=0.00115 c_qs=0.161 v0=39.9 o1_429=0.0845 o2_429=-0.0479 pre30=0.00215 [17.1m]
BEST r0 nev=1894 J=0.8696 stiff=0.942 ref=1.55 fv_hip=0.406 fc_hip=0.143 fv_knee=0.0696 fc_knee=0.077 solref=0.0101 imp0=0.559 arm_knee=0.013 M_c=0.634 I_th=0.55 I_ca=1.44 dz_th=0.0163 dz_ca=0.0989 tm=0.0012 c_qs=0.169 v0=40 o1_429=0.0869 o2_429=-0.0516 pre30=0.00229 [17.8m]
BEST r0 nev=1926 J=0.8695 stiff=0.902 ref=1.52 fv_hip=0.435 fc_hip=0.148 fv_knee=0.0695 fc_knee=0.0785 solref=0.0108 imp0=0.563 arm_knee=0.0135 M_c=0.661 I_th=0.552 I_ca=1.42 dz_th=0.0182 dz_ca=0.0952 tm=0.00102 c_qs=0.182 v0=40 o1_429=0.0821 o2_429=-0.0497 pre30=0.00118 [18.0m]
BEST r0 nev=1937 J=0.8691 stiff=0.9 ref=1.52 fv_hip=0.434 fc_hip=0.139 fv_knee=0.0738 fc_knee=0.0737 solref=0.0101 imp0=0.555 arm_knee=0.0133 M_c=0.66 I_th=0.551 I_ca=1.44 dz_th=0.02 dz_ca=0.102 tm=0.00112 c_qs=0.183 v0=40 o1_429=0.0853 o2_429=-0.0444 pre30=0.0165 [18.2m]
BEST r0 nev=2115 J=0.8691 stiff=0.894 ref=1.52 fv_hip=0.431 fc_hip=0.14 fv_knee=0.0714 fc_knee=0.0688 solref=0.0105 imp0=0.566 arm_knee=0.0132 M_c=0.657 I_th=0.555 I_ca=1.42 dz_th=0.0202 dz_ca=0.1 tm=0.00129 c_qs=0.178 v0=40 o1_429=0.0826 o2_429=-0.0535 pre30=0.00975 [19.8m]
BEST r0 nev=2270 J=0.8691 stiff=0.923 ref=1.51 fv_hip=0.425 fc_hip=0.137 fv_knee=0.0727 fc_knee=0.0714 solref=0.00996 imp0=0.554 arm_knee=0.0134 M_c=0.64 I_th=0.55 I_ca=1.43 dz_th=0.0154 dz_ca=0.0964 tm=0.00127 c_qs=0.182 v0=39.9 o1_429=0.0823 o2_429=-0.0485 pre30=0.00332 [21.1m]
BEST r0 nev=2285 J=0.8690 stiff=0.92 ref=1.52 fv_hip=0.431 fc_hip=0.141 fv_knee=0.0723 fc_knee=0.0725 solref=0.0102 imp0=0.555 arm_knee=0.0135 M_c=0.64 I_th=0.55 I_ca=1.43 dz_th=0.0188 dz_ca=0.0952 tm=0.00128 c_qs=0.181 v0=40 o1_429=0.0798 o2_429=-0.0483 pre30=0.00265 [21.3m]
BEST r0 nev=2324 J=0.8690 stiff=0.899 ref=1.51 fv_hip=0.432 fc_hip=0.139 fv_knee=0.0741 fc_knee=0.0678 solref=0.0101 imp0=0.556 arm_knee=0.0133 M_c=0.632 I_th=0.551 I_ca=1.42 dz_th=0.0189 dz_ca=0.0991 tm=0.00125 c_qs=0.18 v0=39.9 o1_429=0.0797 o2_429=-0.0477 pre30=0.00524 [21.5m]
BEST r0 nev=2392 J=0.8690 stiff=0.902 ref=1.51 fv_hip=0.432 fc_hip=0.137 fv_knee=0.0727 fc_knee=0.073 solref=0.01 imp0=0.554 arm_knee=0.0135 M_c=0.64 I_th=0.551 I_ca=1.42 dz_th=0.0177 dz_ca=0.097 tm=0.00121 c_qs=0.184 v0=40 o1_429=0.0771 o2_429=-0.0475 pre30=2.36e-05 [22.1m]
BEST r0 nev=2545 J=0.8689 stiff=0.906 ref=1.5 fv_hip=0.433 fc_hip=0.14 fv_knee=0.0725 fc_knee=0.0694 solref=0.01 imp0=0.556 arm_knee=0.0136 M_c=0.639 I_th=0.551 I_ca=1.41 dz_th=0.0153 dz_ca=0.097 tm=0.00126 c_qs=0.186 v0=40 o1_429=0.0812 o2_429=-0.0471 pre30=5.23e-05 [23.4m]
BEST r0 nev=2721 J=0.8689 stiff=0.9 ref=1.5 fv_hip=0.439 fc_hip=0.146 fv_knee=0.0708 fc_knee=0.0715 solref=0.0101 imp0=0.555 arm_knee=0.0135 M_c=0.65 I_th=0.552 I_ca=1.41 dz_th=0.0153 dz_ca=0.0956 tm=0.00122 c_qs=0.189 v0=40 o1_429=0.0819 o2_429=-0.047 pre30=9.1e-05 [25.0m]
BEST r0 nev=2959 J=0.8689 stiff=0.905 ref=1.5 fv_hip=0.443 fc_hip=0.145 fv_knee=0.0704 fc_knee=0.0683 solref=0.00998 imp0=0.553 arm_knee=0.0136 M_c=0.641 I_th=0.55 I_ca=1.42 dz_th=0.0157 dz_ca=0.0948 tm=0.00121 c_qs=0.187 v0=40 o1_429=0.0796 o2_429=-0.0469 pre30=0.00127 [27.1m]
BEST r0 nev=2996 J=0.8689 stiff=0.903 ref=1.5 fv_hip=0.449 fc_hip=0.149 fv_knee=0.0707 fc_knee=0.0714 solref=0.0101 imp0=0.553 arm_knee=0.0136 M_c=0.643 I_th=0.55 I_ca=1.42 dz_th=0.0165 dz_ca=0.0936 tm=0.00122 c_qs=0.188 v0=40 o1_429=0.0811 o2_429=-0.0485 pre30=0.0024 [27.3m]
BEST r0 nev=3050 J=0.8689 stiff=0.904 ref=1.5 fv_hip=0.442 fc_hip=0.145 fv_knee=0.0698 fc_knee=0.0691 solref=0.0102 imp0=0.555 arm_knee=0.0136 M_c=0.645 I_th=0.55 I_ca=1.42 dz_th=0.0152 dz_ca=0.0927 tm=0.00126 c_qs=0.189 v0=40 o1_429=0.0796 o2_429=-0.0469 pre30=0.000344 [27.8m]
BEST r0 nev=3606 J=0.8689 stiff=0.901 ref=1.5 fv_hip=0.438 fc_hip=0.14 fv_knee=0.0721 fc_knee=0.0688 solref=0.01 imp0=0.554 arm_knee=0.0137 M_c=0.642 I_th=0.55 I_ca=1.42 dz_th=0.0145 dz_ca=0.0933 tm=0.00121 c_qs=0.19 v0=40 o1_429=0.0813 o2_429=-0.0457 pre30=0.00195 [32.8m]
BEST r0 nev=3668 J=0.8689 stiff=0.902 ref=1.5 fv_hip=0.439 fc_hip=0.14 fv_knee=0.0717 fc_knee=0.0695 solref=0.01 imp0=0.553 arm_knee=0.0136 M_c=0.644 I_th=0.55 I_ca=1.42 dz_th=0.0147 dz_ca=0.0925 tm=0.00123 c_qs=0.19 v0=40 o1_429=0.081 o2_429=-0.046 pre30=0.00235 [33.3m]
BEST r0 nev=3678 J=0.8689 stiff=0.899 ref=1.5 fv_hip=0.439 fc_hip=0.141 fv_knee=0.072 fc_knee=0.0688 solref=0.01 imp0=0.553 arm_knee=0.0136 M_c=0.642 I_th=0.55 I_ca=1.42 dz_th=0.0148 dz_ca=0.0929 tm=0.00123 c_qs=0.19 v0=40 o1_429=0.0809 o2_429=-0.0467 pre30=0.00388 [33.4m]
BEST r0 nev=3928 J=0.8689 stiff=0.9 ref=1.5 fv_hip=0.443 fc_hip=0.139 fv_knee=0.0712 fc_knee=0.0685 solref=0.0101 imp0=0.554 arm_knee=0.0137 M_c=0.644 I_th=0.55 I_ca=1.42 dz_th=0.0141 dz_ca=0.0932 tm=0.00123 c_qs=0.191 v0=40 o1_429=0.0812 o2_429=-0.0463 pre30=0.0035 [35.7m]
BEST r0 nev=4123 J=0.8689 stiff=0.9 ref=1.5 fv_hip=0.44 fc_hip=0.137 fv_knee=0.0716 fc_knee=0.068 solref=0.0101 imp0=0.554 arm_knee=0.0136 M_c=0.646 I_th=0.55 I_ca=1.42 dz_th=0.0145 dz_ca=0.0931 tm=0.00126 c_qs=0.19 v0=40 o1_429=0.0813 o2_429=-0.0462 pre30=0.00267 [37.4m]
BEST r0 nev=4161 J=0.8688 stiff=0.9 ref=1.5 fv_hip=0.44 fc_hip=0.138 fv_knee=0.0716 fc_knee=0.0681 solref=0.0101 imp0=0.554 arm_knee=0.0137 M_c=0.645 I_th=0.55 I_ca=1.42 dz_th=0.0144 dz_ca=0.0928 tm=0.00125 c_qs=0.191 v0=40 o1_429=0.0816 o2_429=-0.0462 pre30=0.00239 [37.8m]
BEST r0 nev=4251 J=0.8688 stiff=0.899 ref=1.5 fv_hip=0.439 fc_hip=0.138 fv_knee=0.0718 fc_knee=0.068 solref=0.01 imp0=0.553 arm_knee=0.0137 M_c=0.647 I_th=0.55 I_ca=1.42 dz_th=0.0147 dz_ca=0.093 tm=0.00123 c_qs=0.19 v0=40 o1_429=0.0821 o2_429=-0.0467 pre30=0.00333 [38.5m]
BEST r0 nev=4274 J=0.8688 stiff=0.898 ref=1.5 fv_hip=0.441 fc_hip=0.138 fv_knee=0.0718 fc_knee=0.0679 solref=0.0101 imp0=0.554 arm_knee=0.0137 M_c=0.648 I_th=0.55 I_ca=1.42 dz_th=0.0147 dz_ca=0.0929 tm=0.00123 c_qs=0.191 v0=40 o1_429=0.0819 o2_429=-0.0463 pre30=0.00277 [38.8m]
BEST r0 nev=5230 J=0.8688 stiff=0.898 ref=1.51 fv_hip=0.439 fc_hip=0.136 fv_knee=0.072 fc_knee=0.0669 solref=0.0101 imp0=0.554 arm_knee=0.0136 M_c=0.647 I_th=0.55 I_ca=1.42 dz_th=0.0151 dz_ca=0.0928 tm=0.00123 c_qs=0.19 v0=40 o1_429=0.0824 o2_429=-0.0466 pre30=0.00274 [47.2m]
BEST r0 nev=5259 J=0.8688 stiff=0.898 ref=1.51 fv_hip=0.439 fc_hip=0.136 fv_knee=0.0721 fc_knee=0.067 solref=0.0101 imp0=0.554 arm_knee=0.0136 M_c=0.646 I_th=0.55 I_ca=1.42 dz_th=0.0151 dz_ca=0.0926 tm=0.00122 c_qs=0.19 v0=40 o1_429=0.0825 o2_429=-0.0468 pre30=0.00279 [47.4m]
BEST r0 nev=5341 J=0.8688 stiff=0.898 ref=1.51 fv_hip=0.439 fc_hip=0.136 fv_knee=0.0721 fc_knee=0.067 solref=0.0101 imp0=0.554 arm_knee=0.0136 M_c=0.647 I_th=0.55 I_ca=1.42 dz_th=0.0151 dz_ca=0.0927 tm=0.00123 c_qs=0.19 v0=40 o1_429=0.0823 o2_429=-0.0467 pre30=0.00262 [48.1m]
BEST r0 nev=5352 J=0.8688 stiff=0.898 ref=1.51 fv_hip=0.439 fc_hip=0.136 fv_knee=0.072 fc_knee=0.067 solref=0.0101 imp0=0.554 arm_knee=0.0136 M_c=0.647 I_th=0.55 I_ca=1.42 dz_th=0.015 dz_ca=0.0927 tm=0.00123 c_qs=0.19 v0=40 o1_429=0.0823 o2_429=-0.0468 pre30=0.00258 [48.3m]
BEST r0 nev=5394 J=0.8688 stiff=0.898 ref=1.51 fv_hip=0.439 fc_hip=0.136 fv_knee=0.0721 fc_knee=0.0671 solref=0.0101 imp0=0.554 arm_knee=0.0136 M_c=0.646 I_th=0.55 I_ca=1.42 dz_th=0.015 dz_ca=0.0927 tm=0.00123 c_qs=0.19 v0=40 o1_429=0.0824 o2_429=-0.0469 pre30=0.00264 [48.6m]
BEST r0 nev=5430 J=0.8688 stiff=0.898 ref=1.51 fv_hip=0.439 fc_hip=0.136 fv_knee=0.072 fc_knee=0.0669 solref=0.0101 imp0=0.554 arm_knee=0.0136 M_c=0.647 I_th=0.55 I_ca=1.42 dz_th=0.015 dz_ca=0.0927 tm=0.00123 c_qs=0.19 v0=40 o1_429=0.0824 o2_429=-0.0468 pre30=0.00242 [48.9m]
BEST r0 nev=5435 J=0.8688 stiff=0.898 ref=1.51 fv_hip=0.44 fc_hip=0.136 fv_knee=0.072 fc_knee=0.0669 solref=0.0101 imp0=0.554 arm_knee=0.0136 M_c=0.646 I_th=0.55 I_ca=1.42 dz_th=0.015 dz_ca=0.0927 tm=0.00123 c_qs=0.19 v0=40 o1_429=0.0823 o2_429=-0.0467 pre30=0.00244 [49.0m]
BEST r0 nev=5574 J=0.8688 stiff=0.898 ref=1.51 fv_hip=0.439 fc_hip=0.136 fv_knee=0.072 fc_knee=0.0669 solref=0.0101 imp0=0.554 arm_knee=0.0136 M_c=0.646 I_th=0.55 I_ca=1.42 dz_th=0.0152 dz_ca=0.0928 tm=0.00123 c_qs=0.19 v0=40 o1_429=0.0822 o2_429=-0.0469 pre30=0.00227 [50.3m]
BEST r0 nev=5578 J=0.8688 stiff=0.898 ref=1.51 fv_hip=0.439 fc_hip=0.136 fv_knee=0.072 fc_knee=0.0669 solref=0.0101 imp0=0.554 arm_knee=0.0136 M_c=0.646 I_th=0.55 I_ca=1.42 dz_th=0.0151 dz_ca=0.0927 tm=0.00123 c_qs=0.19 v0=40 o1_429=0.0823 o2_429=-0.0468 pre30=0.00218 [50.3m]
BEST r0 nev=5585 J=0.8688 stiff=0.898 ref=1.51 fv_hip=0.44 fc_hip=0.136 fv_knee=0.0719 fc_knee=0.067 solref=0.0101 imp0=0.554 arm_knee=0.0136 M_c=0.647 I_th=0.55 I_ca=1.42 dz_th=0.0151 dz_ca=0.0928 tm=0.00123 c_qs=0.19 v0=40 o1_429=0.0823 o2_429=-0.0468 pre30=0.00224 [50.3m]
BEST r0 nev=5621 J=0.8688 stiff=0.898 ref=1.51 fv_hip=0.439 fc_hip=0.136 fv_knee=0.072 fc_knee=0.0669 solref=0.0101 imp0=0.554 arm_knee=0.0136 M_c=0.647 I_th=0.55 I_ca=1.42 dz_th=0.0151 dz_ca=0.0927 tm=0.00123 c_qs=0.19 v0=40 o1_429=0.0823 o2_429=-0.0468 pre30=0.00228 [50.6m]
BEST r0 nev=5687 J=0.8688 stiff=0.898 ref=1.51 fv_hip=0.44 fc_hip=0.136 fv_knee=0.0719 fc_knee=0.0668 solref=0.0101 imp0=0.554 arm_knee=0.0136 M_c=0.647 I_th=0.55 I_ca=1.42 dz_th=0.0152 dz_ca=0.0927 tm=0.00123 c_qs=0.19 v0=40 o1_429=0.0822 o2_429=-0.0469 pre30=0.00226 [51.3m]
BEST r0 nev=5761 J=0.8688 stiff=0.898 ref=1.51 fv_hip=0.439 fc_hip=0.136 fv_knee=0.072 fc_knee=0.0669 solref=0.0101 imp0=0.554 arm_knee=0.0136 M_c=0.647 I_th=0.55 I_ca=1.42 dz_th=0.0152 dz_ca=0.0926 tm=0.00123 c_qs=0.19 v0=40 o1_429=0.0823 o2_429=-0.0469 pre30=0.00232 [51.9m]
BEST r0 nev=5786 J=0.8688 stiff=0.898 ref=1.51 fv_hip=0.44 fc_hip=0.136 fv_knee=0.0719 fc_knee=0.0668 solref=0.0101 imp0=0.554 arm_knee=0.0136 M_c=0.647 I_th=0.55 I_ca=1.42 dz_th=0.0152 dz_ca=0.0926 tm=0.00123 c_qs=0.19 v0=40 o1_429=0.0823 o2_429=-0.0469 pre30=0.00219 [52.1m]
BEST r0 nev=5845 J=0.8688 stiff=0.898 ref=1.51 fv_hip=0.44 fc_hip=0.136 fv_knee=0.0719 fc_knee=0.0669 solref=0.0101 imp0=0.554 arm_knee=0.0136 M_c=0.647 I_th=0.55 I_ca=1.42 dz_th=0.0152 dz_ca=0.0927 tm=0.00123 c_qs=0.19 v0=40 o1_429=0.0823 o2_429=-0.0469 pre30=0.00216 [52.6m]
BEST r0 nev=5890 J=0.8688 stiff=0.898 ref=1.51 fv_hip=0.44 fc_hip=0.135 fv_knee=0.0718 fc_knee=0.0667 solref=0.0101 imp0=0.554 arm_knee=0.0136 M_c=0.647 I_th=0.55 I_ca=1.42 dz_th=0.0151 dz_ca=0.0927 tm=0.00123 c_qs=0.19 v0=40 o1_429=0.0823 o2_429=-0.0469 pre30=0.002 [53.0m]
BEST r0 nev=5899 J=0.8688 stiff=0.898 ref=1.51 fv_hip=0.44 fc_hip=0.135 fv_knee=0.0719 fc_knee=0.0668 solref=0.0101 imp0=0.554 arm_knee=0.0136 M_c=0.647 I_th=0.55 I_ca=1.42 dz_th=0.0152 dz_ca=0.0927 tm=0.00123 c_qs=0.19 v0=40 o1_429=0.0823 o2_429=-0.0469 pre30=0.00213 [53.1m]
BEST r0 nev=5975 J=0.8688 stiff=0.898 ref=1.51 fv_hip=0.44 fc_hip=0.135 fv_knee=0.0719 fc_knee=0.0668 solref=0.0101 imp0=0.554 arm_knee=0.0136 M_c=0.647 I_th=0.55 I_ca=1.42 dz_th=0.0152 dz_ca=0.0927 tm=0.00123 c_qs=0.19 v0=40 o1_429=0.0823 o2_429=-0.0469 pre30=0.002 [53.7m]
BEST r0 nev=6026 J=0.8688 stiff=0.898 ref=1.51 fv_hip=0.44 fc_hip=0.136 fv_knee=0.0718 fc_knee=0.0668 solref=0.0101 imp0=0.554 arm_knee=0.0136 M_c=0.647 I_th=0.55 I_ca=1.42 dz_th=0.0152 dz_ca=0.0926 tm=0.00123 c_qs=0.19 v0=40 o1_429=0.0823 o2_429=-0.0469 pre30=0.00184 [54.2m]
BEST r0 nev=6044 J=0.8688 stiff=0.898 ref=1.51 fv_hip=0.44 fc_hip=0.136 fv_knee=0.0718 fc_knee=0.0668 solref=0.0101 imp0=0.554 arm_knee=0.0136 M_c=0.647 I_th=0.55 I_ca=1.42 dz_th=0.0152 dz_ca=0.0926 tm=0.00123 c_qs=0.19 v0=40 o1_429=0.0823 o2_429=-0.0469 pre30=0.00178 [54.3m]
BEST r0 nev=6063 J=0.8688 stiff=0.898 ref=1.51 fv_hip=0.441 fc_hip=0.135 fv_knee=0.0718 fc_knee=0.0668 solref=0.0101 imp0=0.554 arm_knee=0.0136 M_c=0.647 I_th=0.55 I_ca=1.42 dz_th=0.0152 dz_ca=0.0927 tm=0.00123 c_qs=0.19 v0=40 o1_429=0.0823 o2_429=-0.0469 pre30=0.00165 [54.6m]
BEST r0 nev=6066 J=0.8688 stiff=0.898 ref=1.51 fv_hip=0.44 fc_hip=0.135 fv_knee=0.0718 fc_knee=0.0668 solref=0.0101 imp0=0.554 arm_knee=0.0136 M_c=0.647 I_th=0.55 I_ca=1.42 dz_th=0.0153 dz_ca=0.0926 tm=0.00123 c_qs=0.19 v0=40 o1_429=0.0823 o2_429=-0.0469 pre30=0.00165 [54.6m]
BEST r0 nev=6069 J=0.8688 stiff=0.898 ref=1.51 fv_hip=0.44 fc_hip=0.135 fv_knee=0.0718 fc_knee=0.0668 solref=0.0101 imp0=0.554 arm_knee=0.0136 M_c=0.647 I_th=0.55 I_ca=1.42 dz_th=0.0152 dz_ca=0.0926 tm=0.00123 c_qs=0.19 v0=40 o1_429=0.0823 o2_429=-0.0469 pre30=0.00182 [54.6m]
BEST r0 nev=6093 J=0.8688 stiff=0.898 ref=1.51 fv_hip=0.44 fc_hip=0.135 fv_knee=0.0718 fc_knee=0.0667 solref=0.0101 imp0=0.554 arm_knee=0.0136 M_c=0.647 I_th=0.55 I_ca=1.42 dz_th=0.0152 dz_ca=0.0926 tm=0.00123 c_qs=0.19 v0=40 o1_429=0.0823 o2_429=-0.0469 pre30=0.00183 [54.9m]
BEST r0 nev=6176 J=0.8688 stiff=0.898 ref=1.51 fv_hip=0.44 fc_hip=0.135 fv_knee=0.0717 fc_knee=0.0666 solref=0.0101 imp0=0.554 arm_knee=0.0136 M_c=0.648 I_th=0.55 I_ca=1.42 dz_th=0.0153 dz_ca=0.0927 tm=0.00123 c_qs=0.19 v0=40 o1_429=0.0822 o2_429=-0.0469 pre30=0.00167 [55.6m]
BEST r0 nev=6203 J=0.8688 stiff=0.898 ref=1.51 fv_hip=0.44 fc_hip=0.135 fv_knee=0.0718 fc_knee=0.0667 solref=0.0101 imp0=0.554 arm_knee=0.0136 M_c=0.648 I_th=0.55 I_ca=1.42 dz_th=0.0153 dz_ca=0.0927 tm=0.00123 c_qs=0.19 v0=40 o1_429=0.0823 o2_429=-0.0469 pre30=0.00172 [55.8m]
BEST r0 nev=6210 J=0.8688 stiff=0.898 ref=1.51 fv_hip=0.441 fc_hip=0.135 fv_knee=0.0717 fc_knee=0.0666 solref=0.0101 imp0=0.554 arm_knee=0.0136 M_c=0.648 I_th=0.55 I_ca=1.42 dz_th=0.0153 dz_ca=0.0927 tm=0.00123 c_qs=0.19 v0=40 o1_429=0.0823 o2_429=-0.0469 pre30=0.00164 [55.8m]
BEST r0 nev=6213 J=0.8688 stiff=0.898 ref=1.51 fv_hip=0.44 fc_hip=0.135 fv_knee=0.0718 fc_knee=0.0667 solref=0.0101 imp0=0.554 arm_knee=0.0136 M_c=0.648 I_th=0.55 I_ca=1.42 dz_th=0.0153 dz_ca=0.0926 tm=0.00123 c_qs=0.19 v0=40 o1_429=0.0823 o2_429=-0.0469 pre30=0.00167 [55.8m]
BEST r0 nev=6485 J=0.8688 stiff=0.898 ref=1.51 fv_hip=0.44 fc_hip=0.135 fv_knee=0.0717 fc_knee=0.0666 solref=0.0101 imp0=0.554 arm_knee=0.0136 M_c=0.648 I_th=0.55 I_ca=1.42 dz_th=0.0153 dz_ca=0.0927 tm=0.00123 c_qs=0.19 v0=40 o1_429=0.0822 o2_429=-0.0469 pre30=0.00173 [58.3m]
BEST r0 nev=6540 J=0.8688 stiff=0.898 ref=1.51 fv_hip=0.44 fc_hip=0.135 fv_knee=0.0718 fc_knee=0.0666 solref=0.0101 imp0=0.554 arm_knee=0.0136 M_c=0.648 I_th=0.55 I_ca=1.42 dz_th=0.0153 dz_ca=0.0927 tm=0.00123 c_qs=0.19 v0=40 o1_429=0.0822 o2_429=-0.0469 pre30=0.00164 [58.8m]
BEST r0 nev=6570 J=0.8688 stiff=0.897 ref=1.51 fv_hip=0.44 fc_hip=0.135 fv_knee=0.0718 fc_knee=0.0665 solref=0.0101 imp0=0.554 arm_knee=0.0136 M_c=0.648 I_th=0.55 I_ca=1.42 dz_th=0.0153 dz_ca=0.0927 tm=0.00123 c_qs=0.19 v0=40 o1_429=0.0822 o2_429=-0.0468 pre30=0.00171 [59.1m]
BEST r0 nev=6571 J=0.8688 stiff=0.898 ref=1.51 fv_hip=0.44 fc_hip=0.135 fv_knee=0.0717 fc_knee=0.0666 solref=0.0101 imp0=0.554 arm_knee=0.0136 M_c=0.648 I_th=0.55 I_ca=1.42 dz_th=0.0153 dz_ca=0.0926 tm=0.00123 c_qs=0.19 v0=40 o1_429=0.0822 o2_429=-0.0469 pre30=0.00158 [59.1m]
BEST r0 nev=6614 J=0.8688 stiff=0.898 ref=1.51 fv_hip=0.44 fc_hip=0.135 fv_knee=0.0717 fc_knee=0.0665 solref=0.0101 imp0=0.554 arm_knee=0.0136 M_c=0.648 I_th=0.55 I_ca=1.42 dz_th=0.0153 dz_ca=0.0926 tm=0.00123 c_qs=0.19 v0=40 o1_429=0.0822 o2_429=-0.0469 pre30=0.0016 [59.4m]
BEST r0 nev=6617 J=0.8688 stiff=0.897 ref=1.51 fv_hip=0.44 fc_hip=0.135 fv_knee=0.0717 fc_knee=0.0665 solref=0.0101 imp0=0.554 arm_knee=0.0136 M_c=0.648 I_th=0.55 I_ca=1.42 dz_th=0.0153 dz_ca=0.0927 tm=0.00123 c_qs=0.19 v0=40 o1_429=0.0822 o2_429=-0.0469 pre30=0.0017 [59.4m]
BEST r0 nev=6798 J=0.8688 stiff=0.898 ref=1.51 fv_hip=0.44 fc_hip=0.135 fv_knee=0.0717 fc_knee=0.0665 solref=0.0101 imp0=0.554 arm_knee=0.0136 M_c=0.648 I_th=0.55 I_ca=1.42 dz_th=0.0153 dz_ca=0.0927 tm=0.00123 c_qs=0.19 v0=40 o1_429=0.0822 o2_429=-0.0469 pre30=0.00163 [61.1m]
BEST r0 nev=6912 J=0.8688 stiff=0.898 ref=1.51 fv_hip=0.44 fc_hip=0.135 fv_knee=0.0717 fc_knee=0.0664 solref=0.0101 imp0=0.554 arm_knee=0.0136 M_c=0.648 I_th=0.55 I_ca=1.42 dz_th=0.0153 dz_ca=0.0927 tm=0.00123 c_qs=0.19 v0=40 o1_429=0.0822 o2_429=-0.0469 pre30=0.00157 [62.1m]
BEST r0 nev=6966 J=0.8688 stiff=0.898 ref=1.51 fv_hip=0.44 fc_hip=0.135 fv_knee=0.0718 fc_knee=0.0665 solref=0.0101 imp0=0.554 arm_knee=0.0136 M_c=0.648 I_th=0.55 I_ca=1.42 dz_th=0.0153 dz_ca=0.0927 tm=0.00123 c_qs=0.19 v0=40 o1_429=0.0822 o2_429=-0.0469 pre30=0.00153 [62.6m]
BEST r0 nev=7152 J=0.8688 stiff=0.898 ref=1.51 fv_hip=0.44 fc_hip=0.135 fv_knee=0.0717 fc_knee=0.0664 solref=0.0101 imp0=0.554 arm_knee=0.0136 M_c=0.648 I_th=0.55 I_ca=1.42 dz_th=0.0153 dz_ca=0.0926 tm=0.00123 c_qs=0.19 v0=40 o1_429=0.0822 o2_429=-0.0469 pre30=0.00151 [64.2m]
BEST r0 nev=7217 J=0.8688 stiff=0.898 ref=1.51 fv_hip=0.44 fc_hip=0.135 fv_knee=0.0717 fc_knee=0.0664 solref=0.0101 imp0=0.554 arm_knee=0.0136 M_c=0.649 I_th=0.55 I_ca=1.42 dz_th=0.0153 dz_ca=0.0927 tm=0.00123 c_qs=0.19 v0=40 o1_429=0.0822 o2_429=-0.0469 pre30=0.00149 [64.8m]
BEST r0 nev=7268 J=0.8688 stiff=0.898 ref=1.51 fv_hip=0.44 fc_hip=0.135 fv_knee=0.0717 fc_knee=0.0664 solref=0.0101 imp0=0.554 arm_knee=0.0136 M_c=0.648 I_th=0.55 I_ca=1.42 dz_th=0.0153 dz_ca=0.0926 tm=0.00123 c_qs=0.19 v0=40 o1_429=0.0822 o2_429=-0.0469 pre30=0.00148 [65.3m]
BEST r0 nev=7276 J=0.8688 stiff=0.898 ref=1.51 fv_hip=0.44 fc_hip=0.135 fv_knee=0.0717 fc_knee=0.0664 solref=0.0101 imp0=0.554 arm_knee=0.0136 M_c=0.648 I_th=0.55 I_ca=1.42 dz_th=0.0153 dz_ca=0.0927 tm=0.00123 c_qs=0.19 v0=40 o1_429=0.0822 o2_429=-0.0469 pre30=0.00154 [65.3m]
BEST r0 nev=7295 J=0.8688 stiff=0.898 ref=1.51 fv_hip=0.44 fc_hip=0.135 fv_knee=0.0717 fc_knee=0.0664 solref=0.0101 imp0=0.554 arm_knee=0.0136 M_c=0.648 I_th=0.55 I_ca=1.42 dz_th=0.0153 dz_ca=0.0926 tm=0.00123 c_qs=0.19 v0=40 o1_429=0.0822 o2_429=-0.0469 pre30=0.00146 [65.5m]
BEST r0 nev=7353 J=0.8688 stiff=0.898 ref=1.51 fv_hip=0.44 fc_hip=0.135 fv_knee=0.0717 fc_knee=0.0664 solref=0.0101 imp0=0.554 arm_knee=0.0136 M_c=0.649 I_th=0.55 I_ca=1.42 dz_th=0.0153 dz_ca=0.0927 tm=0.00123 c_qs=0.19 v0=40 o1_429=0.0822 o2_429=-0.0469 pre30=0.00148 [66.0m]
BEST r0 nev=7372 J=0.8688 stiff=0.898 ref=1.51 fv_hip=0.44 fc_hip=0.135 fv_knee=0.0717 fc_knee=0.0664 solref=0.0101 imp0=0.554 arm_knee=0.0136 M_c=0.648 I_th=0.55 I_ca=1.42 dz_th=0.0153 dz_ca=0.0926 tm=0.00123 c_qs=0.19 v0=40 o1_429=0.0822 o2_429=-0.0469 pre30=0.0015 [66.1m]
BEST r0 nev=7495 J=0.8688 stiff=0.898 ref=1.51 fv_hip=0.44 fc_hip=0.135 fv_knee=0.0717 fc_knee=0.0664 solref=0.0101 imp0=0.554 arm_knee=0.0136 M_c=0.648 I_th=0.55 I_ca=1.42 dz_th=0.0153 dz_ca=0.0927 tm=0.00123 c_qs=0.19 v0=40 o1_429=0.0822 o2_429=-0.0469 pre30=0.00152 [67.3m]
BEST r0 nev=7545 J=0.8688 stiff=0.898 ref=1.51 fv_hip=0.44 fc_hip=0.135 fv_knee=0.0717 fc_knee=0.0664 solref=0.0101 imp0=0.554 arm_knee=0.0136 M_c=0.648 I_th=0.55 I_ca=1.42 dz_th=0.0153 dz_ca=0.0927 tm=0.00123 c_qs=0.19 v0=40 o1_429=0.0822 o2_429=-0.0469 pre30=0.00151 [67.6m]
BEST r0 nev=7576 J=0.8688 stiff=0.898 ref=1.51 fv_hip=0.44 fc_hip=0.135 fv_knee=0.0718 fc_knee=0.0664 solref=0.0101 imp0=0.554 arm_knee=0.0136 M_c=0.648 I_th=0.55 I_ca=1.42 dz_th=0.0153 dz_ca=0.0926 tm=0.00123 c_qs=0.19 v0=40 o1_429=0.0822 o2_429=-0.0469 pre30=0.00151 [68.0m]
restart 0 종료 (global 0.8688) [71.9m]
restart 1 종료 (global 0.8688) [138.9m]
restart 2 종료 (global 0.8688) [198.9m]
restart 3 종료 (global 0.8688) [259.1m]
P21 CMA DONE J=0.8688 [259.1m]
