warm-start from previous mshoot best
warm-start from previous mshoot best
warm-start from previous fourbar best
warm-start from previous fourbar best
warm-start from previous mshoot best
warm-start from previous fourbar best
warm-start from previous mshoot best
warm-start from previous fourbar best
warm-start from previous mshoot best
warm-start from previous fourbar best
warm-start from previous mshoot best
warm-start from previous fourbar best
warm-start from previous mshoot best
warm-start from previous fourbar best
warm-start from previous mshoot best
warm-start from previous fourbar best
warm-start from previous mshoot best
warm-start from previous fourbar best
warm-start from previous mshoot best
warm-start from previous fourbar best
60_0.75_60_2        /CL q2 0.263 dq2 4.15 h 0.960/0.960
90_0.75_90_2        /A  q2 0.120 dq2 2.78 h 1.034/1.000
60_1.5_60_1.5       /A  q2 0.041 dq2 2.57 h 0.969/0.990
60_0.75_60_2        /A  q2 0.084 dq2 2.12 h 0.973/0.960
60_1.5_60_1.5       /CL q2 0.250 dq2 4.25 h 0.982/0.990
90_1.5_90_2.5       /A  q2 0.139 dq2 2.90 h 1.036/1.000
90_0.75_90_2        /CL q2 0.177 dq2 3.29 h 1.090/1.000
120_2_120_2         /A  q2 0.097 dq2 2.60 h 1.037/1.000
90_1.5_90_2.5       /CL q2 0.228 dq2 4.32 h 1.043/1.000
120_2_120_2         /CL q2 0.160 dq2 3.20 h 1.128/1.000
150_2.2_250_3       /A  q2 0.167 dq2 5.11 h 1.021/0.970
120_2.2_150_2.5     /A  q2 0.107 dq2 2.99 h 1.028/0.990
120_2.2_200_2.8     /CL q2 0.157 dq2 3.11 h 1.122/0.960
120_2.2_150_2.5     /CL q2 0.173 dq2 3.39 h 1.126/0.990
120_2.2_200_2.8     /A  q2 0.096 dq2 2.90 h 1.012/0.960
150_2.2_250_3       /CL q2 0.100 dq2 2.41 h 1.135/0.970
150_2.2_350_3.5     /CL q2 0.080 dq2 2.44 h 1.030/0.950
150_2.2_500_4       /A  q2 0.109 dq2 4.22 h 1.019/0.930
150_2.2_350_3.5     /A  q2 0.201 dq2 6.33 h 1.018/0.950
WARNING: Nan, Inf or huge value in QACC at DOF 2. The simulation is unstable. Time = 0.5720.

[A 평균] score 76.9 q2 0.116 dq2 3.45 h 1.015/0.975
[CL 평균] score 112.3 q2 0.176 dq2 3.40 h 1.068/0.980
saved cvt_results_v2.json
