warm-start from previous mshoot best
warm-start from previous fourbar best
26.07.22/120_2_120_2: OK
26.07.22/150_2.2_250_3: OK
26.07.22/150_3.3_500_5: OK
26.07.22/60_0.75_60_2: OK
26.07.22/60_1.5_60_1.5: OK
26.07.23/150_2.2_250_3: OK
26.07.23/150_2.2_500_5: OK
26.07.23/60_0.75_60_2: OK
26.07.24/150_2.2_250_3: OK
26.07.24/150_2.2_350_3.5: OK
26.07.24/150_2.2_500_5: OK
26.07.25/100_1.5_250_3: OK
26.07.25/120_2_250_3: OK
26.07.25/150_2.2_250_3: OK
26.07.25/200_2.5_250_3: OK
26.07.27/100_1.5_250_3: OK
26.07.27/120_2_250_3: OK
26.07.27/150_2.2_250_3: OK
26.07.27/200_2.5_250_3: OK
26.07.27/250_3_250_3: OK
26.07.27/60_2_250_3: OK
26.07.27/80_2_250_3: OK
26.04.24/120_2.2_150_2.5: OK
26.04.24/120_2.2_200_2.8: OK
26.04.24/120_2_120_2: OK
26.04.24/150_2.2_250_3: OK
26.04.24/150_2.2_350_3.5: OK
26.04.24/150_2.2_500_4: OK
26.04.24/60_0.75_60_2: OK
26.04.24/60_1.5_60_1.5: OK
26.04.24/90_0.75_90_2: OK
26.06.02/120_2_120_2: OK
26.06.02/150_2.2_250_3: OK
26.06.02/150_2.2_500_5: OK
26.06.02/60_0.75_60_2: OK
26.06.02/60_1.5_60_1.5: OK
26.06.02/90_0.75_90_2: OK
26.04.21/P100_D0.75_P100_D2: OK
26.04.21/P200_D1.5_P200_D4: OK
26.04.21/P60_D0.75_P60_D2: OK
26.04.21/P70_D0.75_P70_D2: OK
26.04.21/P80_D0.75_P80_D2: OK
26.04.21/P90_D0.75_P90_D2: OK

=== fs3 CL score 창 세션 요약 ===
26.07.22: q1 0.76 q2 1.13 dq1 0.26 dq2 0.38 τ1 1.33 τ2 0.83
26.07.23: q1 1.17 q2 0.83 dq1 0.33 dq2 0.39 τ1 1.10 τ2 0.74
26.07.24: q1 0.59 q2 0.81 dq1 0.22 dq2 0.18 τ1 1.19 τ2 1.02
26.07.25: q1 1.50 q2 1.18 dq1 0.25 dq2 0.30 τ1 2.84 τ2 1.05
26.07.27: q1 0.88 q2 0.91 dq1 0.22 dq2 0.25 τ1 1.88 τ2 0.67
26.04.24: q1 1.18 q2 0.87 dq1 0.14 dq2 0.45 τ1 1.05 τ2 1.03
26.06.02: q1 0.93 q2 0.88 dq1 0.19 dq2 0.43 τ1 0.64 τ2 0.79
26.04.21: q1 1.73 q2 2.69 dq1 0.26 dq2 0.74 τ1 1.09 τ2 1.18

=== fs3 CL push 창 세션 요약 ===
26.07.22: q1 1.31 q2 3.18 dq1 1.14 dq2 1.68 τ1 2.39 τ2 3.17
26.07.23: q1 3.08 q2 2.07 dq1 1.34 dq2 1.58 τ1 3.80 τ2 2.45
26.07.24: q1 1.51 q2 1.94 dq1 0.89 dq2 0.72 τ1 2.29 τ2 3.12
26.07.25: q1 1.74 q2 2.14 dq1 1.18 dq2 1.42 τ1 2.54 τ2 2.81
26.07.27: q1 1.58 q2 1.81 dq1 0.93 dq2 1.10 τ1 2.46 τ2 1.66
26.04.24: q1 1.54 q2 2.01 dq1 0.41 dq2 1.56 τ1 2.65 τ2 2.85
26.06.02: q1 1.00 q2 2.22 dq1 0.79 dq2 1.92 τ1 2.04 τ2 3.13
26.04.21: q1 2.72 q2 8.55 dq1 0.83 dq2 2.54 τ1 2.01 τ2 2.69
done
