warm-start from previous mshoot best
warm-start from previous fourbar best
① 슬립↔잔차 상관 (깊은창 도달 trial 35개):
   |드리프트(−126°후)| vs knee 잔차: r = -0.662
   |드리프트(−126°후)| vs hip  잔차: r = -0.612
   26.07.24/150_2.2_350_3.5: 드리프트 13px → knee 잔차 -1.64 / hip -0.75
   26.06.02/120_2_120_2: 드리프트 13px → knee 잔차 -1.40 / hip -0.55
   26.07.23/150_2.2_500_5: 드리프트 11px → knee 잔차 -1.41 / hip -0.64
   26.07.24/150_2.2_500_5: 드리프트 8px → knee 잔차 -1.43 / hip -0.57
   26.07.23/150_2.2_250_3: 드리프트 6px → knee 잔차 -1.08 / hip -0.26

② 무슬립 선별 재분해 (선별 기준: 범위≤4px & |총드리프트|≤3px):
   26.07.22: 무슬립 trial 부족 (무슬립 0/5 trial)
   26.07.23: 무슬립 trial 부족 (무슬립 0/3 trial)
   26.07.24: 무슬립 trial 부족 (무슬립 0/3 trial)
   26.07.25: 무슬립 trial 부족 (무슬립 0/4 trial)
   26.07.27: 무슬립 trial 부족 (무슬립 0/7 trial)
   26.04.24 (무슬립 2/9 trial): Δθ1 -0.03° Δθ2 +0.17° δx +0.6mm | 오프셋 hip +0.89 knee -0.14 | R² 0.685
   26.06.02 (무슬립 1/6 trial): Δθ1 +0.09° Δθ2 +0.63° δx +1.5mm | 오프셋 hip +0.57 knee -0.06 | R² 0.779
   26.04.21 (무슬립 3/6 trial): Δθ1 +0.28° Δθ2 +0.05° δx +0.4mm | 오프셋 hip +0.95 knee +0.04 | R² 0.809
   26.03.24: 무슬립 trial 부족 (무슬립 0/3 trial)
done
