warm-start from previous mshoot best
warm-start from previous fourbar best
26.07.22/120_2_120_2: OK
26.07.22/150_2.2_250_3: OK
26.07.22/150_3.3_500_5: OK
26.07.22/60_0.75_60_2: OK
26.07.22/60_1.5_60_1.5: OK
26.07.23/150_2.2_250_3: OK
26.07.23/150_2.2_500_5: OK
26.07.23/60_0.75_60_2: OK
26.07.24/150_2.2_250_3: OK
26.07.24/150_2.2_350_3.5: OK
26.07.24/150_2.2_500_5: OK
26.07.25/100_1.5_250_3: OK
26.07.25/120_2_250_3: OK
26.07.25/150_2.2_250_3: OK
26.07.25/200_2.5_250_3: OK
26.07.27/100_1.5_250_3: OK
26.07.27/120_2_250_3: OK
26.07.27/150_2.2_250_3: OK
26.07.27/200_2.5_250_3: OK
26.07.27/250_3_250_3: OK
26.07.27/60_2_250_3: OK
26.07.27/80_2_250_3: OK
26.04.24/120_2.2_150_2.5: OK
26.04.24/120_2.2_200_2.8: OK
26.04.24/120_2_120_2: OK
26.04.24/150_2.2_250_3: OK
26.04.24/150_2.2_350_3.5: OK
26.04.24/150_2.2_500_4: OK
26.04.24/60_0.75_60_2: OK
26.04.24/60_1.5_60_1.5: OK
26.04.24/90_0.75_90_2: OK
26.06.02/120_2_120_2: OK
26.06.02/150_2.2_250_3: OK
26.06.02/150_2.2_500_5: OK
26.06.02/60_0.75_60_2: OK
26.06.02/60_1.5_60_1.5: OK
26.06.02/90_0.75_90_2: OK
26.04.21/P100_D0.75_P100_D2: OK
26.04.21/P200_D1.5_P200_D4: OK
26.04.21/P60_D0.75_P60_D2: OK
26.04.21/P70_D0.75_P70_D2: OK
26.04.21/P80_D0.75_P80_D2: OK
26.04.21/P90_D0.75_P90_D2: OK

=== fs3 CL score 창 세션 요약 ===
26.07.22: q1 0.73 q2 0.89 dq1 0.26 dq2 0.61 τ1 0.92 τ2 1.49
26.07.23: q1 0.93 q2 0.74 dq1 0.31 dq2 0.43 τ1 1.24 τ2 1.19
26.07.24: q1 0.60 q2 0.56 dq1 0.23 dq2 0.20 τ1 1.06 τ2 1.07
26.07.25: q1 1.60 q2 0.88 dq1 0.29 dq2 0.16 τ1 2.24 τ2 0.82
26.07.27: q1 1.00 q2 0.62 dq1 0.23 dq2 0.18 τ1 1.29 τ2 0.58
26.04.24: q1 0.92 q2 0.46 dq1 0.20 dq2 0.50 τ1 1.38 τ2 1.45
26.06.02: q1 0.73 q2 0.55 dq1 0.21 dq2 0.48 τ1 0.95 τ2 1.30
26.04.21: q1 1.44 q2 1.38 dq1 0.20 dq2 0.34 τ1 1.73 τ2 1.16

=== fs3 CL push 창 세션 요약 ===
26.07.22: q1 1.21 q2 3.47 dq1 1.16 dq2 2.81 τ1 1.69 τ2 6.66
26.07.23: q1 2.44 q2 2.70 dq1 1.28 dq2 1.76 τ1 3.40 τ2 4.59
26.07.24: q1 1.73 q2 1.86 dq1 0.93 dq2 0.79 τ1 2.24 τ2 3.68
26.07.25: q1 2.37 q2 1.22 dq1 1.37 dq2 0.68 τ1 2.45 τ2 2.31
26.07.27: q1 2.14 q2 1.39 dq1 1.02 dq2 0.73 τ1 2.25 τ2 1.98
26.04.24: q1 0.82 q2 1.06 dq1 0.66 dq2 1.78 τ1 2.27 τ2 4.40
26.06.02: q1 1.00 q2 1.89 dq1 0.89 dq2 2.18 τ1 1.45 τ2 5.62
26.04.21: q1 2.53 q2 3.89 dq1 0.64 dq2 1.14 τ1 3.51 τ2 2.19
done
