warm-start from previous mshoot best
warm-start from previous fourbar best
26.07.22/120_2_120_2: OK
26.07.22/150_2.2_250_3: OK
26.07.22/150_3.3_500_5: OK
26.07.22/60_0.75_60_2: OK
26.07.22/60_1.5_60_1.5: OK
26.07.23/150_2.2_250_3: OK
26.07.23/150_2.2_500_5: OK
26.07.23/60_0.75_60_2: OK
26.07.24/150_2.2_250_3: OK
26.07.24/150_2.2_350_3.5: OK
26.07.24/150_2.2_500_5: OK
26.07.25/100_1.5_250_3: OK
26.07.25/120_2_250_3: OK
26.07.25/150_2.2_250_3: OK
26.07.25/200_2.5_250_3: OK
26.07.27/100_1.5_250_3: OK
26.07.27/120_2_250_3: OK
26.07.27/150_2.2_250_3: OK
26.07.27/200_2.5_250_3: OK
26.07.27/250_3_250_3: OK
26.07.27/60_2_250_3: OK
26.07.27/80_2_250_3: OK
26.04.24/120_2.2_150_2.5: OK
26.04.24/120_2.2_200_2.8: OK
26.04.24/120_2_120_2: OK
26.04.24/150_2.2_250_3: OK
26.04.24/150_2.2_350_3.5: OK
26.04.24/150_2.2_500_4: OK
26.04.24/60_0.75_60_2: OK
26.04.24/60_1.5_60_1.5: OK
26.04.24/90_0.75_90_2: OK
26.06.02/120_2_120_2: OK
26.06.02/150_2.2_250_3: OK
26.06.02/150_2.2_500_5: OK
26.06.02/60_0.75_60_2: OK
26.06.02/60_1.5_60_1.5: OK
26.06.02/90_0.75_90_2: OK
26.04.21/P100_D0.75_P100_D2: OK
26.04.21/P200_D1.5_P200_D4: OK
26.04.21/P60_D0.75_P60_D2: OK
26.04.21/P70_D0.75_P70_D2: OK
26.04.21/P80_D0.75_P80_D2: OK
26.04.21/P90_D0.75_P90_D2: OK

=== fs3 CL score 창 세션 요약 ===
26.07.22: q1 0.63 q2 0.87 dq1 0.26 dq2 0.38 τ1 0.86 τ2 0.81
26.07.23: q1 1.22 q2 0.69 dq1 0.34 dq2 0.39 τ1 1.51 τ2 0.78
26.07.24: q1 0.69 q2 0.67 dq1 0.23 dq2 0.17 τ1 1.29 τ2 0.93
26.07.25: q1 1.35 q2 1.00 dq1 0.25 dq2 0.31 τ1 1.92 τ2 0.85
26.07.27: q1 0.65 q2 0.72 dq1 0.21 dq2 0.26 τ1 0.90 τ2 0.53
26.04.24: q1 1.33 q2 0.80 dq1 0.15 dq2 0.46 τ1 1.84 τ2 1.25
26.06.02: q1 1.04 q2 0.72 dq1 0.20 dq2 0.43 τ1 1.31 τ2 0.90
26.04.21: q1 1.86 q2 2.57 dq1 0.25 dq2 0.72 τ1 1.93 τ2 1.38

=== fs3 CL push 창 세션 요약 ===
26.07.22: q1 1.24 q2 2.91 dq1 1.12 dq2 1.69 τ1 2.39 τ2 3.07
26.07.23: q1 3.05 q2 1.94 dq1 1.40 dq2 1.60 τ1 3.81 τ2 2.39
26.07.24: q1 1.58 q2 1.75 dq1 0.93 dq2 0.68 τ1 2.39 τ2 2.96
26.07.25: q1 1.66 q2 2.09 dq1 1.16 dq2 1.45 τ1 2.22 τ2 2.92
26.07.27: q1 1.45 q2 1.64 dq1 0.91 dq2 1.11 τ1 2.03 τ2 1.71
26.04.24: q1 1.53 q2 2.13 dq1 0.44 dq2 1.60 τ1 2.78 τ2 3.09
26.06.02: q1 1.03 q2 2.23 dq1 0.82 dq2 1.91 τ1 2.05 τ2 3.25
26.04.21: q1 2.75 q2 8.25 dq1 0.81 dq2 2.48 τ1 2.27 τ2 2.74
done
