warm-start from previous mshoot best
warm-start from previous fourbar best
26.07.22/120_2_120_2: OK
26.07.22/150_2.2_250_3: OK
26.07.22/150_3.3_500_5: OK
26.07.22/60_0.75_60_2: OK
26.07.22/60_1.5_60_1.5: OK
26.07.23/150_2.2_250_3: OK
26.07.23/150_2.2_500_5: OK
26.07.23/60_0.75_60_2: OK
26.07.24/150_2.2_250_3: OK
26.07.24/150_2.2_350_3.5: OK
26.07.24/150_2.2_500_5: OK
26.07.25/100_1.5_250_3: OK
26.07.25/120_2_250_3: OK
26.07.25/150_2.2_250_3: OK
26.07.25/200_2.5_250_3: OK
26.07.27/100_1.5_250_3: OK
26.07.27/120_2_250_3: OK
26.07.27/150_2.2_250_3: OK
26.07.27/200_2.5_250_3: OK
26.07.27/250_3_250_3: OK
26.07.27/60_2_250_3: OK
26.07.27/80_2_250_3: OK
26.04.24/120_2.2_150_2.5: OK
26.04.24/120_2.2_200_2.8: OK
26.04.24/120_2_120_2: OK
26.04.24/150_2.2_250_3: OK
26.04.24/150_2.2_350_3.5: OK
26.04.24/150_2.2_500_4: OK
26.04.24/60_0.75_60_2: OK
26.04.24/60_1.5_60_1.5: OK
26.04.24/90_0.75_90_2: OK
26.06.02/120_2_120_2: OK
26.06.02/150_2.2_250_3: OK
26.06.02/150_2.2_500_5: OK
26.06.02/60_0.75_60_2: OK
26.06.02/60_1.5_60_1.5: OK
26.06.02/90_0.75_90_2: OK
26.04.21/P100_D0.75_P100_D2: OK
26.04.21/P200_D1.5_P200_D4: OK
26.04.21/P60_D0.75_P60_D2: OK
26.04.21/P70_D0.75_P70_D2: OK
26.04.21/P80_D0.75_P80_D2: OK
26.04.21/P90_D0.75_P90_D2: OK

=== fs3 CL score 창 세션 요약 ===
26.07.22: q1 0.71 q2 0.75 dq1 0.25 dq2 0.43 τ1 0.91 τ2 1.33
26.07.23: q1 0.97 q2 0.59 dq1 0.32 dq2 0.30 τ1 1.28 τ2 1.08
26.07.24: q1 0.58 q2 0.48 dq1 0.23 dq2 0.15 τ1 1.09 τ2 1.05
26.07.25: q1 1.58 q2 0.89 dq1 0.27 dq2 0.14 τ1 2.24 τ2 0.78
26.07.27: q1 0.97 q2 0.58 dq1 0.23 dq2 0.13 τ1 1.31 τ2 0.53
26.04.24: q1 0.94 q2 0.48 dq1 0.17 dq2 0.41 τ1 1.39 τ2 1.34
26.06.02: q1 0.72 q2 0.49 dq1 0.19 dq2 0.40 τ1 0.96 τ2 1.21
26.04.21: q1 1.49 q2 1.55 dq1 0.21 dq2 0.39 τ1 1.77 τ2 1.15

=== fs3 CL push 창 세션 요약 ===
26.07.22: q1 1.00 q2 2.63 dq1 1.08 dq2 1.93 τ1 1.58 τ2 5.89
26.07.23: q1 2.68 q2 1.96 dq1 1.31 dq2 1.22 τ1 3.65 τ2 4.11
26.07.24: q1 1.59 q2 1.36 dq1 0.93 dq2 0.57 τ1 2.46 τ2 3.57
26.07.25: q1 2.06 q2 1.25 dq1 1.27 dq2 0.58 τ1 2.57 τ2 1.98
26.07.27: q1 1.84 q2 1.01 dq1 0.99 dq2 0.49 τ1 2.42 τ2 1.64
26.04.24: q1 1.02 q2 1.16 dq1 0.53 dq2 1.45 τ1 2.34 τ2 3.93
26.06.02: q1 0.80 q2 1.56 dq1 0.81 dq2 1.77 τ1 1.58 τ2 5.17
26.04.21: q1 2.85 q2 4.53 dq1 0.69 dq2 1.30 τ1 3.73 τ2 2.14
done
