warm-start from previous mshoot best
warm-start from previous fourbar best
26.07.22/120_2_120_2: OK
26.07.22/150_2.2_250_3: OK
26.07.22/150_3.3_500_5: OK
26.07.22/60_0.75_60_2: OK
26.07.22/60_1.5_60_1.5: OK
26.07.23/150_2.2_250_3: OK
26.07.23/150_2.2_500_5: OK
26.07.23/60_0.75_60_2: OK
26.07.24/150_2.2_250_3: OK
26.07.24/150_2.2_350_3.5: OK
26.07.24/150_2.2_500_5: OK
26.07.25/100_1.5_250_3: OK
26.07.25/120_2_250_3: OK
26.07.25/150_2.2_250_3: OK
26.07.25/200_2.5_250_3: OK
26.07.27/100_1.5_250_3: OK
26.07.27/120_2_250_3: OK
26.07.27/150_2.2_250_3: OK
26.07.27/200_2.5_250_3: OK
26.07.27/250_3_250_3: OK
26.07.27/60_2_250_3: OK
26.07.27/80_2_250_3: OK
26.04.24/120_2.2_150_2.5: OK
26.04.24/120_2.2_200_2.8: OK
26.04.24/120_2_120_2: OK
26.04.24/150_2.2_250_3: OK
26.04.24/150_2.2_350_3.5: OK
26.04.24/150_2.2_500_4: OK
26.04.24/60_0.75_60_2: OK
26.04.24/60_1.5_60_1.5: OK
26.04.24/90_0.75_90_2: OK
26.06.02/120_2_120_2: OK
26.06.02/150_2.2_250_3: OK
26.06.02/150_2.2_500_5: OK
26.06.02/60_0.75_60_2: OK
26.06.02/60_1.5_60_1.5: OK
26.06.02/90_0.75_90_2: OK
26.04.21/P100_D0.75_P100_D2: OK
26.04.21/P200_D1.5_P200_D4: OK
26.04.21/P60_D0.75_P60_D2: OK
26.04.21/P70_D0.75_P70_D2: OK
26.04.21/P80_D0.75_P80_D2: OK
26.04.21/P90_D0.75_P90_D2: OK

=== fs3 CL score 창 세션 요약 ===
26.07.22: q1 0.96 q2 1.00 dq1 0.27 dq2 0.38 τ1 1.20 τ2 0.83
26.07.23: q1 0.93 q2 0.75 dq1 0.33 dq2 0.39 τ1 1.16 τ2 0.75
26.07.24: q1 0.55 q2 0.77 dq1 0.21 dq2 0.18 τ1 1.01 τ2 0.98
26.07.25: q1 1.74 q2 1.10 dq1 0.26 dq2 0.30 τ1 2.48 τ2 0.96
26.07.27: q1 1.20 q2 0.84 dq1 0.22 dq2 0.25 τ1 1.62 τ2 0.63
26.04.24: q1 0.78 q2 0.80 dq1 0.14 dq2 0.45 τ1 1.17 τ2 1.05
26.06.02: q1 0.57 q2 0.78 dq1 0.19 dq2 0.43 τ1 0.81 τ2 0.82
26.04.21: q1 1.28 q2 2.63 dq1 0.25 dq2 0.74 τ1 1.28 τ2 1.21

=== fs3 CL push 창 세션 요약 ===
26.07.22: q1 1.32 q2 3.10 dq1 1.16 dq2 1.68 τ1 2.37 τ2 3.17
26.07.23: q1 3.00 q2 2.05 dq1 1.33 dq2 1.57 τ1 3.79 τ2 2.45
26.07.24: q1 1.54 q2 1.95 dq1 0.87 dq2 0.72 τ1 2.30 τ2 3.12
26.07.25: q1 1.90 q2 2.12 dq1 1.20 dq2 1.42 τ1 2.46 τ2 2.82
26.07.27: q1 1.82 q2 1.78 dq1 0.95 dq2 1.09 τ1 2.41 τ2 1.68
26.04.24: q1 1.26 q2 2.00 dq1 0.42 dq2 1.56 τ1 2.63 τ2 2.87
26.06.02: q1 0.78 q2 2.20 dq1 0.79 dq2 1.92 τ1 2.02 τ2 3.14
26.04.21: q1 2.53 q2 8.53 dq1 0.80 dq2 2.53 τ1 2.01 τ2 2.68
done
