warm-start from previous mshoot best
warm-start from previous fourbar best
26.07.22/120_2_120_2: OK
26.07.22/150_2.2_250_3: OK
26.07.22/150_3.3_500_5: OK
26.07.22/60_0.75_60_2: OK
26.07.22/60_1.5_60_1.5: OK
26.07.23/150_2.2_250_3: OK
26.07.23/150_2.2_500_5: OK
26.07.23/60_0.75_60_2: OK
26.07.24/150_2.2_250_3: OK
26.07.24/150_2.2_350_3.5: OK
26.07.24/150_2.2_500_5: OK
26.07.25/100_1.5_250_3: OK
26.07.25/120_2_250_3: OK
26.07.25/150_2.2_250_3: OK
26.07.25/200_2.5_250_3: OK
26.07.27/100_1.5_250_3: OK
26.07.27/120_2_250_3: OK
26.07.27/150_2.2_250_3: OK
26.07.27/200_2.5_250_3: OK
26.07.27/250_3_250_3: OK
26.07.27/60_2_250_3: OK
26.07.27/80_2_250_3: OK
26.04.24/120_2.2_150_2.5: OK
26.04.24/120_2.2_200_2.8: OK
26.04.24/120_2_120_2: OK
26.04.24/150_2.2_250_3: OK
26.04.24/150_2.2_350_3.5: OK
26.04.24/150_2.2_500_4: OK
26.04.24/60_0.75_60_2: OK
26.04.24/60_1.5_60_1.5: OK
26.04.24/90_0.75_90_2: OK
26.06.02/120_2_120_2: OK
26.06.02/150_2.2_250_3: OK
26.06.02/150_2.2_500_5: OK
26.06.02/60_0.75_60_2: OK
26.06.02/60_1.5_60_1.5: OK
26.06.02/90_0.75_90_2: OK
26.04.21/P100_D0.75_P100_D2: OK
26.04.21/P200_D1.5_P200_D4: OK
26.04.21/P60_D0.75_P60_D2: OK
26.04.21/P70_D0.75_P70_D2: OK
26.04.21/P80_D0.75_P80_D2: OK
26.04.21/P90_D0.75_P90_D2: OK

=== fs3 CL score 창 세션 요약 ===
26.07.22: q1 0.81 q2 0.78 dq1 0.23 dq2 0.40 τ1 1.02 τ2 1.12
26.07.23: q1 0.96 q2 0.52 dq1 0.33 dq2 0.23 τ1 1.44 τ2 0.98
26.07.24: q1 0.57 q2 0.29 dq1 0.24 dq2 0.16 τ1 1.53 τ2 1.15
26.07.25: q1 1.77 q2 0.23 dq1 0.26 dq2 0.13 τ1 2.64 τ2 0.86
26.07.27: q1 1.10 q2 0.18 dq1 0.25 dq2 0.14 τ1 1.71 τ2 0.62
26.04.24: q1 0.86 q2 0.61 dq1 0.12 dq2 0.24 τ1 1.23 τ2 1.13
26.06.02: q1 0.60 q2 0.54 dq1 0.15 dq2 0.23 τ1 0.85 τ2 0.91
26.04.21: q1 1.17 q2 1.13 dq1 0.14 dq2 0.19 τ1 1.36 τ2 1.03

=== fs3 CL push 창 세션 요약 ===
26.07.22: q1 1.01 q2 2.99 dq1 0.97 dq2 1.78 τ1 1.76 τ2 4.77
26.07.23: q1 2.97 q2 1.65 dq1 1.37 dq2 0.92 τ1 4.92 τ2 3.64
26.07.24: q1 1.49 q2 1.08 dq1 0.98 dq2 0.62 τ1 5.28 τ2 4.06
26.07.25: q1 1.88 q2 0.73 dq1 1.24 dq2 0.53 τ1 4.91 τ2 2.09
26.07.27: q1 1.80 q2 0.71 dq1 1.09 dq2 0.56 τ1 4.71 τ2 1.95
26.04.24: q1 1.24 q2 1.15 dq1 0.33 dq2 0.80 τ1 1.81 τ2 3.10
26.06.02: q1 0.73 q2 1.65 dq1 0.56 dq2 0.96 τ1 1.66 τ2 3.69
26.04.21: q1 1.71 q2 1.68 dq1 0.39 dq2 0.57 τ1 1.99 τ2 1.65
done
