warm-start from previous mshoot best
warm-start from previous fourbar best
26.07.22/120_2_120_2: OK
26.07.22/150_2.2_250_3: OK
26.07.22/150_3.3_500_5: OK
26.07.22/60_0.75_60_2: OK
26.07.22/60_1.5_60_1.5: OK
26.07.23/150_2.2_250_3: OK
26.07.23/150_2.2_500_5: OK
26.07.23/60_0.75_60_2: OK
26.07.24/150_2.2_250_3: OK
26.07.24/150_2.2_350_3.5: OK
26.07.24/150_2.2_500_5: OK
26.07.25/100_1.5_250_3: OK
26.07.25/120_2_250_3: OK
26.07.25/150_2.2_250_3: OK
26.07.25/200_2.5_250_3: OK
26.07.27/100_1.5_250_3: OK
26.07.27/120_2_250_3: OK
26.07.27/150_2.2_250_3: OK
26.07.27/200_2.5_250_3: OK
26.07.27/250_3_250_3: OK
26.07.27/60_2_250_3: OK
26.07.27/80_2_250_3: OK
26.04.24/120_2.2_150_2.5: OK
26.04.24/120_2.2_200_2.8: OK
26.04.24/120_2_120_2: OK
26.04.24/150_2.2_250_3: OK
26.04.24/150_2.2_350_3.5: OK
26.04.24/150_2.2_500_4: OK
26.04.24/60_0.75_60_2: OK
26.04.24/60_1.5_60_1.5: OK
26.04.24/90_0.75_90_2: OK
26.06.02/120_2_120_2: OK
26.06.02/150_2.2_250_3: OK
26.06.02/150_2.2_500_5: OK
26.06.02/60_0.75_60_2: OK
26.06.02/60_1.5_60_1.5: OK
26.06.02/90_0.75_90_2: OK
26.04.21/P100_D0.75_P100_D2: OK
26.04.21/P200_D1.5_P200_D4: OK
26.04.21/P60_D0.75_P60_D2: OK
26.04.21/P70_D0.75_P70_D2: OK
26.04.21/P80_D0.75_P80_D2: OK
26.04.21/P90_D0.75_P90_D2: OK

=== fs3 CL score 창 세션 요약 ===
26.07.22: q1 0.82 q2 0.62 dq1 0.23 dq2 0.27 τ1 1.03 τ2 0.94
26.07.23: q1 1.07 q2 0.52 dq1 0.37 dq2 0.20 τ1 1.14 τ2 0.97
26.07.24: q1 0.60 q2 0.24 dq1 0.25 dq2 0.15 τ1 1.02 τ2 0.95
26.07.25: q1 1.77 q2 0.28 dq1 0.25 dq2 0.13 τ1 2.52 τ2 0.89
26.07.27: q1 1.09 q2 0.22 dq1 0.24 dq2 0.14 τ1 1.47 τ2 0.66
26.04.24: q1 0.84 q2 0.74 dq1 0.12 dq2 0.23 τ1 1.17 τ2 1.24
26.06.02: q1 0.56 q2 0.55 dq1 0.15 dq2 0.18 τ1 0.78 τ2 0.90
26.04.21: q1 1.15 q2 1.26 dq1 0.14 dq2 0.19 τ1 1.31 τ2 1.18

=== fs3 CL push 창 세션 요약 ===
26.07.22: q1 1.14 q2 2.05 dq1 1.00 dq2 1.15 τ1 1.91 τ2 3.66
26.07.23: q1 3.78 q2 0.99 dq1 1.52 dq2 0.79 τ1 3.44 τ2 3.32
26.07.24: q1 1.60 q2 0.78 dq1 1.06 dq2 0.58 τ1 2.19 τ2 3.08
26.07.25: q1 1.77 q2 1.18 dq1 1.20 dq2 0.54 τ1 2.43 τ2 2.84
26.07.27: q1 1.69 q2 0.94 dq1 1.06 dq2 0.57 τ1 2.30 τ2 2.19
26.04.24: q1 1.48 q2 1.43 dq1 0.33 dq2 0.76 τ1 1.77 τ2 3.07
26.06.02: q1 0.87 q2 0.98 dq1 0.58 dq2 0.73 τ1 1.25 τ2 3.11
26.04.21: q1 2.12 q2 1.65 dq1 0.37 dq2 0.58 τ1 2.07 τ2 1.67
done
26.07.22/120_2_120_2: OK
26.07.22/150_2.2_250_3: OK
26.07.22/150_3.3_500_5: OK
26.07.22/60_0.75_60_2: OK
26.07.22/60_1.5_60_1.5: OK
26.07.23/150_2.2_250_3: OK
26.07.23/150_2.2_500_5: OK
26.07.23/60_0.75_60_2: OK
26.07.24/150_2.2_250_3: OK
26.07.24/150_2.2_350_3.5: OK
26.07.24/150_2.2_500_5: OK
26.07.25/100_1.5_250_3: OK
26.07.25/120_2_250_3: OK
26.07.25/150_2.2_250_3: OK
26.07.25/200_2.5_250_3: OK
26.07.27/100_1.5_250_3: OK
26.07.27/120_2_250_3: OK
26.07.27/150_2.2_250_3: OK
26.07.27/200_2.5_250_3: OK
26.07.27/250_3_250_3: OK
26.07.27/60_2_250_3: OK
26.07.27/80_2_250_3: OK
26.04.24/120_2.2_150_2.5: OK
26.04.24/120_2.2_200_2.8: OK
26.04.24/120_2_120_2: OK
26.04.24/150_2.2_250_3: OK
26.04.24/150_2.2_350_3.5: OK
26.04.24/150_2.2_500_4: OK
26.04.24/60_0.75_60_2: OK
26.04.24/60_1.5_60_1.5: OK
26.04.24/90_0.75_90_2: OK
26.06.02/120_2_120_2: OK
26.06.02/150_2.2_250_3: OK
26.06.02/150_2.2_500_5: OK
26.06.02/60_0.75_60_2: OK
26.06.02/60_1.5_60_1.5: OK
26.06.02/90_0.75_90_2: OK
26.04.21/P100_D0.75_P100_D2: OK
26.04.21/P200_D1.5_P200_D4: OK
26.04.21/P60_D0.75_P60_D2: OK
26.04.21/P70_D0.75_P70_D2: OK
26.04.21/P80_D0.75_P80_D2: OK
26.04.21/P90_D0.75_P90_D2: OK
26.03.24/P100_D3: OK
26.03.24/P40_D0.7: OK
26.03.24/P60_D1.5: OK

=== fs3 ModeA 세션 요약 ===
26.07.22: q1 1.76 q2 2.51 dq1 0.41 dq2 0.53 τ1 0.22 τ2 0.57
26.07.23: q1 2.23 q2 2.84 dq1 0.45 dq2 0.48 τ1 0.35 τ2 0.49
26.07.24: q1 1.77 q2 3.05 dq1 0.37 dq2 0.42 τ1 0.46 τ2 0.37
26.07.25: q1 1.64 q2 1.88 dq1 0.24 dq2 0.22 τ1 0.45 τ2 0.67
26.07.27: q1 1.45 q2 2.32 dq1 0.33 dq2 0.31 τ1 0.27 τ2 0.55
26.04.24: q1 2.20 q2 3.74 dq1 0.32 dq2 0.56 τ1 0.29 τ2 0.64
26.06.02: q1 1.72 q2 2.54 dq1 0.22 dq2 0.33 τ1 0.26 τ2 0.44
26.04.21: q1 2.14 q2 3.84 dq1 0.33 dq2 0.54 τ1 0.24 τ2 0.60
26.03.24: q1 2.03 q2 3.57 dq1 0.30 dq2 0.54 τ1 0.27 τ2 0.62
done
