warm-start from previous mshoot best
warm-start from previous fourbar best
26.07.22/120_2_120_2: OK
26.07.22/150_2.2_250_3: OK
26.07.22/150_3.3_500_5: OK
26.07.22/60_0.75_60_2: OK
26.07.22/60_1.5_60_1.5: OK
26.07.23/150_2.2_250_3: OK
26.07.23/150_2.2_500_5: OK
26.07.23/60_0.75_60_2: OK
26.07.24/150_2.2_250_3: OK
26.07.24/150_2.2_350_3.5: OK
26.07.24/150_2.2_500_5: OK
26.07.25/100_1.5_250_3: OK
26.07.25/120_2_250_3: OK
26.07.25/150_2.2_250_3: OK
26.07.25/200_2.5_250_3: OK
26.07.27/100_1.5_250_3: OK
26.07.27/120_2_250_3: OK
26.07.27/150_2.2_250_3: OK
26.07.27/200_2.5_250_3: OK
26.07.27/250_3_250_3: OK
26.07.27/60_2_250_3: OK
26.07.27/80_2_250_3: OK
26.04.24/120_2.2_150_2.5: OK
26.04.24/120_2.2_200_2.8: OK
26.04.24/120_2_120_2: OK
26.04.24/150_2.2_250_3: OK
26.04.24/150_2.2_350_3.5: OK
26.04.24/150_2.2_500_4: OK
26.04.24/60_0.75_60_2: OK
26.04.24/60_1.5_60_1.5: OK
26.04.24/90_0.75_90_2: OK
26.06.02/120_2_120_2: OK
26.06.02/150_2.2_250_3: OK
26.06.02/150_2.2_500_5: OK
26.06.02/60_0.75_60_2: OK
26.06.02/60_1.5_60_1.5: OK
26.06.02/90_0.75_90_2: OK
26.04.21/P100_D0.75_P100_D2: OK
26.04.21/P200_D1.5_P200_D4: OK
26.04.21/P60_D0.75_P60_D2: OK
26.04.21/P70_D0.75_P70_D2: OK
26.04.21/P80_D0.75_P80_D2: OK
26.04.21/P90_D0.75_P90_D2: OK

=== fs3 CL score 창 세션 요약 ===
26.07.22: q1 0.79 q2 0.78 dq1 0.23 dq2 0.40 τ1 1.02 τ2 1.13
26.07.23: q1 0.82 q2 0.50 dq1 0.28 dq2 0.22 τ1 0.97 τ2 0.91
26.07.24: q1 0.56 q2 0.28 dq1 0.20 dq2 0.16 τ1 1.02 τ2 1.12
26.07.25: q1 1.79 q2 0.24 dq1 0.26 dq2 0.13 τ1 2.55 τ2 0.90
26.07.27: q1 1.08 q2 0.18 dq1 0.25 dq2 0.14 τ1 1.45 τ2 0.60
26.04.24: q1 0.90 q2 0.61 dq1 0.12 dq2 0.24 τ1 1.23 τ2 1.14
26.06.02: q1 0.60 q2 0.53 dq1 0.15 dq2 0.23 τ1 0.80 τ2 0.92
26.04.21: q1 1.24 q2 1.15 dq1 0.14 dq2 0.18 τ1 1.36 τ2 1.04

=== fs3 CL push 창 세션 요약 ===
26.07.22: q1 1.01 q2 3.01 dq1 0.97 dq2 1.79 τ1 1.91 τ2 4.80
26.07.23: q1 2.32 q2 1.52 dq1 1.15 dq2 0.87 τ1 2.44 τ2 3.36
26.07.24: q1 1.34 q2 1.02 dq1 0.83 dq2 0.60 τ1 1.91 τ2 3.89
26.07.25: q1 1.89 q2 0.74 dq1 1.24 dq2 0.53 τ1 2.63 τ2 2.18
26.07.27: q1 1.74 q2 0.71 dq1 1.09 dq2 0.56 τ1 2.33 τ2 1.94
26.04.24: q1 1.26 q2 1.15 dq1 0.33 dq2 0.80 τ1 1.58 τ2 3.09
26.06.02: q1 0.69 q2 1.64 dq1 0.56 dq2 0.98 τ1 1.18 τ2 3.70
26.04.21: q1 1.78 q2 1.68 dq1 0.39 dq2 0.56 τ1 1.75 τ2 1.65
done
26.07.22/120_2_120_2: OK
26.07.22/150_2.2_250_3: OK
26.07.22/150_3.3_500_5: OK
26.07.22/60_0.75_60_2: OK
26.07.22/60_1.5_60_1.5: OK
26.07.23/150_2.2_250_3: OK
26.07.23/150_2.2_500_5: OK
26.07.23/60_0.75_60_2: OK
26.07.24/150_2.2_250_3: OK
26.07.24/150_2.2_350_3.5: OK
26.07.24/150_2.2_500_5: OK
26.07.25/100_1.5_250_3: OK
26.07.25/120_2_250_3: OK
26.07.25/150_2.2_250_3: OK
26.07.25/200_2.5_250_3: OK
26.07.27/100_1.5_250_3: OK
26.07.27/120_2_250_3: OK
26.07.27/150_2.2_250_3: OK
26.07.27/200_2.5_250_3: OK
26.07.27/250_3_250_3: OK
26.07.27/60_2_250_3: OK
26.07.27/80_2_250_3: OK
26.04.24/120_2.2_150_2.5: OK
26.04.24/120_2.2_200_2.8: OK
26.04.24/120_2_120_2: OK
26.04.24/150_2.2_250_3: OK
26.04.24/150_2.2_350_3.5: OK
26.04.24/150_2.2_500_4: OK
26.04.24/60_0.75_60_2: OK
26.04.24/60_1.5_60_1.5: OK
26.04.24/90_0.75_90_2: OK
26.06.02/120_2_120_2: OK
26.06.02/150_2.2_250_3: OK
26.06.02/150_2.2_500_5: OK
26.06.02/60_0.75_60_2: OK
26.06.02/60_1.5_60_1.5: OK
26.06.02/90_0.75_90_2: OK
26.04.21/P100_D0.75_P100_D2: OK
26.04.21/P200_D1.5_P200_D4: OK
26.04.21/P60_D0.75_P60_D2: OK
26.04.21/P70_D0.75_P70_D2: OK
26.04.21/P80_D0.75_P80_D2: OK
26.04.21/P90_D0.75_P90_D2: OK
26.03.24/P100_D3: OK
26.03.24/P40_D0.7: OK
26.03.24/P60_D1.5: OK

=== fs3 ModeA 세션 요약 ===
26.07.22: q1 1.44 q2 2.43 dq1 0.40 dq2 0.61 τ1 0.22 τ2 0.57
26.07.23: q1 1.49 q2 2.25 dq1 0.36 dq2 0.42 τ1 0.34 τ2 0.50
26.07.24: q1 2.59 q2 5.03 dq1 0.51 dq2 0.84 τ1 0.46 τ2 0.38
26.07.25: q1 1.32 q2 1.77 dq1 0.24 dq2 0.20 τ1 0.45 τ2 0.67
26.07.27: q1 1.34 q2 2.19 dq1 0.32 dq2 0.32 τ1 0.27 τ2 0.55
26.04.24: q1 1.22 q2 2.47 dq1 0.23 dq2 0.40 τ1 0.29 τ2 0.64
26.06.02: q1 0.99 q2 1.88 dq1 0.19 dq2 0.29 τ1 0.26 τ2 0.45
26.04.21: q1 1.20 q2 2.60 dq1 0.21 dq2 0.35 τ1 0.24 τ2 0.60
26.03.24: q1 1.29 q2 3.25 dq1 0.26 dq2 0.41 τ1 0.27 τ2 0.62
done
ALLDONE
