warm-start from previous mshoot best
warm-start from previous fourbar best
26.07.22/120_2_120_2: OK
26.07.22/150_2.2_250_3: OK
26.07.22/150_3.3_500_5: OK
26.07.22/60_0.75_60_2: OK
26.07.22/60_1.5_60_1.5: OK
26.07.23/150_2.2_250_3: OK
26.07.23/150_2.2_500_5: OK
26.07.23/60_0.75_60_2: OK
26.07.24/150_2.2_250_3: OK
26.07.24/150_2.2_350_3.5: OK
26.07.24/150_2.2_500_5: OK
26.07.25/100_1.5_250_3: OK
26.07.25/120_2_250_3: OK
26.07.25/150_2.2_250_3: OK
26.07.25/200_2.5_250_3: OK
26.07.27/100_1.5_250_3: OK
26.07.27/120_2_250_3: OK
26.07.27/150_2.2_250_3: OK
26.07.27/200_2.5_250_3: OK
26.07.27/250_3_250_3: OK
26.07.27/60_2_250_3: OK
26.07.27/80_2_250_3: OK
26.04.24/120_2.2_150_2.5: OK
26.04.24/120_2.2_200_2.8: OK
26.04.24/120_2_120_2: OK
26.04.24/150_2.2_250_3: OK
26.04.24/150_2.2_350_3.5: OK
26.04.24/150_2.2_500_4: OK
26.04.24/60_0.75_60_2: OK
26.04.24/60_1.5_60_1.5: OK
26.04.24/90_0.75_90_2: OK
26.06.02/120_2_120_2: OK
26.06.02/150_2.2_250_3: OK
26.06.02/150_2.2_500_5: OK
26.06.02/60_0.75_60_2: OK
26.06.02/60_1.5_60_1.5: OK
26.06.02/90_0.75_90_2: OK
26.04.21/P100_D0.75_P100_D2: OK
26.04.21/P200_D1.5_P200_D4: OK
26.04.21/P60_D0.75_P60_D2: OK
26.04.21/P70_D0.75_P70_D2: OK
26.04.21/P80_D0.75_P80_D2: OK
26.04.21/P90_D0.75_P90_D2: OK

=== fs3 CL score 창 세션 요약 ===
26.07.22: q1 0.83 q2 0.77 dq1 0.23 dq2 0.40 τ1 1.04 τ2 1.13
26.07.23: q1 0.74 q2 0.46 dq1 0.28 dq2 0.22 τ1 0.88 τ2 0.89
26.07.24: q1 0.53 q2 0.28 dq1 0.21 dq2 0.15 τ1 0.95 τ2 1.10
26.07.25: q1 1.76 q2 0.23 dq1 0.26 dq2 0.13 τ1 2.50 τ2 0.86
26.07.27: q1 1.11 q2 0.18 dq1 0.25 dq2 0.14 τ1 1.48 τ2 0.61
26.04.24: q1 0.74 q2 0.57 dq1 0.12 dq2 0.24 τ1 1.05 τ2 1.10
26.06.02: q1 0.50 q2 0.49 dq1 0.15 dq2 0.22 τ1 0.70 τ2 0.89
26.04.21: q1 1.03 q2 1.07 dq1 0.14 dq2 0.19 τ1 1.16 τ2 0.96

=== fs3 CL push 창 세션 요약 ===
26.07.22: q1 1.01 q2 2.97 dq1 0.97 dq2 1.77 τ1 1.92 τ2 4.75
26.07.23: q1 2.23 q2 1.42 dq1 1.14 dq2 0.84 τ1 2.36 τ2 3.28
26.07.24: q1 1.42 q2 0.99 dq1 0.84 dq2 0.59 τ1 2.04 τ2 3.77
26.07.25: q1 1.87 q2 0.73 dq1 1.24 dq2 0.53 τ1 2.62 τ2 2.10
26.07.27: q1 1.83 q2 0.71 dq1 1.10 dq2 0.56 τ1 2.40 τ2 1.95
26.04.24: q1 1.08 q2 1.14 dq1 0.34 dq2 0.80 τ1 1.41 τ2 3.10
26.06.02: q1 0.73 q2 1.52 dq1 0.57 dq2 0.95 τ1 1.21 τ2 3.63
26.04.21: q1 1.49 q2 1.60 dq1 0.40 dq2 0.57 τ1 1.49 τ2 1.59
done
26.07.22/120_2_120_2: OK
26.07.22/150_2.2_250_3: OK
26.07.22/150_3.3_500_5: OK
26.07.22/60_0.75_60_2: OK
26.07.22/60_1.5_60_1.5: OK
26.07.23/150_2.2_250_3: OK
26.07.23/150_2.2_500_5: OK
26.07.23/60_0.75_60_2: OK
26.07.24/150_2.2_250_3: OK
26.07.24/150_2.2_350_3.5: OK
26.07.24/150_2.2_500_5: OK
26.07.25/100_1.5_250_3: OK
26.07.25/120_2_250_3: OK
26.07.25/150_2.2_250_3: OK
26.07.25/200_2.5_250_3: OK
26.07.27/100_1.5_250_3: OK
26.07.27/120_2_250_3: OK
26.07.27/150_2.2_250_3: OK
26.07.27/200_2.5_250_3: OK
26.07.27/250_3_250_3: OK
26.07.27/60_2_250_3: OK
26.07.27/80_2_250_3: OK
26.04.24/120_2.2_150_2.5: OK
26.04.24/120_2.2_200_2.8: OK
26.04.24/120_2_120_2: OK
26.04.24/150_2.2_250_3: OK
26.04.24/150_2.2_350_3.5: OK
26.04.24/150_2.2_500_4: OK
26.04.24/60_0.75_60_2: OK
26.04.24/60_1.5_60_1.5: OK
26.04.24/90_0.75_90_2: OK
26.06.02/120_2_120_2: OK
26.06.02/150_2.2_250_3: OK
26.06.02/150_2.2_500_5: OK
26.06.02/60_0.75_60_2: OK
26.06.02/60_1.5_60_1.5: OK
26.06.02/90_0.75_90_2: OK
26.04.21/P100_D0.75_P100_D2: OK
26.04.21/P200_D1.5_P200_D4: OK
26.04.21/P60_D0.75_P60_D2: OK
26.04.21/P70_D0.75_P70_D2: OK
26.04.21/P80_D0.75_P80_D2: OK
26.04.21/P90_D0.75_P90_D2: OK
26.03.24/P100_D3: OK
26.03.24/P40_D0.7: OK
26.03.24/P60_D1.5: OK

=== fs3 ModeA 세션 요약 ===
26.07.22: q1 1.47 q2 2.51 dq1 0.40 dq2 0.61 τ1 0.22 τ2 0.57
26.07.23: q1 1.39 q2 2.53 dq1 0.36 dq2 0.45 τ1 0.35 τ2 0.49
26.07.24: q1 2.18 q2 5.23 dq1 0.50 dq2 0.87 τ1 0.48 τ2 0.39
26.07.25: q1 1.34 q2 1.78 dq1 0.24 dq2 0.20 τ1 0.45 τ2 0.67
26.07.27: q1 1.40 q2 2.30 dq1 0.32 dq2 0.32 τ1 0.27 τ2 0.55
26.04.24: q1 1.28 q2 2.60 dq1 0.23 dq2 0.41 τ1 0.29 τ2 0.64
26.06.02: q1 1.01 q2 2.13 dq1 0.19 dq2 0.31 τ1 0.27 τ2 0.45
26.04.21: q1 1.27 q2 2.71 dq1 0.22 dq2 0.37 τ1 0.24 τ2 0.60
26.03.24: q1 1.36 q2 3.30 dq1 0.27 dq2 0.42 τ1 0.27 τ2 0.62
done
ALLDONE
