warm-start from previous mshoot best
warm-start from previous fourbar best
26.07.22/120_2_120_2: OK
26.07.22/150_2.2_250_3: OK
26.07.22/150_3.3_500_5: OK
26.07.22/60_0.75_60_2: OK
26.07.22/60_1.5_60_1.5: OK
26.07.23/150_2.2_250_3: OK
26.07.23/150_2.2_500_5: OK
26.07.23/60_0.75_60_2: OK
26.07.24/150_2.2_250_3: OK
26.07.24/150_2.2_350_3.5: OK
26.07.24/150_2.2_500_5: OK
26.07.25/100_1.5_250_3: OK
26.07.25/120_2_250_3: OK
26.07.25/150_2.2_250_3: OK
26.07.25/200_2.5_250_3: OK
26.07.27/100_1.5_250_3: OK
26.07.27/120_2_250_3: OK
26.07.27/150_2.2_250_3: OK
26.07.27/200_2.5_250_3: OK
26.07.27/250_3_250_3: OK
26.07.27/60_2_250_3: OK
26.07.27/80_2_250_3: OK
26.04.24/120_2.2_150_2.5: OK
26.04.24/120_2.2_200_2.8: OK
26.04.24/120_2_120_2: OK
26.04.24/150_2.2_250_3: OK
26.04.24/150_2.2_350_3.5: OK
26.04.24/150_2.2_500_4: OK
26.04.24/60_0.75_60_2: OK
26.04.24/60_1.5_60_1.5: OK
26.04.24/90_0.75_90_2: OK
26.06.02/120_2_120_2: OK
26.06.02/150_2.2_250_3: OK
26.06.02/150_2.2_500_5: OK
26.06.02/60_0.75_60_2: OK
26.06.02/60_1.5_60_1.5: OK
26.06.02/90_0.75_90_2: OK
26.04.21/P100_D0.75_P100_D2: OK
26.04.21/P200_D1.5_P200_D4: OK
26.04.21/P60_D0.75_P60_D2: OK
26.04.21/P70_D0.75_P70_D2: OK
26.04.21/P80_D0.75_P80_D2: OK
26.04.21/P90_D0.75_P90_D2: OK

=== 그래프 규약 CL (창 평균) ===
26.04.21: q1 1.01 q2 1.09 dq1 0.53 dq2 0.59 τ1 0.96 τ2 1.33
26.04.24: q1 0.86 q2 1.14 dq1 0.64 dq2 0.93 τ1 1.33 τ2 3.19
26.06.02: q1 0.73 q2 1.48 dq1 0.68 dq2 1.00 τ1 1.35 τ2 3.46
26.07.22: q1 1.19 q2 3.62 dq1 1.09 dq2 2.13 τ1 2.31 τ2 5.24
26.07.23: q1 2.76 q2 1.45 dq1 1.40 dq2 0.98 τ1 2.85 τ2 3.39
26.07.24: q1 1.54 q2 0.96 dq1 1.00 dq2 0.62 τ1 2.44 τ2 3.74
26.07.25: q1 1.12 q2 0.59 dq1 1.32 dq2 0.67 τ1 2.47 τ2 2.25
26.07.27: q1 0.86 q2 0.78 dq1 1.05 dq2 0.63 τ1 1.65 τ2 2.58
warm-start from previous mshoot best
warm-start from previous fourbar best
26.07.22/120_2_120_2: OK
26.07.22/150_2.2_250_3: OK
26.07.22/150_3.3_500_5: OK
26.07.22/60_0.75_60_2: OK
26.07.22/60_1.5_60_1.5: OK
26.07.23/150_2.2_250_3: OK
26.07.23/150_2.2_500_5: OK
26.07.23/60_0.75_60_2: OK
26.07.24/150_2.2_250_3: OK
26.07.24/150_2.2_350_3.5: OK
26.07.24/150_2.2_500_5: OK
26.07.25/100_1.5_250_3: OK
26.07.25/120_2_250_3: OK
26.07.25/150_2.2_250_3: OK
26.07.25/200_2.5_250_3: OK
26.07.27/100_1.5_250_3: OK
26.07.27/120_2_250_3: OK
26.07.27/150_2.2_250_3: OK
26.07.27/200_2.5_250_3: OK
26.07.27/250_3_250_3: OK
26.07.27/60_2_250_3: OK
26.07.27/80_2_250_3: OK
26.04.24/120_2.2_150_2.5: OK
26.04.24/120_2.2_200_2.8: OK
26.04.24/120_2_120_2: OK
26.04.24/150_2.2_250_3: OK
26.04.24/150_2.2_350_3.5: OK
26.04.24/150_2.2_500_4: OK
26.04.24/60_0.75_60_2: OK
26.04.24/60_1.5_60_1.5: OK
26.04.24/90_0.75_90_2: OK
26.06.02/120_2_120_2: OK
26.06.02/150_2.2_250_3: OK
26.06.02/150_2.2_500_5: OK
26.06.02/60_0.75_60_2: OK
26.06.02/60_1.5_60_1.5: OK
26.06.02/90_0.75_90_2: OK
26.04.21/P100_D0.75_P100_D2: OK
26.04.21/P200_D1.5_P200_D4: OK
26.04.21/P60_D0.75_P60_D2: OK
26.04.21/P70_D0.75_P70_D2: OK
26.04.21/P80_D0.75_P80_D2: OK
26.04.21/P90_D0.75_P90_D2: OK

=== 그래프 규약 CL (창 평균) ===
26.04.21: q1 1.08 q2 1.05 dq1 0.53 dq2 0.57 τ1 1.03 τ2 1.32
26.04.24: q1 0.90 q2 1.11 dq1 0.64 dq2 0.93 τ1 1.38 τ2 3.18
26.06.02: q1 0.69 q2 1.53 dq1 0.68 dq2 1.03 τ1 1.32 τ2 3.49
26.07.22: q1 1.20 q2 3.64 dq1 1.09 dq2 2.13 τ1 2.30 τ2 5.26
26.07.23: q1 2.19 q2 1.33 dq1 1.18 dq2 0.93 τ1 2.37 τ2 3.18
26.07.24: q1 1.46 q2 0.91 dq1 0.87 dq2 0.60 τ1 2.35 τ2 3.57
26.07.25: q1 1.15 q2 0.59 dq1 1.32 dq2 0.67 τ1 2.49 τ2 2.27
26.07.27: q1 0.87 q2 0.78 dq1 1.05 dq2 0.63 τ1 1.66 τ2 2.58
ALLDONE
