===== esc =====
warm-start from previous mshoot best
warm-start from previous fourbar best
26.07.22/120_2_120_2: OK
26.07.22/150_2.2_250_3: OK
26.07.22/150_3.3_500_5: OK
26.07.22/60_0.75_60_2: OK
26.07.22/60_1.5_60_1.5: OK
26.07.23/150_2.2_250_3: OK
26.07.23/150_2.2_500_5: OK
26.07.23/60_0.75_60_2: OK
26.07.24/150_2.2_250_3: OK
26.07.24/150_2.2_350_3.5: OK
26.07.24/150_2.2_500_5: OK
26.07.25/100_1.5_250_3: OK
26.07.25/120_2_250_3: OK
26.07.25/150_2.2_250_3: OK
26.07.25/200_2.5_250_3: OK
26.07.27/100_1.5_250_3: OK
26.07.27/120_2_250_3: OK
26.07.27/150_2.2_250_3: OK
26.07.27/200_2.5_250_3: OK
26.07.27/250_3_250_3: OK
26.07.27/60_2_250_3: OK
26.07.27/80_2_250_3: OK
26.04.24/120_2.2_150_2.5: OK
26.04.24/120_2.2_200_2.8: OK
26.04.24/120_2_120_2: OK
26.04.24/150_2.2_250_3: OK
26.04.24/150_2.2_350_3.5: OK
26.04.24/150_2.2_500_4: OK
26.04.24/60_0.75_60_2: OK
26.04.24/60_1.5_60_1.5: OK
26.04.24/90_0.75_90_2: OK
26.06.02/120_2_120_2: OK
26.06.02/150_2.2_250_3: OK
26.06.02/150_2.2_500_5: OK
26.06.02/60_0.75_60_2: OK
26.06.02/60_1.5_60_1.5: OK
26.06.02/90_0.75_90_2: OK
26.04.21/P100_D0.75_P100_D2: OK
26.04.21/P200_D1.5_P200_D4: OK
26.04.21/P60_D0.75_P60_D2: OK
26.04.21/P70_D0.75_P70_D2: OK
26.04.21/P80_D0.75_P80_D2: OK
26.04.21/P90_D0.75_P90_D2: OK

=== fs3 CL score 창 세션 요약 ===
26.07.22: q1 0.80 q2 0.64 dq1 0.22 dq2 0.34 τ1 1.00 τ2 0.86
26.07.23: q1 0.89 q2 0.45 dq1 0.28 dq2 0.19 τ1 1.02 τ2 0.87
26.07.24: q1 0.57 q2 0.30 dq1 0.21 dq2 0.18 τ1 1.03 τ2 1.16
26.07.25: q1 1.79 q2 0.30 dq1 0.25 dq2 0.15 τ1 2.55 τ2 0.96
26.07.27: q1 1.07 q2 0.27 dq1 0.25 dq2 0.19 τ1 1.45 τ2 0.78
26.04.24: q1 1.02 q2 0.97 dq1 0.16 dq2 0.36 τ1 1.36 τ2 1.35
26.06.02: q1 0.64 q2 0.59 dq1 0.17 dq2 0.30 τ1 0.83 τ2 0.77
26.04.21: q1 1.33 q2 1.28 dq1 0.17 dq2 0.33 τ1 1.45 τ2 1.20

=== fs3 CL push 창 세션 요약 ===
26.07.22: q1 1.08 q2 2.19 dq1 0.94 dq2 1.50 τ1 1.72 τ2 3.31
26.07.23: q1 2.70 q2 1.15 dq1 1.15 dq2 0.73 τ1 2.77 τ2 3.13
26.07.24: q1 1.34 q2 1.08 dq1 0.87 dq2 0.71 τ1 1.86 τ2 4.09
26.07.25: q1 1.75 q2 1.13 dq1 1.20 dq2 0.66 τ1 2.41 τ2 2.82
26.07.27: q1 1.69 q2 1.14 dq1 1.11 dq2 0.78 τ1 2.31 τ2 2.93
26.04.24: q1 2.06 q2 2.83 dq1 0.51 dq2 1.28 τ1 2.53 τ2 3.98
26.06.02: q1 1.21 q2 1.70 dq1 0.68 dq2 1.33 τ1 1.56 τ2 2.71
26.04.21: q1 2.40 q2 2.53 dq1 0.52 dq2 1.09 τ1 2.40 τ2 2.59
done
26.07.22/120_2_120_2: OK
26.07.22/150_2.2_250_3: OK
26.07.22/150_3.3_500_5: OK
26.07.22/60_0.75_60_2: OK
26.07.22/60_1.5_60_1.5: OK
26.07.23/150_2.2_250_3: OK
26.07.23/150_2.2_500_5: OK
26.07.23/60_0.75_60_2: OK
26.07.24/150_2.2_250_3: OK
26.07.24/150_2.2_350_3.5: OK
26.07.24/150_2.2_500_5: OK
26.07.25/100_1.5_250_3: OK
26.07.25/120_2_250_3: OK
26.07.25/150_2.2_250_3: OK
26.07.25/200_2.5_250_3: OK
26.07.27/100_1.5_250_3: OK
26.07.27/120_2_250_3: OK
26.07.27/150_2.2_250_3: OK
26.07.27/200_2.5_250_3: OK
26.07.27/250_3_250_3: OK
26.07.27/60_2_250_3: OK
26.07.27/80_2_250_3: OK
26.04.24/120_2.2_150_2.5: OK
26.04.24/120_2.2_200_2.8: OK
26.04.24/120_2_120_2: OK
26.04.24/150_2.2_250_3: OK
26.04.24/150_2.2_350_3.5: OK
26.04.24/150_2.2_500_4: OK
26.04.24/60_0.75_60_2: OK
26.04.24/60_1.5_60_1.5: OK
26.04.24/90_0.75_90_2: OK
26.06.02/120_2_120_2: OK
26.06.02/150_2.2_250_3: OK
26.06.02/150_2.2_500_5: OK
26.06.02/60_0.75_60_2: OK
26.06.02/60_1.5_60_1.5: OK
26.06.02/90_0.75_90_2: OK
26.04.21/P100_D0.75_P100_D2: OK
26.04.21/P200_D1.5_P200_D4: OK
26.04.21/P60_D0.75_P60_D2: OK
26.04.21/P70_D0.75_P70_D2: OK
26.04.21/P80_D0.75_P80_D2: OK
26.04.21/P90_D0.75_P90_D2: OK
26.03.24/P100_D3: OK
26.03.24/P40_D0.7: OK
26.03.24/P60_D1.5: OK

=== fs3 ModeA 세션 요약 ===
26.07.22: q1 1.70 q2 2.57 dq1 0.40 dq2 0.45 τ1 0.22 τ2 0.57
26.07.23: q1 1.79 q2 2.73 dq1 0.37 dq2 0.52 τ1 0.34 τ2 0.50
26.07.24: q1 2.50 q2 4.60 dq1 0.45 dq2 0.60 τ1 0.46 τ2 0.38
26.07.25: q1 1.54 q2 2.17 dq1 0.29 dq2 0.36 τ1 0.44 τ2 0.67
26.07.27: q1 1.69 q2 2.72 dq1 0.40 dq2 0.53 τ1 0.26 τ2 0.55
26.04.24: q1 2.30 q2 4.21 dq1 0.47 dq2 0.89 τ1 0.28 τ2 0.64
26.06.02: q1 1.49 q2 2.76 dq1 0.27 dq2 0.48 τ1 0.26 τ2 0.44
26.04.21: q1 2.18 q2 4.08 dq1 0.43 dq2 0.77 τ1 0.24 τ2 0.60
26.03.24: q1 2.01 q2 3.90 dq1 0.44 dq2 0.88 τ1 0.27 τ2 0.62
done
warm-start from previous mshoot best
warm-start from previous fourbar best
세션           |Δh| 중앙    h예 (sim/real)  슬립 sim(무슬립일 기준선 대비)
26.04.21         nan                —                  6.5
26.04.24        20.3        47.4/27.1                  5.9
26.06.02         nan                —                  5.3
26.07.22         9.9        48.2/33.9                  6.5
26.07.23        12.8        42.9/31.1                  4.6
26.07.24         4.8        34.2/29.4                  7.0
26.07.25         7.9        34.7/26.6                  5.7
26.07.27         9.4        41.9/31.4                  6.8
done → _D_secondary.json
warm-start from previous mshoot best
warm-start from previous fourbar best
26.07.22/120_2_120_2: OK
26.07.22/150_2.2_250_3: OK
26.07.22/150_3.3_500_5: OK
26.07.22/60_0.75_60_2: OK
26.07.22/60_1.5_60_1.5: OK
26.07.23/150_2.2_250_3: OK
26.07.23/150_2.2_500_5: OK
26.07.23/60_0.75_60_2: OK
26.07.24/150_2.2_250_3: OK
26.07.24/150_2.2_350_3.5: OK
26.07.24/150_2.2_500_5: OK
26.07.25/100_1.5_250_3: OK
26.07.25/120_2_250_3: OK
26.07.25/150_2.2_250_3: OK
26.07.25/200_2.5_250_3: OK
26.07.27/100_1.5_250_3: OK
26.07.27/120_2_250_3: OK
26.07.27/150_2.2_250_3: OK
26.07.27/200_2.5_250_3: OK
26.07.27/250_3_250_3: OK
26.07.27/60_2_250_3: OK
26.07.27/80_2_250_3: OK
26.04.24/120_2.2_150_2.5: OK
26.04.24/120_2.2_200_2.8: OK
26.04.24/120_2_120_2: OK
26.04.24/150_2.2_250_3: OK
26.04.24/150_2.2_350_3.5: OK
26.04.24/150_2.2_500_4: OK
26.04.24/60_0.75_60_2: OK
26.04.24/60_1.5_60_1.5: OK
26.04.24/90_0.75_90_2: OK
26.06.02/120_2_120_2: OK
26.06.02/150_2.2_250_3: OK
26.06.02/150_2.2_500_5: OK
26.06.02/60_0.75_60_2: OK
26.06.02/60_1.5_60_1.5: OK
26.06.02/90_0.75_90_2: OK
26.04.21/P100_D0.75_P100_D2: OK
26.04.21/P200_D1.5_P200_D4: OK
26.04.21/P60_D0.75_P60_D2: OK
26.04.21/P70_D0.75_P70_D2: OK
26.04.21/P80_D0.75_P80_D2: OK
26.04.21/P90_D0.75_P90_D2: OK
26.03.24/P100_D3: OK
26.03.24/P40_D0.7: OK
26.03.24/P60_D1.5: OK

=== U-보드 CL (세션 평균) ===
26.04.21: q1 2.84 q2 4.39 dq1 0.62 dq2 1.01 t1 2.66 t2 3.64
26.04.24: q1 2.38 q2 4.07 dq1 0.74 dq2 1.28 t1 2.64 t2 4.71
26.06.02: q1 1.94 q2 3.99 dq1 0.80 dq2 1.48 t1 2.09 t2 3.64
26.07.22: q1 2.88 q2 2.61 dq1 1.28 dq2 1.07 t1 3.45 t2 2.77
26.07.23: q1 3.02 q2 2.16 dq1 1.21 dq2 0.73 t1 2.91 t2 3.47
26.07.24: q1 1.39 q2 0.84 dq1 0.95 dq2 0.55 t1 2.26 t2 3.19
26.07.25: q1 1.89 q2 1.34 dq1 1.34 dq2 0.58 t1 3.33 t2 3.05
26.07.27: q1 1.34 q2 1.29 dq1 1.08 dq2 0.56 t1 2.17 t2 3.21
세션합: 17.67 20.69 8.00 7.27 21.52 27.68

=== U-보드 MA (세션 평균) ===
26.03.24: q1 15.52 q2 28.10 dq1 3.24 dq2 7.28 t1 0.73 t2 0.84
26.04.21: q1 12.88 q2 22.37 dq1 2.79 dq2 5.48 t1 0.43 t2 0.63
26.04.24: q1 15.30 q2 27.64 dq1 3.21 dq2 6.87 t1 0.71 t2 1.70
26.06.02: q1 10.00 q2 18.11 dq1 2.30 dq2 4.66 t1 0.70 t2 1.22
26.07.22: q1 9.35 q2 11.74 dq1 2.41 dq2 3.07 t1 0.28 t2 0.70
26.07.23: q1 6.88 q2 15.42 dq1 1.91 dq2 3.68 t1 0.70 t2 0.66
26.07.24: q1 3.95 q2 9.14 dq1 1.64 dq2 2.25 t1 1.30 t2 0.65
26.07.25: q1 8.48 q2 12.50 dq1 3.08 dq2 4.25 t1 0.52 t2 0.46
26.07.27: q1 7.75 q2 13.10 dq1 2.49 dq2 3.82 t1 0.66 t2 1.32
세션합: 90.10 158.14 23.08 41.36 6.04 8.18

=== MA 가드 (상대 max(+5%, +0.05)) ===
  ★위반 26.03.24 q1: 5.02→15.52
  ★위반 26.03.24 q2: 14.91→28.10
  ★위반 26.04.21 q1: 2.22→12.88
  ★위반 26.04.21 q2: 3.75→22.37
  ★위반 26.04.24 q1: 3.36→15.30
  ★위반 26.04.24 q2: 5.62→27.64
  ★위반 26.06.02 q1: 1.02→10.00
  ★위반 26.06.02 q2: 2.29→18.11
  ★위반 26.07.22 q1: 3.53→9.35
  ★위반 26.07.22 q2: 2.53→11.74
  ★위반 26.07.23 q1: 3.60→6.88
  ★위반 26.07.23 q2: 2.28→15.42
  ★위반 26.07.24 q1: 3.28→3.95
  ★위반 26.07.24 q2: 5.85→9.14
  ★위반 26.07.25 q1: 3.34→8.48
  ★위반 26.07.25 q2: 2.62→12.50
  ★위반 26.07.27 q1: 1.71→7.75
  ★위반 26.07.27 q2: 2.58→13.10
done
===== esc_sd1 =====
warm-start from previous mshoot best
warm-start from previous fourbar best
26.07.22/120_2_120_2: OK
26.07.22/150_2.2_250_3: OK
26.07.22/150_3.3_500_5: OK
26.07.22/60_0.75_60_2: OK
26.07.22/60_1.5_60_1.5: OK
26.07.23/150_2.2_250_3: OK
26.07.23/150_2.2_500_5: OK
26.07.23/60_0.75_60_2: OK
26.07.24/150_2.2_250_3: OK
26.07.24/150_2.2_350_3.5: OK
26.07.24/150_2.2_500_5: OK
26.07.25/100_1.5_250_3: OK
26.07.25/120_2_250_3: OK
26.07.25/150_2.2_250_3: OK
26.07.25/200_2.5_250_3: OK
26.07.27/100_1.5_250_3: OK
26.07.27/120_2_250_3: OK
26.07.27/150_2.2_250_3: OK
26.07.27/200_2.5_250_3: OK
26.07.27/250_3_250_3: OK
26.07.27/60_2_250_3: OK
26.07.27/80_2_250_3: OK
26.04.24/120_2.2_150_2.5: OK
26.04.24/120_2.2_200_2.8: OK
26.04.24/120_2_120_2: OK
26.04.24/150_2.2_250_3: OK
26.04.24/150_2.2_350_3.5: OK
26.04.24/150_2.2_500_4: OK
26.04.24/60_0.75_60_2: OK
26.04.24/60_1.5_60_1.5: OK
26.04.24/90_0.75_90_2: OK
26.06.02/120_2_120_2: OK
26.06.02/150_2.2_250_3: OK
26.06.02/150_2.2_500_5: OK
26.06.02/60_0.75_60_2: OK
26.06.02/60_1.5_60_1.5: OK
26.06.02/90_0.75_90_2: OK
26.04.21/P100_D0.75_P100_D2: OK
26.04.21/P200_D1.5_P200_D4: OK
26.04.21/P60_D0.75_P60_D2: OK
26.04.21/P70_D0.75_P70_D2: OK
26.04.21/P80_D0.75_P80_D2: OK
26.04.21/P90_D0.75_P90_D2: OK

=== fs3 CL score 창 세션 요약 ===
26.07.22: q1 0.79 q2 0.74 dq1 0.23 dq2 0.42 τ1 1.01 τ2 1.00
26.07.23: q1 0.83 q2 0.48 dq1 0.28 dq2 0.23 τ1 0.97 τ2 0.85
26.07.24: q1 0.56 q2 0.29 dq1 0.20 dq2 0.17 τ1 1.03 τ2 1.12
26.07.25: q1 1.79 q2 0.25 dq1 0.27 dq2 0.14 τ1 2.56 τ2 0.88
26.07.27: q1 1.08 q2 0.20 dq1 0.25 dq2 0.17 τ1 1.45 τ2 0.64
26.04.24: q1 0.92 q2 0.71 dq1 0.14 dq2 0.30 τ1 1.26 τ2 1.17
26.06.02: q1 0.61 q2 0.54 dq1 0.15 dq2 0.31 τ1 0.80 τ2 0.84
26.04.21: q1 1.26 q2 1.18 dq1 0.16 dq2 0.25 τ1 1.38 τ2 1.06

=== fs3 CL push 창 세션 요약 ===
26.07.22: q1 1.00 q2 2.79 dq1 0.98 dq2 1.88 τ1 1.83 τ2 4.12
26.07.23: q1 2.36 q2 1.38 dq1 1.12 dq2 0.90 τ1 2.47 τ2 3.06
26.07.24: q1 1.34 q2 1.04 dq1 0.83 dq2 0.67 τ1 1.90 τ2 3.93
26.07.25: q1 1.89 q2 0.80 dq1 1.26 dq2 0.59 τ1 2.63 τ2 2.16
26.07.27: q1 1.75 q2 0.82 dq1 1.10 dq2 0.68 τ1 2.33 τ2 2.16
26.04.24: q1 1.39 q2 1.67 dq1 0.40 dq2 1.05 τ1 1.71 τ2 3.19
26.06.02: q1 0.79 q2 1.63 dq1 0.61 dq2 1.36 τ1 1.10 τ2 3.25
26.04.21: q1 1.86 q2 1.90 dq1 0.48 dq2 0.81 τ1 1.84 τ2 1.72
done
26.07.22/120_2_120_2: OK
26.07.22/150_2.2_250_3: OK
26.07.22/150_3.3_500_5: OK
26.07.22/60_0.75_60_2: OK
26.07.22/60_1.5_60_1.5: OK
26.07.23/150_2.2_250_3: OK
26.07.23/150_2.2_500_5: OK
26.07.23/60_0.75_60_2: OK
26.07.24/150_2.2_250_3: OK
26.07.24/150_2.2_350_3.5: OK
26.07.24/150_2.2_500_5: OK
26.07.25/100_1.5_250_3: OK
26.07.25/120_2_250_3: OK
26.07.25/150_2.2_250_3: OK
26.07.25/200_2.5_250_3: OK
26.07.27/100_1.5_250_3: OK
26.07.27/120_2_250_3: OK
26.07.27/150_2.2_250_3: OK
26.07.27/200_2.5_250_3: OK
26.07.27/250_3_250_3: OK
26.07.27/60_2_250_3: OK
26.07.27/80_2_250_3: OK
26.04.24/120_2.2_150_2.5: OK
26.04.24/120_2.2_200_2.8: OK
26.04.24/120_2_120_2: OK
26.04.24/150_2.2_250_3: OK
26.04.24/150_2.2_350_3.5: OK
26.04.24/150_2.2_500_4: OK
26.04.24/60_0.75_60_2: OK
26.04.24/60_1.5_60_1.5: OK
26.04.24/90_0.75_90_2: OK
26.06.02/120_2_120_2: OK
26.06.02/150_2.2_250_3: OK
26.06.02/150_2.2_500_5: OK
26.06.02/60_0.75_60_2: OK
26.06.02/60_1.5_60_1.5: OK
26.06.02/90_0.75_90_2: OK
26.04.21/P100_D0.75_P100_D2: OK
26.04.21/P200_D1.5_P200_D4: OK
26.04.21/P60_D0.75_P60_D2: OK
26.04.21/P70_D0.75_P70_D2: OK
26.04.21/P80_D0.75_P80_D2: OK
26.04.21/P90_D0.75_P90_D2: OK
26.03.24/P100_D3: OK
26.03.24/P40_D0.7: OK
26.03.24/P60_D1.5: OK

=== fs3 ModeA 세션 요약 ===
26.07.22: q1 1.42 q2 2.33 dq1 0.37 dq2 0.42 τ1 0.22 τ2 0.57
26.07.23: q1 1.52 q2 2.17 dq1 0.34 dq2 0.34 τ1 0.34 τ2 0.50
26.07.24: q1 2.55 q2 4.85 dq1 0.46 dq2 0.66 τ1 0.46 τ2 0.38
26.07.25: q1 1.33 q2 1.80 dq1 0.24 dq2 0.23 τ1 0.45 τ2 0.67
26.07.27: q1 1.33 q2 2.13 dq1 0.31 dq2 0.29 τ1 0.27 τ2 0.55
26.04.24: q1 1.32 q2 2.60 dq1 0.27 dq2 0.48 τ1 0.29 τ2 0.64
26.06.02: q1 1.04 q2 1.92 dq1 0.19 dq2 0.27 τ1 0.26 τ2 0.45
26.04.21: q1 1.25 q2 2.66 dq1 0.25 dq2 0.39 τ1 0.24 τ2 0.60
26.03.24: q1 1.37 q2 3.17 dq1 0.29 dq2 0.57 τ1 0.27 τ2 0.62
done
warm-start from previous mshoot best
warm-start from previous fourbar best
세션           |Δh| 중앙    h예 (sim/real)  슬립 sim(무슬립일 기준선 대비)
26.04.21         nan                —                  6.5
26.04.24        19.8        46.9/27.1                  5.9
26.06.02         nan                —                  5.3
26.07.22        16.1        53.9/33.9                  6.5
26.07.23        11.3        42.0/31.1                  4.6
26.07.24         5.0        34.4/29.4                  7.0
26.07.25         9.9        36.6/26.6                  5.7
26.07.27         9.9        42.6/31.4                  6.8
done → _D_secondary.json
warm-start from previous mshoot best
warm-start from previous fourbar best
26.07.22/120_2_120_2: OK
26.07.22/150_2.2_250_3: OK
26.07.22/150_3.3_500_5: OK
26.07.22/60_0.75_60_2: OK
26.07.22/60_1.5_60_1.5: OK
26.07.23/150_2.2_250_3: OK
26.07.23/150_2.2_500_5: OK
26.07.23/60_0.75_60_2: OK
26.07.24/150_2.2_250_3: OK
26.07.24/150_2.2_350_3.5: OK
26.07.24/150_2.2_500_5: OK
26.07.25/100_1.5_250_3: OK
26.07.25/120_2_250_3: OK
26.07.25/150_2.2_250_3: OK
26.07.25/200_2.5_250_3: OK
26.07.27/100_1.5_250_3: OK
26.07.27/120_2_250_3: OK
26.07.27/150_2.2_250_3: OK
26.07.27/200_2.5_250_3: OK
26.07.27/250_3_250_3: OK
26.07.27/60_2_250_3: OK
26.07.27/80_2_250_3: OK
26.04.24/120_2.2_150_2.5: OK
26.04.24/120_2.2_200_2.8: OK
26.04.24/120_2_120_2: OK
26.04.24/150_2.2_250_3: OK
26.04.24/150_2.2_350_3.5: OK
26.04.24/150_2.2_500_4: OK
26.04.24/60_0.75_60_2: OK
26.04.24/60_1.5_60_1.5: OK
26.04.24/90_0.75_90_2: OK
26.06.02/120_2_120_2: OK
26.06.02/150_2.2_250_3: OK
26.06.02/150_2.2_500_5: OK
26.06.02/60_0.75_60_2: OK
26.06.02/60_1.5_60_1.5: OK
26.06.02/90_0.75_90_2: OK
26.04.21/P100_D0.75_P100_D2: OK
26.04.21/P200_D1.5_P200_D4: OK
26.04.21/P60_D0.75_P60_D2: OK
26.04.21/P70_D0.75_P70_D2: OK
26.04.21/P80_D0.75_P80_D2: OK
26.04.21/P90_D0.75_P90_D2: OK
26.03.24/P100_D3: OK
26.03.24/P40_D0.7: OK
26.03.24/P60_D1.5: OK

=== U-보드 CL (세션 평균) ===
26.04.21: q1 1.54 q2 2.02 dq1 0.66 dq2 0.92 t1 1.46 t2 2.03
26.04.24: q1 1.40 q2 2.48 dq1 0.73 dq2 1.23 t1 1.72 t2 3.70
26.06.02: q1 0.95 q2 1.66 dq1 0.75 dq2 1.41 t1 1.30 t2 2.97
26.07.22: q1 1.23 q2 3.03 dq1 1.10 dq2 2.08 t1 2.10 t2 4.17
26.07.23: q1 2.27 q2 1.02 dq1 1.12 dq2 0.87 t1 2.39 t2 2.83
26.07.24: q1 1.44 q2 0.96 dq1 0.85 dq2 0.68 t1 2.36 t2 3.65
26.07.25: q1 1.24 q2 0.76 dq1 1.34 dq2 0.82 t1 2.61 t2 2.25
26.07.27: q1 0.95 q2 1.02 dq1 1.06 dq2 0.79 t1 1.68 t2 2.82
세션합: 11.03 12.96 7.60 8.80 15.62 24.42

=== U-보드 MA (세션 평균) ===
26.03.24: q1 2.88 q2 7.83 dq1 1.13 dq2 2.42 t1 0.68 t2 0.82
26.04.21: q1 2.92 q2 4.58 dq1 1.15 dq2 2.01 t1 0.40 t2 0.59
26.04.24: q1 4.67 q2 8.03 dq1 1.57 dq2 3.23 t1 0.68 t2 1.65
26.06.02: q1 1.94 q2 2.84 dq1 1.06 dq2 1.35 t1 0.69 t2 1.19
26.07.22: q1 3.67 q2 1.63 dq1 1.92 dq2 1.25 t1 0.29 t2 0.70
26.07.23: q1 4.31 q2 2.71 dq1 1.47 dq2 1.24 t1 0.69 t2 0.63
26.07.24: q1 3.04 q2 3.57 dq1 1.59 dq2 1.24 t1 1.27 t2 0.65
26.07.25: q1 3.58 q2 3.52 dq1 2.04 dq2 1.56 t1 0.52 t2 0.46
26.07.27: q1 1.51 q2 1.52 dq1 1.59 dq2 1.09 t1 0.67 t2 1.30
세션합: 28.52 36.22 13.52 15.39 5.89 8.00

=== MA 가드 (상대 max(+5%, +0.05)) ===
  ★위반 26.04.21 q1: 2.22→2.92
  ★위반 26.04.21 q2: 3.75→4.58
  ★위반 26.04.24 q1: 3.36→4.67
  ★위반 26.04.24 q2: 5.62→8.03
  ★위반 26.06.02 q1: 1.02→1.94
  ★위반 26.06.02 q2: 2.29→2.84
  ★위반 26.07.23 q1: 3.60→4.31
  ★위반 26.07.23 q2: 2.28→2.71
  ★위반 26.07.25 q1: 3.34→3.58
  ★위반 26.07.25 q2: 2.62→3.52
done
===== esc_sd1_w2a =====
warm-start from previous mshoot best
warm-start from previous fourbar best
26.07.22/120_2_120_2: OK
26.07.22/150_2.2_250_3: OK
26.07.22/150_3.3_500_5: OK
26.07.22/60_0.75_60_2: OK
26.07.22/60_1.5_60_1.5: OK
26.07.23/150_2.2_250_3: OK
26.07.23/150_2.2_500_5: OK
26.07.23/60_0.75_60_2: OK
26.07.24/150_2.2_250_3: OK
26.07.24/150_2.2_350_3.5: OK
26.07.24/150_2.2_500_5: OK
26.07.25/100_1.5_250_3: OK
26.07.25/120_2_250_3: OK
26.07.25/150_2.2_250_3: OK
26.07.25/200_2.5_250_3: OK
26.07.27/100_1.5_250_3: OK
26.07.27/120_2_250_3: OK
26.07.27/150_2.2_250_3: OK
26.07.27/200_2.5_250_3: OK
26.07.27/250_3_250_3: OK
26.07.27/60_2_250_3: OK
26.07.27/80_2_250_3: OK
26.04.24/120_2.2_150_2.5: OK
26.04.24/120_2.2_200_2.8: OK
26.04.24/120_2_120_2: OK
26.04.24/150_2.2_250_3: OK
26.04.24/150_2.2_350_3.5: OK
26.04.24/150_2.2_500_4: OK
26.04.24/60_0.75_60_2: OK
26.04.24/60_1.5_60_1.5: OK
26.04.24/90_0.75_90_2: OK
26.06.02/120_2_120_2: OK
26.06.02/150_2.2_250_3: OK
26.06.02/150_2.2_500_5: OK
26.06.02/60_0.75_60_2: OK
26.06.02/60_1.5_60_1.5: OK
26.06.02/90_0.75_90_2: OK
26.04.21/P100_D0.75_P100_D2: OK
26.04.21/P200_D1.5_P200_D4: OK
26.04.21/P60_D0.75_P60_D2: OK
26.04.21/P70_D0.75_P70_D2: OK
26.04.21/P80_D0.75_P80_D2: OK
26.04.21/P90_D0.75_P90_D2: OK

=== fs3 CL score 창 세션 요약 ===
26.07.22: q1 0.79 q2 0.70 dq1 0.23 dq2 0.40 τ1 1.00 τ2 0.93
26.07.23: q1 0.84 q2 0.46 dq1 0.28 dq2 0.22 τ1 0.98 τ2 0.83
26.07.24: q1 0.56 q2 0.28 dq1 0.20 dq2 0.17 τ1 1.03 τ2 1.12
26.07.25: q1 1.79 q2 0.26 dq1 0.27 dq2 0.15 τ1 2.55 τ2 0.90
26.07.27: q1 1.08 q2 0.22 dq1 0.25 dq2 0.18 τ1 1.45 τ2 0.68
26.04.24: q1 0.94 q2 0.78 dq1 0.15 dq2 0.34 τ1 1.27 τ2 1.22
26.06.02: q1 0.61 q2 0.56 dq1 0.16 dq2 0.33 τ1 0.80 τ2 0.80
26.04.21: q1 1.27 q2 1.20 dq1 0.17 dq2 0.28 τ1 1.39 τ2 1.09

=== fs3 CL push 창 세션 요약 ===
26.07.22: q1 0.99 q2 2.56 dq1 0.99 dq2 1.80 τ1 1.78 τ2 3.73
26.07.23: q1 2.41 q2 1.29 dq1 1.12 dq2 0.87 τ1 2.51 τ2 2.97
26.07.24: q1 1.34 q2 1.03 dq1 0.83 dq2 0.68 τ1 1.88 τ2 3.91
26.07.25: q1 1.87 q2 0.91 dq1 1.27 dq2 0.62 τ1 2.61 τ2 2.38
26.07.27: q1 1.73 q2 0.91 dq1 1.10 dq2 0.73 τ1 2.33 τ2 2.42
26.04.24: q1 1.53 q2 1.98 dq1 0.46 dq2 1.19 τ1 1.87 τ2 3.40
26.06.02: q1 0.88 q2 1.64 dq1 0.66 dq2 1.48 τ1 1.18 τ2 3.01
26.04.21: q1 1.96 q2 2.03 dq1 0.53 dq2 0.93 τ1 1.95 τ2 1.95
done
26.07.22/120_2_120_2: OK
26.07.22/150_2.2_250_3: OK
26.07.22/150_3.3_500_5: OK
26.07.22/60_0.75_60_2: OK
26.07.22/60_1.5_60_1.5: OK
26.07.23/150_2.2_250_3: OK
26.07.23/150_2.2_500_5: OK
26.07.23/60_0.75_60_2: OK
26.07.24/150_2.2_250_3: OK
26.07.24/150_2.2_350_3.5: OK
26.07.24/150_2.2_500_5: OK
26.07.25/100_1.5_250_3: OK
26.07.25/120_2_250_3: OK
26.07.25/150_2.2_250_3: OK
26.07.25/200_2.5_250_3: OK
26.07.27/100_1.5_250_3: OK
26.07.27/120_2_250_3: OK
26.07.27/150_2.2_250_3: OK
26.07.27/200_2.5_250_3: OK
26.07.27/250_3_250_3: OK
26.07.27/60_2_250_3: OK
26.07.27/80_2_250_3: OK
26.04.24/120_2.2_150_2.5: OK
26.04.24/120_2.2_200_2.8: OK
26.04.24/120_2_120_2: OK
26.04.24/150_2.2_250_3: OK
26.04.24/150_2.2_350_3.5: OK
26.04.24/150_2.2_500_4: OK
26.04.24/60_0.75_60_2: OK
26.04.24/60_1.5_60_1.5: OK
26.04.24/90_0.75_90_2: OK
26.06.02/120_2_120_2: OK
26.06.02/150_2.2_250_3: OK
26.06.02/150_2.2_500_5: OK
26.06.02/60_0.75_60_2: OK
26.06.02/60_1.5_60_1.5: OK
26.06.02/90_0.75_90_2: OK
26.04.21/P100_D0.75_P100_D2: OK
26.04.21/P200_D1.5_P200_D4: OK
26.04.21/P60_D0.75_P60_D2: OK
26.04.21/P70_D0.75_P70_D2: OK
26.04.21/P80_D0.75_P80_D2: OK
26.04.21/P90_D0.75_P90_D2: OK
26.03.24/P100_D3: OK
26.03.24/P40_D0.7: OK
26.03.24/P60_D1.5: OK

=== fs3 ModeA 세션 요약 ===
26.07.22: q1 1.42 q2 2.28 dq1 0.36 dq2 0.36 τ1 0.22 τ2 0.57
26.07.23: q1 1.53 q2 2.16 dq1 0.34 dq2 0.35 τ1 0.34 τ2 0.50
26.07.24: q1 2.58 q2 4.70 dq1 0.45 dq2 0.61 τ1 0.46 τ2 0.38
26.07.25: q1 1.34 q2 1.83 dq1 0.25 dq2 0.25 τ1 0.45 τ2 0.67
26.07.27: q1 1.33 q2 2.11 dq1 0.32 dq2 0.33 τ1 0.27 τ2 0.55
26.04.24: q1 1.36 q2 2.65 dq1 0.29 dq2 0.52 τ1 0.29 τ2 0.64
26.06.02: q1 1.06 q2 1.96 dq1 0.20 dq2 0.30 τ1 0.26 τ2 0.45
26.04.21: q1 1.28 q2 2.68 dq1 0.26 dq2 0.43 τ1 0.24 τ2 0.60
26.03.24: q1 1.41 q2 3.20 dq1 0.31 dq2 0.61 τ1 0.27 τ2 0.62
done
warm-start from previous mshoot best
warm-start from previous fourbar best
세션           |Δh| 중앙    h예 (sim/real)  슬립 sim(무슬립일 기준선 대비)
26.04.21         nan                —                  6.5
26.04.24        17.7        44.8/27.1                  5.9
26.06.02         nan                —                  5.3
26.07.22        14.8        51.8/33.9                  6.5
26.07.23        11.0        41.4/31.1                  4.6
26.07.24         4.7        34.1/29.4                  7.0
26.07.25         9.4        36.0/26.6                  5.7
26.07.27         9.3        41.9/31.4                  6.8
done → _D_secondary.json
warm-start from previous mshoot best
warm-start from previous fourbar best
26.07.22/120_2_120_2: OK
26.07.22/150_2.2_250_3: OK
26.07.22/150_3.3_500_5: OK
26.07.22/60_0.75_60_2: OK
26.07.22/60_1.5_60_1.5: OK
26.07.23/150_2.2_250_3: OK
26.07.23/150_2.2_500_5: OK
26.07.23/60_0.75_60_2: OK
26.07.24/150_2.2_250_3: OK
26.07.24/150_2.2_350_3.5: OK
26.07.24/150_2.2_500_5: OK
26.07.25/100_1.5_250_3: OK
26.07.25/120_2_250_3: OK
26.07.25/150_2.2_250_3: OK
26.07.25/200_2.5_250_3: OK
26.07.27/100_1.5_250_3: OK
26.07.27/120_2_250_3: OK
26.07.27/150_2.2_250_3: OK
26.07.27/200_2.5_250_3: OK
26.07.27/250_3_250_3: OK
26.07.27/60_2_250_3: OK
26.07.27/80_2_250_3: OK
26.04.24/120_2.2_150_2.5: OK
26.04.24/120_2.2_200_2.8: OK
26.04.24/120_2_120_2: OK
26.04.24/150_2.2_250_3: OK
26.04.24/150_2.2_350_3.5: OK
26.04.24/150_2.2_500_4: OK
26.04.24/60_0.75_60_2: OK
26.04.24/60_1.5_60_1.5: OK
26.04.24/90_0.75_90_2: OK
26.06.02/120_2_120_2: OK
26.06.02/150_2.2_250_3: OK
26.06.02/150_2.2_500_5: OK
26.06.02/60_0.75_60_2: OK
26.06.02/60_1.5_60_1.5: OK
26.06.02/90_0.75_90_2: OK
26.04.21/P100_D0.75_P100_D2: OK
26.04.21/P200_D1.5_P200_D4: OK
26.04.21/P60_D0.75_P60_D2: OK
26.04.21/P70_D0.75_P70_D2: OK
26.04.21/P80_D0.75_P80_D2: OK
26.04.21/P90_D0.75_P90_D2: OK
26.03.24/P100_D3: OK
26.03.24/P40_D0.7: OK
26.03.24/P60_D1.5: OK

=== U-보드 CL (세션 평균) ===
26.04.21: q1 1.69 q2 2.33 dq1 0.70 dq2 1.04 t1 1.62 t2 2.39
26.04.24: q1 1.58 q2 2.91 dq1 0.77 dq2 1.37 t1 1.89 t2 3.98
26.06.02: q1 1.09 q2 1.90 dq1 0.79 dq2 1.54 t1 1.41 t2 2.84
26.07.22: q1 1.27 q2 2.82 dq1 1.11 dq2 2.00 t1 2.09 t2 3.78
26.07.23: q1 2.31 q2 0.99 dq1 1.11 dq2 0.85 t1 2.42 t2 2.84
26.07.24: q1 1.44 q2 0.99 dq1 0.86 dq2 0.70 t1 2.36 t2 3.77
26.07.25: q1 1.31 q2 0.86 dq1 1.35 dq2 0.86 t1 2.69 t2 2.43
26.07.27: q1 1.00 q2 1.14 dq1 1.08 dq2 0.84 t1 1.72 t2 3.06
세션합: 11.70 13.94 7.79 9.20 16.20 25.11

=== U-보드 MA (세션 평균) ===
26.03.24: q1 2.93 q2 7.54 dq1 1.29 dq2 3.09 t1 0.68 t2 0.82
26.04.21: q1 3.28 q2 5.07 dq1 1.29 dq2 2.42 t1 0.40 t2 0.59
26.04.24: q1 5.04 q2 8.78 dq1 1.69 dq2 3.58 t1 0.68 t2 1.67
26.06.02: q1 2.38 q2 3.65 dq1 1.14 dq2 1.76 t1 0.69 t2 1.19
26.07.22: q1 3.84 q2 1.70 dq1 1.88 dq2 1.09 t1 0.29 t2 0.70
26.07.23: q1 4.49 q2 3.25 dq1 1.45 dq2 1.37 t1 0.69 t2 0.63
26.07.24: q1 3.10 q2 2.77 dq1 1.53 dq2 1.13 t1 1.28 t2 0.65
26.07.25: q1 3.82 q2 4.12 dq1 2.11 dq2 2.04 t1 0.52 t2 0.46
26.07.27: q1 1.57 q2 1.73 dq1 1.58 dq2 1.54 t1 0.67 t2 1.31
세션합: 30.45 38.61 13.95 18.02 5.90 8.03

=== MA 가드 (상대 max(+5%, +0.05)) ===
  ★위반 26.04.21 q1: 2.22→3.28
  ★위반 26.04.21 q2: 3.75→5.07
  ★위반 26.04.24 q1: 3.36→5.04
  ★위반 26.04.24 q2: 5.62→8.78
  ★위반 26.06.02 q1: 1.02→2.38
  ★위반 26.06.02 q2: 2.29→3.65
  ★위반 26.07.22 q1: 3.53→3.84
  ★위반 26.07.23 q1: 3.60→4.49
  ★위반 26.07.23 q2: 2.28→3.25
  ★위반 26.07.25 q1: 3.34→3.82
  ★위반 26.07.25 q2: 2.62→4.12
done
===== esc_sd1_w2b =====
warm-start from previous mshoot best
warm-start from previous fourbar best
26.07.22/120_2_120_2: OK
26.07.22/150_2.2_250_3: OK
26.07.22/150_3.3_500_5: OK
26.07.22/60_0.75_60_2: OK
26.07.22/60_1.5_60_1.5: OK
26.07.23/150_2.2_250_3: OK
26.07.23/150_2.2_500_5: OK
26.07.23/60_0.75_60_2: OK
26.07.24/150_2.2_250_3: OK
26.07.24/150_2.2_350_3.5: OK
26.07.24/150_2.2_500_5: OK
26.07.25/100_1.5_250_3: OK
26.07.25/120_2_250_3: OK
26.07.25/150_2.2_250_3: OK
26.07.25/200_2.5_250_3: OK
26.07.27/100_1.5_250_3: OK
26.07.27/120_2_250_3: OK
26.07.27/150_2.2_250_3: OK
26.07.27/200_2.5_250_3: OK
26.07.27/250_3_250_3: OK
26.07.27/60_2_250_3: OK
26.07.27/80_2_250_3: OK
26.04.24/120_2.2_150_2.5: OK
26.04.24/120_2.2_200_2.8: OK
26.04.24/120_2_120_2: OK
26.04.24/150_2.2_250_3: OK
26.04.24/150_2.2_350_3.5: OK
26.04.24/150_2.2_500_4: OK
26.04.24/60_0.75_60_2: OK
26.04.24/60_1.5_60_1.5: OK
26.04.24/90_0.75_90_2: OK
26.06.02/120_2_120_2: OK
26.06.02/150_2.2_250_3: OK
26.06.02/150_2.2_500_5: OK
26.06.02/60_0.75_60_2: OK
26.06.02/60_1.5_60_1.5: OK
26.06.02/90_0.75_90_2: OK
26.04.21/P100_D0.75_P100_D2: OK
26.04.21/P200_D1.5_P200_D4: OK
26.04.21/P60_D0.75_P60_D2: OK
26.04.21/P70_D0.75_P70_D2: OK
26.04.21/P80_D0.75_P80_D2: OK
26.04.21/P90_D0.75_P90_D2: OK

=== fs3 CL score 창 세션 요약 ===
26.07.22: q1 0.79 q2 0.66 dq1 0.23 dq2 0.39 τ1 1.00 τ2 0.86
26.07.23: q1 0.85 q2 0.46 dq1 0.28 dq2 0.22 τ1 0.99 τ2 0.84
26.07.24: q1 0.56 q2 0.28 dq1 0.20 dq2 0.18 τ1 1.03 τ2 1.12
26.07.25: q1 1.79 q2 0.28 dq1 0.27 dq2 0.15 τ1 2.55 τ2 0.94
26.07.27: q1 1.08 q2 0.24 dq1 0.25 dq2 0.19 τ1 1.45 τ2 0.74
26.04.24: q1 0.96 q2 0.85 dq1 0.16 dq2 0.38 τ1 1.29 τ2 1.27
26.06.02: q1 0.62 q2 0.58 dq1 0.17 dq2 0.36 τ1 0.81 τ2 0.78
26.04.21: q1 1.28 q2 1.22 dq1 0.18 dq2 0.31 τ1 1.40 τ2 1.14

=== fs3 CL push 창 세션 요약 ===
26.07.22: q1 1.00 q2 2.35 dq1 1.00 dq2 1.73 τ1 1.73 τ2 3.36
26.07.23: q1 2.46 q2 1.23 dq1 1.12 dq2 0.85 τ1 2.57 τ2 2.99
26.07.24: q1 1.32 q2 1.03 dq1 0.83 dq2 0.71 τ1 1.87 τ2 3.93
26.07.25: q1 1.85 q2 1.03 dq1 1.28 dq2 0.65 τ1 2.59 τ2 2.68
26.07.27: q1 1.72 q2 1.02 dq1 1.11 dq2 0.79 τ1 2.33 τ2 2.75
26.04.24: q1 1.66 q2 2.29 dq1 0.52 dq2 1.34 τ1 2.05 τ2 3.66
26.06.02: q1 0.99 q2 1.73 dq1 0.71 dq2 1.61 τ1 1.31 τ2 2.82
26.04.21: q1 2.05 q2 2.17 dq1 0.57 dq2 1.04 τ1 2.06 τ2 2.24
done
26.07.22/120_2_120_2: OK
26.07.22/150_2.2_250_3: OK
26.07.22/150_3.3_500_5: OK
26.07.22/60_0.75_60_2: OK
26.07.22/60_1.5_60_1.5: OK
26.07.23/150_2.2_250_3: OK
26.07.23/150_2.2_500_5: OK
26.07.23/60_0.75_60_2: OK
26.07.24/150_2.2_250_3: OK
26.07.24/150_2.2_350_3.5: OK
26.07.24/150_2.2_500_5: OK
26.07.25/100_1.5_250_3: OK
26.07.25/120_2_250_3: OK
26.07.25/150_2.2_250_3: OK
26.07.25/200_2.5_250_3: OK
26.07.27/100_1.5_250_3: OK
26.07.27/120_2_250_3: OK
26.07.27/150_2.2_250_3: OK
26.07.27/200_2.5_250_3: OK
26.07.27/250_3_250_3: OK
26.07.27/60_2_250_3: OK
26.07.27/80_2_250_3: OK
26.04.24/120_2.2_150_2.5: OK
26.04.24/120_2.2_200_2.8: OK
26.04.24/120_2_120_2: OK
26.04.24/150_2.2_250_3: OK
26.04.24/150_2.2_350_3.5: OK
26.04.24/150_2.2_500_4: OK
26.04.24/60_0.75_60_2: OK
26.04.24/60_1.5_60_1.5: OK
26.04.24/90_0.75_90_2: OK
26.06.02/120_2_120_2: OK
26.06.02/150_2.2_250_3: OK
26.06.02/150_2.2_500_5: OK
26.06.02/60_0.75_60_2: OK
26.06.02/60_1.5_60_1.5: OK
26.06.02/90_0.75_90_2: OK
26.04.21/P100_D0.75_P100_D2: OK
26.04.21/P200_D1.5_P200_D4: OK
26.04.21/P60_D0.75_P60_D2: OK
26.04.21/P70_D0.75_P70_D2: OK
26.04.21/P80_D0.75_P80_D2: OK
26.04.21/P90_D0.75_P90_D2: OK
26.03.24/P100_D3: OK
26.03.24/P40_D0.7: OK
26.03.24/P60_D1.5: OK

=== fs3 ModeA 세션 요약 ===
26.07.22: q1 1.42 q2 2.24 dq1 0.36 dq2 0.34 τ1 0.22 τ2 0.57
26.07.23: q1 1.56 q2 2.15 dq1 0.35 dq2 0.36 τ1 0.34 τ2 0.50
26.07.24: q1 2.58 q2 4.59 dq1 0.44 dq2 0.60 τ1 0.46 τ2 0.38
26.07.25: q1 1.35 q2 1.85 dq1 0.25 dq2 0.27 τ1 0.45 τ2 0.67
26.07.27: q1 1.33 q2 2.12 dq1 0.32 dq2 0.37 τ1 0.27 τ2 0.55
26.04.24: q1 1.39 q2 2.71 dq1 0.30 dq2 0.56 τ1 0.29 τ2 0.64
26.06.02: q1 1.07 q2 1.99 dq1 0.20 dq2 0.32 τ1 0.26 τ2 0.45
26.04.21: q1 1.30 q2 2.72 dq1 0.28 dq2 0.46 τ1 0.24 τ2 0.60
26.03.24: q1 1.44 q2 3.23 dq1 0.32 dq2 0.64 τ1 0.27 τ2 0.62
done
warm-start from previous mshoot best
warm-start from previous fourbar best
세션           |Δh| 중앙    h예 (sim/real)  슬립 sim(무슬립일 기준선 대비)
26.04.21         nan                —                  6.5
26.04.24        15.7        42.8/27.1                  5.9
26.06.02         nan                —                  5.3
26.07.22        13.4        49.8/33.9                  6.5
26.07.23        10.7        40.8/31.1                  4.6
26.07.24         4.3        33.7/29.4                  7.0
26.07.25         8.9        35.5/26.6                  5.7
26.07.27         8.6        41.2/31.4                  6.8
done → _D_secondary.json
warm-start from previous mshoot best
warm-start from previous fourbar best
26.07.22/120_2_120_2: OK
26.07.22/150_2.2_250_3: OK
26.07.22/150_3.3_500_5: OK
26.07.22/60_0.75_60_2: OK
26.07.22/60_1.5_60_1.5: OK
26.07.23/150_2.2_250_3: OK
26.07.23/150_2.2_500_5: OK
26.07.23/60_0.75_60_2: OK
26.07.24/150_2.2_250_3: OK
26.07.24/150_2.2_350_3.5: OK
26.07.24/150_2.2_500_5: OK
26.07.25/100_1.5_250_3: OK
26.07.25/120_2_250_3: OK
26.07.25/150_2.2_250_3: OK
26.07.25/200_2.5_250_3: OK
26.07.27/100_1.5_250_3: OK
26.07.27/120_2_250_3: OK
26.07.27/150_2.2_250_3: OK
26.07.27/200_2.5_250_3: OK
26.07.27/250_3_250_3: OK
26.07.27/60_2_250_3: OK
26.07.27/80_2_250_3: OK
26.04.24/120_2.2_150_2.5: OK
26.04.24/120_2.2_200_2.8: OK
26.04.24/120_2_120_2: OK
26.04.24/150_2.2_250_3: OK
26.04.24/150_2.2_350_3.5: OK
26.04.24/150_2.2_500_4: OK
26.04.24/60_0.75_60_2: OK
26.04.24/60_1.5_60_1.5: OK
26.04.24/90_0.75_90_2: OK
26.06.02/120_2_120_2: OK
26.06.02/150_2.2_250_3: OK
26.06.02/150_2.2_500_5: OK
26.06.02/60_0.75_60_2: OK
26.06.02/60_1.5_60_1.5: OK
26.06.02/90_0.75_90_2: OK
26.04.21/P100_D0.75_P100_D2: OK
26.04.21/P200_D1.5_P200_D4: OK
26.04.21/P60_D0.75_P60_D2: OK
26.04.21/P70_D0.75_P70_D2: OK
26.04.21/P80_D0.75_P80_D2: OK
26.04.21/P90_D0.75_P90_D2: OK
26.03.24/P100_D3: OK
26.03.24/P40_D0.7: OK
26.03.24/P60_D1.5: OK

=== U-보드 CL (세션 평균) ===
26.04.21: q1 1.84 q2 2.64 dq1 0.75 dq2 1.15 t1 1.78 t2 2.75
26.04.24: q1 1.76 q2 3.33 dq1 0.82 dq2 1.53 t1 2.07 t2 4.27
26.06.02: q1 1.23 q2 2.21 dq1 0.84 dq2 1.67 t1 1.55 t2 2.82
26.07.22: q1 1.33 q2 2.66 dq1 1.13 dq2 1.92 t1 2.10 t2 3.42
26.07.23: q1 2.37 q2 0.99 dq1 1.12 dq2 0.84 t1 2.47 t2 2.97
26.07.24: q1 1.43 q2 1.04 dq1 0.86 dq2 0.72 t1 2.35 t2 3.90
26.07.25: q1 1.37 q2 0.99 dq1 1.37 dq2 0.91 t1 2.78 t2 2.73
26.07.27: q1 1.05 q2 1.27 dq1 1.09 dq2 0.90 t1 1.77 t2 3.37
세션합: 12.39 15.12 7.98 9.63 16.87 26.23

=== U-보드 MA (세션 평균) ===
26.03.24: q1 3.07 q2 7.51 dq1 1.45 dq2 3.65 t1 0.68 t2 0.82
26.04.21: q1 3.61 q2 5.61 dq1 1.42 dq2 2.77 t1 0.40 t2 0.59
26.04.24: q1 5.38 q2 9.47 dq1 1.80 dq2 3.88 t1 0.69 t2 1.67
26.06.02: q1 2.77 q2 4.45 dq1 1.24 dq2 2.17 t1 0.69 t2 1.19
26.07.22: q1 4.01 q2 2.04 dq1 1.85 dq2 1.11 t1 0.29 t2 0.70
26.07.23: q1 4.84 q2 3.77 dq1 1.53 dq2 1.58 t1 0.69 t2 0.63
26.07.24: q1 3.15 q2 2.19 dq1 1.51 dq2 1.26 t1 1.28 t2 0.65
26.07.25: q1 4.04 q2 4.69 dq1 2.19 dq2 2.45 t1 0.52 t2 0.46
26.07.27: q1 1.71 q2 2.25 dq1 1.59 dq2 2.00 t1 0.67 t2 1.30
세션합: 32.59 41.98 14.59 20.88 5.90 8.03

=== MA 가드 (상대 max(+5%, +0.05)) ===
  ★위반 26.04.21 q1: 2.22→3.61
  ★위반 26.04.21 q2: 3.75→5.61
  ★위반 26.04.24 q1: 3.36→5.38
  ★위반 26.04.24 q2: 5.62→9.47
  ★위반 26.06.02 q1: 1.02→2.77
  ★위반 26.06.02 q2: 2.29→4.45
  ★위반 26.07.22 q1: 3.53→4.01
  ★위반 26.07.23 q1: 3.60→4.84
  ★위반 26.07.23 q2: 2.28→3.77
  ★위반 26.07.25 q1: 3.34→4.04
  ★위반 26.07.25 q2: 2.62→4.69
done
===== esc_sd2_w2b =====
warm-start from previous mshoot best
warm-start from previous fourbar best
26.07.22/120_2_120_2: OK
26.07.22/150_2.2_250_3: OK
26.07.22/150_3.3_500_5: OK
26.07.22/60_0.75_60_2: OK
26.07.22/60_1.5_60_1.5: OK
26.07.23/150_2.2_250_3: OK
26.07.23/150_2.2_500_5: OK
26.07.23/60_0.75_60_2: OK
26.07.24/150_2.2_250_3: OK
26.07.24/150_2.2_350_3.5: OK
26.07.24/150_2.2_500_5: OK
26.07.25/100_1.5_250_3: OK
26.07.25/120_2_250_3: OK
26.07.25/150_2.2_250_3: OK
26.07.25/200_2.5_250_3: OK
26.07.27/100_1.5_250_3: OK
26.07.27/120_2_250_3: OK
26.07.27/150_2.2_250_3: OK
26.07.27/200_2.5_250_3: OK
26.07.27/250_3_250_3: OK
26.07.27/60_2_250_3: OK
26.07.27/80_2_250_3: OK
26.04.24/120_2.2_150_2.5: OK
26.04.24/120_2.2_200_2.8: OK
26.04.24/120_2_120_2: OK
26.04.24/150_2.2_250_3: OK
26.04.24/150_2.2_350_3.5: OK
26.04.24/150_2.2_500_4: OK
26.04.24/60_0.75_60_2: OK
26.04.24/60_1.5_60_1.5: OK
26.04.24/90_0.75_90_2: OK
26.06.02/120_2_120_2: OK
26.06.02/150_2.2_250_3: OK
26.06.02/150_2.2_500_5: OK
26.06.02/60_0.75_60_2: OK
26.06.02/60_1.5_60_1.5: OK
26.06.02/90_0.75_90_2: OK
26.04.21/P100_D0.75_P100_D2: OK
26.04.21/P200_D1.5_P200_D4: OK
26.04.21/P60_D0.75_P60_D2: OK
26.04.21/P70_D0.75_P70_D2: OK
26.04.21/P80_D0.75_P80_D2: OK
26.04.21/P90_D0.75_P90_D2: OK

=== fs3 CL score 창 세션 요약 ===
26.07.22: q1 0.79 q2 0.68 dq1 0.23 dq2 0.39 τ1 1.00 τ2 0.91
26.07.23: q1 0.84 q2 0.46 dq1 0.28 dq2 0.23 τ1 0.99 τ2 0.82
26.07.24: q1 0.56 q2 0.28 dq1 0.20 dq2 0.18 τ1 1.03 τ2 1.10
26.07.25: q1 1.79 q2 0.27 dq1 0.27 dq2 0.14 τ1 2.55 τ2 0.91
26.07.27: q1 1.08 q2 0.22 dq1 0.25 dq2 0.18 τ1 1.45 τ2 0.70
26.04.24: q1 0.94 q2 0.77 dq1 0.15 dq2 0.36 τ1 1.28 τ2 1.21
26.06.02: q1 0.62 q2 0.55 dq1 0.17 dq2 0.36 τ1 0.80 τ2 0.79
26.04.21: q1 1.28 q2 1.20 dq1 0.18 dq2 0.29 τ1 1.40 τ2 1.10

=== fs3 CL push 창 세션 요약 ===
26.07.22: q1 0.99 q2 2.44 dq1 0.98 dq2 1.72 τ1 1.75 τ2 3.63
26.07.23: q1 2.44 q2 1.24 dq1 1.12 dq2 0.89 τ1 2.54 τ2 2.89
26.07.24: q1 1.32 q2 1.00 dq1 0.83 dq2 0.69 τ1 1.88 τ2 3.80
26.07.25: q1 1.85 q2 0.96 dq1 1.27 dq2 0.60 τ1 2.58 τ2 2.43
26.07.27: q1 1.71 q2 0.93 dq1 1.10 dq2 0.74 τ1 2.32 τ2 2.49
26.04.24: q1 1.56 q2 1.95 dq1 0.47 dq2 1.26 τ1 1.91 τ2 3.40
26.06.02: q1 0.90 q2 1.58 dq1 0.67 dq2 1.59 τ1 1.20 τ2 2.93
26.04.21: q1 2.01 q2 2.03 dq1 0.54 dq2 0.97 τ1 2.00 τ2 2.00
done
26.07.22/120_2_120_2: OK
26.07.22/150_2.2_250_3: OK
26.07.22/150_3.3_500_5: OK
26.07.22/60_0.75_60_2: OK
26.07.22/60_1.5_60_1.5: OK
26.07.23/150_2.2_250_3: OK
26.07.23/150_2.2_500_5: OK
26.07.23/60_0.75_60_2: OK
26.07.24/150_2.2_250_3: OK
26.07.24/150_2.2_350_3.5: OK
26.07.24/150_2.2_500_5: OK
26.07.25/100_1.5_250_3: OK
26.07.25/120_2_250_3: OK
26.07.25/150_2.2_250_3: OK
26.07.25/200_2.5_250_3: OK
26.07.27/100_1.5_250_3: OK
26.07.27/120_2_250_3: OK
26.07.27/150_2.2_250_3: OK
26.07.27/200_2.5_250_3: OK
26.07.27/250_3_250_3: OK
26.07.27/60_2_250_3: OK
26.07.27/80_2_250_3: OK
26.04.24/120_2.2_150_2.5: OK
26.04.24/120_2.2_200_2.8: OK
26.04.24/120_2_120_2: OK
26.04.24/150_2.2_250_3: OK
26.04.24/150_2.2_350_3.5: OK
26.04.24/150_2.2_500_4: OK
26.04.24/60_0.75_60_2: OK
26.04.24/60_1.5_60_1.5: OK
26.04.24/90_0.75_90_2: OK
26.06.02/120_2_120_2: OK
26.06.02/150_2.2_250_3: OK
26.06.02/150_2.2_500_5: OK
26.06.02/60_0.75_60_2: OK
26.06.02/60_1.5_60_1.5: OK
26.06.02/90_0.75_90_2: OK
26.04.21/P100_D0.75_P100_D2: OK
26.04.21/P200_D1.5_P200_D4: OK
26.04.21/P60_D0.75_P60_D2: OK
26.04.21/P70_D0.75_P70_D2: OK
26.04.21/P80_D0.75_P80_D2: OK
26.04.21/P90_D0.75_P90_D2: OK
26.03.24/P100_D3: OK
26.03.24/P40_D0.7: OK
26.03.24/P60_D1.5: OK

=== fs3 ModeA 세션 요약 ===
26.07.22: q1 1.42 q2 2.26 dq1 0.36 dq2 0.34 τ1 0.22 τ2 0.57
26.07.23: q1 1.52 q2 2.15 dq1 0.33 dq2 0.36 τ1 0.34 τ2 0.50
26.07.24: q1 2.57 q2 4.65 dq1 0.44 dq2 0.62 τ1 0.46 τ2 0.38
26.07.25: q1 1.34 q2 1.83 dq1 0.25 dq2 0.25 τ1 0.45 τ2 0.67
26.07.27: q1 1.33 q2 2.11 dq1 0.31 dq2 0.35 τ1 0.27 τ2 0.55
26.04.24: q1 1.31 q2 2.60 dq1 0.27 dq2 0.51 τ1 0.29 τ2 0.64
26.06.02: q1 1.04 q2 1.94 dq1 0.19 dq2 0.30 τ1 0.26 τ2 0.45
26.04.21: q1 1.25 q2 2.66 dq1 0.25 dq2 0.43 τ1 0.24 τ2 0.60
26.03.24: q1 1.34 q2 3.16 dq1 0.29 dq2 0.58 τ1 0.27 τ2 0.62
done
warm-start from previous mshoot best
warm-start from previous fourbar best
세션           |Δh| 중앙    h예 (sim/real)  슬립 sim(무슬립일 기준선 대비)
26.04.21         nan                —                  6.5
26.04.24        17.1        44.2/27.1                  5.9
26.06.02         nan                —                  5.3
26.07.22        13.6        52.2/33.9                  6.5
26.07.23        11.8        42.3/31.1                  4.6
26.07.24         6.0        35.4/29.4                  7.0
26.07.25         9.5        36.3/26.6                  5.7
26.07.27        10.8        43.3/31.4                  6.8
done → _D_secondary.json
warm-start from previous mshoot best
warm-start from previous fourbar best
26.07.22/120_2_120_2: OK
26.07.22/150_2.2_250_3: OK
26.07.22/150_3.3_500_5: OK
26.07.22/60_0.75_60_2: OK
26.07.22/60_1.5_60_1.5: OK
26.07.23/150_2.2_250_3: OK
26.07.23/150_2.2_500_5: OK
26.07.23/60_0.75_60_2: OK
26.07.24/150_2.2_250_3: OK
26.07.24/150_2.2_350_3.5: OK
26.07.24/150_2.2_500_5: OK
26.07.25/100_1.5_250_3: OK
26.07.25/120_2_250_3: OK
26.07.25/150_2.2_250_3: OK
26.07.25/200_2.5_250_3: OK
26.07.27/100_1.5_250_3: OK
26.07.27/120_2_250_3: OK
26.07.27/150_2.2_250_3: OK
26.07.27/200_2.5_250_3: OK
26.07.27/250_3_250_3: OK
26.07.27/60_2_250_3: OK
26.07.27/80_2_250_3: OK
26.04.24/120_2.2_150_2.5: OK
26.04.24/120_2.2_200_2.8: OK
26.04.24/120_2_120_2: OK
26.04.24/150_2.2_250_3: OK
26.04.24/150_2.2_350_3.5: OK
26.04.24/150_2.2_500_4: OK
26.04.24/60_0.75_60_2: OK
26.04.24/60_1.5_60_1.5: OK
26.04.24/90_0.75_90_2: OK
26.06.02/120_2_120_2: OK
26.06.02/150_2.2_250_3: OK
26.06.02/150_2.2_500_5: OK
26.06.02/60_0.75_60_2: OK
26.06.02/60_1.5_60_1.5: OK
26.06.02/90_0.75_90_2: OK
26.04.21/P100_D0.75_P100_D2: OK
26.04.21/P200_D1.5_P200_D4: OK
26.04.21/P60_D0.75_P60_D2: OK
26.04.21/P70_D0.75_P70_D2: OK
26.04.21/P80_D0.75_P80_D2: OK
26.04.21/P90_D0.75_P90_D2: OK
26.03.24/P100_D3: OK
26.03.24/P40_D0.7: OK
26.03.24/P60_D1.5: OK

=== U-보드 CL (세션 평균) ===
26.04.21: q1 1.55 q2 2.09 dq1 0.69 dq2 1.02 t1 1.49 t2 2.23
26.04.24: q1 1.43 q2 2.67 dq1 0.75 dq2 1.43 t1 1.70 t2 3.82
26.06.02: q1 0.98 q2 1.92 dq1 0.79 dq2 1.67 t1 1.29 t2 2.90
26.07.22: q1 1.28 q2 2.88 dq1 1.11 dq2 2.11 t1 2.16 t2 3.78
26.07.23: q1 2.35 q2 1.01 dq1 1.15 dq2 0.92 t1 2.49 t2 2.77
26.07.24: q1 1.44 q2 0.95 dq1 0.87 dq2 0.68 t1 2.30 t2 3.63
26.07.25: q1 1.31 q2 0.84 dq1 1.35 dq2 0.88 t1 2.69 t2 2.51
26.07.27: q1 0.97 q2 1.12 dq1 1.06 dq2 0.85 t1 1.69 t2 3.05
세션합: 11.31 13.47 7.77 9.57 15.82 24.70

=== U-보드 MA (세션 평균) ===
26.03.24: q1 2.99 q2 8.58 dq1 1.15 dq2 2.96 t1 0.68 t2 0.82
26.04.21: q1 2.89 q2 4.64 dq1 1.17 dq2 2.39 t1 0.40 t2 0.59
26.04.24: q1 4.52 q2 7.92 dq1 1.52 dq2 3.39 t1 0.69 t2 1.67
26.06.02: q1 2.10 q2 3.39 dq1 1.06 dq2 1.80 t1 0.69 t2 1.19
26.07.22: q1 3.87 q2 1.72 dq1 1.88 dq2 1.08 t1 0.29 t2 0.70
26.07.23: q1 4.16 q2 3.22 dq1 1.39 dq2 1.46 t1 0.69 t2 0.63
26.07.24: q1 2.83 q2 2.76 dq1 1.55 dq2 1.29 t1 1.28 t2 0.65
26.07.25: q1 3.87 q2 4.23 dq1 2.09 dq2 2.20 t1 0.52 t2 0.46
26.07.27: q1 1.55 q2 1.84 dq1 1.55 dq2 1.82 t1 0.67 t2 1.30
세션합: 28.79 38.30 13.36 18.39 5.89 8.02

=== MA 가드 (상대 max(+5%, +0.05)) ===
  ★위반 26.04.21 q1: 2.22→2.89
  ★위반 26.04.21 q2: 3.75→4.64
  ★위반 26.04.24 q1: 3.36→4.52
  ★위반 26.04.24 q2: 5.62→7.92
  ★위반 26.06.02 q1: 1.02→2.10
  ★위반 26.06.02 q2: 2.29→3.39
  ★위반 26.07.22 q1: 3.53→3.87
  ★위반 26.07.23 q1: 3.60→4.16
  ★위반 26.07.23 q2: 2.28→3.22
  ★위반 26.07.25 q1: 3.34→3.87
  ★위반 26.07.25 q2: 2.62→4.23
done
ALLDONE
