########## fs16 (3.201kg) ##########
warm-start from previous mshoot best
warm-start from previous fourbar best

세션           n   sim 최고[m]     실측[m]    Δ[cm]     배율
26.03.24     3       0.732     0.770     -3.8  0.950
26.04.21     6       0.825     0.855     -3.0  0.965
26.04.24     9       0.729     0.810     -8.1  0.900
26.06.02     5       0.954     0.940     +1.4  1.015
26.07.22     5       0.863     0.820     +4.3  1.052
26.07.23     3       0.806     0.810     -0.4  0.995
26.07.24     3       0.891     0.760    +13.1  1.173
26.07.25     4       0.732     0.755     -2.3  0.969
26.07.27     7       0.851     0.840     +1.1  1.013
평균                   0.820     0.818     +0.2  1.003

**|Δh| (trial별 절대오차 평균) = 4.31 cm**
########## 3.26kg (실측 질량) ##########
warm-start from previous mshoot best
warm-start from previous fourbar best

세션           n   sim 최고[m]     실측[m]    Δ[cm]     배율
26.03.24     3       0.730     0.770     -4.0  0.948
26.04.21     6       0.797     0.855     -5.8  0.932
26.04.24     9       0.705     0.810    -10.5  0.870
26.06.02     5       0.922     0.940     -1.8  0.981
26.07.22     5       0.839     0.820     +1.9  1.023
26.07.23     3       0.782     0.810     -2.8  0.965
26.07.24     3       0.869     0.760    +10.9  1.144
26.07.25     4       0.715     0.755     -4.0  0.947
26.07.27     7       0.828     0.840     -1.2  0.986
평균                   0.799     0.818     -1.9  0.977

**|Δh| (trial별 절대오차 평균) = 4.76 cm**
ALLDONE
