########## fs16 (3.201kg) ##########
warm-start from previous mshoot best
warm-start from previous fourbar best

세션           n    h직접[cm]  h_T[cm]     실측h  sim T[s]    실측T[s]     배율
26.04.24     9       28.2     27.7    27.1     0.475     0.470   1.04
26.07.22     5       43.3     42.0    33.9     0.585     0.526   1.28
26.07.23     3       36.6     35.8    31.1     0.540     0.504   1.18
26.07.24     3       45.0     44.0    29.4     0.599     0.490   1.53
26.07.25     4       29.8     28.6    26.2     0.483     0.462   1.14
26.07.27     7       39.8     38.6    33.4     0.561     0.522   1.19
평균                   37.1     36.1    30.2                       1.23

|Δh| (직접) 평균 6.92cm
########## 3.26kg (실측) ##########
warm-start from previous mshoot best
warm-start from previous fourbar best

세션           n    h직접[cm]  h_T[cm]     실측h  sim T[s]    실측T[s]     배율
26.04.24     9       26.6     26.2    27.1     0.462     0.470   0.98
26.07.22     5       41.2     40.0    33.9     0.571     0.526   1.22
26.07.23     3       35.0     34.1    31.1     0.527     0.504   1.13
26.07.24     3       43.4     42.4    29.4     0.588     0.490   1.47
26.07.25     4       28.5     27.4    26.2     0.473     0.462   1.09
26.07.27     7       38.2     37.1    33.4     0.550     0.522   1.14
평균                   35.5     34.5    30.2                       1.18

|Δh| (직접) 평균 5.45cm
ALLDONE
