########## fs16 (질량 3.201) ##########
warm-start from previous mshoot best
warm-start from previous fourbar best

세션           n  ModeA h[cm]    실측 h[cm]        Δ      비율
26.04.24     9         34.8        27.1     +7.7    1.28
26.07.22     5         53.4        33.9    +19.5    1.57
26.07.23     3         44.0        31.1    +12.9    1.42
26.07.24     3         55.1        29.4    +25.7    1.88
26.07.25     4         36.8        26.2    +10.6    1.41
26.07.27     7         49.0        33.4    +15.6    1.47
평균                     45.5        30.2    +15.4    1.51   |Δh| 평균 15.35cm
########## 질량 3.26 (실측) ##########
warm-start from previous mshoot best
warm-start from previous fourbar best

세션           n  ModeA h[cm]    실측 h[cm]        Δ      비율
26.04.24     9         32.8        27.1     +5.7    1.21
26.07.22     5         50.8        33.9    +16.9    1.50
26.07.23     3         41.6        31.1    +10.5    1.34
26.07.24     3         52.3        29.4    +22.9    1.78
26.07.25     4         35.1        26.2     +8.9    1.34
26.07.27     7         46.6        33.4    +13.2    1.40
평균                     43.2        30.2    +13.0    1.43   |Δh| 평균 13.00cm
########## 질량 3.26 + 속도게이트 ##########
warm-start from previous mshoot best
warm-start from previous fourbar best

세션           n  ModeA h[cm]    실측 h[cm]        Δ      비율
26.04.24     9         32.4        27.1     +5.3    1.20
26.07.22     5         49.7        33.9    +15.8    1.47
26.07.23     3         40.7        31.1     +9.6    1.31
26.07.24     3         50.6        29.4    +21.2    1.72
26.07.25     4         34.7        26.2     +8.5    1.32
26.07.27     7         45.3        33.4    +11.9    1.36
평균                     42.2        30.2    +12.1    1.40   |Δh| 평균 12.05cm
ALLDONE
