===== rise_cap 10 =====
세션합: 26.68 38.51 13.64 14.62 5.88 7.99

=== MA 가드 (상대 max(+5%, +0.05)) ===
  ★위반 26.06.02 q1: 1.02→1.09
  ★위반 26.07.25 q2: 2.62→2.89
done
===== rise_cap 12 =====
26.07.27: q1 1.60 q2 1.95 dq1 1.72 dq2 1.17 t1 0.67 t2 1.30
세션합: 26.70 38.98 13.79 15.22 5.88 7.99

=== MA 가드 (상대 max(+5%, +0.05)) ===
  ★위반 26.07.25 q2: 2.62→2.83
done
===== rise_cap 16 =====
26.07.27: q1 1.63 q2 2.11 dq1 1.75 dq2 1.32 t1 0.67 t2 1.30
세션합: 26.76 39.77 14.01 16.32 5.88 7.99

=== MA 가드 (상대 max(+5%, +0.05)) ===
  전 세션 통과
done
===== rise_cap 20 =====
26.07.27: q1 1.65 q2 2.23 dq1 1.77 dq2 1.44 t1 0.67 t2 1.30
세션합: 26.82 40.33 14.18 17.18 5.88 7.99

=== MA 가드 (상대 max(+5%, +0.05)) ===
  전 세션 통과
done
ALLDONE
