===== rise_cap 3 =====
26.07.25: q1 3.59 q2 3.45 dq1 2.02 dq2 1.35 t1 0.52 t2 0.46
26.07.27: q1 1.51 q2 1.51 dq1 1.62 dq2 0.97 t1 0.67 t2 1.30
세션합: 26.98 37.00 13.13 13.41 5.88 7.99

=== MA 가드 (상대 max(+5%, +0.05)) ===
  ★위반 26.04.21 q1: 2.22→2.36
  ★위반 26.04.24 q1: 3.36→3.80
  ★위반 26.04.24 q2: 5.62→6.38
  ★위반 26.06.02 q1: 1.02→1.40
  ★위반 26.07.23 q1: 3.60→3.82
  ★위반 26.07.23 q2: 2.28→2.50
  ★위반 26.07.25 q1: 3.34→3.59
  ★위반 26.07.25 q2: 2.62→3.45
done
===== rise_cap 5 =====
26.07.22: q1 3.61 q2 1.87 dq1 2.00 dq2 1.63 t1 0.29 t2 0.70
26.07.23: q1 3.74 q2 2.37 dq1 1.50 dq2 1.31 t1 0.69 t2 0.63
26.07.24: q1 3.03 q2 4.41 dq1 1.73 dq2 1.63 t1 1.27 t2 0.65
26.07.25: q1 3.51 q2 3.21 dq1 2.00 dq2 1.13 t1 0.52 t2 0.46
26.07.27: q1 1.53 q2 1.59 dq1 1.64 dq2 0.94 t1 0.67 t2 1.30
세션합: 26.79 37.27 13.27 13.38 5.88 7.99

=== MA 가드 (상대 max(+5%, +0.05)) ===
  ★위반 26.04.24 q1: 3.36→3.64
  ★위반 26.04.24 q2: 5.62→6.07
  ★위반 26.06.02 q1: 1.02→1.25
  ★위반 26.07.25 q1: 3.34→3.51
  ★위반 26.07.25 q2: 2.62→3.21
done
===== rise_cap 8 =====
26.04.21: q1 2.24 q2 3.71 dq1 0.82 dq2 1.21 t1 0.40 t2 0.59
26.04.24: q1 3.53 q2 5.84 dq1 1.25 dq2 2.28 t1 0.68 t2 1.65
26.06.02: q1 1.13 q2 1.91 dq1 1.01 dq2 1.36 t1 0.69 t2 1.19
26.07.22: q1 3.57 q2 2.05 dq1 2.04 dq2 1.85 t1 0.29 t2 0.70
26.07.23: q1 3.69 q2 2.27 dq1 1.53 dq2 1.38 t1 0.69 t2 0.63
26.07.24: q1 3.10 q2 4.83 dq1 1.81 dq2 1.90 t1 1.27 t2 0.65
26.07.25: q1 3.44 q2 2.98 dq1 1.97 dq2 0.94 t1 0.52 t2 0.46
26.07.27: q1 1.56 q2 1.74 dq1 1.68 dq2 1.01 t1 0.67 t2 1.30
세션합: 26.70 38.01 13.51 14.03 5.88 7.99

=== MA 가드 (상대 max(+5%, +0.05)) ===
  ★위반 26.06.02 q1: 1.02→1.13
  ★위반 26.07.25 q2: 2.62→2.98
done
ALLDONE
