warm-start from previous mshoot best
warm-start from previous fourbar best
26.07.22/120_2_120_2: OK
26.07.22/150_2.2_250_3: OK
26.07.22/150_3.3_500_5: OK
26.07.22/60_0.75_60_2: OK
26.07.22/60_1.5_60_1.5: OK
26.07.23/150_2.2_250_3: OK
26.07.23/150_2.2_500_5: OK
26.07.23/60_0.75_60_2: OK
26.07.24/150_2.2_250_3: OK
26.07.24/150_2.2_350_3.5: OK
26.07.24/150_2.2_500_5: OK
26.07.25/100_1.5_250_3: OK
26.07.25/120_2_250_3: OK
26.07.25/150_2.2_250_3: OK
26.07.25/200_2.5_250_3: OK
26.07.27/100_1.5_250_3: OK
26.07.27/120_2_250_3: OK
26.07.27/150_2.2_250_3: OK
26.07.27/200_2.5_250_3: OK
26.07.27/250_3_250_3: OK
26.07.27/60_2_250_3: OK
26.07.27/80_2_250_3: OK
26.04.24/120_2.2_150_2.5: OK
26.04.24/120_2.2_200_2.8: OK
26.04.24/120_2_120_2: OK
26.04.24/150_2.2_250_3: OK
26.04.24/150_2.2_350_3.5: OK
26.04.24/150_2.2_500_4: OK
26.04.24/60_0.75_60_2: OK
26.04.24/60_1.5_60_1.5: OK
26.04.24/90_0.75_90_2: OK
26.06.02/120_2_120_2: OK
26.06.02/150_2.2_250_3: OK
26.06.02/150_2.2_500_5: OK
26.06.02/60_0.75_60_2: OK
26.06.02/60_1.5_60_1.5: OK
26.06.02/90_0.75_90_2: OK
26.04.21/P100_D0.75_P100_D2: OK
26.04.21/P200_D1.5_P200_D4: OK
26.04.21/P60_D0.75_P60_D2: OK
26.04.21/P70_D0.75_P70_D2: OK
26.04.21/P80_D0.75_P80_D2: OK
26.04.21/P90_D0.75_P90_D2: OK
26.03.24/P100_D3: OK
26.03.24/P40_D0.7: OK
26.03.24/P60_D1.5: OK

=== U-보드 CL (세션 평균) ===
26.04.21: q1 1.08 q2 1.05 dq1 0.53 dq2 0.57 t1 1.03 t2 1.32
26.04.24: q1 0.90 q2 1.11 dq1 0.64 dq2 0.93 t1 1.38 t2 3.18
26.06.02: q1 0.69 q2 1.53 dq1 0.68 dq2 1.03 t1 1.32 t2 3.49
26.07.22: q1 1.20 q2 3.64 dq1 1.09 dq2 2.13 t1 2.30 t2 5.26
26.07.23: q1 2.19 q2 1.33 dq1 1.18 dq2 0.93 t1 2.37 t2 3.18
26.07.24: q1 1.46 q2 0.91 dq1 0.87 dq2 0.60 t1 2.35 t2 3.57
26.07.25: q1 1.15 q2 0.59 dq1 1.32 dq2 0.67 t1 2.49 t2 2.27
26.07.27: q1 0.87 q2 0.78 dq1 1.05 dq2 0.63 t1 1.66 t2 2.58
세션합: 9.54 10.94 7.35 7.49 14.90 24.84

=== U-보드 MA (세션 평균) ===
26.03.24: q1 5.02 q2 14.91 dq1 1.94 dq2 4.55 t1 0.68 t2 0.82
26.04.21: q1 2.22 q2 3.75 dq1 0.81 dq2 1.54 t1 0.40 t2 0.59
26.04.24: q1 3.36 q2 5.62 dq1 1.28 dq2 2.35 t1 0.68 t2 1.65
26.06.02: q1 1.02 q2 2.29 dq1 1.21 dq2 2.23 t1 0.69 t2 1.19
26.07.22: q1 3.53 q2 2.53 dq1 2.14 dq2 2.52 t1 0.29 t2 0.70
26.07.23: q1 3.60 q2 2.28 dq1 1.63 dq2 1.85 t1 0.69 t2 0.63
26.07.24: q1 3.28 q2 5.85 dq1 2.04 dq2 2.99 t1 1.27 t2 0.65
26.07.25: q1 3.34 q2 2.62 dq1 1.94 dq2 0.81 t1 0.52 t2 0.46
26.07.27: q1 1.71 q2 2.58 dq1 1.84 dq2 1.85 t1 0.67 t2 1.30
세션합: 27.07 42.45 14.82 20.70 5.88 7.98
done
ALLDONE
