warm-start from previous mshoot best
warm-start from previous fourbar best
26.07.22/120_2_120_2: OK
26.07.22/150_2.2_250_3: OK
26.07.22/150_3.3_500_5: OK
26.07.22/60_0.75_60_2: OK
26.07.22/60_1.5_60_1.5: OK
26.07.23/150_2.2_250_3: OK
26.07.23/150_2.2_500_5: OK
26.07.23/60_0.75_60_2: OK
26.07.24/150_2.2_250_3: OK
26.07.24/150_2.2_350_3.5: OK
26.07.24/150_2.2_500_5: OK
26.07.25/100_1.5_250_3: OK
26.07.25/120_2_250_3: OK
26.07.25/150_2.2_250_3: OK
26.07.25/200_2.5_250_3: OK
26.07.27/100_1.5_250_3: OK
26.07.27/120_2_250_3: OK
26.07.27/150_2.2_250_3: OK
26.07.27/200_2.5_250_3: OK
26.07.27/250_3_250_3: OK
26.07.27/60_2_250_3: OK
26.07.27/80_2_250_3: OK
26.04.24/120_2.2_150_2.5: OK
26.04.24/120_2.2_200_2.8: OK
26.04.24/120_2_120_2: OK
26.04.24/150_2.2_250_3: OK
26.04.24/150_2.2_350_3.5: OK
26.04.24/150_2.2_500_4: OK
26.04.24/60_0.75_60_2: OK
26.04.24/60_1.5_60_1.5: OK
26.04.24/90_0.75_90_2: OK
26.06.02/120_2_120_2: OK
26.06.02/150_2.2_250_3: OK
26.06.02/150_2.2_500_5: OK
26.06.02/60_0.75_60_2: OK
26.06.02/60_1.5_60_1.5: OK
26.06.02/90_0.75_90_2: OK
26.04.21/P100_D0.75_P100_D2: OK
26.04.21/P200_D1.5_P200_D4: OK
26.04.21/P60_D0.75_P60_D2: OK
26.04.21/P70_D0.75_P70_D2: OK
26.04.21/P80_D0.75_P80_D2: OK
26.04.21/P90_D0.75_P90_D2: OK

=== fs3 CL score 창 세션 요약 ===
26.07.22: q1 0.73 q2 0.96 dq1 0.26 dq2 0.40 τ1 0.93 τ2 0.84
26.07.23: q1 1.10 q2 0.72 dq1 0.33 dq2 0.40 τ1 0.80 τ2 0.79
26.07.24: q1 0.57 q2 0.72 dq1 0.23 dq2 0.18 τ1 0.87 τ2 1.09
26.07.25: q1 1.24 q2 0.97 dq1 0.24 dq2 0.34 τ1 1.77 τ2 0.85
26.07.27: q1 0.78 q2 0.79 dq1 0.22 dq2 0.27 τ1 1.08 τ2 0.61
26.04.24: q1 1.07 q2 0.79 dq1 0.16 dq2 0.46 τ1 0.75 τ2 1.12
26.06.02: q1 0.75 q2 0.84 dq1 0.21 dq2 0.43 τ1 0.58 τ2 1.02
26.04.21: q1 1.65 q2 2.59 dq1 0.26 dq2 0.74 τ1 1.16 τ2 1.13

=== fs3 CL push 창 세션 요약 ===
26.07.22: q1 1.24 q2 3.13 dq1 1.14 dq2 1.79 τ1 2.10 τ2 3.11
26.07.23: q1 3.17 q2 2.01 dq1 1.36 dq2 1.62 τ1 2.55 τ2 2.44
26.07.24: q1 1.64 q2 1.84 dq1 0.94 dq2 0.73 τ1 2.08 τ2 2.93
26.07.25: q1 1.76 q2 2.30 dq1 1.14 dq2 1.60 τ1 2.48 τ2 3.08
26.07.27: q1 1.61 q2 1.81 dq1 0.93 dq2 1.19 τ1 2.30 τ2 1.65
26.04.24: q1 1.45 q2 2.04 dq1 0.50 dq2 1.62 τ1 1.88 τ2 2.97
26.06.02: q1 0.95 q2 2.14 dq1 0.88 dq2 1.93 τ1 1.60 τ2 3.31
26.04.21: q1 2.61 q2 8.52 dq1 0.84 dq2 2.54 τ1 1.75 τ2 2.69
done
