warm-start from previous mshoot best
warm-start from previous fourbar best
26.07.22/120_2_120_2: OK
26.07.22/150_2.2_250_3: OK
26.07.22/150_3.3_500_5: OK
26.07.22/60_0.75_60_2: OK
26.07.22/60_1.5_60_1.5: OK
26.07.23/150_2.2_250_3: OK
26.07.23/150_2.2_500_5: OK
26.07.23/60_0.75_60_2: OK
26.07.24/150_2.2_250_3: OK
26.07.24/150_2.2_350_3.5: OK
26.07.24/150_2.2_500_5: OK
26.07.25/100_1.5_250_3: OK
26.07.25/120_2_250_3: OK
26.07.25/150_2.2_250_3: OK
26.07.25/200_2.5_250_3: OK
26.07.27/100_1.5_250_3: OK
26.07.27/120_2_250_3: OK
26.07.27/150_2.2_250_3: OK
26.07.27/200_2.5_250_3: OK
26.07.27/250_3_250_3: OK
26.07.27/60_2_250_3: OK
26.07.27/80_2_250_3: OK
26.04.24/120_2.2_150_2.5: OK
26.04.24/120_2.2_200_2.8: OK
26.04.24/120_2_120_2: OK
26.04.24/150_2.2_250_3: OK
26.04.24/150_2.2_350_3.5: OK
26.04.24/150_2.2_500_4: OK
26.04.24/60_0.75_60_2: OK
26.04.24/60_1.5_60_1.5: OK
26.04.24/90_0.75_90_2: OK
26.06.02/120_2_120_2: OK
26.06.02/150_2.2_250_3: OK
26.06.02/150_2.2_500_5: OK
26.06.02/60_0.75_60_2: OK
26.06.02/60_1.5_60_1.5: OK
26.06.02/90_0.75_90_2: OK
26.04.21/P100_D0.75_P100_D2: OK
26.04.21/P200_D1.5_P200_D4: OK
26.04.21/P60_D0.75_P60_D2: OK
26.04.21/P70_D0.75_P70_D2: OK
26.04.21/P80_D0.75_P80_D2: OK
26.04.21/P90_D0.75_P90_D2: OK

=== fs3 CL score 창 세션 요약 ===
26.07.22: q1 0.73 q2 0.95 dq1 0.26 dq2 0.38 τ1 0.93 τ2 0.83
26.07.23: q1 1.06 q2 0.72 dq1 0.33 dq2 0.38 τ1 0.82 τ2 0.80
26.07.24: q1 0.55 q2 0.72 dq1 0.22 dq2 0.18 τ1 0.91 τ2 1.13
26.07.25: q1 1.24 q2 0.95 dq1 0.25 dq2 0.30 τ1 1.76 τ2 0.82
26.07.27: q1 0.78 q2 0.78 dq1 0.21 dq2 0.25 τ1 1.06 τ2 0.61
26.04.24: q1 1.06 q2 0.77 dq1 0.14 dq2 0.45 τ1 0.77 τ2 1.11
26.06.02: q1 0.75 q2 0.82 dq1 0.19 dq2 0.43 τ1 0.60 τ2 1.02
26.04.21: q1 1.68 q2 2.62 dq1 0.25 dq2 0.72 τ1 1.16 τ2 1.12

=== fs3 CL push 창 세션 요약 ===
26.07.22: q1 1.20 q2 3.05 dq1 1.11 dq2 1.69 τ1 2.10 τ2 3.11
26.07.23: q1 2.89 q2 1.98 dq1 1.33 dq2 1.55 τ1 2.66 τ2 2.48
26.07.24: q1 1.57 q2 1.86 dq1 0.89 dq2 0.71 τ1 2.39 τ2 3.20
26.07.25: q1 1.66 q2 2.06 dq1 1.15 dq2 1.43 τ1 2.20 τ2 2.87
26.07.27: q1 1.61 q2 1.72 dq1 0.91 dq2 1.07 τ1 2.11 τ2 1.66
26.04.24: q1 1.34 q2 1.94 dq1 0.42 dq2 1.57 τ1 2.00 τ2 2.96
26.06.02: q1 0.82 q2 1.99 dq1 0.81 dq2 1.90 τ1 1.73 τ2 3.29
26.04.21: q1 2.79 q2 8.66 dq1 0.83 dq2 2.49 τ1 1.69 τ2 2.64
done
