warm-start from previous mshoot best
warm-start from previous fourbar best
26.07.22/120_2_120_2: OK
26.07.22/150_2.2_250_3: OK
26.07.22/150_3.3_500_5: OK
26.07.22/60_0.75_60_2: OK
26.07.22/60_1.5_60_1.5: OK
26.07.23/150_2.2_250_3: OK
26.07.23/150_2.2_500_5: OK
26.07.23/60_0.75_60_2: OK
26.07.24/150_2.2_250_3: OK
26.07.24/150_2.2_350_3.5: OK
26.07.24/150_2.2_500_5: OK
26.07.25/100_1.5_250_3: OK
26.07.25/120_2_250_3: OK
26.07.25/150_2.2_250_3: OK
26.07.25/200_2.5_250_3: OK
26.07.27/100_1.5_250_3: OK
26.07.27/120_2_250_3: OK
26.07.27/150_2.2_250_3: OK
26.07.27/200_2.5_250_3: OK
26.07.27/250_3_250_3: OK
26.07.27/60_2_250_3: OK
26.07.27/80_2_250_3: OK
26.04.24/120_2.2_150_2.5: OK
26.04.24/120_2.2_200_2.8: OK
26.04.24/120_2_120_2: OK
26.04.24/150_2.2_250_3: OK
26.04.24/150_2.2_350_3.5: OK
26.04.24/150_2.2_500_4: OK
26.04.24/60_0.75_60_2: OK
26.04.24/60_1.5_60_1.5: OK
26.04.24/90_0.75_90_2: OK
26.06.02/120_2_120_2: OK
26.06.02/150_2.2_250_3: OK
26.06.02/150_2.2_500_5: OK
26.06.02/60_0.75_60_2: OK
26.06.02/60_1.5_60_1.5: OK
26.06.02/90_0.75_90_2: OK
26.04.21/P100_D0.75_P100_D2: OK
26.04.21/P200_D1.5_P200_D4: OK
26.04.21/P60_D0.75_P60_D2: OK
26.04.21/P70_D0.75_P70_D2: OK
26.04.21/P80_D0.75_P80_D2: OK
26.04.21/P90_D0.75_P90_D2: OK

=== fs3 CL score 창 세션 요약 ===
26.07.22: q1 0.75 q2 0.93 dq1 0.27 dq2 0.38 τ1 0.93 τ2 0.82
26.07.23: q1 1.17 q2 0.66 dq1 0.36 dq2 0.37 τ1 0.82 τ2 0.76
26.07.24: q1 0.55 q2 0.71 dq1 0.22 dq2 0.18 τ1 0.92 τ2 1.10
26.07.25: q1 1.24 q2 0.95 dq1 0.25 dq2 0.31 τ1 1.76 τ2 0.84
26.07.27: q1 0.78 q2 0.78 dq1 0.21 dq2 0.25 τ1 1.06 τ2 0.61
26.04.24: q1 1.08 q2 0.80 dq1 0.15 dq2 0.45 τ1 0.76 τ2 1.13
26.06.02: q1 0.76 q2 0.84 dq1 0.20 dq2 0.42 τ1 0.59 τ2 1.03
26.04.21: q1 1.65 q2 2.55 dq1 0.21 dq2 0.71 τ1 1.15 τ2 1.12

=== fs3 CL push 창 세션 요약 ===
26.07.22: q1 1.38 q2 2.94 dq1 1.17 dq2 1.67 τ1 2.10 τ2 3.03
26.07.23: q1 3.54 q2 1.66 dq1 1.50 dq2 1.49 τ1 2.68 τ2 2.30
26.07.24: q1 1.55 q2 1.77 dq1 0.90 dq2 0.70 τ1 2.48 τ2 3.01
26.07.25: q1 1.61 q2 2.10 dq1 1.16 dq2 1.45 τ1 2.18 τ2 2.97
26.07.27: q1 1.55 q2 1.73 dq1 0.92 dq2 1.09 τ1 2.11 τ2 1.71
26.04.24: q1 1.56 q2 2.09 dq1 0.45 dq2 1.55 τ1 1.90 τ2 3.04
26.06.02: q1 1.04 q2 2.14 dq1 0.86 dq2 1.87 τ1 1.64 τ2 3.37
26.04.21: q1 2.55 q2 8.37 dq1 0.66 dq2 2.43 τ1 1.65 τ2 2.63
done
