warm-start from previous mshoot best
warm-start from previous fourbar best
26.07.22/120_2_120_2: OK
26.07.22/150_2.2_250_3: OK
26.07.22/150_3.3_500_5: OK
26.07.22/60_0.75_60_2: OK
26.07.22/60_1.5_60_1.5: OK
26.07.23/150_2.2_250_3: OK
26.07.23/150_2.2_500_5: OK
26.07.23/60_0.75_60_2: OK
26.07.24/150_2.2_250_3: OK
26.07.24/150_2.2_350_3.5: OK
26.07.24/150_2.2_500_5: OK
26.07.25/100_1.5_250_3: OK
26.07.25/120_2_250_3: OK
26.07.25/150_2.2_250_3: OK
26.07.25/200_2.5_250_3: OK
26.07.27/100_1.5_250_3: OK
26.07.27/120_2_250_3: OK
26.07.27/150_2.2_250_3: OK
26.07.27/200_2.5_250_3: OK
26.07.27/250_3_250_3: OK
26.07.27/60_2_250_3: OK
26.07.27/80_2_250_3: OK
26.04.24/120_2.2_150_2.5: OK
26.04.24/120_2.2_200_2.8: OK
26.04.24/120_2_120_2: OK
26.04.24/150_2.2_250_3: OK
26.04.24/150_2.2_350_3.5: OK
26.04.24/150_2.2_500_4: OK
26.04.24/60_0.75_60_2: OK
26.04.24/60_1.5_60_1.5: OK
26.04.24/90_0.75_90_2: OK
26.06.02/120_2_120_2: OK
26.06.02/150_2.2_250_3: OK
26.06.02/150_2.2_500_5: OK
26.06.02/60_0.75_60_2: OK
26.06.02/60_1.5_60_1.5: OK
26.06.02/90_0.75_90_2: OK
26.04.21/P100_D0.75_P100_D2: OK
26.04.21/P200_D1.5_P200_D4: OK
26.04.21/P60_D0.75_P60_D2: OK
26.04.21/P70_D0.75_P70_D2: OK
26.04.21/P80_D0.75_P80_D2: OK
26.04.21/P90_D0.75_P90_D2: OK
26.03.24/P100_D3: OK
26.03.24/P40_D0.7: OK
26.03.24/P60_D1.5: OK

=== fs3 ModeA 세션 요약 ===
26.07.22: q1 1.58 q2 2.48 dq1 0.41 dq2 0.59 τ1 0.21 τ2 0.57
26.07.23: q1 1.77 q2 2.41 dq1 0.39 dq2 0.40 τ1 0.35 τ2 0.50
26.07.24: q1 2.57 q2 4.68 dq1 0.47 dq2 0.77 τ1 0.48 τ2 0.41
26.07.25: q1 1.69 q2 1.79 dq1 0.23 dq2 0.20 τ1 0.43 τ2 0.67
26.07.27: q1 1.23 q2 2.30 dq1 0.31 dq2 0.32 τ1 0.26 τ2 0.55
26.04.24: q1 1.51 q2 2.45 dq1 0.23 dq2 0.41 τ1 0.28 τ2 0.63
26.06.02: q1 1.48 q2 2.19 dq1 0.20 dq2 0.32 τ1 0.27 τ2 0.47
26.04.21: q1 1.29 q2 2.22 dq1 0.21 dq2 0.35 τ1 0.23 τ2 0.57
26.03.24: q1 1.07 q2 2.11 dq1 0.24 dq2 0.37 τ1 0.26 τ2 0.56
done
