warm-start from previous mshoot best
warm-start from previous fourbar best
26.07.22/120_2_120_2: OK
26.07.22/150_2.2_250_3: OK
26.07.22/150_3.3_500_5: OK
26.07.22/60_0.75_60_2: OK
26.07.22/60_1.5_60_1.5: OK
26.07.23/150_2.2_250_3: OK
26.07.23/150_2.2_500_5: OK
26.07.23/60_0.75_60_2: OK
26.07.24/150_2.2_250_3: OK
26.07.24/150_2.2_350_3.5: OK
26.07.24/150_2.2_500_5: OK
26.07.25/100_1.5_250_3: OK
26.07.25/120_2_250_3: OK
26.07.25/150_2.2_250_3: OK
26.07.25/200_2.5_250_3: OK
26.07.27/100_1.5_250_3: OK
26.07.27/120_2_250_3: OK
26.07.27/150_2.2_250_3: OK
26.07.27/200_2.5_250_3: OK
26.07.27/250_3_250_3: OK
26.07.27/60_2_250_3: OK
26.07.27/80_2_250_3: OK
26.04.24/120_2.2_150_2.5: OK
26.04.24/120_2.2_200_2.8: OK
26.04.24/120_2_120_2: OK
26.04.24/150_2.2_250_3: OK
26.04.24/150_2.2_350_3.5: OK
26.04.24/150_2.2_500_4: OK
26.04.24/60_0.75_60_2: OK
26.04.24/60_1.5_60_1.5: OK
26.04.24/90_0.75_90_2: OK
26.06.02/120_2_120_2: OK
26.06.02/150_2.2_250_3: OK
26.06.02/150_2.2_500_5: OK
26.06.02/60_0.75_60_2: OK
26.06.02/60_1.5_60_1.5: OK
26.06.02/90_0.75_90_2: OK
26.04.21/P100_D0.75_P100_D2: OK
26.04.21/P200_D1.5_P200_D4: OK
26.04.21/P60_D0.75_P60_D2: OK
26.04.21/P70_D0.75_P70_D2: OK
26.04.21/P80_D0.75_P80_D2: OK
26.04.21/P90_D0.75_P90_D2: OK

=== fs3 CL score 창 세션 요약 ===
26.07.22: q1 0.74 q2 0.96 dq1 0.27 dq2 0.41 τ1 0.93 τ2 0.84
26.07.23: q1 1.11 q2 0.73 dq1 0.33 dq2 0.40 τ1 0.79 τ2 0.79
26.07.24: q1 0.59 q2 0.72 dq1 0.24 dq2 0.19 τ1 0.85 τ2 1.08
26.07.25: q1 1.25 q2 0.98 dq1 0.25 dq2 0.35 τ1 1.78 τ2 0.86
26.07.27: q1 0.79 q2 0.80 dq1 0.22 dq2 0.28 τ1 1.10 τ2 0.61
26.04.24: q1 1.07 q2 0.79 dq1 0.18 dq2 0.47 τ1 0.75 τ2 1.12
26.06.02: q1 0.76 q2 0.84 dq1 0.22 dq2 0.44 τ1 0.58 τ2 1.02
26.04.21: q1 1.64 q2 2.60 dq1 0.27 dq2 0.75 τ1 1.17 τ2 1.14

=== fs3 CL push 창 세션 요약 ===
26.07.22: q1 1.29 q2 3.18 dq1 1.17 dq2 1.84 τ1 2.10 τ2 3.14
26.07.23: q1 3.25 q2 2.05 dq1 1.37 dq2 1.65 τ1 2.48 τ2 2.44
26.07.24: q1 1.73 q2 1.87 dq1 1.00 dq2 0.75 τ1 1.97 τ2 2.87
26.07.25: q1 1.87 q2 2.41 dq1 1.17 dq2 1.69 τ1 2.70 τ2 3.16
26.07.27: q1 1.67 q2 1.87 dq1 0.97 dq2 1.25 τ1 2.47 τ2 1.64
26.04.24: q1 1.47 q2 2.04 dq1 0.57 dq2 1.64 τ1 1.86 τ2 2.96
26.06.02: q1 1.01 q2 2.18 dq1 0.96 dq2 1.96 τ1 1.57 τ2 3.31
26.04.21: q1 2.53 q2 8.55 dq1 0.87 dq2 2.58 τ1 1.80 τ2 2.72
done
