warm-start from previous mshoot best
warm-start from previous fourbar best
26.07.22/120_2_120_2: OK
26.07.22/150_2.2_250_3: OK
26.07.22/150_3.3_500_5: OK
26.07.22/60_0.75_60_2: OK
26.07.22/60_1.5_60_1.5: OK
26.07.23/150_2.2_250_3: OK
26.07.23/150_2.2_500_5: OK
26.07.23/60_0.75_60_2: OK
26.07.24/150_2.2_250_3: OK
26.07.24/150_2.2_350_3.5: OK
26.07.24/150_2.2_500_5: OK
26.07.25/100_1.5_250_3: OK
26.07.25/120_2_250_3: OK
26.07.25/150_2.2_250_3: OK
26.07.25/200_2.5_250_3: OK
26.07.27/100_1.5_250_3: OK
26.07.27/120_2_250_3: OK
26.07.27/150_2.2_250_3: OK
26.07.27/200_2.5_250_3: OK
26.07.27/250_3_250_3: OK
26.07.27/60_2_250_3: OK
26.07.27/80_2_250_3: OK
26.04.24/120_2.2_150_2.5: OK
26.04.24/120_2.2_200_2.8: OK
26.04.24/120_2_120_2: OK
26.04.24/150_2.2_250_3: OK
26.04.24/150_2.2_350_3.5: OK
26.04.24/150_2.2_500_4: OK
26.04.24/60_0.75_60_2: OK
26.04.24/60_1.5_60_1.5: OK
26.04.24/90_0.75_90_2: OK
26.06.02/120_2_120_2: OK
26.06.02/150_2.2_250_3: OK
26.06.02/150_2.2_500_5: OK
26.06.02/60_0.75_60_2: OK
26.06.02/60_1.5_60_1.5: OK
26.06.02/90_0.75_90_2: OK
26.04.21/P100_D0.75_P100_D2: OK
26.04.21/P200_D1.5_P200_D4: OK
26.04.21/P60_D0.75_P60_D2: OK
26.04.21/P70_D0.75_P70_D2: OK
26.04.21/P80_D0.75_P80_D2: OK
26.04.21/P90_D0.75_P90_D2: OK

=== fs3 CL score 창 세션 요약 ===
26.07.22: q1 0.73 q2 0.94 dq1 0.26 dq2 0.38 τ1 0.93 τ2 0.83
26.07.23: q1 1.06 q2 0.71 dq1 0.33 dq2 0.38 τ1 0.83 τ2 0.80
26.07.24: q1 0.55 q2 0.72 dq1 0.22 dq2 0.18 τ1 0.91 τ2 1.12
26.07.25: q1 1.24 q2 0.95 dq1 0.25 dq2 0.31 τ1 1.76 τ2 0.83
26.07.27: q1 0.78 q2 0.78 dq1 0.21 dq2 0.25 τ1 1.06 τ2 0.61
26.04.24: q1 1.06 q2 0.77 dq1 0.14 dq2 0.45 τ1 0.77 τ2 1.12
26.06.02: q1 0.75 q2 0.82 dq1 0.19 dq2 0.43 τ1 0.60 τ2 1.02
26.04.21: q1 1.67 q2 2.61 dq1 0.25 dq2 0.72 τ1 1.16 τ2 1.12

=== fs3 CL push 창 세션 요약 ===
26.07.22: q1 1.22 q2 3.04 dq1 1.12 dq2 1.69 τ1 2.12 τ2 3.09
26.07.23: q1 2.92 q2 1.96 dq1 1.34 dq2 1.55 τ1 2.68 τ2 2.49
26.07.24: q1 1.56 q2 1.84 dq1 0.90 dq2 0.71 τ1 2.41 τ2 3.17
26.07.25: q1 1.63 q2 2.09 dq1 1.15 dq2 1.45 τ1 2.18 τ2 2.92
26.07.27: q1 1.58 q2 1.72 dq1 0.91 dq2 1.08 τ1 2.10 τ2 1.69
26.04.24: q1 1.37 q2 1.96 dq1 0.42 dq2 1.57 τ1 1.98 τ2 2.97
26.06.02: q1 0.84 q2 2.00 dq1 0.81 dq2 1.89 τ1 1.71 τ2 3.31
26.04.21: q1 2.77 q2 8.61 dq1 0.82 dq2 2.48 τ1 1.68 τ2 2.64
done
