26.03.19/position/NO_TR_JUMP: frozen h 0.0s(None) k 0.0s(None) | air_live (0.48, -0.12) | gnd_live (-0.08, 4.16)
26.03.19/position/TR_JUMP: frozen h 0.0s(None) k 0.0s(None) | air_live (0.54, -0.17) | gnd_live (0.07, 3.71)
26.03.24/Jump/Jump_No_Tr/P100_D3: frozen h 0.0s(None) k 0.9s(0.0) | air_live (0.32, 0.2) | gnd_live (-0.45, 4.51)
26.03.24/Jump/Jump_No_Tr/P40_D0.7: frozen h 0.0s(None) k 0.0s(None) | air_live (0.75, -0.33) | gnd_live (-0.45, 4.69)
26.03.24/Jump/Jump_No_Tr/P60_D1.5: frozen h 0.0s(None) k 1.0s(-0.0) | air_live None | gnd_live (-0.44, 4.73)
26.03.24/Jump/Jump_Tr/P100_D1.5: frozen h 0.0s(None) k 1.5s(-0.0) | air_live (0.08, 0.17) | gnd_live (0.0, 4.62)
26.03.24/Jump/Jump_Tr/P100_D3: frozen h 0.0s(None) k 1.1s(0.0) | air_live None | gnd_live (-0.58, 4.47)
26.03.24/Jump/Jump_Tr/P40_D0.7: frozen h 0.0s(None) k 1.0s(-0.0) | air_live None | gnd_live (0.19, 4.27)
26.03.24/Jump/Jump_Tr/P60_D0.7: frozen h 0.0s(None) k 1.1s(-0.01) | air_live None | gnd_live (0.04, 4.49)
26.03.24/Jump/Jump_Tr/P60_D1.5: frozen h 0.0s(None) k 0.9s(-0.01) | air_live (0.67, 0.13) | gnd_live (-0.21, 4.62)
26.04.21/Position Control/P100_D0.75_P100_D2: frozen h 0.0s(None) k 0.0s(None) | air_live (0.54, -0.06) | gnd_live (-0.11, 3.85)
26.04.21/Position Control/P200_D1.5_P200_D4: frozen h 0.0s(None) k 0.0s(None) | air_live (0.05, 3.69) | gnd_live (0.04, 3.69)
26.04.21/Position Control/P60_D0.75_P60_D2: frozen h 0.0s(None) k 0.0s(None) | air_live (0.65, -0.18) | gnd_live (0.0, 3.95)
26.04.21/Position Control/P70_D0.75_P70_D2: frozen h 0.0s(None) k 0.0s(None) | air_live (0.51, -0.19) | gnd_live (-0.06, 3.89)
26.04.21/Position Control/P80_D0.75_P80_D2: frozen h 0.0s(None) k 0.0s(None) | air_live (0.6, -0.04) | gnd_live (0.0, 4.09)
26.04.21/Position Control/P90_D0.75_P90_D2: frozen h 0.0s(None) k 0.0s(None) | air_live (0.58, -0.1) | gnd_live (0.02, 4.08)
26.04.22/Torque Control/P100_D3: frozen h 0.0s(None) k 1.1s(-0.0) | air_live None | gnd_live (-0.08, 4.43)
26.04.22/Torque Control/P40_D0.7: frozen h 0.0s(None) k 0.0s(None) | air_live (0.76, -0.34) | gnd_live (-0.0, 4.28)
26.04.22/Torque Control/P70_D2: frozen h 0.0s(None) k 0.0s(None) | air_live (0.66, -0.33) | gnd_live (-0.21, 4.28)
26.04.24/120_2.2_150_2.5: frozen h 0.0s(None) k 0.0s(None) | air_live (0.65, -0.09) | gnd_live (-0.03, 3.78)
26.04.24/120_2.2_200_2.8: frozen h 0.0s(None) k 0.0s(None) | air_live (0.69, -0.18) | gnd_live (-0.05, 3.96)
26.04.24/120_2_120_2: frozen h 0.0s(None) k 0.0s(None) | air_live (0.6, -0.36) | gnd_live (-0.11, 3.95)
26.04.24/150_2.2_250_3: frozen h 0.0s(None) k 0.0s(None) | air_live (0.73, -0.08) | gnd_live (0.01, 4.0)
26.04.24/150_2.2_350_3.5: frozen h 0.0s(None) k 0.0s(None) | air_live (0.69, -0.17) | gnd_live (-0.06, 3.78)
26.04.24/150_2.2_500_4: frozen h 0.0s(None) k 0.0s(None) | air_live (0.78, -0.22) | gnd_live (0.02, 4.27)
26.04.24/60_0.75_60_2: frozen h 0.0s(None) k 0.0s(None) | air_live (0.76, -0.05) | gnd_live (-0.15, 3.96)
26.04.24/60_1.5_60_1.5: frozen h 0.0s(None) k 0.0s(None) | air_live (0.51, -0.07) | gnd_live (-0.31, 3.94)
26.04.24/90_0.75_90_2: frozen h 0.0s(None) k 0.0s(None) | air_live (0.48, -0.06) | gnd_live (-0.03, 3.98)
26.04.29/120_2.2_150_2.5: frozen h 0.0s(None) k 0.0s(None) | air_live (0.19, 0.0) | gnd_live (-0.11, 3.84)
26.04.29/120_2.2_200_2.8: frozen h 0.0s(None) k 0.0s(None) | air_live (0.6, -0.1) | gnd_live (-0.0, 3.82)
26.04.29/120_2_120_2: frozen h 0.0s(None) k 0.0s(None) | air_live (0.02, -0.06) | gnd_live (-0.07, 3.85)
26.04.29/150_2.2_250_3: frozen h 0.0s(None) k 0.0s(None) | air_live (0.46, -0.04) | gnd_live (-0.06, 3.51)
26.04.29/150_2.2_350_3.5: frozen h 0.0s(None) k 0.0s(None) | air_live (0.74, -0.12) | gnd_live (-0.03, 4.02)
26.04.29/150_2.2_500_4: frozen h 0.0s(None) k 0.0s(None) | air_live (-0.07, -0.08) | gnd_live (-0.07, 4.19)
26.04.29/60_0.75_60_2: frozen h 0.0s(None) k 0.0s(None) | air_live (0.68, -0.05) | gnd_live (-0.18, 4.03)
26.04.29/60_1.5_60_1.5: frozen h 0.0s(None) k 0.0s(None) | air_live (-0.54, -0.34) | gnd_live (-0.69, 3.92)
26.04.29/90_0.75_90_2: frozen h 0.0s(None) k 0.5s(-0.03) | air_live (-0.29, 0.02) | gnd_live (-0.17, 4.03)
26.04.29/90_1.5_90_2.5: frozen h 0.0s(None) k 0.0s(None) | air_live (-0.07, -0.02) | gnd_live (-0.06, 3.74)
26.06.02/position/120_2_120_2: frozen h 0.0s(None) k 0.0s(None) | air_live (0.38, -0.08) | gnd_live (0.38, -0.08)
26.06.02/position/150_2.2_250_3: frozen h 0.0s(None) k 12.3s(0.0) | air_live None | gnd_live (-0.06, 4.26)
26.06.02/position/150_2.2_500_5: frozen h 0.0s(None) k 0.0s(None) | air_live (0.73, -0.13) | gnd_live (-0.06, 3.85)
26.06.02/position/60_0.75_60_2: frozen h 26.0s(-0.02) k 25.9s(-0.03) | air_live None | gnd_live (-0.47, 4.04)
26.06.02/position/60_1.5_60_1.5: frozen h 0.0s(None) k 0.0s(None) | air_live (0.23, -0.13) | gnd_live (-0.36, 3.68)
26.06.02/position/90_0.75_90_2: frozen h 0.0s(None) k 0.0s(None) | air_live (0.65, -0.12) | gnd_live (-0.02, -0.02)
26.07.22/120_2_120_2: frozen h 0.0s(None) k 0.0s(None) | air_live (0.59, -0.07) | gnd_live (-0.01, 3.97)
26.07.22/150_2.2_250_3: frozen h 9.8s(-0.04) k 0.0s(None) | air_live None | gnd_live (0.59, 4.62)
26.07.22/150_3.3_500_5: frozen h 0.0s(None) k 0.0s(None) | air_live (0.22, -0.05) | gnd_live (0.17, 3.89)
26.07.22/60_0.75_60_2: frozen h 0.8s(-0.05) k 0.0s(None) | air_live None | gnd_live (-0.13, 3.94)
26.07.22/60_1.5_60_1.5: frozen h 0.0s(None) k 0.0s(None) | air_live (0.08, -0.1) | gnd_live (-0.02, 3.72)
26.07.23/150_2.2_250_3: frozen h 0.0s(None) k 0.0s(None) | air_live (0.02, -0.15) | gnd_live (-0.05, 3.75)
26.07.23/150_2.2_500_5: frozen h 0.0s(None) k 0.0s(None) | air_live (-0.28, -0.13) | gnd_live (-0.47, 3.2)
26.07.23/60_0.75_60_2: frozen h 17.4s(-0.02) k 0.0s(None) | air_live None | gnd_live (-1.53, 3.39)
26.07.24/150_2.2_250_3: frozen h 0.0s(None) k 0.0s(None) | air_live (0.01, -0.07) | gnd_live (-0.04, 3.51)
26.07.24/150_2.2_350_3.5: frozen h 0.0s(None) k 0.0s(None) | air_live (0.33, -0.06) | gnd_live (-2.12, 3.01)
26.07.24/150_2.2_500_5: frozen h 0.0s(None) k 0.0s(None) | air_live (0.12, -0.21) | gnd_live (-0.61, 3.5)
26.07.25/100_1.5_250_3: frozen h 0.0s(None) k 0.0s(None) | air_live (0.52, -0.15) | gnd_live (-0.34, 3.32)
26.07.25/120_2_250_3: frozen h 0.0s(None) k 0.0s(None) | air_live (0.29, -0.15) | gnd_live (-0.74, 3.39)
26.07.25/150_2.2_250_3: frozen h 0.0s(None) k 0.0s(None) | air_live (0.56, -0.07) | gnd_live (-0.36, 3.47)
26.07.25/200_2.5_250_3: frozen h 0.0s(None) k 0.0s(None) | air_live (0.53, -0.13) | gnd_live (-1.09, 3.26)
26.07.27/100_1.5_250_3: frozen h 0.0s(None) k 0.0s(None) | air_live (0.64, -0.15) | gnd_live (-0.58, 3.46)
26.07.27/120_2_250_3: frozen h 0.0s(None) k 0.0s(None) | air_live (0.69, -0.31) | gnd_live (-0.74, 3.51)
26.07.27/150_2.2_250_3: frozen h 0.0s(None) k 0.0s(None) | air_live (0.43, -0.07) | gnd_live (-0.89, 3.49)
26.07.27/200_2.5_250_3: frozen h 0.0s(None) k 0.0s(None) | air_live (0.65, -0.07) | gnd_live (-0.81, 3.65)
26.07.27/250_3_250_3: frozen h 0.0s(None) k 0.0s(None) | air_live (0.73, -0.11) | gnd_live (-0.71, 3.52)
26.07.27/60_2_250_3: frozen h 0.0s(None) k 0.0s(None) | air_live (0.28, -0.07) | gnd_live (-0.59, 3.45)
26.07.27/80_2_250_3: frozen h 0.0s(None) k 0.0s(None) | air_live (0.79, -0.09) | gnd_live (-0.58, 3.77)
done
