warm-start from previous mshoot best
warm-start from previous fourbar best
26.03.19/position/NO_TR_JUMP: 시작 -0.03 → 끝 -0.72 (최소 -0.80/최대 +0.04, 창 10)
26.03.19/position/TR_JUMP: 시작 +0.03 → 끝 -0.99 (최소 -0.99/최대 +0.12, 창 31)
26.03.24/Jump/Jump_No_Tr/P100_D3: 시작 +0.40 → 끝 +1.01 (최소 +0.40/최대 +1.01, 창 13)
26.03.24/Jump/Jump_No_Tr/P40_D0.7: 시작 +0.42 → 끝 -0.13 (최소 -0.13/최대 +0.96, 창 16)
26.03.24/Jump/Jump_No_Tr/P60_D1.5: 시작 +0.44 → 끝 -0.06 (최소 -0.06/최대 +0.44, 창 12)
26.03.24/Jump/Jump_Tr/P100_D1.5: 시작 +1.27 → 끝 +1.41 (최소 +1.27/최대 +1.50, 창 6)
26.03.24/Jump/Jump_Tr/P100_D3: 시작 +0.98 → 끝 +0.99 (최소 +0.88/최대 +1.17, 창 15)
26.03.24/Jump/Jump_Tr/P40_D0.7: 시작 +1.54 → 끝 +2.51 (최소 +0.73/최대 +2.51, 창 19)
26.03.24/Jump/Jump_Tr/P60_D0.7: 시작 +1.43 → 끝 +2.19 (최소 +0.49/최대 +2.19, 창 14)
26.03.24/Jump/Jump_Tr/P60_D1.5: 시작 +0.59 → 끝 +1.77 (최소 +0.58/최대 +1.77, 창 41)
26.04.21/Position Control/P100_D0.75_P100_D2: 시작 +0.60 → 끝 +0.39 (최소 +0.39/최대 +0.65, 창 61)
26.04.21/Position Control/P200_D1.5_P200_D4: 시작 +0.74 → 끝 -0.05 (최소 -0.05/최대 +0.85, 창 27)
26.04.21/Position Control/P60_D0.75_P60_D2: 시작 +1.40 → 끝 +0.26 (최소 +0.26/최대 +1.40, 창 14)
26.04.21/Position Control/P70_D0.75_P70_D2: 시작 +0.67 → 끝 +0.02 (최소 +0.02/최대 +0.76, 창 13)
26.04.21/Position Control/P80_D0.75_P80_D2: 시작 +0.74 → 끝 +0.52 (최소 +0.52/최대 +0.74, 창 37)
26.04.21/Position Control/P90_D0.75_P90_D2: 시작 +0.73 → 끝 +0.32 (최소 +0.32/최대 +0.80, 창 18)
26.04.22/Torque Control/P100_D3: 시작 +0.67 → 끝 +0.59 (최소 +0.59/최대 +0.76, 창 10)
26.04.22/Torque Control/P40_D0.7: 시작 +0.72 → 끝 -0.03 (최소 -0.03/최대 +0.82, 창 28)
26.04.22/Torque Control/P70_D2: 시작 +0.44 → 끝 -0.19 (최소 -0.19/최대 +0.61, 창 11)
26.04.24/120_2.2_150_2.5: 시작 +0.68 → 끝 -0.49 (최소 -0.49/최대 +0.69, 창 13)
26.04.24/120_2.2_200_2.8: 시작 +0.67 → 끝 +0.17 (최소 +0.17/최대 +0.82, 창 12)
26.04.24/120_2_120_2: 시작 +0.65 → 끝 -0.30 (최소 -0.30/최대 +0.81, 창 10)
26.04.24/150_2.2_250_3: 시작 +0.72 → 끝 +0.26 (최소 +0.26/최대 +0.84, 창 10)
26.04.24/150_2.2_350_3.5: 시작 +0.65 → 끝 +0.39 (최소 +0.39/최대 +0.68, 창 20)
26.04.24/150_2.2_500_4: 시작 +0.72 → 끝 +0.49 (최소 +0.49/최대 +0.79, 창 10)
26.04.24/60_0.75_60_2: 시작 +1.30 → 끝 -0.17 (최소 -0.17/최대 +1.49, 창 27)
26.04.24/60_1.5_60_1.5: 시작 +0.50 → 끝 -0.45 (최소 -0.45/최대 +0.72, 창 43)
26.04.24/90_0.75_90_2: 시작 +0.69 → 끝 +0.64 (최소 +0.64/최대 +0.71, 창 9)
26.04.29/120_2.2_150_2.5: 시작 +0.63 → 끝 +1.68 (최소 +0.63/최대 +1.68, 창 10)
26.04.29/120_2.2_200_2.8: 시작 +0.70 → 끝 +1.29 (최소 +0.69/최대 +1.29, 창 13)
26.04.29/120_2_120_2: 시작 +0.66 → 끝 +1.66 (최소 +0.66/최대 +1.66, 창 14)
26.04.29/150_2.2_250_3: 시작 +0.67 → 끝 +1.98 (최소 +0.65/최대 +1.98, 창 11)
26.04.29/150_2.2_350_3.5: 시작 +0.68 → 끝 +2.16 (최소 +0.66/최대 +2.16, 창 11)
26.04.29/150_2.2_500_4: 시작 +0.67 → 끝 +1.39 (최소 +0.64/최대 +1.39, 창 13)
26.04.29/60_0.75_60_2: 시작 +1.26 → 끝 +2.10 (최소 +1.26/최대 +2.10, 창 12)
26.04.29/60_1.5_60_1.5: 시작 +0.22 → 끝 +1.23 (최소 +0.22/최대 +1.23, 창 15)
26.04.29/90_0.75_90_2: 시작 +0.89 → 끝 +2.00 (최소 +0.58/최대 +2.00, 창 54)
26.04.29/90_1.5_90_2.5: 시작 +0.68 → 끝 +2.18 (최소 +0.67/최대 +2.18, 창 10)
26.06.02/position/120_2_120_2: 시작 +1.60 → 끝 -0.44 (최소 -0.72/최대 +1.62, 창 41)
26.06.02/position/150_2.2_250_3: 시작 +1.76 → 끝 -0.14 (최소 -0.18/최대 +1.76, 창 33)
26.06.02/position/150_2.2_500_5: 시작 +1.85 → 끝 -0.43 (최소 -0.43/최대 +1.85, 창 38)
26.06.02/position/60_0.75_60_2: 시작 +0.67 → 끝 -0.40 (최소 -0.40/최대 +0.69, 창 48)
26.06.02/position/60_1.5_60_1.5: 시작 +1.51 → 끝 -0.57 (최소 -0.57/최대 +1.51, 창 29)
26.06.02/position/90_0.75_90_2: 시작 +1.11 → 끝 -0.38 (최소 -0.38/최대 +1.18, 창 44)
26.07.22/120_2_120_2: 시작 +0.70 → 끝 +2.44 (최소 +0.69/최대 +2.95, 창 14)
26.07.22/150_2.2_250_3: 시작 +0.67 → 끝 +1.99 (최소 +0.67/최대 +1.99, 창 12)
26.07.22/150_3.3_500_5: 시작 +0.83 → 끝 +2.94 (최소 +0.80/최대 +2.94, 창 21)
26.07.22/60_0.75_60_2: 시작 +0.62 → 끝 +1.52 (최소 +0.62/최대 +1.53, 창 18)
26.07.22/60_1.5_60_1.5: 시작 +0.69 → 끝 +1.54 (최소 +0.69/최대 +1.54, 창 19)
26.07.23/150_2.2_250_3: 시작 +0.68 → 끝 -0.43 (최소 -0.43/최대 +0.72, 창 14)
26.07.23/150_2.2_500_5: 시작 +0.36 → 끝 -0.45 (최소 -0.45/최대 +0.39, 창 11)
26.07.23/60_0.75_60_2: 시작 +0.70 → 끝 -0.36 (최소 -0.36/최대 +0.77, 창 18)
26.07.24/150_2.2_250_3: 시작 +0.42 → 끝 +0.05 (최소 +0.05/최대 +0.76, 창 22)
26.07.24/150_2.2_350_3.5: 시작 +0.56 → 끝 -0.20 (최소 -0.81/최대 +0.56, 창 15)
26.07.24/150_2.2_500_5: 시작 +0.26 → 끝 -0.23 (최소 -0.58/최대 +1.03, 창 12)
26.07.25/100_1.5_250_3: 시작 +0.62 → 끝 +5.27 (최소 +0.46/최대 +5.99, 창 16)
26.07.25/120_2_250_3: 시작 +0.89 → 끝 +5.43 (최소 +0.85/최대 +5.43, 창 14)
26.07.25/150_2.2_250_3: 시작 +0.44 → 끝 +6.59 (최소 +0.43/최대 +6.59, 창 17)
26.07.25/200_2.5_250_3: 시작 +0.83 → 끝 +7.40 (최소 +0.60/최대 +7.40, 창 11)
26.07.27/100_1.5_250_3: 시작 +0.96 → 끝 +1.85 (최소 +0.68/최대 +1.92, 창 10)
26.07.27/120_2_250_3: 시작 +0.83 → 끝 +2.11 (최소 +0.83/최대 +2.94, 창 10)
26.07.27/150_2.2_250_3: 시작 +0.79 → 끝 +1.99 (최소 +0.58/최대 +2.11, 창 12)
26.07.27/200_2.5_250_3: 시작 +0.11 → 끝 +2.04 (최소 +0.11/최대 +2.12, 창 7)
26.07.27/250_3_250_3: 시작 +0.21 → 끝 +2.24 (최소 +0.19/최대 +2.24, 창 12)
26.07.27/60_2_250_3: 시작 +0.98 → 끝 +1.88 (최소 +0.70/최대 +1.88, 창 27)
26.07.27/80_2_250_3: 시작 +0.53 → 끝 +1.86 (최소 +0.53/최대 +1.86, 창 15)
done
