warm-start from previous mshoot best
warm-start from previous fourbar best
26.03.19/position/NO_TR_JUMP: 공중잔차 r1 -0.09 r2 -0.48 | 접지잔차 r1 -0.58 r2 +2.11
26.03.19/position/TR_JUMP: 공중잔차 r1 +0.51 r2 -0.52 | 접지잔차 r1 +0.07 r2 +2.37
26.03.24/Jump/Jump_No_Tr/P100_D3: 공중잔차 r1 -1.48 r2 -0.45 | 접지잔차 r1 +0.42 r2 -0.18
26.03.24/Jump/Jump_No_Tr/P40_D0.7: 공중잔차 r1 -0.57 r2 -0.68 | 접지잔차 r1 +0.42 r2 -0.07
26.03.24/Jump/Jump_No_Tr/P60_D1.5: 공중잔차 r1 -0.58 r2 +0.11 | 접지잔차 r1 +1.12 r2 -0.04
26.03.24/Jump/Jump_Tr/P100_D1.5: 공중잔차 r1 -0.58 r2 -0.44 | 접지잔차 r1 +1.27 r2 -0.14
26.03.24/Jump/Jump_Tr/P100_D3: 공중잔차 r1 -1.41 r2 -0.44 | 접지잔차 r1 +0.33 r2 -0.19
26.03.24/Jump/Jump_Tr/P40_D0.7: 공중잔차 r1 -0.50 r2 -0.45 | 접지잔차 r1 +0.86 r2 +0.01
26.03.24/Jump/Jump_Tr/P60_D0.7: 공중잔차 r1 -0.59 r2 -0.46 | 접지잔차 r1 +0.76 r2 -0.02
26.03.24/Jump/Jump_Tr/P60_D1.5: 공중잔차 r1 -0.44 r2 -0.19 | 접지잔차 r1 +1.27 r2 -0.12
26.04.21/Position Control/P100_D0.75_P100_D2: 공중잔차 r1 -0.72 r2 -0.49 | 접지잔차 r1 +1.32 r2 -0.46
26.04.21/Position Control/P200_D1.5_P200_D4: 공중잔차 r1 -1.74 r2 +2.49 | 접지잔차 r1 +0.73 r2 -0.50
26.04.21/Position Control/P60_D0.75_P60_D2: 공중잔차 r1 -1.33 r2 -0.02 | 접지잔차 r1 +1.40 r2 -0.44
26.04.21/Position Control/P70_D0.75_P70_D2: 공중잔차 r1 -0.74 r2 -0.58 | 접지잔차 r1 +1.36 r2 -0.45
26.04.21/Position Control/P80_D0.75_P80_D2: 공중잔차 r1 -1.37 r2 +0.09 | 접지잔차 r1 +0.72 r2 -0.32
26.04.21/Position Control/P90_D0.75_P90_D2: 공중잔차 r1 -0.69 r2 -0.52 | 접지잔차 r1 +1.41 r2 -0.32
26.04.22/Torque Control/P100_D3: 공중잔차 r1 -1.32 r2 -0.45 | 접지잔차 r1 +0.67 r2 -0.24
26.04.22/Torque Control/P40_D0.7: 공중잔차 r1 -0.57 r2 -0.69 | 접지잔차 r1 +1.41 r2 -0.33
26.04.22/Torque Control/P70_D2: 공중잔차 r1 -0.63 r2 -0.68 | 접지잔차 r1 +0.59 r2 -0.32
26.04.24/120_2.2_150_2.5: 공중잔차 r1 -0.65 r2 -0.50 | 접지잔차 r1 +0.69 r2 -0.46
26.04.24/120_2.2_200_2.8: 공중잔차 r1 -0.59 r2 -0.57 | 접지잔차 r1 +0.68 r2 -0.34
26.04.24/120_2_120_2: 공중잔차 r1 -0.69 r2 -0.71 | 접지잔차 r1 +0.65 r2 -0.37
26.04.24/150_2.2_250_3: 공중잔차 r1 -0.59 r2 +0.06 | 접지잔차 r1 +0.72 r2 -0.30
26.04.24/150_2.2_350_3.5: 공중잔차 r1 -0.62 r2 -0.01 | 접지잔차 r1 +0.67 r2 -0.43
26.04.24/150_2.2_500_4: 공중잔차 r1 -0.57 r2 -0.02 | 접지잔차 r1 +0.72 r2 -0.11
26.04.24/60_0.75_60_2: 공중잔차 r1 -1.25 r2 -0.48 | 접지잔차 r1 +1.30 r2 -0.43
26.04.24/60_1.5_60_1.5: 공중잔차 r1 -1.43 r2 +0.06 | 접지잔차 r1 +1.18 r2 -0.44
26.04.24/90_0.75_90_2: 공중잔차 r1 -0.76 r2 -0.48 | 접지잔차 r1 +1.37 r2 -0.38
26.04.29/120_2.2_150_2.5: 공중잔차 r1 -0.85 r2 +0.12 | 접지잔차 r1 +0.64 r2 -0.42
26.04.29/120_2.2_200_2.8: 공중잔차 r1 -0.67 r2 +0.05 | 접지잔차 r1 +0.70 r2 -0.42
26.04.29/120_2_120_2: 공중잔차 r1 -0.93 r2 -0.49 | 접지잔차 r1 +1.34 r2 -0.43
26.04.29/150_2.2_250_3: 공중잔차 r1 -0.77 r2 -0.47 | 접지잔차 r1 +0.67 r2 -0.60
26.04.29/150_2.2_350_3.5: 공중잔차 r1 -0.59 r2 -0.52 | 접지잔차 r1 +0.69 r2 -0.27
26.04.29/150_2.2_500_4: 공중잔차 r1 -1.06 r2 +0.07 | 접지잔차 r1 +0.66 r2 -0.16
26.04.29/60_0.75_60_2: 공중잔차 r1 -1.32 r2 -0.48 | 접지잔차 r1 +1.28 r2 -0.39
26.04.29/60_1.5_60_1.5: 공중잔차 r1 -1.16 r2 -0.69 | 접지잔차 r1 +0.24 r2 -0.44
26.04.29/90_0.75_90_2: 공중잔차 r1 -1.28 r2 -0.19 | 접지잔차 r1 +1.27 r2 -0.34
26.04.29/90_1.5_90_2.5: 공중잔차 r1 -1.11 r2 +0.21 | 접지잔차 r1 +0.67 r2 -0.51
26.06.02/position/120_2_120_2: 공중잔차 r1 -0.85 r2 -0.51 | 접지잔차 r1 +0.94 r2 -2.36
26.06.02/position/150_2.2_250_3: 공중잔차 r1 -1.29 r2 +0.11 | 접지잔차 r1 +1.12 r2 -0.16
26.06.02/position/150_2.2_500_5: 공중잔차 r1 -0.64 r2 +0.01 | 접지잔차 r1 +1.17 r2 -0.38
26.06.02/position/60_0.75_60_2: 공중잔차 r1 -1.80 r2 +0.08 | 접지잔차 r1 +0.68 r2 -2.33
26.06.02/position/60_1.5_60_1.5: 공중잔차 r1 -0.91 r2 -0.54 | 접지잔차 r1 +1.54 r2 -0.60
26.06.02/position/90_0.75_90_2: 공중잔차 r1 -0.66 r2 +0.02 | 접지잔차 r1 +1.12 r2 -2.40
26.07.22/120_2_120_2: 공중잔차 r1 -0.69 r2 -0.50 | 접지잔차 r1 +0.71 r2 -0.36
26.07.22/150_2.2_250_3: 공중잔차 r1 -1.09 r2 +0.17 | 접지잔차 r1 +0.69 r2 +0.07
26.07.22/150_3.3_500_5: 공중잔차 r1 -0.93 r2 -0.41 | 접지잔차 r1 +0.82 r2 -0.35
26.07.22/60_0.75_60_2: 공중잔차 r1 -1.10 r2 -0.14 | 접지잔차 r1 +1.31 r2 -0.44
26.07.22/60_1.5_60_1.5: 공중잔차 r1 -1.02 r2 -0.34 | 접지잔차 r1 +0.70 r2 -0.58
26.07.23/150_2.2_250_3: 공중잔차 r1 -1.05 r2 +0.10 | 접지잔차 r1 +0.68 r2 -0.46
26.07.23/150_2.2_500_5: 공중잔차 r1 -1.21 r2 -0.49 | 접지잔차 r1 +1.05 r2 -0.76
26.07.23/60_0.75_60_2: 공중잔차 r1 -1.09 r2 -0.35 | 접지잔차 r1 +0.70 r2 -0.63
26.07.24/150_2.2_250_3: 공중잔차 r1 -0.69 r2 +0.19 | 접지잔차 r1 +0.68 r2 -0.15
26.07.24/150_2.2_350_3.5: 공중잔차 r1 -0.68 r2 -0.41 | 접지잔차 r1 +0.53 r2 -0.45
26.07.24/150_2.2_500_5: 공중잔차 r1 -0.97 r2 -0.58 | 접지잔차 r1 +0.26 r2 -0.55
26.07.25/100_1.5_250_3: 공중잔차 r1 -0.72 r2 +0.01 | 접지잔차 r1 +0.46 r2 -0.72
26.07.25/120_2_250_3: 공중잔차 r1 -0.84 r2 -0.54 | 접지잔차 r1 +0.17 r2 -0.67
26.07.25/150_2.2_250_3: 공중잔차 r1 -0.58 r2 -0.49 | 접지잔차 r1 +0.44 r2 -0.64
26.07.25/200_2.5_250_3: 공중잔차 r1 -0.73 r2 -0.49 | 접지잔차 r1 +0.51 r2 -0.05
26.07.27/100_1.5_250_3: 공중잔차 r1 -0.64 r2 -0.54 | 접지잔차 r1 +0.42 r2 -0.05
26.07.27/120_2_250_3: 공중잔차 r1 -0.63 r2 -0.10 | 접지잔차 r1 +0.46 r2 -0.03
26.07.27/150_2.2_250_3: 공중잔차 r1 -0.76 r2 -0.47 | 접지잔차 r1 +0.11 r2 -0.15
26.07.27/200_2.5_250_3: 공중잔차 r1 -0.65 r2 -0.49 | 접지잔차 r1 +0.69 r2 +0.23
26.07.27/250_3_250_3: 공중잔차 r1 -0.60 r2 +0.04 | 접지잔차 r1 +0.28 r2 -0.58
26.07.27/60_2_250_3: 공중잔차 r1 -0.85 r2 +0.12 | 접지잔차 r1 +0.30 r2 -0.63
26.07.27/80_2_250_3: 공중잔차 r1 -1.25 r2 -0.42 | 접지잔차 r1 +0.53 r2 -0.38

=== 세션 요약: hip 잔차 [Nm] (실측−트윈) ===
세션                     공중             접지      접지-공중
26.03.19      +0.21±0.30    -0.25±0.32      -0.46
26.03.24      -0.77±0.39    +0.80±0.36      +1.57
26.04.21      -1.10±0.40    +1.16±0.31      +2.26
26.04.22      -0.84±0.34    +0.89±0.37      +1.73
26.04.24      -0.79±0.30    +0.89±0.29      +1.68
26.04.29      -0.97±0.24    +0.82±0.34      +1.79
26.06.02      -1.03±0.41    +1.09±0.26      +2.12
26.07.22      -0.97±0.15    +0.85±0.24      +1.81
26.07.23      -1.12±0.07    +0.81±0.17      +1.93
26.07.24      -0.78±0.13    +0.49±0.17      +1.27
26.07.25      -0.72±0.09    +0.40±0.13      +1.11
26.07.27      -0.77±0.21    +0.40±0.17      +1.17
done
