warm-start from previous mshoot best
warm-start from previous fourbar best
26.07.22/120_2_120_2: OK
26.07.22/150_2.2_250_3: OK
26.07.22/150_3.3_500_5: OK
26.07.22/60_0.75_60_2: OK
26.07.22/60_1.5_60_1.5: OK
26.07.23/150_2.2_250_3: OK
26.07.23/150_2.2_500_5: OK
26.07.23/60_0.75_60_2: OK
26.07.24/150_2.2_250_3: OK
26.07.24/150_2.2_350_3.5: OK
26.07.24/150_2.2_500_5: OK
26.07.25/100_1.5_250_3: OK
26.07.25/120_2_250_3: OK
26.07.25/150_2.2_250_3: OK
26.07.25/200_2.5_250_3: OK
26.07.27/100_1.5_250_3: OK
26.07.27/120_2_250_3: OK
26.07.27/150_2.2_250_3: OK
26.07.27/200_2.5_250_3: OK
26.07.27/250_3_250_3: OK
26.07.27/60_2_250_3: OK
26.07.27/80_2_250_3: OK
26.04.24/120_2.2_150_2.5: OK
26.04.24/120_2.2_200_2.8: OK
26.04.24/120_2_120_2: OK
26.04.24/150_2.2_250_3: OK
26.04.24/150_2.2_350_3.5: OK
26.04.24/150_2.2_500_4: OK
26.04.24/60_0.75_60_2: OK
26.04.24/60_1.5_60_1.5: OK
26.04.24/90_0.75_90_2: OK
26.06.02/120_2_120_2: OK
26.06.02/150_2.2_250_3: OK
26.06.02/150_2.2_500_5: OK
26.06.02/60_0.75_60_2: OK
26.06.02/60_1.5_60_1.5: OK
26.06.02/90_0.75_90_2: OK
26.04.21/P100_D0.75_P100_D2: OK
26.04.21/P200_D1.5_P200_D4: OK
26.04.21/P60_D0.75_P60_D2: OK
26.04.21/P70_D0.75_P70_D2: OK
26.04.21/P80_D0.75_P80_D2: OK
26.04.21/P90_D0.75_P90_D2: OK

=== fs3 CL score 창 세션 요약 ===
26.07.22: q1 0.73 q2 0.94 dq1 0.26 dq2 0.38 τ1 1.06 τ2 0.83
26.07.23: q1 1.07 q2 0.69 dq1 0.34 dq2 0.37 τ1 1.26 τ2 0.83
26.07.24: q1 0.55 q2 0.67 dq1 0.23 dq2 0.16 τ1 1.04 τ2 1.16
26.07.25: q1 1.24 q2 0.95 dq1 0.25 dq2 0.31 τ1 1.77 τ2 0.84
26.07.27: q1 0.78 q2 0.78 dq1 0.21 dq2 0.25 τ1 1.11 τ2 0.61
26.04.24: q1 1.06 q2 0.78 dq1 0.15 dq2 0.45 τ1 1.57 τ2 1.16
26.06.02: q1 0.75 q2 0.78 dq1 0.20 dq2 0.41 τ1 1.09 τ2 1.05
26.04.21: q1 1.66 q2 2.58 dq1 0.25 dq2 0.71 τ1 1.86 τ2 1.12

=== fs3 CL push 창 세션 요약 ===
26.07.22: q1 1.27 q2 3.05 dq1 1.13 dq2 1.69 τ1 3.10 τ2 3.08
26.07.23: q1 3.02 q2 1.77 dq1 1.38 dq2 1.52 τ1 3.07 τ2 2.66
26.07.24: q1 1.56 q2 1.47 dq1 0.94 dq2 0.59 τ1 2.44 τ2 3.39
26.07.25: q1 1.61 q2 2.10 dq1 1.16 dq2 1.45 τ1 2.27 τ2 2.97
26.07.27: q1 1.55 q2 1.73 dq1 0.92 dq2 1.09 τ1 2.48 τ2 1.71
26.04.24: q1 1.40 q2 2.01 dq1 0.44 dq2 1.58 τ1 3.03 τ2 3.20
26.06.02: q1 0.84 q2 1.67 dq1 0.83 dq2 1.81 τ1 2.66 τ2 3.54
26.04.21: q1 2.72 q2 8.51 dq1 0.81 dq2 2.45 τ1 3.16 τ2 2.65
done
26.07.22/120_2_120_2: OK
26.07.22/150_2.2_250_3: OK
26.07.22/150_3.3_500_5: OK
26.07.22/60_0.75_60_2: OK
26.07.22/60_1.5_60_1.5: OK
26.07.23/150_2.2_250_3: OK
26.07.23/150_2.2_500_5: OK
26.07.23/60_0.75_60_2: OK
26.07.24/150_2.2_250_3: OK
26.07.24/150_2.2_350_3.5: OK
26.07.24/150_2.2_500_5: OK
26.07.25/100_1.5_250_3: OK
26.07.25/120_2_250_3: OK
26.07.25/150_2.2_250_3: OK
26.07.25/200_2.5_250_3: OK
26.07.27/100_1.5_250_3: OK
26.07.27/120_2_250_3: OK
26.07.27/150_2.2_250_3: OK
26.07.27/200_2.5_250_3: OK
26.07.27/250_3_250_3: OK
26.07.27/60_2_250_3: OK
26.07.27/80_2_250_3: OK
26.04.24/120_2.2_150_2.5: OK
26.04.24/120_2.2_200_2.8: OK
26.04.24/120_2_120_2: OK
26.04.24/150_2.2_250_3: OK
26.04.24/150_2.2_350_3.5: OK
26.04.24/150_2.2_500_4: OK
26.04.24/60_0.75_60_2: OK
26.04.24/60_1.5_60_1.5: OK
26.04.24/90_0.75_90_2: OK
26.06.02/120_2_120_2: OK
26.06.02/150_2.2_250_3: OK
26.06.02/150_2.2_500_5: OK
26.06.02/60_0.75_60_2: OK
26.06.02/60_1.5_60_1.5: OK
26.06.02/90_0.75_90_2: OK
26.04.21/P100_D0.75_P100_D2: OK
26.04.21/P200_D1.5_P200_D4: OK
26.04.21/P60_D0.75_P60_D2: OK
26.04.21/P70_D0.75_P70_D2: OK
26.04.21/P80_D0.75_P80_D2: OK
26.04.21/P90_D0.75_P90_D2: OK
26.03.24/P100_D3: OK
26.03.24/P40_D0.7: OK
26.03.24/P60_D1.5: OK

=== fs3 ModeA 세션 요약 ===
26.07.22: q1 1.59 q2 2.48 dq1 0.41 dq2 0.59 τ1 0.21 τ2 0.57
26.07.23: q1 1.75 q2 2.32 dq1 0.38 dq2 0.38 τ1 0.34 τ2 0.49
26.07.24: q1 2.58 q2 4.74 dq1 0.46 dq2 0.76 τ1 0.48 τ2 0.41
26.07.25: q1 1.69 q2 1.79 dq1 0.23 dq2 0.20 τ1 0.43 τ2 0.67
26.07.27: q1 1.23 q2 2.29 dq1 0.32 dq2 0.32 τ1 0.26 τ2 0.54
26.04.24: q1 1.53 q2 2.47 dq1 0.23 dq2 0.41 τ1 0.28 τ2 0.63
26.06.02: q1 1.57 q2 2.43 dq1 0.21 dq2 0.39 τ1 0.28 τ2 0.47
26.04.21: q1 1.31 q2 2.27 dq1 0.21 dq2 0.35 τ1 0.23 τ2 0.57
26.03.24: q1 1.03 q2 1.99 dq1 0.24 dq2 0.36 τ1 0.26 τ2 0.56
done
