--- 현행(b0.28,kd10@126) ---
warm-start from previous mshoot best
warm-start from previous fourbar best
26.07.24/150_2.2_250_3: OK
26.07.24/150_2.2_350_3.5: OK
26.07.24/150_2.2_500_5: OK

=== fs3 ModeA 세션 요약 ===
26.07.24: q1 2.51 q2 4.60 dq1 0.46 dq2 0.75 τ1 0.48 τ2 0.41
done
--- bias함대(0.83) ---
26.07.24/150_2.2_250_3: OK
26.07.24/150_2.2_350_3.5: OK
26.07.24/150_2.2_500_5: OK

=== fs3 ModeA 세션 요약 ===
26.07.24: q1 2.47 q2 4.63 dq1 0.46 dq2 0.75 τ1 0.48 τ2 0.41
done
--- kd0424형(5@130) ---
26.07.24/150_2.2_250_3: OK
26.07.24/150_2.2_350_3.5: OK
26.07.24/150_2.2_500_5: OK

=== fs3 ModeA 세션 요약 ===
26.07.24: q1 2.37 q2 5.85 dq1 0.51 dq2 0.87 τ1 0.47 τ2 0.37
done
--- 양쪽치환 ---
26.07.24/150_2.2_250_3: OK
26.07.24/150_2.2_350_3.5: OK
26.07.24/150_2.2_500_5: OK

=== fs3 ModeA 세션 요약 ===
26.07.24: q1 2.39 q2 5.81 dq1 0.51 dq2 0.87 τ1 0.47 τ2 0.37
done
