warm-start from previous mshoot best
warm-start from previous fourbar best
26.07.22/120_2_120_2: OK
26.07.22/150_2.2_250_3: OK
26.07.22/150_3.3_500_5: OK
26.07.22/60_0.75_60_2: OK
26.07.22/60_1.5_60_1.5: OK
26.07.23/150_2.2_250_3: OK
26.07.23/150_2.2_500_5: OK
26.07.23/60_0.75_60_2: OK
26.07.24/150_2.2_250_3: OK
26.07.24/150_2.2_350_3.5: OK
26.07.24/150_2.2_500_5: OK
26.07.25/100_1.5_250_3: OK
26.07.25/120_2_250_3: OK
26.07.25/150_2.2_250_3: OK
26.07.25/200_2.5_250_3: OK
26.07.27/100_1.5_250_3: OK
26.07.27/120_2_250_3: OK
26.07.27/150_2.2_250_3: OK
26.07.27/200_2.5_250_3: OK
26.07.27/250_3_250_3: OK
26.07.27/60_2_250_3: OK
26.07.27/80_2_250_3: OK
26.04.24/120_2.2_150_2.5: OK
26.04.24/120_2.2_200_2.8: OK
26.04.24/120_2_120_2: OK
26.04.24/150_2.2_250_3: OK
26.04.24/150_2.2_350_3.5: OK
26.04.24/150_2.2_500_4: OK
26.04.24/60_0.75_60_2: OK
26.04.24/60_1.5_60_1.5: OK
26.04.24/90_0.75_90_2: OK
26.06.02/120_2_120_2: OK
26.06.02/150_2.2_250_3: OK
26.06.02/150_2.2_500_5: OK
26.06.02/60_0.75_60_2: OK
26.06.02/60_1.5_60_1.5: OK
26.06.02/90_0.75_90_2: OK
26.04.21/P100_D0.75_P100_D2: OK
26.04.21/P200_D1.5_P200_D4: OK
26.04.21/P60_D0.75_P60_D2: OK
26.04.21/P70_D0.75_P70_D2: OK
26.04.21/P80_D0.75_P80_D2: OK
26.04.21/P90_D0.75_P90_D2: OK

=== fs3 CL score 창 세션 요약 ===
26.07.22: q1 0.76 q2 0.93 dq1 0.26 dq2 0.38 τ1 1.07 τ2 0.81
26.07.23: q1 1.08 q2 0.71 dq1 0.33 dq2 0.38 τ1 1.02 τ2 0.77
26.07.24: q1 0.56 q2 0.72 dq1 0.22 dq2 0.18 τ1 1.01 τ2 0.95
26.07.25: q1 1.54 q2 1.05 dq1 0.25 dq2 0.30 τ1 2.33 τ2 0.90
26.07.27: q1 0.92 q2 0.78 dq1 0.22 dq2 0.25 τ1 1.51 τ2 0.57
26.04.24: q1 1.06 q2 0.79 dq1 0.14 dq2 0.45 τ1 1.07 τ2 1.16
26.06.02: q1 0.80 q2 0.72 dq1 0.19 dq2 0.43 τ1 0.66 τ2 0.86
26.04.21: q1 1.57 q2 2.61 dq1 0.25 dq2 0.72 τ1 1.14 τ2 1.30

=== fs3 CL push 창 세션 요약 ===
26.07.22: q1 1.27 q2 2.99 dq1 1.14 dq2 1.68 τ1 2.21 τ2 3.11
26.07.23: q1 3.04 q2 1.96 dq1 1.36 dq2 1.57 τ1 3.38 τ2 2.45
26.07.24: q1 1.53 q2 1.85 dq1 0.90 dq2 0.70 τ1 2.29 τ2 3.06
26.07.25: q1 1.77 q2 2.11 dq1 1.18 dq2 1.43 τ1 2.46 τ2 2.89
26.07.27: q1 1.63 q2 1.71 dq1 0.93 dq2 1.10 τ1 2.22 τ2 1.70
26.04.24: q1 1.42 q2 2.02 dq1 0.42 dq2 1.57 τ1 2.28 τ2 2.99
26.06.02: q1 0.89 q2 2.13 dq1 0.80 dq2 1.90 τ1 1.75 τ2 3.20
26.04.21: q1 2.63 q2 8.42 dq1 0.81 dq2 2.49 τ1 1.73 τ2 2.69
done
26.07.22/120_2_120_2: OK
26.07.22/150_2.2_250_3: OK
26.07.22/150_3.3_500_5: OK
26.07.22/60_0.75_60_2: OK
26.07.22/60_1.5_60_1.5: OK
26.07.23/150_2.2_250_3: OK
26.07.23/150_2.2_500_5: OK
26.07.23/60_0.75_60_2: OK
26.07.24/150_2.2_250_3: OK
26.07.24/150_2.2_350_3.5: OK
26.07.24/150_2.2_500_5: OK
26.07.25/100_1.5_250_3: OK
26.07.25/120_2_250_3: OK
26.07.25/150_2.2_250_3: OK
26.07.25/200_2.5_250_3: OK
26.07.27/100_1.5_250_3: OK
26.07.27/120_2_250_3: OK
26.07.27/150_2.2_250_3: OK
26.07.27/200_2.5_250_3: OK
26.07.27/250_3_250_3: OK
26.07.27/60_2_250_3: OK
26.07.27/80_2_250_3: OK
26.04.24/120_2.2_150_2.5: OK
26.04.24/120_2.2_200_2.8: OK
26.04.24/120_2_120_2: OK
26.04.24/150_2.2_250_3: OK
26.04.24/150_2.2_350_3.5: OK
26.04.24/150_2.2_500_4: OK
26.04.24/60_0.75_60_2: OK
26.04.24/60_1.5_60_1.5: OK
26.04.24/90_0.75_90_2: OK
26.06.02/120_2_120_2: OK
26.06.02/150_2.2_250_3: OK
26.06.02/150_2.2_500_5: OK
26.06.02/60_0.75_60_2: OK
26.06.02/60_1.5_60_1.5: OK
26.06.02/90_0.75_90_2: OK
26.04.21/P100_D0.75_P100_D2: OK
26.04.21/P200_D1.5_P200_D4: OK
26.04.21/P60_D0.75_P60_D2: OK
26.04.21/P70_D0.75_P70_D2: OK
26.04.21/P80_D0.75_P80_D2: OK
26.04.21/P90_D0.75_P90_D2: OK
26.03.24/P100_D3: OK
26.03.24/P40_D0.7: OK
26.03.24/P60_D1.5: OK

=== fs3 ModeA 세션 요약 ===
26.07.22: q1 1.70 q2 2.46 dq1 0.41 dq2 0.59 τ1 0.22 τ2 0.57
26.07.23: q1 1.79 q2 2.47 dq1 0.39 dq2 0.41 τ1 0.34 τ2 0.49
26.07.24: q1 2.35 q2 5.50 dq1 0.50 dq2 0.84 τ1 0.46 τ2 0.37
26.07.25: q1 1.58 q2 1.75 dq1 0.24 dq2 0.20 τ1 0.44 τ2 0.67
26.07.27: q1 1.39 q2 2.27 dq1 0.32 dq2 0.32 τ1 0.27 τ2 0.55
26.04.24: q1 1.59 q2 2.56 dq1 0.24 dq2 0.41 τ1 0.28 τ2 0.64
26.06.02: q1 1.39 q2 2.10 dq1 0.19 dq2 0.31 τ1 0.26 τ2 0.44
26.04.21: q1 1.52 q2 2.66 dq1 0.22 dq2 0.36 τ1 0.24 τ2 0.60
26.03.24: q1 1.57 q2 3.19 dq1 0.26 dq2 0.40 τ1 0.27 τ2 0.62
done
