warm-start from previous mshoot best
warm-start from previous fourbar best
세션 바이어스: {'26.07.22': 1.38, '26.07.23': 0.87, '26.07.24': 0.28, '26.07.25': 2.34, '26.07.27': 1.5, '26.04.24': 0.83, '26.06.02': 0.79, '26.04.21': 0.93, '26.03.24': 0.73}
26.07.22/120_2_120_2: q1 0.51 q2 0.87 dq1 0.29 dq2 0.47 τ1 1.03 τ2 0.62
26.07.22/150_2.2_250_3: q1 0.68 q2 0.94 dq1 0.29 dq2 0.40 τ1 1.33 τ2 0.86
26.07.22/150_3.3_500_5: q1 0.69 q2 1.09 dq1 0.27 dq2 0.35 τ1 1.42 τ2 1.18
26.07.22/60_0.75_60_2: q1 0.96 q2 0.92 dq1 0.27 dq2 0.39 τ1 0.83 τ2 0.84
26.07.22/60_1.5_60_1.5: q1 0.91 q2 0.96 dq1 0.22 dq2 0.29 τ1 0.79 τ2 0.78
26.07.23/150_2.2_250_3: q1 0.96 q2 0.74 dq1 0.46 dq2 0.28 τ1 1.55 τ2 0.87
26.07.23/150_2.2_500_5: q1 0.42 q2 0.78 dq1 0.14 dq2 0.22 τ1 0.83 τ2 0.77
26.07.23/60_0.75_60_2: q1 1.83 q2 1.01 dq1 0.35 dq2 0.65 τ1 1.37 τ2 0.68
26.07.24/150_2.2_250_3: q1 0.58 q2 0.80 dq1 0.27 dq2 0.20 τ1 1.05 τ2 0.92
26.07.24/150_2.2_350_3.5: q1 0.76 q2 0.83 dq1 0.22 dq2 0.18 τ1 1.45 τ2 1.40
26.07.24/150_2.2_500_5: q1 0.34 q2 0.84 dq1 0.17 dq2 0.16 τ1 0.72 τ2 0.85
26.07.25/100_1.5_250_3: q1 1.29 q2 0.85 dq1 0.26 dq2 0.30 τ1 1.35 τ2 0.75
26.07.25/120_2_250_3: q1 1.33 q2 0.89 dq1 0.26 dq2 0.32 τ1 1.67 τ2 0.78
26.07.25/150_2.2_250_3: q1 1.24 q2 0.95 dq1 0.27 dq2 0.29 τ1 1.95 τ2 0.78
26.07.25/200_2.5_250_3: q1 1.06 q2 1.03 dq1 0.27 dq2 0.29 τ1 2.17 τ2 0.82
26.07.27/100_1.5_250_3: q1 0.89 q2 0.76 dq1 0.24 dq2 0.27 τ1 0.96 τ2 0.72
26.07.27/120_2_250_3: q1 0.73 q2 0.75 dq1 0.24 dq2 0.27 τ1 0.98 τ2 0.60
26.07.27/150_2.2_250_3: q1 0.76 q2 0.79 dq1 0.22 dq2 0.25 τ1 1.23 τ2 0.50
26.07.27/200_2.5_250_3: q1 0.64 q2 0.85 dq1 0.22 dq2 0.23 τ1 1.44 τ2 0.60
26.07.27/250_3_250_3: q1 0.55 q2 0.90 dq1 0.21 dq2 0.23 τ1 1.56 τ2 0.66
26.07.27/60_2_250_3: q1 0.89 q2 0.68 dq1 0.24 dq2 0.26 τ1 0.73 τ2 0.55
26.07.27/80_2_250_3: q1 0.94 q2 0.72 dq1 0.25 dq2 0.24 τ1 0.92 τ2 0.60
26.04.24/120_2.2_150_2.5: q1 0.83 q2 1.06 dq1 0.11 dq2 0.33 τ1 1.49 τ2 0.74
26.04.24/120_2.2_200_2.8: q1 0.97 q2 0.67 dq1 0.10 dq2 0.39 τ1 1.63 τ2 0.92
26.04.24/120_2_120_2: q1 0.89 q2 0.60 dq1 0.13 dq2 0.31 τ1 1.57 τ2 0.63
26.04.24/150_2.2_250_3: q1 0.84 q2 0.51 dq1 0.11 dq2 0.40 τ1 1.74 τ2 1.12
26.04.24/150_2.2_350_3.5: q1 0.81 q2 0.48 dq1 0.12 dq2 0.41 τ1 1.74 τ2 1.31
26.04.24/150_2.2_500_4: q1 0.86 q2 0.76 dq1 0.11 dq2 0.39 τ1 1.84 τ2 1.24
26.04.24/60_0.75_60_2: q1 1.55 q2 1.04 dq1 0.17 dq2 0.76 τ1 1.27 τ2 0.91
26.04.24/60_1.5_60_1.5: q1 1.38 q2 1.16 dq1 0.22 dq2 0.52 τ1 1.18 τ2 0.83
26.04.24/90_0.75_90_2: q1 1.86 q2 1.25 dq1 0.19 dq2 0.52 τ1 2.16 τ2 1.20
26.06.02/120_2_120_2: q1 0.52 q2 0.94 dq1 0.27 dq2 0.56 τ1 1.11 τ2 0.68
26.06.02/150_2.2_250_3: q1 0.61 q2 0.50 dq1 0.21 dq2 0.19 τ1 1.38 τ2 0.90
26.06.02/150_2.2_500_5: q1 0.50 q2 0.75 dq1 0.21 dq2 0.34 τ1 1.15 τ2 1.30
26.06.02/60_0.75_60_2: q1 1.25 q2 0.95 dq1 0.13 dq2 0.50 τ1 1.06 τ2 0.77
26.06.02/60_1.5_60_1.5: q1 0.92 q2 1.18 dq1 0.16 dq2 0.42 τ1 0.88 τ2 0.75
26.06.02/90_0.75_90_2: q1 1.09 q2 1.54 dq1 0.16 dq2 0.60 τ1 1.32 τ2 0.88
26.04.21/P100_D0.75_P100_D2: q1 1.37 q2 2.14 dq1 0.23 dq2 0.61 τ1 1.77 τ2 0.87
26.04.21/P200_D1.5_P200_D4: q1 0.99 q2 2.70 dq1 0.35 dq2 0.86 τ1 1.94 τ2 1.50
26.04.21/P60_D0.75_P60_D2: q1 2.34 q2 4.14 dq1 0.31 dq2 0.95 τ1 1.77 τ2 1.06
26.04.21/P70_D0.75_P70_D2: q1 1.69 q2 2.32 dq1 0.19 dq2 0.70 τ1 1.58 τ2 0.73
26.04.21/P80_D0.75_P80_D2: q1 1.92 q2 2.48 dq1 0.23 dq2 0.67 τ1 2.01 τ2 0.99
26.04.21/P90_D0.75_P90_D2: q1 1.52 q2 2.13 dq1 0.20 dq2 0.65 τ1 1.85 τ2 0.83

=== fs2(2단+세션바이어스) 세션 요약 ===
26.07.22: q1 0.75 q2 0.96 dq1 0.27 dq2 0.38 τ1 1.08 τ2 0.86
26.07.23: q1 1.07 q2 0.84 dq1 0.32 dq2 0.38 τ1 1.25 τ2 0.77
26.07.24: q1 0.56 q2 0.82 dq1 0.22 dq2 0.18 τ1 1.07 τ2 1.06
26.07.25: q1 1.23 q2 0.93 dq1 0.27 dq2 0.30 τ1 1.79 τ2 0.78
26.07.27: q1 0.77 q2 0.78 dq1 0.23 dq2 0.25 τ1 1.12 τ2 0.60
26.04.24: q1 1.11 q2 0.84 dq1 0.14 dq2 0.45 τ1 1.62 τ2 0.99
26.06.02: q1 0.81 q2 0.98 dq1 0.19 dq2 0.43 τ1 1.15 τ2 0.88
26.04.21: q1 1.64 q2 2.65 dq1 0.25 dq2 0.74 τ1 1.82 τ2 1.00
done
