=== G72 slip/rolling ALL === 
The frame size for reading (1080, 1920) is different from the source frame size (1920, 1080).
The frame size for reading (1080, 1920) is different from the source frame size (1920, 1080).
The frame size for reading (1080, 1920) is different from the source frame size (1920, 1080).
The frame size for reading (1080, 1920) is different from the source frame size (1920, 1080).
========================================================================================================
★ 슬립·구름 전수 판정 — 자=발 금속판 30mm · r=20mm · + = 화면 오른쪽 = 모델 +x
warm-start from previous mshoot best
warm-start from previous fourbar best
The frame size for reading (1080, 1920) is different from the source frame size (1920, 1080).
The frame size for reading (1080, 1920) is different from the source frame size (1920, 1080).
The frame size for reading (1080, 1920) is different from the source frame size (1920, 1080).
The frame size for reading (1080, 1920) is different from the source frame size (1920, 1080).
The frame size for reading (1080, 1920) is different from the source frame size (1920, 1080).
The frame size for reading (1080, 1920) is different from the source frame size (1920, 1080).
The frame size for reading (1080, 1920) is different from the source frame size (1920, 1080).
The frame size for reading (1080, 1920) is different from the source frame size (1920, 1080).
The frame size for reading (1080, 1920) is different from the source frame size (1920, 1080).
The frame size for reading (1080, 1920) is different from the source frame size (1920, 1080).
The frame size for reading (1080, 1920) is different from the source frame size (1920, 1080).
The frame size for reading (1080, 1920) is different from the source frame size (1920, 1080).
The frame size for reading (1080, 1920) is different from the source frame size (1920, 1080).
The frame size for reading (1080, 1920) is different from the source frame size (1920, 1080).
The frame size for reading (1080, 1920) is different from the source frame size (1920, 1080).
The frame size for reading (1080, 1920) is different from the source frame size (1920, 1080).
The frame size for reading (720, 1280) is different from the source frame size (1280, 720).
The frame size for reading (720, 1280) is different from the source frame size (1280, 720).
The frame size for reading (720, 1280) is different from the source frame size (1280, 720).
The frame size for reading (720, 1280) is different from the source frame size (1280, 720).
The frame size for reading (720, 1280) is different from the source frame size (1280, 720).
The frame size for reading (720, 1280) is different from the source frame size (1280, 720).
The frame size for reading (720, 1280) is different from the source frame size (1280, 720).
The frame size for reading (720, 1280) is different from the source frame size (1280, 720).
The frame size for reading (720, 1280) is different from the source frame size (1280, 720).
The frame size for reading (720, 1280) is different from the source frame size (1280, 720).
The frame size for reading (720, 1280) is different from the source frame size (1280, 720).
The frame size for reading (720, 1280) is different from the source frame size (1280, 720).
The frame size for reading (720, 1280) is different from the source frame size (1280, 720).
The frame size for reading (720, 1280) is different from the source frame size (1280, 720).
The frame size for reading (720, 1280) is different from the source frame size (1280, 720).
The frame size for reading (720, 1280) is different from the source frame size (1280, 720).
The frame size for reading (720, 1280) is different from the source frame size (1280, 720).
The frame size for reading (720, 1280) is different from the source frame size (1280, 720).
The frame size for reading (720, 1280) is different from the source frame size (1280, 720).
The frame size for reading (720, 1280) is different from the source frame size (1280, 720).
The frame size for reading (720, 1280) is different from the source frame size (1280, 720).
The frame size for reading (720, 1280) is different from the source frame size (1280, 720).
The frame size for reading (720, 1280) is different from the source frame size (1280, 720).
^C