
##############################################################################
# 시작 2026-08-11 20:18:10
##############################################################################

  마라톤H 공동 재적합 — 질량·탄성·마찰·변환식을 한꺼번에 맞춘다

  왜: 매달림 실측이 준 관절 마찰값을 하나씩 넣으면 전부 나빠진다. 특히 속도에
      비례하는 항을 실측대로(거의 0) 줄이면 점프 높이가 크게 무너진다. 그 항은
      관절 마찰이 아니라 다른 곳의 손실을 대신 떠맡고 있다는 뜻이고, 그걸 진짜
      물리로 바꾸려면 여러 값을 같이 움직여야 한다. 한 축씩으로는 못 넘는다.

  무엇을: 변환식 두 구조를 각각 최적화해서 맞붙인다.
      ① 지금 것  = 분동 저울 곡선을 쓰되 보정 폭을 상한으로 막음
      ② 새 것    = 곡선을 전액 쓰되 하중에 비례하는 마찰을 뺌
                  (기어·벨트는 전달하는 힘이 클수록 마찰이 커진다 — 토크가 작은
                   매달림 시험에서 안 보이고 도약에서 커지는 이유가 된다)

  점수: 0.40×주입재생 + 0.40×폐루프 + 0.20×점프높이. 현행 스택이 1.0000 이고
        낮을수록 좋다. 별도 보관본(0324)과 위치제어(0421)는 목적함수에서 빠지고
        게이트로만 쓴다. 게이트 5종이 2% 넘게 나빠지면 벌점.

  안 건드림: 발 미끄럼 관련 두 값. 이 점수에 미끄러짐이 안 들어가 있어서 같이
             풀면 점수만 좋아지고 미끄러짐이 조용히 망가진다.

  창을 닫지 마세요. 중간에 꺼도 _GHB_sweep_trials.jsonl 까지는 남습니다.

■ 마라톤H 공동 재적합 — 시간예산 6.0시간 · 작업자 16 개
  준비 중 (엑셀 읽기 + 기준선) …
warm-start from previous mshoot best
warm-start from previous fourbar best
  trial 56 개 · 기준선 세션 10 개
  현행 스택 재확인: 점수 0.9995 (1.0000 이어야 정상)


==============================================================================
■ canon_cap — 축 11 개
    무릎 건마찰               0.15 ~ 0.6       (현행 0.2469)
    힙 건마찰                 0.1 ~ 0.4       (현행 0.2383)
    무릎 속도비례                 0 ~ 0.25      (현행 0.15)
    힙 속도비례                  0 ~ 0.45      (현행 0.312)
    총질량                  3.26 ~ 3.3       (현행 3.28)
    허벅지 무게중심z           -0.01 ~ 0.025     (현행 0)
    힙 스프링                 100 ~ 260       (현행 150)
    힙 명령 지연                 0 ~ 0.006     (현행 0.002)
    무릎 명령 지연                0 ~ 0.006     (현행 0.0025)
    무릎 보정상한                 2 ~ 12        (현행 3.8)
    힙 보정상한                1.2 ~ 10        (현행 2.6)
    [   6.3분] 최고 0.9995  (주입 0.9998 폐루프 0.9999 높이 0.9980 벌점 0.000)
    [   9.3분] 최고 0.9995  (주입 0.9998 폐루프 0.9999 높이 0.9980 벌점 0.000)
    [  12.2분] 최고 0.9995  (주입 0.9998 폐루프 0.9999 높이 0.9980 벌점 0.000)
    [  15.0분] 최고 0.9995  (주입 0.9998 폐루프 0.9999 높이 0.9980 벌점 0.000)
    [  18.1분] 최고 0.9995  (주입 0.9998 폐루프 0.9999 높이 0.9980 벌점 0.000)
    [  21.1분] 최고 0.9995  (주입 0.9998 폐루프 0.9999 높이 0.9980 벌점 0.000)
    [  24.0분] 최고 0.9964  (주입 0.9952 폐루프 1.0213 높이 0.9489 벌점 0.000)
    [  26.8분] 최고 0.9934  (주입 1.0035 폐루프 1.0003 높이 0.9595 벌점 0.000)
    [  29.7분] 최고 0.9925  (주입 0.9985 폐루프 0.9979 높이 0.9698 벌점 0.000)
    [  32.7분] 최고 0.9835  (주입 0.9935 폐루프 1.0009 높이 0.9287 벌점 0.000)
    [  35.8분] 최고 0.9835  (주입 0.9935 폐루프 1.0009 높이 0.9287 벌점 0.000)
    [  38.8분] 최고 0.9832  (주입 0.9995 폐루프 0.9966 높이 0.9238 벌점 0.000)
    [  41.9분] 최고 0.9820  (주입 0.9916 폐루프 0.9930 높이 0.9406 벌점 0.000)
    [  44.9분] 최고 0.9754  (주입 0.9883 폐루프 0.9842 높이 0.9319 벌점 0.000)
    [  48.0분] 최고 0.9740  (주입 0.9904 폐루프 0.9837 높이 0.9219 벌점 0.000)
    [  51.0분] 최고 0.9733  (주입 0.9931 폐루프 0.9829 높이 0.9143 벌점 0.000)
    [  54.1분] 최고 0.9726  (주입 0.9940 폐루프 0.9826 높이 0.9097 벌점 0.000)
    [  57.1분] 최고 0.9726  (주입 0.9940 폐루프 0.9826 높이 0.9097 벌점 0.000)
    [  60.1분] 최고 0.9725  (주입 0.9941 폐루프 0.9794 높이 0.9154 벌점 0.000)
    [  63.0분] 최고 0.9725  (주입 0.9941 폐루프 0.9794 높이 0.9154 벌점 0.000)
    [  65.8분] 최고 0.9694  (주입 0.9886 폐루프 0.9798 높이 0.9099 벌점 0.000)
    [  68.7분] 최고 0.9694  (주입 0.9886 폐루프 0.9798 높이 0.9099 벌점 0.000)
    [  71.7분] 최고 0.9694  (주입 0.9886 폐루프 0.9798 높이 0.9099 벌점 0.000)
    [  74.7분] 최고 0.9691  (주입 0.9857 폐루프 0.9797 높이 0.9148 벌점 0.000)
    [  77.8분] 최고 0.9691  (주입 0.9857 폐루프 0.9797 높이 0.9148 벌점 0.000)
    [  80.7분] 최고 0.9691  (주입 0.9857 폐루프 0.9797 높이 0.9148 벌점 0.000)
    [  83.5분] 최고 0.9691  (주입 0.9857 폐루프 0.9797 높이 0.9148 벌점 0.000)
    [  86.4분] 최고 0.9691  (주입 0.9857 폐루프 0.9797 높이 0.9148 벌점 0.000)
    [  89.3분] 최고 0.9691  (주입 0.9857 폐루프 0.9797 높이 0.9148 벌점 0.000)
    [  92.2분] 최고 0.9686  (주입 0.9839 폐루프 0.9814 높이 0.9125 벌점 0.000)
    [  95.1분] 최고 0.9686  (주입 0.9839 폐루프 0.9814 높이 0.9125 벌점 0.000)
    [  98.2분] 최고 0.9686  (주입 0.9839 폐루프 0.9814 높이 0.9125 벌점 0.000)
    [ 101.2분] 최고 0.9684  (주입 0.9839 폐루프 0.9785 높이 0.9170 벌점 0.000)
    [ 104.3분] 최고 0.9680  (주입 0.9839 폐루프 0.9801 높이 0.9122 벌점 0.000)
    [ 107.3분] 최고 0.9677  (주입 0.9820 폐루프 0.9788 높이 0.9170 벌점 0.000)
    [ 110.4분] 최고 0.9677  (주입 0.9830 폐루프 0.9788 높이 0.9148 벌점 0.000)
    [ 113.4분] 최고 0.9672  (주입 0.9843 폐루프 0.9803 높이 0.9069 벌점 0.000)
    [ 116.5분] 최고 0.9672  (주입 0.9843 폐루프 0.9803 높이 0.9069 벌점 0.000)
    [ 119.5분] 최고 0.9672  (주입 0.9843 폐루프 0.9803 높이 0.9069 벌점 0.000)
    [ 122.6분] 최고 0.9672  (주입 0.9843 폐루프 0.9803 높이 0.9069 벌점 0.000)
    [ 125.6분] 최고 0.9672  (주입 0.9843 폐루프 0.9803 높이 0.9069 벌점 0.000)
    [ 128.7분] 최고 0.9672  (주입 0.9843 폐루프 0.9803 높이 0.9069 벌점 0.000)
    [ 131.7분] 최고 0.9672  (주입 0.9843 폐루프 0.9803 높이 0.9069 벌점 0.000)
    [ 134.7분] 최고 0.9672  (주입 0.9843 폐루프 0.9803 높이 0.9069 벌점 0.000)
    [ 137.6분] 최고 0.9672  (주입 0.9843 폐루프 0.9803 높이 0.9069 벌점 0.000)
    [ 140.5분] 최고 0.9672  (주입 0.9806 폐루프 0.9814 높이 0.9117 벌점 0.000)
    [ 143.4분] 최고 0.9670  (주입 0.9818 폐루프 0.9806 높이 0.9102 벌점 0.000)
    [ 146.2분] 최고 0.9670  (주입 0.9818 폐루프 0.9806 높이 0.9102 벌점 0.000)
    [ 149.1분] 최고 0.9670  (주입 0.9818 폐루프 0.9806 높이 0.9102 벌점 0.000)
    [ 152.0분] 최고 0.9670  (주입 0.9818 폐루프 0.9806 높이 0.9102 벌점 0.000)
    [ 154.9분] 최고 0.9670  (주입 0.9818 폐루프 0.9806 높이 0.9102 벌점 0.000)
    [ 157.8분] 최고 0.9670  (주입 0.9818 폐루프 0.9806 높이 0.9102 벌점 0.000)
    [ 160.6분] 최고 0.9665  (주입 0.9845 폐루프 0.9792 높이 0.9052 벌점 0.000)
    [ 163.5분] 최고 0.9663  (주입 0.9835 폐루프 0.9819 높이 0.9006 벌점 0.000)
    [ 166.4분] 최고 0.9663  (주입 0.9835 폐루프 0.9819 높이 0.9006 벌점 0.000)
    [ 169.3분] 최고 0.9663  (주입 0.9835 폐루프 0.9819 높이 0.9006 벌점 0.000)
    [ 172.1분] 최고 0.9663  (주입 0.9835 폐루프 0.9819 높이 0.9006 벌점 0.000)
    [ 175.0분] 최고 0.9663  (주입 0.9835 폐루프 0.9819 높이 0.9006 벌점 0.000)
    [ 177.9분] 최고 0.9663  (주입 0.9835 폐루프 0.9819 높이 0.9006 벌점 0.000)
    [ 180.8분] 최고 0.9663  (주입 0.9835 폐루프 0.9819 높이 0.9006 벌점 0.000)
    전역 탐색 끝 181분 · 평가 15616 회 · 0.96628
    다듬기  1: 0.96561
    다듬기 수렴 (6 바퀴)
  → canon_cap 완료 184분 · 평가 15616 회 · 점수 0.9656

==============================================================================
■ canon_fric — 축 13 개
    무릎 건마찰               0.15 ~ 0.6       (현행 0.2469)
    힙 건마찰                 0.1 ~ 0.4       (현행 0.2383)
    무릎 속도비례                 0 ~ 0.25      (현행 0.15)
    힙 속도비례                  0 ~ 0.45      (현행 0.312)
    총질량                  3.26 ~ 3.3       (현행 3.28)
    허벅지 무게중심z           -0.01 ~ 0.025     (현행 0)
    힙 스프링                 100 ~ 260       (현행 150)
    힙 명령 지연                 0 ~ 0.006     (현행 0.002)
    무릎 명령 지연                0 ~ 0.006     (현행 0.0025)
    무릎 하중기울기            0.156 ~ 0.8       (현행 0.4)
    힙 하중기울기             0.004 ~ 0.7       (현행 0.35)
    무릎 속도문턱              0.03 ~ 3         (현행 0.3)
    힙 속도문턱               0.03 ~ 3         (현행 0.3)
    [   5.2분] 최고 3.5656  (주입 1.5394 폐루프 1.0492 높이 3.0934 벌점 1.911)
    [   7.6분] 최고 3.2113  (주입 2.9972 폐루프 1.3052 높이 4.2833 벌점 0.634)
    [   9.9분] 최고 2.6430  (주입 3.3532 폐루프 1.2331 높이 3.5537 벌점 0.098)
    [  12.3분] 최고 1.7782  (주입 1.7216 폐루프 0.9834 높이 2.9599 벌점 0.104)
    [  14.8분] 최고 1.7782  (주입 1.7216 폐루프 0.9834 높이 2.9599 벌점 0.104)
    [  17.1분] 최고 1.7782  (주입 1.7216 폐루프 0.9834 높이 2.9599 벌점 0.104)
    [  19.5분] 최고 1.7552  (주입 1.7757 폐루프 1.0133 높이 3.1980 벌점 0.000)
    [  21.9분] 최고 1.7552  (주입 1.7757 폐루프 1.0133 높이 3.1980 벌점 0.000)
    [  24.3분] 최고 1.7367  (주입 1.7589 폐루프 0.9932 높이 3.1792 벌점 0.000)
    [  26.7분] 최고 1.7367  (주입 1.7589 폐루프 0.9932 높이 3.1792 벌점 0.000)
    [  29.1분] 최고 1.7039  (주입 1.7815 폐루프 1.0429 높이 2.8707 벌점 0.000)
    [  31.5분] 최고 1.5104  (주입 1.5411 폐루프 0.9711 높이 2.5275 벌점 0.000)
    [  33.9분] 최고 1.5104  (주입 1.5411 폐루프 0.9711 높이 2.5275 벌점 0.000)
    [  36.3분] 최고 1.5104  (주입 1.5411 폐루프 0.9711 높이 2.5275 벌점 0.000)
    [  38.7분] 최고 1.5104  (주입 1.5411 폐루프 0.9711 높이 2.5275 벌점 0.000)
    [  41.1분] 최고 1.4779  (주입 1.4813 폐루프 0.9735 높이 2.4797 벌점 0.000)
    [  43.5분] 최고 1.4779  (주입 1.4813 폐루프 0.9735 높이 2.4797 벌점 0.000)
    [  45.9분] 최고 1.4779  (주입 1.4813 폐루프 0.9735 높이 2.4797 벌점 0.000)
    [  48.3분] 최고 1.4681  (주입 1.5019 폐루프 0.9826 높이 2.3713 벌점 0.000)
    [  50.7분] 최고 1.4578  (주입 1.5097 폐루프 0.9811 높이 2.3077 벌점 0.000)
    [  53.1분] 최고 1.4578  (주입 1.5097 폐루프 0.9811 높이 2.3077 벌점 0.000)
    [  55.5분] 최고 1.4578  (주입 1.5097 폐루프 0.9811 높이 2.3077 벌점 0.000)
    [  57.9분] 최고 1.4578  (주입 1.5097 폐루프 0.9811 높이 2.3077 벌점 0.000)
    [  60.3분] 최고 1.4477  (주입 1.4153 폐루프 1.0020 높이 2.2583 벌점 0.029)
    [  62.7분] 최고 1.4449  (주입 1.4410 폐루프 1.0248 높이 2.2928 벌점 0.000)
    [  65.1분] 최고 1.4449  (주입 1.4410 폐루프 1.0248 높이 2.2928 벌점 0.000)
    [  67.5분] 최고 1.4449  (주입 1.4410 폐루프 1.0248 높이 2.2928 벌점 0.000)
    [  69.9분] 최고 1.4449  (주입 1.4410 폐루프 1.0248 높이 2.2928 벌점 0.000)
    [  72.3분] 최고 1.4449  (주입 1.4410 폐루프 1.0248 높이 2.2928 벌점 0.000)
    [  74.7분] 최고 1.4433  (주입 1.4207 폐루프 0.9772 높이 2.4210 벌점 0.000)
    [  77.0분] 최고 1.4429  (주입 1.4359 폐루프 0.9755 높이 2.3918 벌점 0.000)
    [  79.4분] 최고 1.4250  (주입 1.4402 폐루프 0.9736 높이 2.2974 벌점 0.000)
    [  81.8분] 최고 1.4105  (주입 1.4114 폐루프 0.9810 높이 2.2676 벌점 0.000)
    [  84.2분] 최고 1.3784  (주입 1.3590 폐루프 1.0110 높이 2.1518 벌점 0.000)
    [  86.6분] 최고 1.3784  (주입 1.3590 폐루프 1.0110 높이 2.1518 벌점 0.000)
    [  89.0분] 최고 1.3784  (주입 1.3590 폐루프 1.0110 높이 2.1518 벌점 0.000)
    [  91.4분] 최고 1.3784  (주입 1.3590 폐루프 1.0110 높이 2.1518 벌점 0.000)
    [  93.8분] 최고 1.3784  (주입 1.3590 폐루프 1.0110 높이 2.1518 벌점 0.000)
    [  96.2분] 최고 1.3784  (주입 1.3590 폐루프 1.0110 높이 2.1518 벌점 0.000)
    [  98.6분] 최고 1.3733  (주입 1.3703 폐루프 1.0116 높이 2.1025 벌점 0.000)
    [ 100.9분] 최고 1.3733  (주입 1.3703 폐루프 1.0116 높이 2.1025 벌점 0.000)
    [ 103.3분] 최고 1.3733  (주입 1.3703 폐루프 1.0116 높이 2.1025 벌점 0.000)
    [ 105.7분] 최고 1.3733  (주입 1.3703 폐루프 1.0116 높이 2.1025 벌점 0.000)
    [ 108.1분] 최고 1.3733  (주입 1.3703 폐루프 1.0116 높이 2.1025 벌점 0.000)
    [ 110.5분] 최고 1.3733  (주입 1.3703 폐루프 1.0116 높이 2.1025 벌점 0.000)
    [ 112.9분] 최고 1.3733  (주입 1.3703 폐루프 1.0116 높이 2.1025 벌점 0.000)
    [ 115.2분] 최고 1.3733  (주입 1.3703 폐루프 1.0116 높이 2.1025 벌점 0.000)
    [ 117.6분] 최고 1.3733  (주입 1.3703 폐루프 1.0116 높이 2.1025 벌점 0.000)
    [ 120.0분] 최고 1.3733  (주입 1.3703 폐루프 1.0116 높이 2.1025 벌점 0.000)
    [ 122.4분] 최고 1.3712  (주입 1.3705 폐루프 1.0159 높이 2.0829 벌점 0.000)
    [ 124.8분] 최고 1.3712  (주입 1.3705 폐루프 1.0159 높이 2.0829 벌점 0.000)
    [ 127.2분] 최고 1.3712  (주입 1.3705 폐루프 1.0159 높이 2.0829 벌점 0.000)
    [ 129.6분] 최고 1.3712  (주입 1.3705 폐루프 1.0159 높이 2.0829 벌점 0.000)
    [ 132.0분] 최고 1.3712  (주입 1.3705 폐루프 1.0159 높이 2.0829 벌점 0.000)
    [ 134.3분] 최고 1.3712  (주입 1.3705 폐루프 1.0159 높이 2.0829 벌점 0.000)
    [ 136.7분] 최고 1.3712  (주입 1.3705 폐루프 1.0159 높이 2.0829 벌점 0.000)
    [ 139.1분] 최고 1.3712  (주입 1.3705 폐루프 1.0159 높이 2.0829 벌점 0.000)
    [ 141.5분] 최고 1.3712  (주입 1.3705 폐루프 1.0159 높이 2.0829 벌점 0.000)
    [ 143.9분] 최고 1.3712  (주입 1.3705 폐루프 1.0159 높이 2.0829 벌점 0.000)
    [ 146.2분] 최고 1.3712  (주입 1.3705 폐루프 1.0159 높이 2.0829 벌점 0.000)
    [ 148.6분] 최고 1.3712  (주입 1.3705 폐루프 1.0159 높이 2.0829 벌점 0.000)
    [ 151.0분] 최고 1.3712  (주입 1.3705 폐루프 1.0159 높이 2.0829 벌점 0.000)
    [ 153.4분] 최고 1.3657  (주입 1.3538 폐루프 1.0079 높이 2.0804 벌점 0.005)
    [ 155.8분] 최고 1.3657  (주입 1.3538 폐루프 1.0079 높이 2.0804 벌점 0.005)
    [ 158.2분] 최고 1.3657  (주입 1.3538 폐루프 1.0079 높이 2.0804 벌점 0.005)
    [ 160.6분] 최고 1.3657  (주입 1.3538 폐루프 1.0079 높이 2.0804 벌점 0.005)
    [ 162.9분] 최고 1.3657  (주입 1.3538 폐루프 1.0079 높이 2.0804 벌점 0.005)
    [ 165.3분] 최고 1.3657  (주입 1.3538 폐루프 1.0079 높이 2.0804 벌점 0.005)
    [ 167.7분] 최고 1.3657  (주입 1.3538 폐루프 1.0079 높이 2.0804 벌점 0.005)
    [ 170.1분] 최고 1.3657  (주입 1.3538 폐루프 1.0079 높이 2.0804 벌점 0.005)
    [ 172.5분] 최고 1.3657  (주입 1.3538 폐루프 1.0079 높이 2.0804 벌점 0.005)
    [ 174.9분] 최고 1.3657  (주입 1.3538 폐루프 1.0079 높이 2.0804 벌점 0.005)
    [ 177.2분] 최고 1.3657  (주입 1.3538 폐루프 1.0079 높이 2.0804 벌점 0.005)
    [ 179.6분] 최고 1.3657  (주입 1.3538 폐루프 1.0079 높이 2.0804 벌점 0.005)
    [ 182.0분] 최고 1.3635  (주입 1.3569 폐루프 1.0033 높이 2.0971 벌점 0.000)
    전역 탐색 끝 182분 · 평가 19456 회 · 1.36350
    다듬기  1: 1.36294
    다듬기  2: 1.36182
    다듬기  7: 1.36168
    다듬기 수렴 (8 바퀴)
  → canon_fric 완료 185분 · 평가 19456 회 · 점수 1.3617

==============================================================================
■ 맞대결
구조                 점수      주입재생      폐루프      점프높이      벌점
현행 스택          1.0000    1.0000   1.0000    1.0000   0.000
canon_cap      0.9656    0.9835   0.9802    0.9006   0.000
canon_fric     1.3617    1.3569   0.9987    2.0971   0.000

── canon_cap 최적값
    무릎 건마찰              0.28800  (현행 0.2469)
    힙 건마찰               0.30262  (현행 0.2383)
    무릎 속도비례             0.16166  (현행 0.15)
    힙 속도비례              0.09636  (현행 0.312)
    총질량                 3.29881  (현행 3.28)
    허벅지 무게중심z          -0.00189  (현행 0)
    힙 스프링             138.53437  (현행 150)
    힙 명령 지연             0.00317  (현행 0.002)
    무릎 명령 지연            0.00292  (현행 0.0025)
    무릎 보정상한             3.73281  (현행 3.8)
    힙 보정상한              2.30926  (현행 2.6)
    게이트: 26.03.24MA +0.7% · 26.04.21MA -2.3% · 26.04.29MA -4.0% · 26.04.21CL -11.2% · 26.04.29CL +0.7%

── canon_fric 최적값
    무릎 건마찰              0.55774  (현행 0.2469)
    힙 건마찰               0.34427  (현행 0.2383)
    무릎 속도비례             0.01197  (현행 0.15)
    힙 속도비례              0.30995  (현행 0.312)
    총질량                 3.29586  (현행 3.28)
    허벅지 무게중심z          -0.00607  (현행 0)
    힙 스프링             146.97229  (현행 150)
    힙 명령 지연             0.00259  (현행 0.002)
    무릎 명령 지연            0.00384  (현행 0.0025)
    무릎 하중기울기            0.34909  (현행 0.4)
    힙 하중기울기             0.25945  (현행 0.35)
    무릎 속도문턱             0.64493  (현행 0.3)
    힙 속도문턱              0.61350  (현행 0.3)
    게이트: 26.03.24MA +2.0% · 26.04.21MA -0.8% · 26.04.29MA -0.7% · 26.04.21CL +1.7% · 26.04.29CL +2.0%

저장 → C:\Users\junho\Documents\jump-opt-digital-twin\code\goal23_fullspan\_GHB_sweep.json
