warm-start from previous mshoot best
warm-start from previous fourbar best
gif 120_2.2_150_2.5__A
gif 120_2.2_150_2.5__CL
gif 120_2.2_200_2.8__A
gif 120_2.2_200_2.8__CL
gif 120_2_120_2__A
gif 120_2_120_2__CL
gif 150_2.2_250_3__A
gif 150_2.2_250_3__CL
gif 150_2.2_350_3.5__A
gif 150_2.2_350_3.5__CL
gif 150_2.2_500_4__A
gif 150_2.2_500_4__CL
gif 60_0.75_60_2__A
gif 60_0.75_60_2__CL
gif 60_1.5_60_1.5__A
gif 60_1.5_60_1.5__CL
gif 90_0.75_90_2__A
gif 90_0.75_90_2__CL
gif 90_1.5_90_2.5__A
gif 90_1.5_90_2.5__CL
DONE
