trial                        jt      label              V1 kp/kd(R2)              V2 kp/kd(R2)  cff  sat
jump_0324/P40_D0.7           1     40/0.70     90.3/-1.01(0.321)     54.5/-0.87(0.931)  +0.880    0  <-V2
jump_0324/P40_D0.7           2     40/0.70     62.4/-0.11(-0.069)     62.2/ 0.00(-0.098)  +1.009   24  <-V1
jump_0324/P60_D1.5           1     60/1.50     26.2/-0.41(-0.205)     53.5/-0.80(0.885)  +0.819    0  <-V2
jump_0324/P60_D1.5           2     60/1.50    106.3/-0.58(-0.269)     86.6/-0.42(-0.291)  +1.171   11  <-V1
jump_0324/P100_D3            1    100/3.00     49.8/-0.51(0.494)     65.7/-0.61(0.892)  +0.585    0  <-V2
jump_0324/P100_D3            2    100/3.00    121.3/-0.89(-1.097)     89.7/-0.72(-0.431)  +1.335   19  <-V2
jump_position_0421/P60_D0.75_P60_D2 1     60/0.75     39.7/ 0.09(0.968)     45.3/ 0.27(0.982)  -0.086    0  <-V2
jump_position_0421/P60_D0.75_P60_D2 2     60/2.00     37.1/ 1.06(0.940)     54.1/ 1.59(0.992)  +0.015   60  <-V2
jump_position_0421/P70_D0.75_P70_D2 1     70/0.75     44.5/ 0.09(0.954)     51.4/ 0.28(0.975)  -0.087    0  <-V2
jump_position_0421/P70_D0.75_P70_D2 2     70/2.00     41.2/ 1.00(0.944)     61.3/ 1.52(0.989)  +0.023   52  <-V2
jump_position_0421/P80_D0.75_P80_D2 1     80/0.75     48.5/ 0.07(0.967)     54.8/ 0.22(0.979)  -0.076    0  <-V2
jump_position_0421/P80_D0.75_P80_D2 2     80/2.00     52.3/ 1.12(0.955)     71.4/ 1.53(0.988)  -0.004   66  <-V2
jump_position_0421/P90_D0.75_P90_D2 1     90/0.75     51.5/ 0.09(0.940)     60.0/ 0.25(0.963)  -0.078    0  <-V2
jump_position_0421/P90_D0.75_P90_D2 2     90/2.00     57.1/ 1.07(0.952)     79.1/ 1.47(0.989)  -0.002   63  <-V2
jump_position_0421/P100_D0.75_P100_D2 1    100/0.75     57.4/ 0.09(0.920)     67.1/ 0.26(0.946)  -0.095    0  <-V2
jump_position_0421/P100_D0.75_P100_D2 2    100/2.00     62.9/ 1.04(0.955)     85.9/ 1.39(0.987)  +0.015   62  <-V2
jump_position_0421/P200_D1.5_P200_D4 1    200/1.50     71.1/ 0.16(0.634)    110.9/ 0.68(0.786)  -0.260    0  <-V2
jump_position_0421/P200_D1.5_P200_D4 2    200/4.00     51.7/ 1.05(0.507)    139.5/ 2.70(0.884)  +0.475   23  <-V2
jump_0424/60_0.75_60_2       1     60/0.75     51.6/ 0.21(0.970)     61.0/ 0.25(0.992)  -0.082    0  <-V2
jump_0424/60_0.75_60_2       2     60/2.00     62.2/ 1.17(0.820)     89.3/ 1.61(0.849)  -0.116   64  <-V2
jump_0424/60_1.5_60_1.5      1     60/1.50     53.8/ 0.57(0.924)     77.1/ 0.62(0.919)  -0.158    0  <-V1
jump_0424/60_1.5_60_1.5      2     60/1.50     60.1/ 0.92(0.938)     80.9/ 1.17(0.963)  -0.114   59  <-V2
jump_0424/90_0.75_90_2       1     90/0.75     64.8/ 0.12(0.933)     74.2/ 0.15(0.955)  -0.071    0  <-V2
jump_0424/90_0.75_90_2       2     90/2.00     90.3/ 0.79(0.899)    110.3/ 0.94(0.956)  +0.034   79  <-V2
jump_0424/120_2_120_2        1    120/2.00     84.0/ 0.47(0.751)    123.0/ 0.45(0.942)  -0.240    0  <-V2
jump_0424/120_2_120_2        2    120/2.00    107.4/ 0.58(0.847)    131.0/ 0.67(0.941)  +0.209   68  <-V2
jump_0424/120_2.2_150_2.5    1    120/2.20     83.2/ 0.51(0.685)    124.1/ 0.47(0.933)  -0.267    0  <-V2
jump_0424/120_2.2_150_2.5    2    150/2.50    123.7/ 0.61(0.772)    157.7/ 0.67(0.900)  +0.272   64  <-V2
jump_0424/120_2.2_200_2.8    1    120/2.20     74.2/ 0.52(0.692)    122.4/ 0.45(0.939)  -0.255    0  <-V2
jump_0424/120_2.2_200_2.8    2    200/2.80    149.4/ 0.59(0.505)    193.5/ 0.66(0.781)  +0.430   79  <-V2
jump_0424/150_2.2_250_3      1    150/2.20     76.4/ 0.53(0.596)    144.9/ 0.49(0.918)  -0.269    0  <-V2
jump_0424/150_2.2_250_3      2    250/3.00    163.9/ 0.55(0.556)    222.9/ 0.62(0.776)  +0.493   63  <-V2
jump_0424/150_2.2_350_3.5    1    150/2.20     67.8/ 0.56(0.582)    143.3/ 0.48(0.904)  -0.255    0  <-V2
jump_0424/150_2.2_350_3.5    2    350/3.50    197.6/ 0.56(0.402)    277.8/ 0.66(0.644)  +0.563   57  <-V2
jump_0424/150_2.2_500_4      1    150/2.20     72.8/ 0.50(0.636)    140.8/ 0.47(0.933)  -0.274    0  <-V2
jump_0424/150_2.2_500_4      2    500/4.00    236.1/ 0.57(0.257)    330.3/ 0.64(0.459)  +0.647   58  <-V2
jump_0602/60_0.75_60_2       1     60/0.75     54.0/ 0.22(0.952)     65.9/ 0.39(0.970)  -0.296    0  <-V2
jump_0602/60_0.75_60_2       2     60/2.00     58.0/ 1.52(0.941)     98.7/ 2.62(0.925)  -0.085   61  <-V1
jump_0602/60_1.5_60_1.5      1     60/1.50     53.8/ 0.79(0.959)     84.7/ 1.06(0.888)  -0.294    3  <-V1
jump_0602/60_1.5_60_1.5      2     60/1.50     56.4/ 1.11(0.992)     81.5/ 1.63(0.928)  -0.019   60  <-V1
jump_0602/90_0.75_90_2       1     90/0.75     74.7/ 0.08(0.966)     82.0/ 0.17(0.978)  -0.209    0  <-V2
jump_0602/90_0.75_90_2       2     90/2.00     86.5/ 1.38(0.949)    131.8/ 2.03(0.974)  -0.109   66  <-V2
jump_0602/120_2_120_2        1    120/2.00     94.5/ 0.34(0.789)    129.9/ 0.54(0.916)  -0.527    0  <-V2
jump_0602/120_2_120_2        2    120/2.00    116.6/ 1.14(0.953)    158.6/ 1.43(0.982)  -0.128   66  <-V2
jump_0602/150_2.2_250_3      1    150/2.20    108.1/ 0.45(0.735)    156.8/ 0.59(0.938)  -0.552    0  <-V2
jump_0602/150_2.2_250_3      2    250/3.00    233.7/ 0.06(0.949)    236.4/ 0.04(0.947)  +0.127   84  <-V1
jump_0602/150_2.2_500_5      1    150/2.20    111.1/ 0.43(0.727)    157.3/ 0.56(0.930)  -0.506    3  <-V2
jump_0602/150_2.2_500_5      2    500/5.00    177.8/-0.09(0.599)    166.6/-0.07(0.601)  +0.406   69  <-V2
saved p10_pdlaw.json
warm-start from previous mshoot best
warm-start from previous fourbar best
x0: CL 0.4603 | ModeA w_0421=2474 w_0424=3669 w_0602=2696 fs_0424=1508 fs_0602=814 habs=0 | 0429 86.3
x0 J = 1.0000 (정의상 1.0)
trial                        jt      label              V1 kp/kd(R2)              V2 kp/kd(R2)  cff  sat
jump_0324/P40_D0.7           1     40/0.70     90.3/-1.01(0.321)     54.5/-0.87(0.931)  +0.880    0  <-V2
jump_0324/P40_D0.7           2     40/0.70     62.4/-0.11(-0.069)     62.2/ 0.00(-0.098)  +1.009   24  <-V1
jump_0324/P60_D1.5           1     60/1.50     26.2/-0.41(-0.205)     53.5/-0.80(0.885)  +0.819    0  <-V2
jump_0324/P60_D1.5           2     60/1.50    106.3/-0.58(-0.269)     86.6/-0.42(-0.291)  +1.171   11  <-V1
jump_0324/P100_D3            1    100/3.00     49.8/-0.51(0.494)     65.7/-0.61(0.892)  +0.585    0  <-V2
jump_0324/P100_D3            2    100/3.00    121.3/-0.89(-1.097)     89.7/-0.72(-0.431)  +1.335   19  <-V2
jump_position_0421/P60_D0.75_P60_D2 1     60/0.75     39.7/ 0.09(0.968)     45.3/ 0.27(0.982)  -0.086    0  <-V2
trial                        jt      label              V1 kp/kd(R2)              V2 kp/kd(R2)  cff  sat
jump_0324/P40_D0.7           1     40/0.70     90.3/-1.01(0.321)     54.5/-0.87(0.931)  +0.880    0  <-V2
jump_position_0421/P60_D0.75_P60_D2 2     60/2.00     37.1/ 1.06(0.940)     54.1/ 1.59(0.992)  +0.015   60  <-V2
jump_0324/P40_D0.7           2     40/0.70     62.4/-0.11(-0.069)     62.2/ 0.00(-0.098)  +1.009   24  <-V1
jump_position_0421/P70_D0.75_P70_D2 1     70/0.75     44.5/ 0.09(0.954)     51.4/ 0.28(0.975)  -0.087    0  <-V2
jump_0324/P60_D1.5           1     60/1.50     26.2/-0.41(-0.205)     53.5/-0.80(0.885)  +0.819    0  <-V2
jump_position_0421/P70_D0.75_P70_D2 2     70/2.00     41.2/ 1.00(0.944)     61.3/ 1.52(0.989)  +0.023   52  <-V2
jump_0324/P60_D1.5           2     60/1.50    106.3/-0.58(-0.269)     86.6/-0.42(-0.291)  +1.171   11  <-V1
jump_position_0421/P80_D0.75_P80_D2 1     80/0.75     48.5/ 0.07(0.967)     54.8/ 0.22(0.979)  -0.076    0  <-V2
jump_0324/P100_D3            1    100/3.00     49.8/-0.51(0.494)     65.7/-0.61(0.892)  +0.585    0  <-V2
jump_position_0421/P80_D0.75_P80_D2 2     80/2.00     52.3/ 1.12(0.955)     71.4/ 1.53(0.988)  -0.004   66  <-V2
jump_0324/P100_D3            2    100/3.00    121.3/-0.89(-1.097)     89.7/-0.72(-0.431)  +1.335   19  <-V2
jump_position_0421/P60_D0.75_P60_D2 1     60/0.75     39.7/ 0.09(0.968)     45.3/ 0.27(0.982)  -0.086    0  <-V2
jump_position_0421/P90_D0.75_P90_D2 1     90/0.75     51.5/ 0.09(0.940)     60.0/ 0.25(0.963)  -0.078    0  <-V2
jump_position_0421/P60_D0.75_P60_D2 2     60/2.00     37.1/ 1.06(0.940)     54.1/ 1.59(0.992)  +0.015   60  <-V2
jump_position_0421/P90_D0.75_P90_D2 2     90/2.00     57.1/ 1.07(0.952)     79.1/ 1.47(0.989)  -0.002   63  <-V2
jump_position_0421/P70_D0.75_P70_D2 1     70/0.75     44.5/ 0.09(0.954)     51.4/ 0.28(0.975)  -0.087    0  <-V2
jump_position_0421/P100_D0.75_P100_D2 1    100/0.75     57.4/ 0.09(0.920)     67.1/ 0.26(0.946)  -0.095    0  <-V2
jump_position_0421/P70_D0.75_P70_D2 2     70/2.00     41.2/ 1.00(0.944)     61.3/ 1.52(0.989)  +0.023   52  <-V2
jump_position_0421/P100_D0.75_P100_D2 2    100/2.00     62.9/ 1.04(0.955)     85.9/ 1.39(0.987)  +0.015   62  <-V2
trial                        jt      label              V1 kp/kd(R2)              V2 kp/kd(R2)  cff  sat
jump_0324/P40_D0.7           1     40/0.70     90.3/-1.01(0.321)     54.5/-0.87(0.931)  +0.880    0  <-V2
jump_position_0421/P80_D0.75_P80_D2 1     80/0.75     48.5/ 0.07(0.967)     54.8/ 0.22(0.979)  -0.076    0  <-V2
jump_0324/P40_D0.7           2     40/0.70     62.4/-0.11(-0.069)     62.2/ 0.00(-0.098)  +1.009   24  <-V1
jump_position_0421/P80_D0.75_P80_D2 2     80/2.00     52.3/ 1.12(0.955)     71.4/ 1.53(0.988)  -0.004   66  <-V2
jump_0324/P60_D1.5           1     60/1.50     26.2/-0.41(-0.205)     53.5/-0.80(0.885)  +0.819    0  <-V2
jump_0324/P60_D1.5           2     60/1.50    106.3/-0.58(-0.269)     86.6/-0.42(-0.291)  +1.171   11  <-V1
jump_position_0421/P90_D0.75_P90_D2 1     90/0.75     51.5/ 0.09(0.940)     60.0/ 0.25(0.963)  -0.078    0  <-V2
jump_position_0421/P200_D1.5_P200_D4 1    200/1.50     71.1/ 0.16(0.634)    110.9/ 0.68(0.786)  -0.260    0  <-V2
jump_position_0421/P90_D0.75_P90_D2 2     90/2.00     57.1/ 1.07(0.952)     79.1/ 1.47(0.989)  -0.002   63  <-V2
jump_0324/P100_D3            1    100/3.00     49.8/-0.51(0.494)     65.7/-0.61(0.892)  +0.585    0  <-V2
jump_position_0421/P200_D1.5_P200_D4 2    200/4.00     51.7/ 1.05(0.507)    139.5/ 2.70(0.884)  +0.475   23  <-V2
jump_position_0421/P100_D0.75_P100_D2 1    100/0.75     57.4/ 0.09(0.920)     67.1/ 0.26(0.946)  -0.095    0  <-V2
jump_0324/P100_D3            2    100/3.00    121.3/-0.89(-1.097)     89.7/-0.72(-0.431)  +1.335   19  <-V2
jump_0424/60_0.75_60_2       1     60/0.75     51.6/ 0.21(0.970)     61.0/ 0.25(0.992)  -0.082    0  <-V2
jump_position_0421/P100_D0.75_P100_D2 2    100/2.00     62.9/ 1.04(0.955)     85.9/ 1.39(0.987)  +0.015   62  <-V2
jump_position_0421/P60_D0.75_P60_D2 1     60/0.75     39.7/ 0.09(0.968)     45.3/ 0.27(0.982)  -0.086    0  <-V2
jump_0424/60_0.75_60_2       2     60/2.00     62.2/ 1.17(0.820)     89.3/ 1.61(0.849)  -0.116   64  <-V2
jump_position_0421/P60_D0.75_P60_D2 2     60/2.00     37.1/ 1.06(0.940)     54.1/ 1.59(0.992)  +0.015   60  <-V2
jump_0424/60_1.5_60_1.5      1     60/1.50     53.8/ 0.57(0.924)     77.1/ 0.62(0.919)  -0.158    0  <-V1
trial                        jt      label              V1 kp/kd(R2)              V2 kp/kd(R2)  cff  sat
jump_0324/P40_D0.7           1     40/0.70     90.3/-1.01(0.321)     54.5/-0.87(0.931)  +0.880    0  <-V2
jump_position_0421/P70_D0.75_P70_D2 1     70/0.75     44.5/ 0.09(0.954)     51.4/ 0.28(0.975)  -0.087    0  <-V2
jump_0424/60_1.5_60_1.5      2     60/1.50     60.1/ 0.92(0.938)     80.9/ 1.17(0.963)  -0.114   59  <-V2
jump_position_0421/P200_D1.5_P200_D4 1    200/1.50     71.1/ 0.16(0.634)    110.9/ 0.68(0.786)  -0.260    0  <-V2
jump_0324/P40_D0.7           2     40/0.70     62.4/-0.11(-0.069)     62.2/ 0.00(-0.098)  +1.009   24  <-V1
jump_position_0421/P70_D0.75_P70_D2 2     70/2.00     41.2/ 1.00(0.944)     61.3/ 1.52(0.989)  +0.023   52  <-V2
jump_0424/90_0.75_90_2       1     90/0.75     64.8/ 0.12(0.933)     74.2/ 0.15(0.955)  -0.071    0  <-V2
jump_0324/P60_D1.5           1     60/1.50     26.2/-0.41(-0.205)     53.5/-0.80(0.885)  +0.819    0  <-V2
jump_position_0421/P200_D1.5_P200_D4 2    200/4.00     51.7/ 1.05(0.507)    139.5/ 2.70(0.884)  +0.475   23  <-V2
jump_position_0421/P80_D0.75_P80_D2 1     80/0.75     48.5/ 0.07(0.967)     54.8/ 0.22(0.979)  -0.076    0  <-V2
jump_0424/90_0.75_90_2       2     90/2.00     90.3/ 0.79(0.899)    110.3/ 0.94(0.956)  +0.034   79  <-V2
jump_0324/P60_D1.5           2     60/1.50    106.3/-0.58(-0.269)     86.6/-0.42(-0.291)  +1.171   11  <-V1
jump_0424/60_0.75_60_2       1     60/0.75     51.6/ 0.21(0.970)     61.0/ 0.25(0.992)  -0.082    0  <-V2
jump_0424/120_2_120_2        1    120/2.00     84.0/ 0.47(0.751)    123.0/ 0.45(0.942)  -0.240    0  <-V2
jump_position_0421/P80_D0.75_P80_D2 2     80/2.00     52.3/ 1.12(0.955)     71.4/ 1.53(0.988)  -0.004   66  <-V2
jump_0424/60_0.75_60_2       2     60/2.00     62.2/ 1.17(0.820)     89.3/ 1.61(0.849)  -0.116   64  <-V2
jump_0324/P100_D3            1    100/3.00     49.8/-0.51(0.494)     65.7/-0.61(0.892)  +0.585    0  <-V2
jump_0424/120_2_120_2        2    120/2.00    107.4/ 0.58(0.847)    131.0/ 0.67(0.941)  +0.209   68  <-V2
jump_position_0421/P90_D0.75_P90_D2 1     90/0.75     51.5/ 0.09(0.940)     60.0/ 0.25(0.963)  -0.078    0  <-V2
jump_0424/60_1.5_60_1.5      1     60/1.50     53.8/ 0.57(0.924)     77.1/ 0.62(0.919)  -0.158    0  <-V1
jump_0324/P100_D3            2    100/3.00    121.3/-0.89(-1.097)     89.7/-0.72(-0.431)  +1.335   19  <-V2
jump_0424/120_2.2_150_2.5    1    120/2.20     83.2/ 0.51(0.685)    124.1/ 0.47(0.933)  -0.267    0  <-V2
jump_position_0421/P90_D0.75_P90_D2 2     90/2.00     57.1/ 1.07(0.952)     79.1/ 1.47(0.989)  -0.002   63  <-V2
trial                        jt      label              V1 kp/kd(R2)              V2 kp/kd(R2)  cff  sat
jump_0324/P40_D0.7           1     40/0.70     90.3/-1.01(0.321)     54.5/-0.87(0.931)  +0.880    0  <-V2
jump_0424/60_1.5_60_1.5      2     60/1.50     60.1/ 0.92(0.938)     80.9/ 1.17(0.963)  -0.114   59  <-V2
jump_position_0421/P60_D0.75_P60_D2 1     60/0.75     39.7/ 0.09(0.968)     45.3/ 0.27(0.982)  -0.086    0  <-V2
jump_0324/P40_D0.7           2     40/0.70     62.4/-0.11(-0.069)     62.2/ 0.00(-0.098)  +1.009   24  <-V1
jump_0424/120_2.2_150_2.5    2    150/2.50    123.7/ 0.61(0.772)    157.7/ 0.67(0.900)  +0.272   64  <-V2
jump_position_0421/P100_D0.75_P100_D2 1    100/0.75     57.4/ 0.09(0.920)     67.1/ 0.26(0.946)  -0.095    0  <-V2
jump_position_0421/P60_D0.75_P60_D2 2     60/2.00     37.1/ 1.06(0.940)     54.1/ 1.59(0.992)  +0.015   60  <-V2
jump_0424/90_0.75_90_2       1     90/0.75     64.8/ 0.12(0.933)     74.2/ 0.15(0.955)  -0.071    0  <-V2
jump_0324/P60_D1.5           1     60/1.50     26.2/-0.41(-0.205)     53.5/-0.80(0.885)  +0.819    0  <-V2
jump_position_0421/P100_D0.75_P100_D2 2    100/2.00     62.9/ 1.04(0.955)     85.9/ 1.39(0.987)  +0.015   62  <-V2
jump_0424/120_2.2_200_2.8    1    120/2.20     74.2/ 0.52(0.692)    122.4/ 0.45(0.939)  -0.255    0  <-V2
jump_position_0421/P70_D0.75_P70_D2 1     70/0.75     44.5/ 0.09(0.954)     51.4/ 0.28(0.975)  -0.087    0  <-V2
jump_0424/90_0.75_90_2       2     90/2.00     90.3/ 0.79(0.899)    110.3/ 0.94(0.956)  +0.034   79  <-V2
jump_0324/P60_D1.5           2     60/1.50    106.3/-0.58(-0.269)     86.6/-0.42(-0.291)  +1.171   11  <-V1
jump_0424/120_2.2_200_2.8    2    200/2.80    149.4/ 0.59(0.505)    193.5/ 0.66(0.781)  +0.430   79  <-V2
jump_0424/120_2_120_2        1    120/2.00     84.0/ 0.47(0.751)    123.0/ 0.45(0.942)  -0.240    0  <-V2
jump_position_0421/P70_D0.75_P70_D2 2     70/2.00     41.2/ 1.00(0.944)     61.3/ 1.52(0.989)  +0.023   52  <-V2
jump_0324/P100_D3            1    100/3.00     49.8/-0.51(0.494)     65.7/-0.61(0.892)  +0.585    0  <-V2
jump_0424/120_2_120_2        2    120/2.00    107.4/ 0.58(0.847)    131.0/ 0.67(0.941)  +0.209   68  <-V2
jump_position_0421/P80_D0.75_P80_D2 1     80/0.75     48.5/ 0.07(0.967)     54.8/ 0.22(0.979)  -0.076    0  <-V2
jump_0424/150_2.2_250_3      1    150/2.20     76.4/ 0.53(0.596)    144.9/ 0.49(0.918)  -0.269    0  <-V2
jump_position_0421/P200_D1.5_P200_D4 1    200/1.50     71.1/ 0.16(0.634)    110.9/ 0.68(0.786)  -0.260    0  <-V2
jump_0424/120_2.2_150_2.5    1    120/2.20     83.2/ 0.51(0.685)    124.1/ 0.47(0.933)  -0.267    0  <-V2
jump_position_0421/P80_D0.75_P80_D2 2     80/2.00     52.3/ 1.12(0.955)     71.4/ 1.53(0.988)  -0.004   66  <-V2
jump_0324/P100_D3            2    100/3.00    121.3/-0.89(-1.097)     89.7/-0.72(-0.431)  +1.335   19  <-V2
jump_0424/150_2.2_250_3      2    250/3.00    163.9/ 0.55(0.556)    222.9/ 0.62(0.776)  +0.493   63  <-V2
jump_position_0421/P200_D1.5_P200_D4 2    200/4.00     51.7/ 1.05(0.507)    139.5/ 2.70(0.884)  +0.475   23  <-V2
jump_0424/120_2.2_150_2.5    2    150/2.50    123.7/ 0.61(0.772)    157.7/ 0.67(0.900)  +0.272   64  <-V2
jump_0424/150_2.2_350_3.5    1    150/2.20     67.8/ 0.56(0.582)    143.3/ 0.48(0.904)  -0.255    0  <-V2
jump_position_0421/P60_D0.75_P60_D2 1     60/0.75     39.7/ 0.09(0.968)     45.3/ 0.27(0.982)  -0.086    0  <-V2
jump_position_0421/P90_D0.75_P90_D2 1     90/0.75     51.5/ 0.09(0.940)     60.0/ 0.25(0.963)  -0.078    0  <-V2
trial                        jt      label              V1 kp/kd(R2)              V2 kp/kd(R2)  cff  sat
jump_0324/P40_D0.7           1     40/0.70     90.3/-1.01(0.321)     54.5/-0.87(0.931)  +0.880    0  <-V2
jump_0424/60_0.75_60_2       1     60/0.75     51.6/ 0.21(0.970)     61.0/ 0.25(0.992)  -0.082    0  <-V2
jump_0424/120_2.2_200_2.8    1    120/2.20     74.2/ 0.52(0.692)    122.4/ 0.45(0.939)  -0.255    0  <-V2
jump_0424/150_2.2_350_3.5    2    350/3.50    197.6/ 0.56(0.402)    277.8/ 0.66(0.644)  +0.563   57  <-V2
jump_position_0421/P90_D0.75_P90_D2 2     90/2.00     57.1/ 1.07(0.952)     79.1/ 1.47(0.989)  -0.002   63  <-V2
jump_position_0421/P60_D0.75_P60_D2 2     60/2.00     37.1/ 1.06(0.940)     54.1/ 1.59(0.992)  +0.015   60  <-V2
jump_0424/60_0.75_60_2       2     60/2.00     62.2/ 1.17(0.820)     89.3/ 1.61(0.849)  -0.116   64  <-V2
jump_0424/120_2.2_200_2.8    2    200/2.80    149.4/ 0.59(0.505)    193.5/ 0.66(0.781)  +0.430   79  <-V2
jump_0324/P40_D0.7           2     40/0.70     62.4/-0.11(-0.069)     62.2/ 0.00(-0.098)  +1.009   24  <-V1
jump_0424/150_2.2_500_4      1    150/2.20     72.8/ 0.50(0.636)    140.8/ 0.47(0.933)  -0.274    0  <-V2
jump_position_0421/P100_D0.75_P100_D2 1    100/0.75     57.4/ 0.09(0.920)     67.1/ 0.26(0.946)  -0.095    0  <-V2
jump_position_0421/P70_D0.75_P70_D2 1     70/0.75     44.5/ 0.09(0.954)     51.4/ 0.28(0.975)  -0.087    0  <-V2
jump_0424/60_1.5_60_1.5      1     60/1.50     53.8/ 0.57(0.924)     77.1/ 0.62(0.919)  -0.158    0  <-V1
jump_0324/P60_D1.5           1     60/1.50     26.2/-0.41(-0.205)     53.5/-0.80(0.885)  +0.819    0  <-V2
jump_0424/150_2.2_250_3      1    150/2.20     76.4/ 0.53(0.596)    144.9/ 0.49(0.918)  -0.269    0  <-V2
jump_0424/150_2.2_500_4      2    500/4.00    236.1/ 0.57(0.257)    330.3/ 0.64(0.459)  +0.647   58  <-V2
jump_position_0421/P100_D0.75_P100_D2 2    100/2.00     62.9/ 1.04(0.955)     85.9/ 1.39(0.987)  +0.015   62  <-V2
jump_position_0421/P70_D0.75_P70_D2 2     70/2.00     41.2/ 1.00(0.944)     61.3/ 1.52(0.989)  +0.023   52  <-V2
jump_0424/60_1.5_60_1.5      2     60/1.50     60.1/ 0.92(0.938)     80.9/ 1.17(0.963)  -0.114   59  <-V2
jump_0324/P60_D1.5           2     60/1.50    106.3/-0.58(-0.269)     86.6/-0.42(-0.291)  +1.171   11  <-V1
jump_0424/150_2.2_250_3      2    250/3.00    163.9/ 0.55(0.556)    222.9/ 0.62(0.776)  +0.493   63  <-V2
jump_0602/60_0.75_60_2       1     60/0.75     54.0/ 0.22(0.952)     65.9/ 0.39(0.970)  -0.296    0  <-V2
jump_position_0421/P80_D0.75_P80_D2 1     80/0.75     48.5/ 0.07(0.967)     54.8/ 0.22(0.979)  -0.076    0  <-V2
jump_0424/90_0.75_90_2       1     90/0.75     64.8/ 0.12(0.933)     74.2/ 0.15(0.955)  -0.071    0  <-V2
jump_0324/P100_D3            1    100/3.00     49.8/-0.51(0.494)     65.7/-0.61(0.892)  +0.585    0  <-V2
jump_0424/150_2.2_350_3.5    1    150/2.20     67.8/ 0.56(0.582)    143.3/ 0.48(0.904)  -0.255    0  <-V2
jump_0602/60_0.75_60_2       2     60/2.00     58.0/ 1.52(0.941)     98.7/ 2.62(0.925)  -0.085   61  <-V1
jump_position_0421/P80_D0.75_P80_D2 2     80/2.00     52.3/ 1.12(0.955)     71.4/ 1.53(0.988)  -0.004   66  <-V2
jump_0324/P100_D3            2    100/3.00    121.3/-0.89(-1.097)     89.7/-0.72(-0.431)  +1.335   19  <-V2
jump_0424/150_2.2_350_3.5    2    350/3.50    197.6/ 0.56(0.402)    277.8/ 0.66(0.644)  +0.563   57  <-V2
jump_0424/90_0.75_90_2       2     90/2.00     90.3/ 0.79(0.899)    110.3/ 0.94(0.956)  +0.034   79  <-V2
jump_0602/60_1.5_60_1.5      1     60/1.50     53.8/ 0.79(0.959)     84.7/ 1.06(0.888)  -0.294    3  <-V1
jump_position_0421/P90_D0.75_P90_D2 1     90/0.75     51.5/ 0.09(0.940)     60.0/ 0.25(0.963)  -0.078    0  <-V2
jump_position_0421/P60_D0.75_P60_D2 1     60/0.75     39.7/ 0.09(0.968)     45.3/ 0.27(0.982)  -0.086    0  <-V2
jump_0424/150_2.2_500_4      1    150/2.20     72.8/ 0.50(0.636)    140.8/ 0.47(0.933)  -0.274    0  <-V2
jump_0424/120_2_120_2        1    120/2.00     84.0/ 0.47(0.751)    123.0/ 0.45(0.942)  -0.240    0  <-V2
jump_position_0421/P200_D1.5_P200_D4 1    200/1.50     71.1/ 0.16(0.634)    110.9/ 0.68(0.786)  -0.260    0  <-V2
jump_0602/60_1.5_60_1.5      2     60/1.50     56.4/ 1.11(0.992)     81.5/ 1.63(0.928)  -0.019   60  <-V1
jump_position_0421/P90_D0.75_P90_D2 2     90/2.00     57.1/ 1.07(0.952)     79.1/ 1.47(0.989)  -0.002   63  <-V2
jump_position_0421/P60_D0.75_P60_D2 2     60/2.00     37.1/ 1.06(0.940)     54.1/ 1.59(0.992)  +0.015   60  <-V2
jump_0424/120_2_120_2        2    120/2.00    107.4/ 0.58(0.847)    131.0/ 0.67(0.941)  +0.209   68  <-V2
jump_position_0421/P200_D1.5_P200_D4 2    200/4.00     51.7/ 1.05(0.507)    139.5/ 2.70(0.884)  +0.475   23  <-V2
jump_0602/90_0.75_90_2       1     90/0.75     74.7/ 0.08(0.966)     82.0/ 0.17(0.978)  -0.209    0  <-V2
jump_0424/150_2.2_500_4      2    500/4.00    236.1/ 0.57(0.257)    330.3/ 0.64(0.459)  +0.647   58  <-V2
jump_position_0421/P100_D0.75_P100_D2 1    100/0.75     57.4/ 0.09(0.920)     67.1/ 0.26(0.946)  -0.095    0  <-V2
jump_position_0421/P70_D0.75_P70_D2 1     70/0.75     44.5/ 0.09(0.954)     51.4/ 0.28(0.975)  -0.087    0  <-V2
jump_0424/120_2.2_150_2.5    1    120/2.20     83.2/ 0.51(0.685)    124.1/ 0.47(0.933)  -0.267    0  <-V2
trial                        jt      label              V1 kp/kd(R2)              V2 kp/kd(R2)  cff  sat
jump_0324/P40_D0.7           1     40/0.70     90.3/-1.01(0.321)     54.5/-0.87(0.931)  +0.880    0  <-V2
jump_0602/90_0.75_90_2       2     90/2.00     86.5/ 1.38(0.949)    131.8/ 2.03(0.974)  -0.109   66  <-V2
jump_0424/60_0.75_60_2       1     60/0.75     51.6/ 0.21(0.970)     61.0/ 0.25(0.992)  -0.082    0  <-V2
jump_0602/60_0.75_60_2       1     60/0.75     54.0/ 0.22(0.952)     65.9/ 0.39(0.970)  -0.296    0  <-V2
jump_position_0421/P100_D0.75_P100_D2 2    100/2.00     62.9/ 1.04(0.955)     85.9/ 1.39(0.987)  +0.015   62  <-V2
jump_position_0421/P70_D0.75_P70_D2 2     70/2.00     41.2/ 1.00(0.944)     61.3/ 1.52(0.989)  +0.023   52  <-V2
jump_0424/120_2.2_150_2.5    2    150/2.50    123.7/ 0.61(0.772)    157.7/ 0.67(0.900)  +0.272   64  <-V2
jump_0602/120_2_120_2        1    120/2.00     94.5/ 0.34(0.789)    129.9/ 0.54(0.916)  -0.527    0  <-V2
jump_0324/P40_D0.7           2     40/0.70     62.4/-0.11(-0.069)     62.2/ 0.00(-0.098)  +1.009   24  <-V1
jump_0602/60_0.75_60_2       2     60/2.00     58.0/ 1.52(0.941)     98.7/ 2.62(0.925)  -0.085   61  <-V1
jump_0424/60_0.75_60_2       2     60/2.00     62.2/ 1.17(0.820)     89.3/ 1.61(0.849)  -0.116   64  <-V2
jump_position_0421/P80_D0.75_P80_D2 1     80/0.75     48.5/ 0.07(0.967)     54.8/ 0.22(0.979)  -0.076    0  <-V2
jump_0424/120_2.2_200_2.8    1    120/2.20     74.2/ 0.52(0.692)    122.4/ 0.45(0.939)  -0.255    0  <-V2
jump_0602/120_2_120_2        2    120/2.00    116.6/ 1.14(0.953)    158.6/ 1.43(0.982)  -0.128   66  <-V2
jump_0602/60_1.5_60_1.5      1     60/1.50     53.8/ 0.79(0.959)     84.7/ 1.06(0.888)  -0.294    3  <-V1
jump_0324/P60_D1.5           1     60/1.50     26.2/-0.41(-0.205)     53.5/-0.80(0.885)  +0.819    0  <-V2
jump_0424/60_1.5_60_1.5      1     60/1.50     53.8/ 0.57(0.924)     77.1/ 0.62(0.919)  -0.158    0  <-V1
jump_position_0421/P80_D0.75_P80_D2 2     80/2.00     52.3/ 1.12(0.955)     71.4/ 1.53(0.988)  -0.004   66  <-V2
jump_0602/150_2.2_250_3      1    150/2.20    108.1/ 0.45(0.735)    156.8/ 0.59(0.938)  -0.552    0  <-V2
jump_0424/120_2.2_200_2.8    2    200/2.80    149.4/ 0.59(0.505)    193.5/ 0.66(0.781)  +0.430   79  <-V2
jump_0602/60_1.5_60_1.5      2     60/1.50     56.4/ 1.11(0.992)     81.5/ 1.63(0.928)  -0.019   60  <-V1
jump_0324/P60_D1.5           2     60/1.50    106.3/-0.58(-0.269)     86.6/-0.42(-0.291)  +1.171   11  <-V1
jump_position_0421/P90_D0.75_P90_D2 1     90/0.75     51.5/ 0.09(0.940)     60.0/ 0.25(0.963)  -0.078    0  <-V2
jump_0602/150_2.2_250_3      2    250/3.00    233.7/ 0.06(0.949)    236.4/ 0.04(0.947)  +0.127   84  <-V1
jump_0424/150_2.2_250_3      1    150/2.20     76.4/ 0.53(0.596)    144.9/ 0.49(0.918)  -0.269    0  <-V2
jump_0424/60_1.5_60_1.5      2     60/1.50     60.1/ 0.92(0.938)     80.9/ 1.17(0.963)  -0.114   59  <-V2
jump_position_0421/P200_D1.5_P200_D4 1    200/1.50     71.1/ 0.16(0.634)    110.9/ 0.68(0.786)  -0.260    0  <-V2
jump_0324/P100_D3            1    100/3.00     49.8/-0.51(0.494)     65.7/-0.61(0.892)  +0.585    0  <-V2
jump_0602/90_0.75_90_2       1     90/0.75     74.7/ 0.08(0.966)     82.0/ 0.17(0.978)  -0.209    0  <-V2
jump_0602/150_2.2_500_5      1    150/2.20    111.1/ 0.43(0.727)    157.3/ 0.56(0.930)  -0.506    3  <-V2
jump_0424/150_2.2_250_3      2    250/3.00    163.9/ 0.55(0.556)    222.9/ 0.62(0.776)  +0.493   63  <-V2
jump_position_0421/P90_D0.75_P90_D2 2     90/2.00     57.1/ 1.07(0.952)     79.1/ 1.47(0.989)  -0.002   63  <-V2
jump_0424/90_0.75_90_2       1     90/0.75     64.8/ 0.12(0.933)     74.2/ 0.15(0.955)  -0.071    0  <-V2
jump_position_0421/P200_D1.5_P200_D4 2    200/4.00     51.7/ 1.05(0.507)    139.5/ 2.70(0.884)  +0.475   23  <-V2
jump_0324/P100_D3            2    100/3.00    121.3/-0.89(-1.097)     89.7/-0.72(-0.431)  +1.335   19  <-V2
jump_0602/90_0.75_90_2       2     90/2.00     86.5/ 1.38(0.949)    131.8/ 2.03(0.974)  -0.109   66  <-V2
jump_0602/150_2.2_500_5      2    500/5.00    177.8/-0.09(0.599)    166.6/-0.07(0.601)  +0.406   69  <-V2
jump_0424/150_2.2_350_3.5    1    150/2.20     67.8/ 0.56(0.582)    143.3/ 0.48(0.904)  -0.255    0  <-V2
jump_position_0421/P100_D0.75_P100_D2 1    100/0.75     57.4/ 0.09(0.920)     67.1/ 0.26(0.946)  -0.095    0  <-V2
jump_0424/90_0.75_90_2       2     90/2.00     90.3/ 0.79(0.899)    110.3/ 0.94(0.956)  +0.034   79  <-V2
jump_0424/60_0.75_60_2       1     60/0.75     51.6/ 0.21(0.970)     61.0/ 0.25(0.992)  -0.082    0  <-V2
jump_0602/120_2_120_2        1    120/2.00     94.5/ 0.34(0.789)    129.9/ 0.54(0.916)  -0.527    0  <-V2
jump_position_0421/P60_D0.75_P60_D2 1     60/0.75     39.7/ 0.09(0.968)     45.3/ 0.27(0.982)  -0.086    0  <-V2
jump_0424/120_2_120_2        1    120/2.00     84.0/ 0.47(0.751)    123.0/ 0.45(0.942)  -0.240    0  <-V2
jump_position_0421/P100_D0.75_P100_D2 2    100/2.00     62.9/ 1.04(0.955)     85.9/ 1.39(0.987)  +0.015   62  <-V2
jump_0424/150_2.2_350_3.5    2    350/3.50    197.6/ 0.56(0.402)    277.8/ 0.66(0.644)  +0.563   57  <-V2
jump_0424/60_0.75_60_2       2     60/2.00     62.2/ 1.17(0.820)     89.3/ 1.61(0.849)  -0.116   64  <-V2
jump_0602/120_2_120_2        2    120/2.00    116.6/ 1.14(0.953)    158.6/ 1.43(0.982)  -0.128   66  <-V2
trial                        jt      label              V1 kp/kd(R2)              V2 kp/kd(R2)  cff  sat
jump_0324/P40_D0.7           1     40/0.70     90.3/-1.01(0.321)     54.5/-0.87(0.931)  +0.880    0  <-V2
jump_0424/120_2_120_2        2    120/2.00    107.4/ 0.58(0.847)    131.0/ 0.67(0.941)  +0.209   68  <-V2
jump_position_0421/P60_D0.75_P60_D2 2     60/2.00     37.1/ 1.06(0.940)     54.1/ 1.59(0.992)  +0.015   60  <-V2
jump_0424/60_1.5_60_1.5      1     60/1.50     53.8/ 0.57(0.924)     77.1/ 0.62(0.919)  -0.158    0  <-V1
jump_0424/150_2.2_500_4      1    150/2.20     72.8/ 0.50(0.636)    140.8/ 0.47(0.933)  -0.274    0  <-V2
jump_0602/150_2.2_250_3      1    150/2.20    108.1/ 0.45(0.735)    156.8/ 0.59(0.938)  -0.552    0  <-V2
jump_0324/P40_D0.7           2     40/0.70     62.4/-0.11(-0.069)     62.2/ 0.00(-0.098)  +1.009   24  <-V1
jump_0424/120_2.2_150_2.5    1    120/2.20     83.2/ 0.51(0.685)    124.1/ 0.47(0.933)  -0.267    0  <-V2
jump_position_0421/P70_D0.75_P70_D2 1     70/0.75     44.5/ 0.09(0.954)     51.4/ 0.28(0.975)  -0.087    0  <-V2
jump_0602/150_2.2_250_3      2    250/3.00    233.7/ 0.06(0.949)    236.4/ 0.04(0.947)  +0.127   84  <-V1
jump_0424/60_1.5_60_1.5      2     60/1.50     60.1/ 0.92(0.938)     80.9/ 1.17(0.963)  -0.114   59  <-V2
jump_0424/150_2.2_500_4      2    500/4.00    236.1/ 0.57(0.257)    330.3/ 0.64(0.459)  +0.647   58  <-V2
jump_0324/P60_D1.5           1     60/1.50     26.2/-0.41(-0.205)     53.5/-0.80(0.885)  +0.819    0  <-V2
jump_0424/120_2.2_150_2.5    2    150/2.50    123.7/ 0.61(0.772)    157.7/ 0.67(0.900)  +0.272   64  <-V2
jump_position_0421/P200_D1.5_P200_D4 1    200/1.50     71.1/ 0.16(0.634)    110.9/ 0.68(0.786)  -0.260    0  <-V2
jump_0602/150_2.2_500_5      1    150/2.20    111.1/ 0.43(0.727)    157.3/ 0.56(0.930)  -0.506    3  <-V2
jump_0424/90_0.75_90_2       1     90/0.75     64.8/ 0.12(0.933)     74.2/ 0.15(0.955)  -0.071    0  <-V2
jump_position_0421/P70_D0.75_P70_D2 2     70/2.00     41.2/ 1.00(0.944)     61.3/ 1.52(0.989)  +0.023   52  <-V2
jump_0602/60_0.75_60_2       1     60/0.75     54.0/ 0.22(0.952)     65.9/ 0.39(0.970)  -0.296    0  <-V2
jump_0324/P60_D1.5           2     60/1.50    106.3/-0.58(-0.269)     86.6/-0.42(-0.291)  +1.171   11  <-V1
jump_0424/120_2.2_200_2.8    1    120/2.20     74.2/ 0.52(0.692)    122.4/ 0.45(0.939)  -0.255    0  <-V2
jump_position_0421/P200_D1.5_P200_D4 2    200/4.00     51.7/ 1.05(0.507)    139.5/ 2.70(0.884)  +0.475   23  <-V2
jump_0424/90_0.75_90_2       2     90/2.00     90.3/ 0.79(0.899)    110.3/ 0.94(0.956)  +0.034   79  <-V2
jump_position_0421/P80_D0.75_P80_D2 1     80/0.75     48.5/ 0.07(0.967)     54.8/ 0.22(0.979)  -0.076    0  <-V2
jump_0602/150_2.2_500_5      2    500/5.00    177.8/-0.09(0.599)    166.6/-0.07(0.601)  +0.406   69  <-V2
jump_0602/60_0.75_60_2       2     60/2.00     58.0/ 1.52(0.941)     98.7/ 2.62(0.925)  -0.085   61  <-V1
jump_0324/P100_D3            1    100/3.00     49.8/-0.51(0.494)     65.7/-0.61(0.892)  +0.585    0  <-V2
jump_0424/60_0.75_60_2       1     60/0.75     51.6/ 0.21(0.970)     61.0/ 0.25(0.992)  -0.082    0  <-V2
jump_0424/120_2_120_2        1    120/2.00     84.0/ 0.47(0.751)    123.0/ 0.45(0.942)  -0.240    0  <-V2
jump_0424/120_2.2_200_2.8    2    200/2.80    149.4/ 0.59(0.505)    193.5/ 0.66(0.781)  +0.430   79  <-V2
jump_position_0421/P80_D0.75_P80_D2 2     80/2.00     52.3/ 1.12(0.955)     71.4/ 1.53(0.988)  -0.004   66  <-V2
jump_0602/60_1.5_60_1.5      1     60/1.50     53.8/ 0.79(0.959)     84.7/ 1.06(0.888)  -0.294    3  <-V1
jump_0324/P100_D3            2    100/3.00    121.3/-0.89(-1.097)     89.7/-0.72(-0.431)  +1.335   19  <-V2
jump_0424/60_0.75_60_2       2     60/2.00     62.2/ 1.17(0.820)     89.3/ 1.61(0.849)  -0.116   64  <-V2
jump_0424/150_2.2_250_3      1    150/2.20     76.4/ 0.53(0.596)    144.9/ 0.49(0.918)  -0.269    0  <-V2
jump_0424/120_2_120_2        2    120/2.00    107.4/ 0.58(0.847)    131.0/ 0.67(0.941)  +0.209   68  <-V2
jump_position_0421/P90_D0.75_P90_D2 1     90/0.75     51.5/ 0.09(0.940)     60.0/ 0.25(0.963)  -0.078    0  <-V2
jump_0602/60_1.5_60_1.5      2     60/1.50     56.4/ 1.11(0.992)     81.5/ 1.63(0.928)  -0.019   60  <-V1
jump_position_0421/P60_D0.75_P60_D2 1     60/0.75     39.7/ 0.09(0.968)     45.3/ 0.27(0.982)  -0.086    0  <-V2
jump_0424/60_1.5_60_1.5      1     60/1.50     53.8/ 0.57(0.924)     77.1/ 0.62(0.919)  -0.158    0  <-V1
jump_0424/150_2.2_250_3      2    250/3.00    163.9/ 0.55(0.556)    222.9/ 0.62(0.776)  +0.493   63  <-V2
jump_position_0421/P90_D0.75_P90_D2 2     90/2.00     57.1/ 1.07(0.952)     79.1/ 1.47(0.989)  -0.002   63  <-V2
jump_0602/90_0.75_90_2       1     90/0.75     74.7/ 0.08(0.966)     82.0/ 0.17(0.978)  -0.209    0  <-V2
jump_0424/120_2.2_150_2.5    1    120/2.20     83.2/ 0.51(0.685)    124.1/ 0.47(0.933)  -0.267    0  <-V2
jump_0424/150_2.2_350_3.5    1    150/2.20     67.8/ 0.56(0.582)    143.3/ 0.48(0.904)  -0.255    0  <-V2
jump_0424/60_1.5_60_1.5      2     60/1.50     60.1/ 0.92(0.938)     80.9/ 1.17(0.963)  -0.114   59  <-V2
jump_position_0421/P60_D0.75_P60_D2 2     60/2.00     37.1/ 1.06(0.940)     54.1/ 1.59(0.992)  +0.015   60  <-V2
jump_position_0421/P100_D0.75_P100_D2 1    100/0.75     57.4/ 0.09(0.920)     67.1/ 0.26(0.946)  -0.095    0  <-V2
jump_0602/90_0.75_90_2       2     90/2.00     86.5/ 1.38(0.949)    131.8/ 2.03(0.974)  -0.109   66  <-V2
jump_0424/120_2.2_150_2.5    2    150/2.50    123.7/ 0.61(0.772)    157.7/ 0.67(0.900)  +0.272   64  <-V2
jump_0424/150_2.2_350_3.5    2    350/3.50    197.6/ 0.56(0.402)    277.8/ 0.66(0.644)  +0.563   57  <-V2
jump_0424/90_0.75_90_2       1     90/0.75     64.8/ 0.12(0.933)     74.2/ 0.15(0.955)  -0.071    0  <-V2
jump_position_0421/P70_D0.75_P70_D2 1     70/0.75     44.5/ 0.09(0.954)     51.4/ 0.28(0.975)  -0.087    0  <-V2
jump_0602/120_2_120_2        1    120/2.00     94.5/ 0.34(0.789)    129.9/ 0.54(0.916)  -0.527    0  <-V2
jump_position_0421/P100_D0.75_P100_D2 2    100/2.00     62.9/ 1.04(0.955)     85.9/ 1.39(0.987)  +0.015   62  <-V2
trial                        jt      label              V1 kp/kd(R2)              V2 kp/kd(R2)  cff  sat
jump_0324/P40_D0.7           1     40/0.70     90.3/-1.01(0.321)     54.5/-0.87(0.931)  +0.880    0  <-V2
jump_0424/120_2.2_200_2.8    1    120/2.20     74.2/ 0.52(0.692)    122.4/ 0.45(0.939)  -0.255    0  <-V2
jump_0424/150_2.2_500_4      1    150/2.20     72.8/ 0.50(0.636)    140.8/ 0.47(0.933)  -0.274    0  <-V2
jump_0424/90_0.75_90_2       2     90/2.00     90.3/ 0.79(0.899)    110.3/ 0.94(0.956)  +0.034   79  <-V2
jump_0602/120_2_120_2        2    120/2.00    116.6/ 1.14(0.953)    158.6/ 1.43(0.982)  -0.128   66  <-V2
jump_position_0421/P70_D0.75_P70_D2 2     70/2.00     41.2/ 1.00(0.944)     61.3/ 1.52(0.989)  +0.023   52  <-V2
jump_0324/P40_D0.7           2     40/0.70     62.4/-0.11(-0.069)     62.2/ 0.00(-0.098)  +1.009   24  <-V1
jump_0424/150_2.2_500_4      2    500/4.00    236.1/ 0.57(0.257)    330.3/ 0.64(0.459)  +0.647   58  <-V2
jump_0424/120_2.2_200_2.8    2    200/2.80    149.4/ 0.59(0.505)    193.5/ 0.66(0.781)  +0.430   79  <-V2
jump_0424/120_2_120_2        1    120/2.00     84.0/ 0.47(0.751)    123.0/ 0.45(0.942)  -0.240    0  <-V2
jump_position_0421/P80_D0.75_P80_D2 1     80/0.75     48.5/ 0.07(0.967)     54.8/ 0.22(0.979)  -0.076    0  <-V2
jump_0602/150_2.2_250_3      1    150/2.20    108.1/ 0.45(0.735)    156.8/ 0.59(0.938)  -0.552    0  <-V2
jump_0324/P60_D1.5           1     60/1.50     26.2/-0.41(-0.205)     53.5/-0.80(0.885)  +0.819    0  <-V2
jump_0602/60_0.75_60_2       1     60/0.75     54.0/ 0.22(0.952)     65.9/ 0.39(0.970)  -0.296    0  <-V2
jump_0424/150_2.2_250_3      1    150/2.20     76.4/ 0.53(0.596)    144.9/ 0.49(0.918)  -0.269    0  <-V2
jump_0424/120_2_120_2        2    120/2.00    107.4/ 0.58(0.847)    131.0/ 0.67(0.941)  +0.209   68  <-V2
jump_position_0421/P80_D0.75_P80_D2 2     80/2.00     52.3/ 1.12(0.955)     71.4/ 1.53(0.988)  -0.004   66  <-V2
jump_0602/150_2.2_250_3      2    250/3.00    233.7/ 0.06(0.949)    236.4/ 0.04(0.947)  +0.127   84  <-V1
jump_0324/P60_D1.5           2     60/1.50    106.3/-0.58(-0.269)     86.6/-0.42(-0.291)  +1.171   11  <-V1
jump_0602/60_0.75_60_2       2     60/2.00     58.0/ 1.52(0.941)     98.7/ 2.62(0.925)  -0.085   61  <-V1
jump_0424/150_2.2_250_3      2    250/3.00    163.9/ 0.55(0.556)    222.9/ 0.62(0.776)  +0.493   63  <-V2
jump_position_0421/P200_D1.5_P200_D4 1    200/1.50     71.1/ 0.16(0.634)    110.9/ 0.68(0.786)  -0.260    0  <-V2
jump_0424/120_2.2_150_2.5    1    120/2.20     83.2/ 0.51(0.685)    124.1/ 0.47(0.933)  -0.267    0  <-V2
jump_0602/150_2.2_500_5      1    150/2.20    111.1/ 0.43(0.727)    157.3/ 0.56(0.930)  -0.506    3  <-V2
jump_0324/P100_D3            1    100/3.00     49.8/-0.51(0.494)     65.7/-0.61(0.892)  +0.585    0  <-V2
jump_position_0421/P90_D0.75_P90_D2 1     90/0.75     51.5/ 0.09(0.940)     60.0/ 0.25(0.963)  -0.078    0  <-V2
jump_0602/60_1.5_60_1.5      1     60/1.50     53.8/ 0.79(0.959)     84.7/ 1.06(0.888)  -0.294    3  <-V1
jump_0424/150_2.2_350_3.5    1    150/2.20     67.8/ 0.56(0.582)    143.3/ 0.48(0.904)  -0.255    0  <-V2
jump_0424/120_2.2_150_2.5    2    150/2.50    123.7/ 0.61(0.772)    157.7/ 0.67(0.900)  +0.272   64  <-V2
jump_position_0421/P200_D1.5_P200_D4 2    200/4.00     51.7/ 1.05(0.507)    139.5/ 2.70(0.884)  +0.475   23  <-V2
jump_0602/150_2.2_500_5      2    500/5.00    177.8/-0.09(0.599)    166.6/-0.07(0.601)  +0.406   69  <-V2
jump_0324/P100_D3            2    100/3.00    121.3/-0.89(-1.097)     89.7/-0.72(-0.431)  +1.335   19  <-V2
jump_0424/150_2.2_350_3.5    2    350/3.50    197.6/ 0.56(0.402)    277.8/ 0.66(0.644)  +0.563   57  <-V2
jump_position_0421/P90_D0.75_P90_D2 2     90/2.00     57.1/ 1.07(0.952)     79.1/ 1.47(0.989)  -0.002   63  <-V2
jump_0602/60_1.5_60_1.5      2     60/1.50     56.4/ 1.11(0.992)     81.5/ 1.63(0.928)  -0.019   60  <-V1
jump_0424/120_2.2_200_2.8    1    120/2.20     74.2/ 0.52(0.692)    122.4/ 0.45(0.939)  -0.255    0  <-V2
jump_0424/60_0.75_60_2       1     60/0.75     51.6/ 0.21(0.970)     61.0/ 0.25(0.992)  -0.082    0  <-V2
jump_position_0421/P60_D0.75_P60_D2 1     60/0.75     39.7/ 0.09(0.968)     45.3/ 0.27(0.982)  -0.086    0  <-V2
jump_0424/150_2.2_500_4      1    150/2.20     72.8/ 0.50(0.636)    140.8/ 0.47(0.933)  -0.274    0  <-V2
jump_0424/120_2.2_200_2.8    2    200/2.80    149.4/ 0.59(0.505)    193.5/ 0.66(0.781)  +0.430   79  <-V2
jump_0602/90_0.75_90_2       1     90/0.75     74.7/ 0.08(0.966)     82.0/ 0.17(0.978)  -0.209    0  <-V2
trial                        jt      label              V1 kp/kd(R2)              V2 kp/kd(R2)  cff  sat
jump_0324/P40_D0.7           1     40/0.70     90.3/-1.01(0.321)     54.5/-0.87(0.931)  +0.880    0  <-V2
jump_0424/60_0.75_60_2       2     60/2.00     62.2/ 1.17(0.820)     89.3/ 1.61(0.849)  -0.116   64  <-V2
jump_position_0421/P100_D0.75_P100_D2 1    100/0.75     57.4/ 0.09(0.920)     67.1/ 0.26(0.946)  -0.095    0  <-V2
jump_0424/150_2.2_500_4      2    500/4.00    236.1/ 0.57(0.257)    330.3/ 0.64(0.459)  +0.647   58  <-V2
jump_0424/150_2.2_250_3      1    150/2.20     76.4/ 0.53(0.596)    144.9/ 0.49(0.918)  -0.269    0  <-V2
jump_position_0421/P60_D0.75_P60_D2 2     60/2.00     37.1/ 1.06(0.940)     54.1/ 1.59(0.992)  +0.015   60  <-V2
jump_0424/60_1.5_60_1.5      1     60/1.50     53.8/ 0.57(0.924)     77.1/ 0.62(0.919)  -0.158    0  <-V1
jump_0602/90_0.75_90_2       2     90/2.00     86.5/ 1.38(0.949)    131.8/ 2.03(0.974)  -0.109   66  <-V2
jump_0324/P40_D0.7           2     40/0.70     62.4/-0.11(-0.069)     62.2/ 0.00(-0.098)  +1.009   24  <-V1
jump_position_0421/P100_D0.75_P100_D2 2    100/2.00     62.9/ 1.04(0.955)     85.9/ 1.39(0.987)  +0.015   62  <-V2
jump_0602/60_0.75_60_2       1     60/0.75     54.0/ 0.22(0.952)     65.9/ 0.39(0.970)  -0.296    0  <-V2
jump_0424/150_2.2_250_3      2    250/3.00    163.9/ 0.55(0.556)    222.9/ 0.62(0.776)  +0.493   63  <-V2
jump_0602/120_2_120_2        1    120/2.00     94.5/ 0.34(0.789)    129.9/ 0.54(0.916)  -0.527    0  <-V2
jump_0424/60_1.5_60_1.5      2     60/1.50     60.1/ 0.92(0.938)     80.9/ 1.17(0.963)  -0.114   59  <-V2
jump_position_0421/P70_D0.75_P70_D2 1     70/0.75     44.5/ 0.09(0.954)     51.4/ 0.28(0.975)  -0.087    0  <-V2
jump_0324/P60_D1.5           1     60/1.50     26.2/-0.41(-0.205)     53.5/-0.80(0.885)  +0.819    0  <-V2
jump_0602/60_0.75_60_2       2     60/2.00     58.0/ 1.52(0.941)     98.7/ 2.62(0.925)  -0.085   61  <-V1
jump_0424/150_2.2_350_3.5    1    150/2.20     67.8/ 0.56(0.582)    143.3/ 0.48(0.904)  -0.255    0  <-V2
jump_0424/90_0.75_90_2       1     90/0.75     64.8/ 0.12(0.933)     74.2/ 0.15(0.955)  -0.071    0  <-V2
jump_0602/120_2_120_2        2    120/2.00    116.6/ 1.14(0.953)    158.6/ 1.43(0.982)  -0.128   66  <-V2
jump_0324/P60_D1.5           2     60/1.50    106.3/-0.58(-0.269)     86.6/-0.42(-0.291)  +1.171   11  <-V1
jump_position_0421/P70_D0.75_P70_D2 2     70/2.00     41.2/ 1.00(0.944)     61.3/ 1.52(0.989)  +0.023   52  <-V2
jump_0602/60_1.5_60_1.5      1     60/1.50     53.8/ 0.79(0.959)     84.7/ 1.06(0.888)  -0.294    3  <-V1
jump_0424/150_2.2_350_3.5    2    350/3.50    197.6/ 0.56(0.402)    277.8/ 0.66(0.644)  +0.563   57  <-V2
jump_0424/90_0.75_90_2       2     90/2.00     90.3/ 0.79(0.899)    110.3/ 0.94(0.956)  +0.034   79  <-V2
jump_0602/150_2.2_250_3      1    150/2.20    108.1/ 0.45(0.735)    156.8/ 0.59(0.938)  -0.552    0  <-V2
jump_position_0421/P80_D0.75_P80_D2 1     80/0.75     48.5/ 0.07(0.967)     54.8/ 0.22(0.979)  -0.076    0  <-V2
jump_0324/P100_D3            1    100/3.00     49.8/-0.51(0.494)     65.7/-0.61(0.892)  +0.585    0  <-V2
jump_0602/60_1.5_60_1.5      2     60/1.50     56.4/ 1.11(0.992)     81.5/ 1.63(0.928)  -0.019   60  <-V1
jump_0424/150_2.2_500_4      1    150/2.20     72.8/ 0.50(0.636)    140.8/ 0.47(0.933)  -0.274    0  <-V2
jump_position_0421/P200_D1.5_P200_D4 1    200/1.50     71.1/ 0.16(0.634)    110.9/ 0.68(0.786)  -0.260    0  <-V2
jump_0424/120_2_120_2        1    120/2.00     84.0/ 0.47(0.751)    123.0/ 0.45(0.942)  -0.240    0  <-V2
jump_0602/150_2.2_250_3      2    250/3.00    233.7/ 0.06(0.949)    236.4/ 0.04(0.947)  +0.127   84  <-V1
jump_0324/P100_D3            2    100/3.00    121.3/-0.89(-1.097)     89.7/-0.72(-0.431)  +1.335   19  <-V2
jump_0602/90_0.75_90_2       1     90/0.75     74.7/ 0.08(0.966)     82.0/ 0.17(0.978)  -0.209    0  <-V2
jump_position_0421/P80_D0.75_P80_D2 2     80/2.00     52.3/ 1.12(0.955)     71.4/ 1.53(0.988)  -0.004   66  <-V2
jump_position_0421/P200_D1.5_P200_D4 2    200/4.00     51.7/ 1.05(0.507)    139.5/ 2.70(0.884)  +0.475   23  <-V2
jump_0424/150_2.2_500_4      2    500/4.00    236.1/ 0.57(0.257)    330.3/ 0.64(0.459)  +0.647   58  <-V2
jump_0424/120_2_120_2        2    120/2.00    107.4/ 0.58(0.847)    131.0/ 0.67(0.941)  +0.209   68  <-V2
jump_0602/150_2.2_500_5      1    150/2.20    111.1/ 0.43(0.727)    157.3/ 0.56(0.930)  -0.506    3  <-V2
jump_position_0421/P60_D0.75_P60_D2 1     60/0.75     39.7/ 0.09(0.968)     45.3/ 0.27(0.982)  -0.086    0  <-V2
jump_0602/90_0.75_90_2       2     90/2.00     86.5/ 1.38(0.949)    131.8/ 2.03(0.974)  -0.109   66  <-V2
jump_0424/60_0.75_60_2       1     60/0.75     51.6/ 0.21(0.970)     61.0/ 0.25(0.992)  -0.082    0  <-V2
jump_position_0421/P90_D0.75_P90_D2 1     90/0.75     51.5/ 0.09(0.940)     60.0/ 0.25(0.963)  -0.078    0  <-V2
jump_0424/120_2.2_150_2.5    1    120/2.20     83.2/ 0.51(0.685)    124.1/ 0.47(0.933)  -0.267    0  <-V2
jump_0602/60_0.75_60_2       1     60/0.75     54.0/ 0.22(0.952)     65.9/ 0.39(0.970)  -0.296    0  <-V2
jump_0602/150_2.2_500_5      2    500/5.00    177.8/-0.09(0.599)    166.6/-0.07(0.601)  +0.406   69  <-V2
jump_position_0421/P60_D0.75_P60_D2 2     60/2.00     37.1/ 1.06(0.940)     54.1/ 1.59(0.992)  +0.015   60  <-V2
jump_0602/120_2_120_2        1    120/2.00     94.5/ 0.34(0.789)    129.9/ 0.54(0.916)  -0.527    0  <-V2
jump_0424/60_0.75_60_2       2     60/2.00     62.2/ 1.17(0.820)     89.3/ 1.61(0.849)  -0.116   64  <-V2
jump_0424/120_2.2_150_2.5    2    150/2.50    123.7/ 0.61(0.772)    157.7/ 0.67(0.900)  +0.272   64  <-V2
jump_position_0421/P90_D0.75_P90_D2 2     90/2.00     57.1/ 1.07(0.952)     79.1/ 1.47(0.989)  -0.002   63  <-V2
jump_0602/60_0.75_60_2       2     60/2.00     58.0/ 1.52(0.941)     98.7/ 2.62(0.925)  -0.085   61  <-V1
jump_position_0421/P70_D0.75_P70_D2 1     70/0.75     44.5/ 0.09(0.954)     51.4/ 0.28(0.975)  -0.087    0  <-V2
jump_0602/120_2_120_2        2    120/2.00    116.6/ 1.14(0.953)    158.6/ 1.43(0.982)  -0.128   66  <-V2
jump_0424/120_2.2_200_2.8    1    120/2.20     74.2/ 0.52(0.692)    122.4/ 0.45(0.939)  -0.255    0  <-V2
jump_position_0421/P100_D0.75_P100_D2 1    100/0.75     57.4/ 0.09(0.920)     67.1/ 0.26(0.946)  -0.095    0  <-V2
jump_0602/60_1.5_60_1.5      1     60/1.50     53.8/ 0.79(0.959)     84.7/ 1.06(0.888)  -0.294    3  <-V1
jump_0424/60_1.5_60_1.5      1     60/1.50     53.8/ 0.57(0.924)     77.1/ 0.62(0.919)  -0.158    0  <-V1
jump_position_0421/P70_D0.75_P70_D2 2     70/2.00     41.2/ 1.00(0.944)     61.3/ 1.52(0.989)  +0.023   52  <-V2
jump_0602/150_2.2_250_3      1    150/2.20    108.1/ 0.45(0.735)    156.8/ 0.59(0.938)  -0.552    0  <-V2
jump_0424/120_2.2_200_2.8    2    200/2.80    149.4/ 0.59(0.505)    193.5/ 0.66(0.781)  +0.430   79  <-V2
jump_position_0421/P100_D0.75_P100_D2 2    100/2.00     62.9/ 1.04(0.955)     85.9/ 1.39(0.987)  +0.015   62  <-V2
jump_0602/60_1.5_60_1.5      2     60/1.50     56.4/ 1.11(0.992)     81.5/ 1.63(0.928)  -0.019   60  <-V1
jump_0424/60_1.5_60_1.5      2     60/1.50     60.1/ 0.92(0.938)     80.9/ 1.17(0.963)  -0.114   59  <-V2
jump_position_0421/P80_D0.75_P80_D2 1     80/0.75     48.5/ 0.07(0.967)     54.8/ 0.22(0.979)  -0.076    0  <-V2
jump_0602/90_0.75_90_2       1     90/0.75     74.7/ 0.08(0.966)     82.0/ 0.17(0.978)  -0.209    0  <-V2
jump_0602/150_2.2_250_3      2    250/3.00    233.7/ 0.06(0.949)    236.4/ 0.04(0.947)  +0.127   84  <-V1
jump_0424/150_2.2_250_3      1    150/2.20     76.4/ 0.53(0.596)    144.9/ 0.49(0.918)  -0.269    0  <-V2
jump_position_0421/P80_D0.75_P80_D2 2     80/2.00     52.3/ 1.12(0.955)     71.4/ 1.53(0.988)  -0.004   66  <-V2
jump_0424/90_0.75_90_2       1     90/0.75     64.8/ 0.12(0.933)     74.2/ 0.15(0.955)  -0.071    0  <-V2
jump_0602/90_0.75_90_2       2     90/2.00     86.5/ 1.38(0.949)    131.8/ 2.03(0.974)  -0.109   66  <-V2
jump_0602/150_2.2_500_5      1    150/2.20    111.1/ 0.43(0.727)    157.3/ 0.56(0.930)  -0.506    3  <-V2
jump_position_0421/P90_D0.75_P90_D2 1     90/0.75     51.5/ 0.09(0.940)     60.0/ 0.25(0.963)  -0.078    0  <-V2
jump_0424/150_2.2_250_3      2    250/3.00    163.9/ 0.55(0.556)    222.9/ 0.62(0.776)  +0.493   63  <-V2
jump_0424/90_0.75_90_2       2     90/2.00     90.3/ 0.79(0.899)    110.3/ 0.94(0.956)  +0.034   79  <-V2
jump_0602/120_2_120_2        1    120/2.00     94.5/ 0.34(0.789)    129.9/ 0.54(0.916)  -0.527    0  <-V2
jump_position_0421/P200_D1.5_P200_D4 1    200/1.50     71.1/ 0.16(0.634)    110.9/ 0.68(0.786)  -0.260    0  <-V2
jump_position_0421/P90_D0.75_P90_D2 2     90/2.00     57.1/ 1.07(0.952)     79.1/ 1.47(0.989)  -0.002   63  <-V2
jump_0602/150_2.2_500_5      2    500/5.00    177.8/-0.09(0.599)    166.6/-0.07(0.601)  +0.406   69  <-V2
jump_0424/150_2.2_350_3.5    1    150/2.20     67.8/ 0.56(0.582)    143.3/ 0.48(0.904)  -0.255    0  <-V2
jump_0424/120_2_120_2        1    120/2.00     84.0/ 0.47(0.751)    123.0/ 0.45(0.942)  -0.240    0  <-V2
jump_0602/120_2_120_2        2    120/2.00    116.6/ 1.14(0.953)    158.6/ 1.43(0.982)  -0.128   66  <-V2
jump_position_0421/P200_D1.5_P200_D4 2    200/4.00     51.7/ 1.05(0.507)    139.5/ 2.70(0.884)  +0.475   23  <-V2
jump_position_0421/P100_D0.75_P100_D2 1    100/0.75     57.4/ 0.09(0.920)     67.1/ 0.26(0.946)  -0.095    0  <-V2
jump_0424/150_2.2_350_3.5    2    350/3.50    197.6/ 0.56(0.402)    277.8/ 0.66(0.644)  +0.563   57  <-V2
jump_0424/120_2_120_2        2    120/2.00    107.4/ 0.58(0.847)    131.0/ 0.67(0.941)  +0.209   68  <-V2
jump_0602/150_2.2_250_3      1    150/2.20    108.1/ 0.45(0.735)    156.8/ 0.59(0.938)  -0.552    0  <-V2
jump_0424/60_0.75_60_2       1     60/0.75     51.6/ 0.21(0.970)     61.0/ 0.25(0.992)  -0.082    0  <-V2
jump_0424/150_2.2_500_4      1    150/2.20     72.8/ 0.50(0.636)    140.8/ 0.47(0.933)  -0.274    0  <-V2
jump_position_0421/P100_D0.75_P100_D2 2    100/2.00     62.9/ 1.04(0.955)     85.9/ 1.39(0.987)  +0.015   62  <-V2
jump_0602/150_2.2_250_3      2    250/3.00    233.7/ 0.06(0.949)    236.4/ 0.04(0.947)  +0.127   84  <-V1
jump_0424/120_2.2_150_2.5    1    120/2.20     83.2/ 0.51(0.685)    124.1/ 0.47(0.933)  -0.267    0  <-V2
jump_0424/60_0.75_60_2       2     60/2.00     62.2/ 1.17(0.820)     89.3/ 1.61(0.849)  -0.116   64  <-V2
jump_0424/150_2.2_500_4      2    500/4.00    236.1/ 0.57(0.257)    330.3/ 0.64(0.459)  +0.647   58  <-V2
jump_0602/150_2.2_500_5      1    150/2.20    111.1/ 0.43(0.727)    157.3/ 0.56(0.930)  -0.506    3  <-V2
jump_0424/120_2.2_150_2.5    2    150/2.50    123.7/ 0.61(0.772)    157.7/ 0.67(0.900)  +0.272   64  <-V2
jump_0424/60_1.5_60_1.5      1     60/1.50     53.8/ 0.57(0.924)     77.1/ 0.62(0.919)  -0.158    0  <-V1
jump_0602/150_2.2_500_5      2    500/5.00    177.8/-0.09(0.599)    166.6/-0.07(0.601)  +0.406   69  <-V2
jump_0602/60_0.75_60_2       1     60/0.75     54.0/ 0.22(0.952)     65.9/ 0.39(0.970)  -0.296    0  <-V2
jump_0424/60_1.5_60_1.5      2     60/1.50     60.1/ 0.92(0.938)     80.9/ 1.17(0.963)  -0.114   59  <-V2
jump_0424/120_2.2_200_2.8    1    120/2.20     74.2/ 0.52(0.692)    122.4/ 0.45(0.939)  -0.255    0  <-V2
jump_0602/60_0.75_60_2       2     60/2.00     58.0/ 1.52(0.941)     98.7/ 2.62(0.925)  -0.085   61  <-V1
jump_position_0421/P200_D1.5_P200_D4 1    200/1.50     71.1/ 0.16(0.634)    110.9/ 0.68(0.786)  -0.260    0  <-V2
jump_0424/90_0.75_90_2       1     90/0.75     64.8/ 0.12(0.933)     74.2/ 0.15(0.955)  -0.071    0  <-V2
jump_0424/120_2.2_200_2.8    2    200/2.80    149.4/ 0.59(0.505)    193.5/ 0.66(0.781)  +0.430   79  <-V2
jump_0602/60_1.5_60_1.5      1     60/1.50     53.8/ 0.79(0.959)     84.7/ 1.06(0.888)  -0.294    3  <-V1
jump_0424/90_0.75_90_2       2     90/2.00     90.3/ 0.79(0.899)    110.3/ 0.94(0.956)  +0.034   79  <-V2
jump_0424/150_2.2_250_3      1    150/2.20     76.4/ 0.53(0.596)    144.9/ 0.49(0.918)  -0.269    0  <-V2
jump_position_0421/P200_D1.5_P200_D4 2    200/4.00     51.7/ 1.05(0.507)    139.5/ 2.70(0.884)  +0.475   23  <-V2
jump_0602/60_1.5_60_1.5      2     60/1.50     56.4/ 1.11(0.992)     81.5/ 1.63(0.928)  -0.019   60  <-V1
jump_0424/120_2_120_2        1    120/2.00     84.0/ 0.47(0.751)    123.0/ 0.45(0.942)  -0.240    0  <-V2
jump_0424/150_2.2_250_3      2    250/3.00    163.9/ 0.55(0.556)    222.9/ 0.62(0.776)  +0.493   63  <-V2
jump_0424/60_0.75_60_2       1     60/0.75     51.6/ 0.21(0.970)     61.0/ 0.25(0.992)  -0.082    0  <-V2
jump_0424/150_2.2_350_3.5    1    150/2.20     67.8/ 0.56(0.582)    143.3/ 0.48(0.904)  -0.255    0  <-V2
jump_0602/90_0.75_90_2       1     90/0.75     74.7/ 0.08(0.966)     82.0/ 0.17(0.978)  -0.209    0  <-V2
jump_0424/120_2_120_2        2    120/2.00    107.4/ 0.58(0.847)    131.0/ 0.67(0.941)  +0.209   68  <-V2
jump_0424/60_0.75_60_2       2     60/2.00     62.2/ 1.17(0.820)     89.3/ 1.61(0.849)  -0.116   64  <-V2
jump_0602/90_0.75_90_2       2     90/2.00     86.5/ 1.38(0.949)    131.8/ 2.03(0.974)  -0.109   66  <-V2
jump_0424/150_2.2_350_3.5    2    350/3.50    197.6/ 0.56(0.402)    277.8/ 0.66(0.644)  +0.563   57  <-V2
jump_0424/120_2.2_150_2.5    1    120/2.20     83.2/ 0.51(0.685)    124.1/ 0.47(0.933)  -0.267    0  <-V2
jump_0424/60_1.5_60_1.5      1     60/1.50     53.8/ 0.57(0.924)     77.1/ 0.62(0.919)  -0.158    0  <-V1
jump_0424/120_2.2_150_2.5    2    150/2.50    123.7/ 0.61(0.772)    157.7/ 0.67(0.900)  +0.272   64  <-V2
jump_0424/150_2.2_500_4      1    150/2.20     72.8/ 0.50(0.636)    140.8/ 0.47(0.933)  -0.274    0  <-V2
jump_0602/120_2_120_2        1    120/2.00     94.5/ 0.34(0.789)    129.9/ 0.54(0.916)  -0.527    0  <-V2
jump_0424/120_2.2_200_2.8    1    120/2.20     74.2/ 0.52(0.692)    122.4/ 0.45(0.939)  -0.255    0  <-V2
jump_0424/150_2.2_500_4      2    500/4.00    236.1/ 0.57(0.257)    330.3/ 0.64(0.459)  +0.647   58  <-V2
jump_0424/60_1.5_60_1.5      2     60/1.50     60.1/ 0.92(0.938)     80.9/ 1.17(0.963)  -0.114   59  <-V2
jump_0602/120_2_120_2        2    120/2.00    116.6/ 1.14(0.953)    158.6/ 1.43(0.982)  -0.128   66  <-V2
jump_0424/120_2.2_200_2.8    2    200/2.80    149.4/ 0.59(0.505)    193.5/ 0.66(0.781)  +0.430   79  <-V2
jump_0602/150_2.2_250_3      1    150/2.20    108.1/ 0.45(0.735)    156.8/ 0.59(0.938)  -0.552    0  <-V2
jump_0602/60_0.75_60_2       1     60/0.75     54.0/ 0.22(0.952)     65.9/ 0.39(0.970)  -0.296    0  <-V2
jump_0424/90_0.75_90_2       1     90/0.75     64.8/ 0.12(0.933)     74.2/ 0.15(0.955)  -0.071    0  <-V2
jump_0424/150_2.2_250_3      1    150/2.20     76.4/ 0.53(0.596)    144.9/ 0.49(0.918)  -0.269    0  <-V2
jump_0602/60_0.75_60_2       2     60/2.00     58.0/ 1.52(0.941)     98.7/ 2.62(0.925)  -0.085   61  <-V1
jump_0424/90_0.75_90_2       2     90/2.00     90.3/ 0.79(0.899)    110.3/ 0.94(0.956)  +0.034   79  <-V2
jump_0602/150_2.2_250_3      2    250/3.00    233.7/ 0.06(0.949)    236.4/ 0.04(0.947)  +0.127   84  <-V1
jump_0424/150_2.2_250_3      2    250/3.00    163.9/ 0.55(0.556)    222.9/ 0.62(0.776)  +0.493   63  <-V2
jump_0602/60_1.5_60_1.5      1     60/1.50     53.8/ 0.79(0.959)     84.7/ 1.06(0.888)  -0.294    3  <-V1
jump_0424/120_2_120_2        1    120/2.00     84.0/ 0.47(0.751)    123.0/ 0.45(0.942)  -0.240    0  <-V2
jump_0602/150_2.2_500_5      1    150/2.20    111.1/ 0.43(0.727)    157.3/ 0.56(0.930)  -0.506    3  <-V2
jump_0602/60_1.5_60_1.5      2     60/1.50     56.4/ 1.11(0.992)     81.5/ 1.63(0.928)  -0.019   60  <-V1
jump_0424/150_2.2_350_3.5    1    150/2.20     67.8/ 0.56(0.582)    143.3/ 0.48(0.904)  -0.255    0  <-V2
jump_0424/120_2_120_2        2    120/2.00    107.4/ 0.58(0.847)    131.0/ 0.67(0.941)  +0.209   68  <-V2
jump_0602/150_2.2_500_5      2    500/5.00    177.8/-0.09(0.599)    166.6/-0.07(0.601)  +0.406   69  <-V2
jump_0602/90_0.75_90_2       1     90/0.75     74.7/ 0.08(0.966)     82.0/ 0.17(0.978)  -0.209    0  <-V2
jump_0424/150_2.2_350_3.5    2    350/3.50    197.6/ 0.56(0.402)    277.8/ 0.66(0.644)  +0.563   57  <-V2
jump_0424/120_2.2_150_2.5    1    120/2.20     83.2/ 0.51(0.685)    124.1/ 0.47(0.933)  -0.267    0  <-V2
jump_0602/90_0.75_90_2       2     90/2.00     86.5/ 1.38(0.949)    131.8/ 2.03(0.974)  -0.109   66  <-V2
jump_0424/150_2.2_500_4      1    150/2.20     72.8/ 0.50(0.636)    140.8/ 0.47(0.933)  -0.274    0  <-V2
jump_0424/120_2.2_150_2.5    2    150/2.50    123.7/ 0.61(0.772)    157.7/ 0.67(0.900)  +0.272   64  <-V2
jump_0602/120_2_120_2        1    120/2.00     94.5/ 0.34(0.789)    129.9/ 0.54(0.916)  -0.527    0  <-V2
jump_0424/150_2.2_500_4      2    500/4.00    236.1/ 0.57(0.257)    330.3/ 0.64(0.459)  +0.647   58  <-V2
jump_0424/120_2.2_200_2.8    1    120/2.20     74.2/ 0.52(0.692)    122.4/ 0.45(0.939)  -0.255    0  <-V2
jump_0602/120_2_120_2        2    120/2.00    116.6/ 1.14(0.953)    158.6/ 1.43(0.982)  -0.128   66  <-V2
jump_0602/60_0.75_60_2       1     60/0.75     54.0/ 0.22(0.952)     65.9/ 0.39(0.970)  -0.296    0  <-V2
jump_0424/120_2.2_200_2.8    2    200/2.80    149.4/ 0.59(0.505)    193.5/ 0.66(0.781)  +0.430   79  <-V2
jump_0602/150_2.2_250_3      1    150/2.20    108.1/ 0.45(0.735)    156.8/ 0.59(0.938)  -0.552    0  <-V2
jump_0602/60_0.75_60_2       2     60/2.00     58.0/ 1.52(0.941)     98.7/ 2.62(0.925)  -0.085   61  <-V1
jump_0424/150_2.2_250_3      1    150/2.20     76.4/ 0.53(0.596)    144.9/ 0.49(0.918)  -0.269    0  <-V2
jump_0602/150_2.2_250_3      2    250/3.00    233.7/ 0.06(0.949)    236.4/ 0.04(0.947)  +0.127   84  <-V1
jump_0602/150_2.2_500_5      1    150/2.20    111.1/ 0.43(0.727)    157.3/ 0.56(0.930)  -0.506    3  <-V2
jump_0424/150_2.2_250_3      2    250/3.00    163.9/ 0.55(0.556)    222.9/ 0.62(0.776)  +0.493   63  <-V2
jump_0602/60_1.5_60_1.5      1     60/1.50     53.8/ 0.79(0.959)     84.7/ 1.06(0.888)  -0.294    3  <-V1
jump_0424/150_2.2_350_3.5    1    150/2.20     67.8/ 0.56(0.582)    143.3/ 0.48(0.904)  -0.255    0  <-V2
jump_0602/150_2.2_500_5      2    500/5.00    177.8/-0.09(0.599)    166.6/-0.07(0.601)  +0.406   69  <-V2
jump_0602/60_1.5_60_1.5      2     60/1.50     56.4/ 1.11(0.992)     81.5/ 1.63(0.928)  -0.019   60  <-V1
jump_0424/150_2.2_350_3.5    2    350/3.50    197.6/ 0.56(0.402)    277.8/ 0.66(0.644)  +0.563   57  <-V2
jump_0602/90_0.75_90_2       1     90/0.75     74.7/ 0.08(0.966)     82.0/ 0.17(0.978)  -0.209    0  <-V2
jump_0424/150_2.2_500_4      1    150/2.20     72.8/ 0.50(0.636)    140.8/ 0.47(0.933)  -0.274    0  <-V2
jump_0602/90_0.75_90_2       2     90/2.00     86.5/ 1.38(0.949)    131.8/ 2.03(0.974)  -0.109   66  <-V2
jump_0424/150_2.2_500_4      2    500/4.00    236.1/ 0.57(0.257)    330.3/ 0.64(0.459)  +0.647   58  <-V2
jump_0602/120_2_120_2        1    120/2.00     94.5/ 0.34(0.789)    129.9/ 0.54(0.916)  -0.527    0  <-V2
jump_0602/60_0.75_60_2       1     60/0.75     54.0/ 0.22(0.952)     65.9/ 0.39(0.970)  -0.296    0  <-V2
jump_0602/120_2_120_2        2    120/2.00    116.6/ 1.14(0.953)    158.6/ 1.43(0.982)  -0.128   66  <-V2
jump_0602/60_0.75_60_2       2     60/2.00     58.0/ 1.52(0.941)     98.7/ 2.62(0.925)  -0.085   61  <-V1
jump_0602/150_2.2_250_3      1    150/2.20    108.1/ 0.45(0.735)    156.8/ 0.59(0.938)  -0.552    0  <-V2
jump_0602/60_1.5_60_1.5      1     60/1.50     53.8/ 0.79(0.959)     84.7/ 1.06(0.888)  -0.294    3  <-V1
jump_0602/150_2.2_250_3      2    250/3.00    233.7/ 0.06(0.949)    236.4/ 0.04(0.947)  +0.127   84  <-V1
jump_0602/60_1.5_60_1.5      2     60/1.50     56.4/ 1.11(0.992)     81.5/ 1.63(0.928)  -0.019   60  <-V1
jump_0602/150_2.2_500_5      1    150/2.20    111.1/ 0.43(0.727)    157.3/ 0.56(0.930)  -0.506    3  <-V2
jump_0602/90_0.75_90_2       1     90/0.75     74.7/ 0.08(0.966)     82.0/ 0.17(0.978)  -0.209    0  <-V2
jump_0602/150_2.2_500_5      2    500/5.00    177.8/-0.09(0.599)    166.6/-0.07(0.601)  +0.406   69  <-V2
Traceback (most recent call last):
  File "<string>", line 1, in <module>
  File "C:\Program Files\WindowsApps\PythonSoftwareFoundation.Python.3.11_3.11.2544.0_x64__qbz5n2kfra8p0\Lib\multiprocessing\spawn.py", line 122, in spawn_main
    exitcode = _main(fd, parent_sentinel)
               ^^^^^^^^^^^^^^^^^^^^^^^^^^
  File "C:\Program Files\WindowsApps\PythonSoftwareFoundation.Python.3.11_3.11.2544.0_x64__qbz5n2kfra8p0\Lib\multiprocessing\spawn.py", line 131, in _main
    prepare(preparation_data)
  File "C:\Program Files\WindowsApps\PythonSoftwareFoundation.Python.3.11_3.11.2544.0_x64__qbz5n2kfra8p0\Lib\multiprocessing\spawn.py", line 246, in prepare
    _fixup_main_from_path(data['init_main_from_path'])
  File "C:\Program Files\WindowsApps\PythonSoftwareFoundation.Python.3.11_3.11.2544.0_x64__qbz5n2kfra8p0\Lib\multiprocessing\spawn.py", line 297, in _fixup_main_from_path
    main_content = runpy.run_path(main_path,
                   ^^^^^^^^^^^^^^^^^^^^^^^^^
  File "<frozen runpy>", line 291, in run_path
  File "<frozen runpy>", line 98, in _run_module_code
  File "<frozen runpy>", line 88, in _run_code
  File "C:\Users\junho\Documents\jump-opt-digital-twin\code\goal22\p19_jump\p19_cma2.py", line 11, in <module>
    import p19_judge as P
  File "C:\Users\junho\Documents\jump-opt-digital-twin\code\goal22\p19_jump\p19_judge.py", line 21, in <module>
    import p14_judge as J
  File "C:\Users\junho\Documents\jump-opt-digital-twin\code\goal22\p14_ahat\p14_judge.py", line 24, in <module>
    from g22_p13_phases import phases
  File "C:\Users\junho\Documents\jump-opt-digital-twin\code\goal22\g22_p13_phases.py", line 26, in <module>
    PDLAW = json.load(open(Path(__file__).parent / "p10_pdlaw.json"))
            ^^^^^^^^^^^^^^^^^^^^^^^^^^^^^^^^^^^^^^^^^^^^^^^^^^^^^^^^^
  File "C:\Program Files\WindowsApps\PythonSoftwareFoundation.Python.3.11_3.11.2544.0_x64__qbz5n2kfra8p0\Lib\json\__init__.py", line 293, in load
    return loads(fp.read(),
           ^^^^^^^^^^^^^^^^
  File "C:\Program Files\WindowsApps\PythonSoftwareFoundation.Python.3.11_3.11.2544.0_x64__qbz5n2kfra8p0\Lib\json\__init__.py", line 346, in loads
    return _default_decoder.decode(s)
           ^^^^^^^^^^^^^^^^^^^^^^^^^^
  File "C:\Program Files\WindowsApps\PythonSoftwareFoundation.Python.3.11_3.11.2544.0_x64__qbz5n2kfra8p0\Lib\json\decoder.py", line 337, in decode
    obj, end = self.raw_decode(s, idx=_w(s, 0).end())
               ^^^^^^^^^^^^^^^^^^^^^^^^^^^^^^^^^^^^^^
  File "C:\Program Files\WindowsApps\PythonSoftwareFoundation.Python.3.11_3.11.2544.0_x64__qbz5n2kfra8p0\Lib\json\decoder.py", line 355, in raw_decode
    raise JSONDecodeError("Expecting value", s, err.value) from None
json.decoder.JSONDecodeError: Expecting value: line 1 column 1 (char 0)
saved p10_pdlaw.json
jump_0602/90_0.75_90_2       2     90/2.00     86.5/ 1.38(0.949)    131.8/ 2.03(0.974)  -0.109   66  <-V2
jump_0602/120_2_120_2        1    120/2.00     94.5/ 0.34(0.789)    129.9/ 0.54(0.916)  -0.527    0  <-V2
jump_0602/120_2_120_2        2    120/2.00    116.6/ 1.14(0.953)    158.6/ 1.43(0.982)  -0.128   66  <-V2
jump_0602/150_2.2_250_3      1    150/2.20    108.1/ 0.45(0.735)    156.8/ 0.59(0.938)  -0.552    0  <-V2
jump_0602/150_2.2_250_3      2    250/3.00    233.7/ 0.06(0.949)    236.4/ 0.04(0.947)  +0.127   84  <-V1
jump_0602/150_2.2_500_5      1    150/2.20    111.1/ 0.43(0.727)    157.3/ 0.56(0.930)  -0.506    3  <-V2
jump_0602/150_2.2_500_5      2    500/5.00    177.8/-0.09(0.599)    166.6/-0.07(0.601)  +0.406   69  <-V2
saved p10_pdlaw.json
warm-start from previous mshoot best
warm-start from previous fourbar best
saved p10_pdlaw.json
warm-start from previous mshoot best
warm-start from previous fourbar best
saved p10_pdlaw.json
warm-start from previous mshoot best
warm-start from previous fourbar best
trial                        jt      label              V1 kp/kd(R2)              V2 kp/kd(R2)  cff  sat
jump_0324/P40_D0.7           1     40/0.70     90.3/-1.01(0.321)     54.5/-0.87(0.931)  +0.880    0  <-V2
saved p10_pdlaw.json
warm-start from previous mshoot best
jump_0324/P40_D0.7           2     40/0.70     62.4/-0.11(-0.069)     62.2/ 0.00(-0.098)  +1.009   24  <-V1
warm-start from previous fourbar best
jump_0324/P60_D1.5           1     60/1.50     26.2/-0.41(-0.205)     53.5/-0.80(0.885)  +0.819    0  <-V2
jump_0324/P60_D1.5           2     60/1.50    106.3/-0.58(-0.269)     86.6/-0.42(-0.291)  +1.171   11  <-V1
jump_0324/P100_D3            1    100/3.00     49.8/-0.51(0.494)     65.7/-0.61(0.892)  +0.585    0  <-V2
saved p10_pdlaw.json
warm-start from previous mshoot best
warm-start from previous fourbar best
jump_0324/P100_D3            2    100/3.00    121.3/-0.89(-1.097)     89.7/-0.72(-0.431)  +1.335   19  <-V2
jump_position_0421/P60_D0.75_P60_D2 1     60/0.75     39.7/ 0.09(0.968)     45.3/ 0.27(0.982)  -0.086    0  <-V2
jump_position_0421/P60_D0.75_P60_D2 2     60/2.00     37.1/ 1.06(0.940)     54.1/ 1.59(0.992)  +0.015   60  <-V2
jump_position_0421/P70_D0.75_P70_D2 1     70/0.75     44.5/ 0.09(0.954)     51.4/ 0.28(0.975)  -0.087    0  <-V2
jump_position_0421/P70_D0.75_P70_D2 2     70/2.00     41.2/ 1.00(0.944)     61.3/ 1.52(0.989)  +0.023   52  <-V2
jump_position_0421/P80_D0.75_P80_D2 1     80/0.75     48.5/ 0.07(0.967)     54.8/ 0.22(0.979)  -0.076    0  <-V2
jump_position_0421/P80_D0.75_P80_D2 2     80/2.00     52.3/ 1.12(0.955)     71.4/ 1.53(0.988)  -0.004   66  <-V2
jump_position_0421/P90_D0.75_P90_D2 1     90/0.75     51.5/ 0.09(0.940)     60.0/ 0.25(0.963)  -0.078    0  <-V2
jump_position_0421/P90_D0.75_P90_D2 2     90/2.00     57.1/ 1.07(0.952)     79.1/ 1.47(0.989)  -0.002   63  <-V2
jump_position_0421/P100_D0.75_P100_D2 1    100/0.75     57.4/ 0.09(0.920)     67.1/ 0.26(0.946)  -0.095    0  <-V2
jump_position_0421/P100_D0.75_P100_D2 2    100/2.00     62.9/ 1.04(0.955)     85.9/ 1.39(0.987)  +0.015   62  <-V2
saved p10_pdlaw.json
warm-start from previous mshoot best
warm-start from previous fourbar best
jump_position_0421/P200_D1.5_P200_D4 1    200/1.50     71.1/ 0.16(0.634)    110.9/ 0.68(0.786)  -0.260    0  <-V2
jump_position_0421/P200_D1.5_P200_D4 2    200/4.00     51.7/ 1.05(0.507)    139.5/ 2.70(0.884)  +0.475   23  <-V2
jump_0424/60_0.75_60_2       1     60/0.75     51.6/ 0.21(0.970)     61.0/ 0.25(0.992)  -0.082    0  <-V2
jump_0424/60_0.75_60_2       2     60/2.00     62.2/ 1.17(0.820)     89.3/ 1.61(0.849)  -0.116   64  <-V2
saved p10_pdlaw.json
warm-start from previous mshoot best
jump_0424/60_1.5_60_1.5      1     60/1.50     53.8/ 0.57(0.924)     77.1/ 0.62(0.919)  -0.158    0  <-V1
warm-start from previous fourbar best
jump_0424/60_1.5_60_1.5      2     60/1.50     60.1/ 0.92(0.938)     80.9/ 1.17(0.963)  -0.114   59  <-V2
jump_0424/90_0.75_90_2       1     90/0.75     64.8/ 0.12(0.933)     74.2/ 0.15(0.955)  -0.071    0  <-V2
jump_0424/90_0.75_90_2       2     90/2.00     90.3/ 0.79(0.899)    110.3/ 0.94(0.956)  +0.034   79  <-V2
jump_0424/120_2_120_2        1    120/2.00     84.0/ 0.47(0.751)    123.0/ 0.45(0.942)  -0.240    0  <-V2
jump_0424/120_2_120_2        2    120/2.00    107.4/ 0.58(0.847)    131.0/ 0.67(0.941)  +0.209   68  <-V2
jump_0424/120_2.2_150_2.5    1    120/2.20     83.2/ 0.51(0.685)    124.1/ 0.47(0.933)  -0.267    0  <-V2
jump_0424/120_2.2_150_2.5    2    150/2.50    123.7/ 0.61(0.772)    157.7/ 0.67(0.900)  +0.272   64  <-V2
jump_0424/120_2.2_200_2.8    1    120/2.20     74.2/ 0.52(0.692)    122.4/ 0.45(0.939)  -0.255    0  <-V2
jump_0424/120_2.2_200_2.8    2    200/2.80    149.4/ 0.59(0.505)    193.5/ 0.66(0.781)  +0.430   79  <-V2
saved p10_pdlaw.json
warm-start from previous mshoot best
warm-start from previous fourbar best
jump_0424/150_2.2_250_3      1    150/2.20     76.4/ 0.53(0.596)    144.9/ 0.49(0.918)  -0.269    0  <-V2
jump_0424/150_2.2_250_3      2    250/3.00    163.9/ 0.55(0.556)    222.9/ 0.62(0.776)  +0.493   63  <-V2
jump_0424/150_2.2_350_3.5    1    150/2.20     67.8/ 0.56(0.582)    143.3/ 0.48(0.904)  -0.255    0  <-V2
jump_0424/150_2.2_350_3.5    2    350/3.50    197.6/ 0.56(0.402)    277.8/ 0.66(0.644)  +0.563   57  <-V2
jump_0424/150_2.2_500_4      1    150/2.20     72.8/ 0.50(0.636)    140.8/ 0.47(0.933)  -0.274    0  <-V2
jump_0424/150_2.2_500_4      2    500/4.00    236.1/ 0.57(0.257)    330.3/ 0.64(0.459)  +0.647   58  <-V2
jump_0602/60_0.75_60_2       1     60/0.75     54.0/ 0.22(0.952)     65.9/ 0.39(0.970)  -0.296    0  <-V2
jump_0602/60_0.75_60_2       2     60/2.00     58.0/ 1.52(0.941)     98.7/ 2.62(0.925)  -0.085   61  <-V1
saved p10_pdlaw.json
warm-start from previous mshoot best
jump_0602/60_1.5_60_1.5      1     60/1.50     53.8/ 0.79(0.959)     84.7/ 1.06(0.888)  -0.294    3  <-V1
warm-start from previous fourbar best
jump_0602/60_1.5_60_1.5      2     60/1.50     56.4/ 1.11(0.992)     81.5/ 1.63(0.928)  -0.019   60  <-V1
jump_0602/90_0.75_90_2       1     90/0.75     74.7/ 0.08(0.966)     82.0/ 0.17(0.978)  -0.209    0  <-V2
jump_0602/90_0.75_90_2       2     90/2.00     86.5/ 1.38(0.949)    131.8/ 2.03(0.974)  -0.109   66  <-V2
jump_0602/120_2_120_2        1    120/2.00     94.5/ 0.34(0.789)    129.9/ 0.54(0.916)  -0.527    0  <-V2
jump_0602/120_2_120_2        2    120/2.00    116.6/ 1.14(0.953)    158.6/ 1.43(0.982)  -0.128   66  <-V2
jump_0602/150_2.2_250_3      1    150/2.20    108.1/ 0.45(0.735)    156.8/ 0.59(0.938)  -0.552    0  <-V2
jump_0602/150_2.2_250_3      2    250/3.00    233.7/ 0.06(0.949)    236.4/ 0.04(0.947)  +0.127   84  <-V1
jump_0602/150_2.2_500_5      1    150/2.20    111.1/ 0.43(0.727)    157.3/ 0.56(0.930)  -0.506    3  <-V2
jump_0602/150_2.2_500_5      2    500/5.00    177.8/-0.09(0.599)    166.6/-0.07(0.601)  +0.406   69  <-V2
saved p10_pdlaw.json
warm-start from previous mshoot best
warm-start from previous fourbar best
BEST nev=6 J=0.8778 stiff=1.1 ref=2.19 pre30=2.03 fv_hip=0.807 fc_hip=0.00123 fv_knee=0.011 fc_knee=0.011 solref=0.00281 imp0=0.362 arm_knee=0.0101 M_c=0.715 I_th=1.03 I_ca=1.45 dz_th=0.0216 dz_ca=-0.0238 tm=1.48e-05 [0.1m]
BEST nev=29 J=0.8609 stiff=0.521 ref=1.63 pre30=2.82 fv_hip=0.707 fc_hip=0.212 fv_knee=0.0223 fc_knee=0.0121 solref=0.0046 imp0=0.391 arm_knee=0.00643 M_c=0.625 I_th=0.771 I_ca=1.32 dz_th=0.00797 dz_ca=-0.0319 tm=0.00166 [0.2m]
BEST nev=111 J=0.8577 stiff=0.561 ref=2.2 pre30=2.25 fv_hip=0.71 fc_hip=0.0369 fv_knee=0.00543 fc_knee=0.0131 solref=0.0149 imp0=0.443 arm_knee=0.00963 M_c=0.604 I_th=0.595 I_ca=1.28 dz_th=0.0699 dz_ca=0.0284 tm=0.00264 [0.7m]
BEST nev=229 J=0.8537 stiff=0.54 ref=1.84 pre30=2.64 fv_hip=0.866 fc_hip=0.000167 fv_knee=0.0066 fc_knee=0.0442 solref=0.0176 imp0=0.251 arm_knee=0.00858 M_c=1.09 I_th=0.956 I_ca=1.44 dz_th=0.0561 dz_ca=-0.0263 tm=0.000377 [1.4m]
BEST nev=425 J=0.8519 stiff=0.366 ref=1.71 pre30=2.82 fv_hip=0.719 fc_hip=0.0126 fv_knee=0.0107 fc_knee=0.00377 solref=0.0147 imp0=0.488 arm_knee=0.00851 M_c=0.889 I_th=0.779 I_ca=1.19 dz_th=0.0798 dz_ca=-0.0114 tm=0.000359 [2.5m]
BEST nev=432 J=0.8439 stiff=0.527 ref=1.88 pre30=2.17 fv_hip=0.768 fc_hip=0.0162 fv_knee=0.00867 fc_knee=0.0106 solref=0.011 imp0=0.393 arm_knee=0.00913 M_c=0.78 I_th=0.765 I_ca=1.11 dz_th=0.0784 dz_ca=-0.0227 tm=0.000133 [2.6m]
BEST nev=544 J=0.8384 stiff=0.558 ref=1.56 pre30=2.31 fv_hip=0.808 fc_hip=0.0325 fv_knee=0.0108 fc_knee=0.000876 solref=0.0166 imp0=0.392 arm_knee=0.00808 M_c=0.765 I_th=0.851 I_ca=1.36 dz_th=0.0787 dz_ca=-0.0125 tm=0.000316 [3.2m]
BEST nev=559 J=0.8380 stiff=0.441 ref=1.66 pre30=2.7 fv_hip=0.955 fc_hip=0.000659 fv_knee=0.0177 fc_knee=0.000156 solref=0.017 imp0=0.403 arm_knee=0.00786 M_c=0.675 I_th=0.889 I_ca=1.39 dz_th=0.0731 dz_ca=-0.00722 tm=6.43e-05 [3.2m]
BEST nev=602 J=0.8357 stiff=0.484 ref=1.57 pre30=2.62 fv_hip=0.91 fc_hip=0.00797 fv_knee=0.01 fc_knee=0.000218 solref=0.017 imp0=0.417 arm_knee=0.00715 M_c=0.75 I_th=0.985 I_ca=1.34 dz_th=0.0616 dz_ca=-0.014 tm=6.87e-06 [3.5m]
BEST nev=623 J=0.8339 stiff=0.381 ref=1.52 pre30=2.67 fv_hip=0.936 fc_hip=0.0268 fv_knee=0.0147 fc_knee=0.0017 solref=0.0186 imp0=0.345 arm_knee=0.00686 M_c=0.709 I_th=0.917 I_ca=1.44 dz_th=0.079 dz_ca=-0.00996 tm=3.3e-07 [3.6m]
BEST nev=656 J=0.8334 stiff=0.439 ref=1.54 pre30=2.47 fv_hip=0.802 fc_hip=0.00213 fv_knee=0.0164 fc_knee=0.0026 solref=0.016 imp0=0.438 arm_knee=0.00735 M_c=0.661 I_th=1.02 I_ca=1.41 dz_th=0.0795 dz_ca=-0.00966 tm=1.77e-06 [3.8m]
BEST nev=664 J=0.8325 stiff=0.354 ref=1.56 pre30=2.72 fv_hip=0.815 fc_hip=4.5e-05 fv_knee=0.0182 fc_knee=0.000632 solref=0.0165 imp0=0.457 arm_knee=0.00745 M_c=0.65 I_th=1.02 I_ca=1.45 dz_th=0.0708 dz_ca=0.000812 tm=0.000234 [3.9m]
BEST nev=675 J=0.8319 stiff=0.37 ref=1.5 pre30=2.64 fv_hip=0.747 fc_hip=0.00577 fv_knee=0.0201 fc_knee=0.000375 solref=0.0163 imp0=0.405 arm_knee=0.00724 M_c=0.618 I_th=1.06 I_ca=1.44 dz_th=0.0737 dz_ca=-0.00923 tm=0.000693 [3.9m]
BEST nev=682 J=0.8284 stiff=0.346 ref=1.52 pre30=2.65 fv_hip=0.739 fc_hip=0.0244 fv_knee=0.0352 fc_knee=0.000318 solref=0.0163 imp0=0.381 arm_knee=0.00684 M_c=0.63 I_th=1.03 I_ca=1.45 dz_th=0.0755 dz_ca=-0.00281 tm=4.61e-05 [4.0m]
CMA2 DONE nev=710 J=0.8284 [4.1m]
