trial                        jt      label              V1 kp/kd(R2)              V2 kp/kd(R2)  cff  sat
jump_0324/P40_D0.7           1     40/0.70     90.3/-1.01(0.321)     54.5/-0.87(0.931)  +0.880    0  <-V2
jump_0324/P40_D0.7           2     40/0.70     62.4/-0.11(-0.069)     62.2/ 0.00(-0.098)  +1.009   24  <-V1
jump_0324/P60_D1.5           1     60/1.50     26.2/-0.41(-0.205)     53.5/-0.80(0.885)  +0.819    0  <-V2
jump_0324/P60_D1.5           2     60/1.50    106.3/-0.58(-0.269)     86.6/-0.42(-0.291)  +1.171   11  <-V1
jump_0324/P100_D3            1    100/3.00     49.8/-0.51(0.494)     65.7/-0.61(0.892)  +0.585    0  <-V2
jump_0324/P100_D3            2    100/3.00    121.3/-0.89(-1.097)     89.7/-0.72(-0.431)  +1.335   19  <-V2
jump_position_0421/P60_D0.75_P60_D2 1     60/0.75     39.7/ 0.09(0.968)     45.3/ 0.27(0.982)  -0.086    0  <-V2
jump_position_0421/P60_D0.75_P60_D2 2     60/2.00     37.1/ 1.06(0.940)     54.1/ 1.59(0.992)  +0.015   60  <-V2
jump_position_0421/P70_D0.75_P70_D2 1     70/0.75     44.5/ 0.09(0.954)     51.4/ 0.28(0.975)  -0.087    0  <-V2
jump_position_0421/P70_D0.75_P70_D2 2     70/2.00     41.2/ 1.00(0.944)     61.3/ 1.52(0.989)  +0.023   52  <-V2
jump_position_0421/P80_D0.75_P80_D2 1     80/0.75     48.5/ 0.07(0.967)     54.8/ 0.22(0.979)  -0.076    0  <-V2
jump_position_0421/P80_D0.75_P80_D2 2     80/2.00     52.3/ 1.12(0.955)     71.4/ 1.53(0.988)  -0.004   66  <-V2
jump_position_0421/P90_D0.75_P90_D2 1     90/0.75     51.5/ 0.09(0.940)     60.0/ 0.25(0.963)  -0.078    0  <-V2
jump_position_0421/P90_D0.75_P90_D2 2     90/2.00     57.1/ 1.07(0.952)     79.1/ 1.47(0.989)  -0.002   63  <-V2
jump_position_0421/P100_D0.75_P100_D2 1    100/0.75     57.4/ 0.09(0.920)     67.1/ 0.26(0.946)  -0.095    0  <-V2
jump_position_0421/P100_D0.75_P100_D2 2    100/2.00     62.9/ 1.04(0.955)     85.9/ 1.39(0.987)  +0.015   62  <-V2
jump_position_0421/P200_D1.5_P200_D4 1    200/1.50     71.1/ 0.16(0.634)    110.9/ 0.68(0.786)  -0.260    0  <-V2
jump_position_0421/P200_D1.5_P200_D4 2    200/4.00     51.7/ 1.05(0.507)    139.5/ 2.70(0.884)  +0.475   23  <-V2
jump_0424/60_0.75_60_2       1     60/0.75     51.6/ 0.21(0.970)     61.0/ 0.25(0.992)  -0.082    0  <-V2
jump_0424/60_0.75_60_2       2     60/2.00     62.2/ 1.17(0.820)     89.3/ 1.61(0.849)  -0.116   64  <-V2
jump_0424/60_1.5_60_1.5      1     60/1.50     53.8/ 0.57(0.924)     77.1/ 0.62(0.919)  -0.158    0  <-V1
jump_0424/60_1.5_60_1.5      2     60/1.50     60.1/ 0.92(0.938)     80.9/ 1.17(0.963)  -0.114   59  <-V2
jump_0424/90_0.75_90_2       1     90/0.75     64.8/ 0.12(0.933)     74.2/ 0.15(0.955)  -0.071    0  <-V2
jump_0424/90_0.75_90_2       2     90/2.00     90.3/ 0.79(0.899)    110.3/ 0.94(0.956)  +0.034   79  <-V2
jump_0424/120_2_120_2        1    120/2.00     84.0/ 0.47(0.751)    123.0/ 0.45(0.942)  -0.240    0  <-V2
jump_0424/120_2_120_2        2    120/2.00    107.4/ 0.58(0.847)    131.0/ 0.67(0.941)  +0.209   68  <-V2
jump_0424/120_2.2_150_2.5    1    120/2.20     83.2/ 0.51(0.685)    124.1/ 0.47(0.933)  -0.267    0  <-V2
jump_0424/120_2.2_150_2.5    2    150/2.50    123.7/ 0.61(0.772)    157.7/ 0.67(0.900)  +0.272   64  <-V2
jump_0424/120_2.2_200_2.8    1    120/2.20     74.2/ 0.52(0.692)    122.4/ 0.45(0.939)  -0.255    0  <-V2
jump_0424/120_2.2_200_2.8    2    200/2.80    149.4/ 0.59(0.505)    193.5/ 0.66(0.781)  +0.430   79  <-V2
jump_0424/150_2.2_250_3      1    150/2.20     76.4/ 0.53(0.596)    144.9/ 0.49(0.918)  -0.269    0  <-V2
jump_0424/150_2.2_250_3      2    250/3.00    163.9/ 0.55(0.556)    222.9/ 0.62(0.776)  +0.493   63  <-V2
jump_0424/150_2.2_350_3.5    1    150/2.20     67.8/ 0.56(0.582)    143.3/ 0.48(0.904)  -0.255    0  <-V2
jump_0424/150_2.2_350_3.5    2    350/3.50    197.6/ 0.56(0.402)    277.8/ 0.66(0.644)  +0.563   57  <-V2
jump_0424/150_2.2_500_4      1    150/2.20     72.8/ 0.50(0.636)    140.8/ 0.47(0.933)  -0.274    0  <-V2
jump_0424/150_2.2_500_4      2    500/4.00    236.1/ 0.57(0.257)    330.3/ 0.64(0.459)  +0.647   58  <-V2
jump_0602/60_0.75_60_2       1     60/0.75     54.0/ 0.22(0.952)     65.9/ 0.39(0.970)  -0.296    0  <-V2
jump_0602/60_0.75_60_2       2     60/2.00     58.0/ 1.52(0.941)     98.7/ 2.62(0.925)  -0.085   61  <-V1
jump_0602/60_1.5_60_1.5      1     60/1.50     53.8/ 0.79(0.959)     84.7/ 1.06(0.888)  -0.294    3  <-V1
jump_0602/60_1.5_60_1.5      2     60/1.50     56.4/ 1.11(0.992)     81.5/ 1.63(0.928)  -0.019   60  <-V1
jump_0602/90_0.75_90_2       1     90/0.75     74.7/ 0.08(0.966)     82.0/ 0.17(0.978)  -0.209    0  <-V2
jump_0602/90_0.75_90_2       2     90/2.00     86.5/ 1.38(0.949)    131.8/ 2.03(0.974)  -0.109   66  <-V2
jump_0602/120_2_120_2        1    120/2.00     94.5/ 0.34(0.789)    129.9/ 0.54(0.916)  -0.527    0  <-V2
jump_0602/120_2_120_2        2    120/2.00    116.6/ 1.14(0.953)    158.6/ 1.43(0.982)  -0.128   66  <-V2
jump_0602/150_2.2_250_3      1    150/2.20    108.1/ 0.45(0.735)    156.8/ 0.59(0.938)  -0.552    0  <-V2
jump_0602/150_2.2_250_3      2    250/3.00    233.7/ 0.06(0.949)    236.4/ 0.04(0.947)  +0.127   84  <-V1
jump_0602/150_2.2_500_5      1    150/2.20    111.1/ 0.43(0.727)    157.3/ 0.56(0.930)  -0.506    3  <-V2
jump_0602/150_2.2_500_5      2    500/5.00    177.8/-0.09(0.599)    166.6/-0.07(0.601)  +0.406   69  <-V2
saved p10_pdlaw.json
warm-start from previous mshoot best
warm-start from previous fourbar best
x0(hip 0.5/−1.0) J = 0.9874 (cma3 최종 0.9794 대비)
trial                        jt      label              V1 kp/kd(R2)              V2 kp/kd(R2)  cff  sat
jump_0324/P40_D0.7           1     40/0.70     90.3/-1.01(0.321)     54.5/-0.87(0.931)  +0.880    0  <-V2
jump_0324/P40_D0.7           2     40/0.70     62.4/-0.11(-0.069)     62.2/ 0.00(-0.098)  +1.009   24  <-V1
jump_0324/P60_D1.5           1     60/1.50     26.2/-0.41(-0.205)     53.5/-0.80(0.885)  +0.819    0  <-V2
jump_0324/P60_D1.5           2     60/1.50    106.3/-0.58(-0.269)     86.6/-0.42(-0.291)  +1.171   11  <-V1
jump_0324/P100_D3            1    100/3.00     49.8/-0.51(0.494)     65.7/-0.61(0.892)  +0.585    0  <-V2
jump_0324/P100_D3            2    100/3.00    121.3/-0.89(-1.097)     89.7/-0.72(-0.431)  +1.335   19  <-V2
jump_position_0421/P60_D0.75_P60_D2 1     60/0.75     39.7/ 0.09(0.968)     45.3/ 0.27(0.982)  -0.086    0  <-V2
jump_position_0421/P60_D0.75_P60_D2 2     60/2.00     37.1/ 1.06(0.940)     54.1/ 1.59(0.992)  +0.015   60  <-V2
trial                        jt      label              V1 kp/kd(R2)              V2 kp/kd(R2)  cff  sat
jump_0324/P40_D0.7           1     40/0.70     90.3/-1.01(0.321)     54.5/-0.87(0.931)  +0.880    0  <-V2
jump_position_0421/P70_D0.75_P70_D2 1     70/0.75     44.5/ 0.09(0.954)     51.4/ 0.28(0.975)  -0.087    0  <-V2
jump_0324/P40_D0.7           2     40/0.70     62.4/-0.11(-0.069)     62.2/ 0.00(-0.098)  +1.009   24  <-V1
jump_position_0421/P70_D0.75_P70_D2 2     70/2.00     41.2/ 1.00(0.944)     61.3/ 1.52(0.989)  +0.023   52  <-V2
jump_0324/P60_D1.5           1     60/1.50     26.2/-0.41(-0.205)     53.5/-0.80(0.885)  +0.819    0  <-V2
jump_position_0421/P80_D0.75_P80_D2 1     80/0.75     48.5/ 0.07(0.967)     54.8/ 0.22(0.979)  -0.076    0  <-V2
jump_0324/P60_D1.5           2     60/1.50    106.3/-0.58(-0.269)     86.6/-0.42(-0.291)  +1.171   11  <-V1
jump_position_0421/P80_D0.75_P80_D2 2     80/2.00     52.3/ 1.12(0.955)     71.4/ 1.53(0.988)  -0.004   66  <-V2
jump_0324/P100_D3            1    100/3.00     49.8/-0.51(0.494)     65.7/-0.61(0.892)  +0.585    0  <-V2
jump_0324/P100_D3            2    100/3.00    121.3/-0.89(-1.097)     89.7/-0.72(-0.431)  +1.335   19  <-V2
jump_position_0421/P90_D0.75_P90_D2 1     90/0.75     51.5/ 0.09(0.940)     60.0/ 0.25(0.963)  -0.078    0  <-V2
jump_position_0421/P60_D0.75_P60_D2 1     60/0.75     39.7/ 0.09(0.968)     45.3/ 0.27(0.982)  -0.086    0  <-V2
jump_position_0421/P90_D0.75_P90_D2 2     90/2.00     57.1/ 1.07(0.952)     79.1/ 1.47(0.989)  -0.002   63  <-V2
trial                        jt      label              V1 kp/kd(R2)              V2 kp/kd(R2)  cff  sat
jump_0324/P40_D0.7           1     40/0.70     90.3/-1.01(0.321)     54.5/-0.87(0.931)  +0.880    0  <-V2
jump_position_0421/P100_D0.75_P100_D2 1    100/0.75     57.4/ 0.09(0.920)     67.1/ 0.26(0.946)  -0.095    0  <-V2
jump_position_0421/P60_D0.75_P60_D2 2     60/2.00     37.1/ 1.06(0.940)     54.1/ 1.59(0.992)  +0.015   60  <-V2
jump_0324/P40_D0.7           2     40/0.70     62.4/-0.11(-0.069)     62.2/ 0.00(-0.098)  +1.009   24  <-V1
jump_position_0421/P70_D0.75_P70_D2 1     70/0.75     44.5/ 0.09(0.954)     51.4/ 0.28(0.975)  -0.087    0  <-V2
jump_position_0421/P100_D0.75_P100_D2 2    100/2.00     62.9/ 1.04(0.955)     85.9/ 1.39(0.987)  +0.015   62  <-V2
jump_0324/P60_D1.5           1     60/1.50     26.2/-0.41(-0.205)     53.5/-0.80(0.885)  +0.819    0  <-V2
jump_position_0421/P70_D0.75_P70_D2 2     70/2.00     41.2/ 1.00(0.944)     61.3/ 1.52(0.989)  +0.023   52  <-V2
jump_0324/P60_D1.5           2     60/1.50    106.3/-0.58(-0.269)     86.6/-0.42(-0.291)  +1.171   11  <-V1
jump_position_0421/P80_D0.75_P80_D2 1     80/0.75     48.5/ 0.07(0.967)     54.8/ 0.22(0.979)  -0.076    0  <-V2
jump_0324/P100_D3            1    100/3.00     49.8/-0.51(0.494)     65.7/-0.61(0.892)  +0.585    0  <-V2
jump_position_0421/P80_D0.75_P80_D2 2     80/2.00     52.3/ 1.12(0.955)     71.4/ 1.53(0.988)  -0.004   66  <-V2
jump_position_0421/P200_D1.5_P200_D4 1    200/1.50     71.1/ 0.16(0.634)    110.9/ 0.68(0.786)  -0.260    0  <-V2
jump_0324/P100_D3            2    100/3.00    121.3/-0.89(-1.097)     89.7/-0.72(-0.431)  +1.335   19  <-V2
jump_position_0421/P90_D0.75_P90_D2 1     90/0.75     51.5/ 0.09(0.940)     60.0/ 0.25(0.963)  -0.078    0  <-V2
jump_position_0421/P200_D1.5_P200_D4 2    200/4.00     51.7/ 1.05(0.507)    139.5/ 2.70(0.884)  +0.475   23  <-V2
jump_position_0421/P60_D0.75_P60_D2 1     60/0.75     39.7/ 0.09(0.968)     45.3/ 0.27(0.982)  -0.086    0  <-V2
jump_position_0421/P90_D0.75_P90_D2 2     90/2.00     57.1/ 1.07(0.952)     79.1/ 1.47(0.989)  -0.002   63  <-V2
jump_0424/60_0.75_60_2       1     60/0.75     51.6/ 0.21(0.970)     61.0/ 0.25(0.992)  -0.082    0  <-V2
jump_position_0421/P60_D0.75_P60_D2 2     60/2.00     37.1/ 1.06(0.940)     54.1/ 1.59(0.992)  +0.015   60  <-V2
jump_0424/60_0.75_60_2       2     60/2.00     62.2/ 1.17(0.820)     89.3/ 1.61(0.849)  -0.116   64  <-V2
jump_position_0421/P100_D0.75_P100_D2 1    100/0.75     57.4/ 0.09(0.920)     67.1/ 0.26(0.946)  -0.095    0  <-V2
jump_position_0421/P70_D0.75_P70_D2 1     70/0.75     44.5/ 0.09(0.954)     51.4/ 0.28(0.975)  -0.087    0  <-V2
jump_position_0421/P100_D0.75_P100_D2 2    100/2.00     62.9/ 1.04(0.955)     85.9/ 1.39(0.987)  +0.015   62  <-V2
jump_0424/60_1.5_60_1.5      1     60/1.50     53.8/ 0.57(0.924)     77.1/ 0.62(0.919)  -0.158    0  <-V1
jump_position_0421/P70_D0.75_P70_D2 2     70/2.00     41.2/ 1.00(0.944)     61.3/ 1.52(0.989)  +0.023   52  <-V2
trial                        jt      label              V1 kp/kd(R2)              V2 kp/kd(R2)  cff  sat
jump_0324/P40_D0.7           1     40/0.70     90.3/-1.01(0.321)     54.5/-0.87(0.931)  +0.880    0  <-V2
jump_0424/60_1.5_60_1.5      2     60/1.50     60.1/ 0.92(0.938)     80.9/ 1.17(0.963)  -0.114   59  <-V2
jump_position_0421/P80_D0.75_P80_D2 1     80/0.75     48.5/ 0.07(0.967)     54.8/ 0.22(0.979)  -0.076    0  <-V2
jump_0324/P40_D0.7           2     40/0.70     62.4/-0.11(-0.069)     62.2/ 0.00(-0.098)  +1.009   24  <-V1
jump_0424/90_0.75_90_2       1     90/0.75     64.8/ 0.12(0.933)     74.2/ 0.15(0.955)  -0.071    0  <-V2
jump_position_0421/P80_D0.75_P80_D2 2     80/2.00     52.3/ 1.12(0.955)     71.4/ 1.53(0.988)  -0.004   66  <-V2
jump_0324/P60_D1.5           1     60/1.50     26.2/-0.41(-0.205)     53.5/-0.80(0.885)  +0.819    0  <-V2
jump_position_0421/P200_D1.5_P200_D4 1    200/1.50     71.1/ 0.16(0.634)    110.9/ 0.68(0.786)  -0.260    0  <-V2
jump_0424/90_0.75_90_2       2     90/2.00     90.3/ 0.79(0.899)    110.3/ 0.94(0.956)  +0.034   79  <-V2
jump_position_0421/P90_D0.75_P90_D2 1     90/0.75     51.5/ 0.09(0.940)     60.0/ 0.25(0.963)  -0.078    0  <-V2
jump_position_0421/P200_D1.5_P200_D4 2    200/4.00     51.7/ 1.05(0.507)    139.5/ 2.70(0.884)  +0.475   23  <-V2
jump_0324/P60_D1.5           2     60/1.50    106.3/-0.58(-0.269)     86.6/-0.42(-0.291)  +1.171   11  <-V1
jump_0424/120_2_120_2        1    120/2.00     84.0/ 0.47(0.751)    123.0/ 0.45(0.942)  -0.240    0  <-V2
jump_position_0421/P90_D0.75_P90_D2 2     90/2.00     57.1/ 1.07(0.952)     79.1/ 1.47(0.989)  -0.002   63  <-V2
jump_0424/60_0.75_60_2       1     60/0.75     51.6/ 0.21(0.970)     61.0/ 0.25(0.992)  -0.082    0  <-V2
jump_0324/P100_D3            1    100/3.00     49.8/-0.51(0.494)     65.7/-0.61(0.892)  +0.585    0  <-V2
jump_0424/120_2_120_2        2    120/2.00    107.4/ 0.58(0.847)    131.0/ 0.67(0.941)  +0.209   68  <-V2
jump_position_0421/P100_D0.75_P100_D2 1    100/0.75     57.4/ 0.09(0.920)     67.1/ 0.26(0.946)  -0.095    0  <-V2
trial                        jt      label              V1 kp/kd(R2)              V2 kp/kd(R2)  cff  sat
jump_0324/P40_D0.7           1     40/0.70     90.3/-1.01(0.321)     54.5/-0.87(0.931)  +0.880    0  <-V2
jump_0424/60_0.75_60_2       2     60/2.00     62.2/ 1.17(0.820)     89.3/ 1.61(0.849)  -0.116   64  <-V2
jump_0324/P100_D3            2    100/3.00    121.3/-0.89(-1.097)     89.7/-0.72(-0.431)  +1.335   19  <-V2
jump_0424/120_2.2_150_2.5    1    120/2.20     83.2/ 0.51(0.685)    124.1/ 0.47(0.933)  -0.267    0  <-V2
jump_position_0421/P100_D0.75_P100_D2 2    100/2.00     62.9/ 1.04(0.955)     85.9/ 1.39(0.987)  +0.015   62  <-V2
jump_0324/P40_D0.7           2     40/0.70     62.4/-0.11(-0.069)     62.2/ 0.00(-0.098)  +1.009   24  <-V1
jump_0424/60_1.5_60_1.5      1     60/1.50     53.8/ 0.57(0.924)     77.1/ 0.62(0.919)  -0.158    0  <-V1
jump_position_0421/P60_D0.75_P60_D2 1     60/0.75     39.7/ 0.09(0.968)     45.3/ 0.27(0.982)  -0.086    0  <-V2
jump_0424/120_2.2_150_2.5    2    150/2.50    123.7/ 0.61(0.772)    157.7/ 0.67(0.900)  +0.272   64  <-V2
jump_0324/P60_D1.5           1     60/1.50     26.2/-0.41(-0.205)     53.5/-0.80(0.885)  +0.819    0  <-V2
jump_0424/60_1.5_60_1.5      2     60/1.50     60.1/ 0.92(0.938)     80.9/ 1.17(0.963)  -0.114   59  <-V2
jump_position_0421/P60_D0.75_P60_D2 2     60/2.00     37.1/ 1.06(0.940)     54.1/ 1.59(0.992)  +0.015   60  <-V2
jump_0324/P60_D1.5           2     60/1.50    106.3/-0.58(-0.269)     86.6/-0.42(-0.291)  +1.171   11  <-V1
jump_0424/120_2.2_200_2.8    1    120/2.20     74.2/ 0.52(0.692)    122.4/ 0.45(0.939)  -0.255    0  <-V2
jump_0424/90_0.75_90_2       1     90/0.75     64.8/ 0.12(0.933)     74.2/ 0.15(0.955)  -0.071    0  <-V2
jump_position_0421/P70_D0.75_P70_D2 1     70/0.75     44.5/ 0.09(0.954)     51.4/ 0.28(0.975)  -0.087    0  <-V2
jump_0324/P100_D3            1    100/3.00     49.8/-0.51(0.494)     65.7/-0.61(0.892)  +0.585    0  <-V2
jump_position_0421/P200_D1.5_P200_D4 1    200/1.50     71.1/ 0.16(0.634)    110.9/ 0.68(0.786)  -0.260    0  <-V2
jump_0424/120_2.2_200_2.8    2    200/2.80    149.4/ 0.59(0.505)    193.5/ 0.66(0.781)  +0.430   79  <-V2
jump_0424/90_0.75_90_2       2     90/2.00     90.3/ 0.79(0.899)    110.3/ 0.94(0.956)  +0.034   79  <-V2
jump_position_0421/P70_D0.75_P70_D2 2     70/2.00     41.2/ 1.00(0.944)     61.3/ 1.52(0.989)  +0.023   52  <-V2
jump_0324/P100_D3            2    100/3.00    121.3/-0.89(-1.097)     89.7/-0.72(-0.431)  +1.335   19  <-V2
jump_position_0421/P200_D1.5_P200_D4 2    200/4.00     51.7/ 1.05(0.507)    139.5/ 2.70(0.884)  +0.475   23  <-V2
jump_0424/150_2.2_250_3      1    150/2.20     76.4/ 0.53(0.596)    144.9/ 0.49(0.918)  -0.269    0  <-V2
jump_0424/120_2_120_2        1    120/2.00     84.0/ 0.47(0.751)    123.0/ 0.45(0.942)  -0.240    0  <-V2
jump_position_0421/P80_D0.75_P80_D2 1     80/0.75     48.5/ 0.07(0.967)     54.8/ 0.22(0.979)  -0.076    0  <-V2
jump_position_0421/P60_D0.75_P60_D2 1     60/0.75     39.7/ 0.09(0.968)     45.3/ 0.27(0.982)  -0.086    0  <-V2
jump_0424/60_0.75_60_2       1     60/0.75     51.6/ 0.21(0.970)     61.0/ 0.25(0.992)  -0.082    0  <-V2
jump_0424/150_2.2_250_3      2    250/3.00    163.9/ 0.55(0.556)    222.9/ 0.62(0.776)  +0.493   63  <-V2
jump_0424/120_2_120_2        2    120/2.00    107.4/ 0.58(0.847)    131.0/ 0.67(0.941)  +0.209   68  <-V2
jump_position_0421/P80_D0.75_P80_D2 2     80/2.00     52.3/ 1.12(0.955)     71.4/ 1.53(0.988)  -0.004   66  <-V2
jump_0424/60_0.75_60_2       2     60/2.00     62.2/ 1.17(0.820)     89.3/ 1.61(0.849)  -0.116   64  <-V2
jump_position_0421/P60_D0.75_P60_D2 2     60/2.00     37.1/ 1.06(0.940)     54.1/ 1.59(0.992)  +0.015   60  <-V2
jump_0424/150_2.2_350_3.5    1    150/2.20     67.8/ 0.56(0.582)    143.3/ 0.48(0.904)  -0.255    0  <-V2
trial                        jt      label              V1 kp/kd(R2)              V2 kp/kd(R2)  cff  sat
jump_0324/P40_D0.7           1     40/0.70     90.3/-1.01(0.321)     54.5/-0.87(0.931)  +0.880    0  <-V2
jump_0424/120_2.2_150_2.5    1    120/2.20     83.2/ 0.51(0.685)    124.1/ 0.47(0.933)  -0.267    0  <-V2
jump_position_0421/P70_D0.75_P70_D2 1     70/0.75     44.5/ 0.09(0.954)     51.4/ 0.28(0.975)  -0.087    0  <-V2
jump_0424/60_1.5_60_1.5      1     60/1.50     53.8/ 0.57(0.924)     77.1/ 0.62(0.919)  -0.158    0  <-V1
jump_position_0421/P90_D0.75_P90_D2 1     90/0.75     51.5/ 0.09(0.940)     60.0/ 0.25(0.963)  -0.078    0  <-V2
jump_0424/150_2.2_350_3.5    2    350/3.50    197.6/ 0.56(0.402)    277.8/ 0.66(0.644)  +0.563   57  <-V2
jump_0324/P40_D0.7           2     40/0.70     62.4/-0.11(-0.069)     62.2/ 0.00(-0.098)  +1.009   24  <-V1
jump_0424/120_2.2_150_2.5    2    150/2.50    123.7/ 0.61(0.772)    157.7/ 0.67(0.900)  +0.272   64  <-V2
jump_position_0421/P70_D0.75_P70_D2 2     70/2.00     41.2/ 1.00(0.944)     61.3/ 1.52(0.989)  +0.023   52  <-V2
jump_0424/60_1.5_60_1.5      2     60/1.50     60.1/ 0.92(0.938)     80.9/ 1.17(0.963)  -0.114   59  <-V2
jump_0424/150_2.2_500_4      1    150/2.20     72.8/ 0.50(0.636)    140.8/ 0.47(0.933)  -0.274    0  <-V2
jump_position_0421/P90_D0.75_P90_D2 2     90/2.00     57.1/ 1.07(0.952)     79.1/ 1.47(0.989)  -0.002   63  <-V2
jump_0324/P60_D1.5           1     60/1.50     26.2/-0.41(-0.205)     53.5/-0.80(0.885)  +0.819    0  <-V2
jump_0424/120_2.2_200_2.8    1    120/2.20     74.2/ 0.52(0.692)    122.4/ 0.45(0.939)  -0.255    0  <-V2
jump_position_0421/P80_D0.75_P80_D2 1     80/0.75     48.5/ 0.07(0.967)     54.8/ 0.22(0.979)  -0.076    0  <-V2
jump_0424/150_2.2_500_4      2    500/4.00    236.1/ 0.57(0.257)    330.3/ 0.64(0.459)  +0.647   58  <-V2
jump_0424/90_0.75_90_2       1     90/0.75     64.8/ 0.12(0.933)     74.2/ 0.15(0.955)  -0.071    0  <-V2
jump_position_0421/P100_D0.75_P100_D2 1    100/0.75     57.4/ 0.09(0.920)     67.1/ 0.26(0.946)  -0.095    0  <-V2
jump_0324/P60_D1.5           2     60/1.50    106.3/-0.58(-0.269)     86.6/-0.42(-0.291)  +1.171   11  <-V1
jump_0424/120_2.2_200_2.8    2    200/2.80    149.4/ 0.59(0.505)    193.5/ 0.66(0.781)  +0.430   79  <-V2
jump_position_0421/P80_D0.75_P80_D2 2     80/2.00     52.3/ 1.12(0.955)     71.4/ 1.53(0.988)  -0.004   66  <-V2
jump_0602/60_0.75_60_2       1     60/0.75     54.0/ 0.22(0.952)     65.9/ 0.39(0.970)  -0.296    0  <-V2
jump_0424/90_0.75_90_2       2     90/2.00     90.3/ 0.79(0.899)    110.3/ 0.94(0.956)  +0.034   79  <-V2
jump_position_0421/P100_D0.75_P100_D2 2    100/2.00     62.9/ 1.04(0.955)     85.9/ 1.39(0.987)  +0.015   62  <-V2
jump_0324/P100_D3            1    100/3.00     49.8/-0.51(0.494)     65.7/-0.61(0.892)  +0.585    0  <-V2
jump_0424/150_2.2_250_3      1    150/2.20     76.4/ 0.53(0.596)    144.9/ 0.49(0.918)  -0.269    0  <-V2
jump_0602/60_0.75_60_2       2     60/2.00     58.0/ 1.52(0.941)     98.7/ 2.62(0.925)  -0.085   61  <-V1
jump_position_0421/P90_D0.75_P90_D2 1     90/0.75     51.5/ 0.09(0.940)     60.0/ 0.25(0.963)  -0.078    0  <-V2
jump_0424/120_2_120_2        1    120/2.00     84.0/ 0.47(0.751)    123.0/ 0.45(0.942)  -0.240    0  <-V2
jump_0324/P100_D3            2    100/3.00    121.3/-0.89(-1.097)     89.7/-0.72(-0.431)  +1.335   19  <-V2
jump_0424/150_2.2_250_3      2    250/3.00    163.9/ 0.55(0.556)    222.9/ 0.62(0.776)  +0.493   63  <-V2
jump_0602/60_1.5_60_1.5      1     60/1.50     53.8/ 0.79(0.959)     84.7/ 1.06(0.888)  -0.294    3  <-V1
jump_position_0421/P90_D0.75_P90_D2 2     90/2.00     57.1/ 1.07(0.952)     79.1/ 1.47(0.989)  -0.002   63  <-V2
jump_0424/120_2_120_2        2    120/2.00    107.4/ 0.58(0.847)    131.0/ 0.67(0.941)  +0.209   68  <-V2
jump_0424/150_2.2_350_3.5    1    150/2.20     67.8/ 0.56(0.582)    143.3/ 0.48(0.904)  -0.255    0  <-V2
jump_position_0421/P60_D0.75_P60_D2 1     60/0.75     39.7/ 0.09(0.968)     45.3/ 0.27(0.982)  -0.086    0  <-V2
jump_0602/60_1.5_60_1.5      2     60/1.50     56.4/ 1.11(0.992)     81.5/ 1.63(0.928)  -0.019   60  <-V1
jump_0424/120_2.2_150_2.5    1    120/2.20     83.2/ 0.51(0.685)    124.1/ 0.47(0.933)  -0.267    0  <-V2
jump_position_0421/P100_D0.75_P100_D2 1    100/0.75     57.4/ 0.09(0.920)     67.1/ 0.26(0.946)  -0.095    0  <-V2
jump_0424/150_2.2_350_3.5    2    350/3.50    197.6/ 0.56(0.402)    277.8/ 0.66(0.644)  +0.563   57  <-V2
jump_position_0421/P60_D0.75_P60_D2 2     60/2.00     37.1/ 1.06(0.940)     54.1/ 1.59(0.992)  +0.015   60  <-V2
jump_0602/90_0.75_90_2       1     90/0.75     74.7/ 0.08(0.966)     82.0/ 0.17(0.978)  -0.209    0  <-V2
jump_position_0421/P200_D1.5_P200_D4 1    200/1.50     71.1/ 0.16(0.634)    110.9/ 0.68(0.786)  -0.260    0  <-V2
jump_0424/120_2.2_150_2.5    2    150/2.50    123.7/ 0.61(0.772)    157.7/ 0.67(0.900)  +0.272   64  <-V2
jump_position_0421/P100_D0.75_P100_D2 2    100/2.00     62.9/ 1.04(0.955)     85.9/ 1.39(0.987)  +0.015   62  <-V2
jump_position_0421/P200_D1.5_P200_D4 2    200/4.00     51.7/ 1.05(0.507)    139.5/ 2.70(0.884)  +0.475   23  <-V2
jump_0424/150_2.2_500_4      1    150/2.20     72.8/ 0.50(0.636)    140.8/ 0.47(0.933)  -0.274    0  <-V2
jump_position_0421/P70_D0.75_P70_D2 1     70/0.75     44.5/ 0.09(0.954)     51.4/ 0.28(0.975)  -0.087    0  <-V2
jump_0602/90_0.75_90_2       2     90/2.00     86.5/ 1.38(0.949)    131.8/ 2.03(0.974)  -0.109   66  <-V2
jump_0424/120_2.2_200_2.8    1    120/2.20     74.2/ 0.52(0.692)    122.4/ 0.45(0.939)  -0.255    0  <-V2
trial                        jt      label              V1 kp/kd(R2)              V2 kp/kd(R2)  cff  sat
jump_0324/P40_D0.7           1     40/0.70     90.3/-1.01(0.321)     54.5/-0.87(0.931)  +0.880    0  <-V2
jump_0424/60_0.75_60_2       1     60/0.75     51.6/ 0.21(0.970)     61.0/ 0.25(0.992)  -0.082    0  <-V2
jump_0424/120_2.2_200_2.8    2    200/2.80    149.4/ 0.59(0.505)    193.5/ 0.66(0.781)  +0.430   79  <-V2
jump_0324/P40_D0.7           2     40/0.70     62.4/-0.11(-0.069)     62.2/ 0.00(-0.098)  +1.009   24  <-V1
jump_0424/150_2.2_500_4      2    500/4.00    236.1/ 0.57(0.257)    330.3/ 0.64(0.459)  +0.647   58  <-V2
jump_0602/120_2_120_2        1    120/2.00     94.5/ 0.34(0.789)    129.9/ 0.54(0.916)  -0.527    0  <-V2
jump_position_0421/P70_D0.75_P70_D2 2     70/2.00     41.2/ 1.00(0.944)     61.3/ 1.52(0.989)  +0.023   52  <-V2
jump_0424/60_0.75_60_2       2     60/2.00     62.2/ 1.17(0.820)     89.3/ 1.61(0.849)  -0.116   64  <-V2
jump_0424/150_2.2_250_3      1    150/2.20     76.4/ 0.53(0.596)    144.9/ 0.49(0.918)  -0.269    0  <-V2
jump_0324/P60_D1.5           1     60/1.50     26.2/-0.41(-0.205)     53.5/-0.80(0.885)  +0.819    0  <-V2
jump_position_0421/P200_D1.5_P200_D4 1    200/1.50     71.1/ 0.16(0.634)    110.9/ 0.68(0.786)  -0.260    0  <-V2
jump_0602/60_0.75_60_2       1     60/0.75     54.0/ 0.22(0.952)     65.9/ 0.39(0.970)  -0.296    0  <-V2
jump_0602/120_2_120_2        2    120/2.00    116.6/ 1.14(0.953)    158.6/ 1.43(0.982)  -0.128   66  <-V2
jump_position_0421/P80_D0.75_P80_D2 1     80/0.75     48.5/ 0.07(0.967)     54.8/ 0.22(0.979)  -0.076    0  <-V2
jump_0424/60_1.5_60_1.5      1     60/1.50     53.8/ 0.57(0.924)     77.1/ 0.62(0.919)  -0.158    0  <-V1
jump_0424/150_2.2_250_3      2    250/3.00    163.9/ 0.55(0.556)    222.9/ 0.62(0.776)  +0.493   63  <-V2
jump_0324/P60_D1.5           2     60/1.50    106.3/-0.58(-0.269)     86.6/-0.42(-0.291)  +1.171   11  <-V1
jump_position_0421/P200_D1.5_P200_D4 2    200/4.00     51.7/ 1.05(0.507)    139.5/ 2.70(0.884)  +0.475   23  <-V2
jump_0602/60_0.75_60_2       2     60/2.00     58.0/ 1.52(0.941)     98.7/ 2.62(0.925)  -0.085   61  <-V1
jump_0602/150_2.2_250_3      1    150/2.20    108.1/ 0.45(0.735)    156.8/ 0.59(0.938)  -0.552    0  <-V2
jump_position_0421/P80_D0.75_P80_D2 2     80/2.00     52.3/ 1.12(0.955)     71.4/ 1.53(0.988)  -0.004   66  <-V2
jump_0424/150_2.2_350_3.5    1    150/2.20     67.8/ 0.56(0.582)    143.3/ 0.48(0.904)  -0.255    0  <-V2
jump_0424/60_1.5_60_1.5      2     60/1.50     60.1/ 0.92(0.938)     80.9/ 1.17(0.963)  -0.114   59  <-V2
jump_0324/P100_D3            1    100/3.00     49.8/-0.51(0.494)     65.7/-0.61(0.892)  +0.585    0  <-V2
jump_0602/60_1.5_60_1.5      1     60/1.50     53.8/ 0.79(0.959)     84.7/ 1.06(0.888)  -0.294    3  <-V1
jump_position_0421/P90_D0.75_P90_D2 1     90/0.75     51.5/ 0.09(0.940)     60.0/ 0.25(0.963)  -0.078    0  <-V2
jump_0602/150_2.2_250_3      2    250/3.00    233.7/ 0.06(0.949)    236.4/ 0.04(0.947)  +0.127   84  <-V1
jump_0424/60_0.75_60_2       1     60/0.75     51.6/ 0.21(0.970)     61.0/ 0.25(0.992)  -0.082    0  <-V2
jump_0424/150_2.2_350_3.5    2    350/3.50    197.6/ 0.56(0.402)    277.8/ 0.66(0.644)  +0.563   57  <-V2
jump_0324/P100_D3            2    100/3.00    121.3/-0.89(-1.097)     89.7/-0.72(-0.431)  +1.335   19  <-V2
jump_0424/90_0.75_90_2       1     90/0.75     64.8/ 0.12(0.933)     74.2/ 0.15(0.955)  -0.071    0  <-V2
jump_0602/60_1.5_60_1.5      2     60/1.50     56.4/ 1.11(0.992)     81.5/ 1.63(0.928)  -0.019   60  <-V1
jump_position_0421/P90_D0.75_P90_D2 2     90/2.00     57.1/ 1.07(0.952)     79.1/ 1.47(0.989)  -0.002   63  <-V2
jump_0602/150_2.2_500_5      1    150/2.20    111.1/ 0.43(0.727)    157.3/ 0.56(0.930)  -0.506    3  <-V2
jump_0424/60_0.75_60_2       2     60/2.00     62.2/ 1.17(0.820)     89.3/ 1.61(0.849)  -0.116   64  <-V2
jump_position_0421/P60_D0.75_P60_D2 1     60/0.75     39.7/ 0.09(0.968)     45.3/ 0.27(0.982)  -0.086    0  <-V2
jump_0424/150_2.2_500_4      1    150/2.20     72.8/ 0.50(0.636)    140.8/ 0.47(0.933)  -0.274    0  <-V2
jump_0602/90_0.75_90_2       1     90/0.75     74.7/ 0.08(0.966)     82.0/ 0.17(0.978)  -0.209    0  <-V2
jump_0424/90_0.75_90_2       2     90/2.00     90.3/ 0.79(0.899)    110.3/ 0.94(0.956)  +0.034   79  <-V2
jump_position_0421/P100_D0.75_P100_D2 1    100/0.75     57.4/ 0.09(0.920)     67.1/ 0.26(0.946)  -0.095    0  <-V2
jump_0424/60_1.5_60_1.5      1     60/1.50     53.8/ 0.57(0.924)     77.1/ 0.62(0.919)  -0.158    0  <-V1
jump_position_0421/P60_D0.75_P60_D2 2     60/2.00     37.1/ 1.06(0.940)     54.1/ 1.59(0.992)  +0.015   60  <-V2
jump_0602/150_2.2_500_5      2    500/5.00    177.8/-0.09(0.599)    166.6/-0.07(0.601)  +0.406   69  <-V2
jump_0424/150_2.2_500_4      2    500/4.00    236.1/ 0.57(0.257)    330.3/ 0.64(0.459)  +0.647   58  <-V2
jump_0602/90_0.75_90_2       2     90/2.00     86.5/ 1.38(0.949)    131.8/ 2.03(0.974)  -0.109   66  <-V2
jump_0424/120_2_120_2        1    120/2.00     84.0/ 0.47(0.751)    123.0/ 0.45(0.942)  -0.240    0  <-V2
jump_position_0421/P100_D0.75_P100_D2 2    100/2.00     62.9/ 1.04(0.955)     85.9/ 1.39(0.987)  +0.015   62  <-V2
jump_0424/60_1.5_60_1.5      2     60/1.50     60.1/ 0.92(0.938)     80.9/ 1.17(0.963)  -0.114   59  <-V2
jump_position_0421/P70_D0.75_P70_D2 1     70/0.75     44.5/ 0.09(0.954)     51.4/ 0.28(0.975)  -0.087    0  <-V2
trial                        jt      label              V1 kp/kd(R2)              V2 kp/kd(R2)  cff  sat
jump_0324/P40_D0.7           1     40/0.70     90.3/-1.01(0.321)     54.5/-0.87(0.931)  +0.880    0  <-V2
jump_0602/60_0.75_60_2       1     60/0.75     54.0/ 0.22(0.952)     65.9/ 0.39(0.970)  -0.296    0  <-V2
jump_0602/120_2_120_2        1    120/2.00     94.5/ 0.34(0.789)    129.9/ 0.54(0.916)  -0.527    0  <-V2
jump_0424/120_2_120_2        2    120/2.00    107.4/ 0.58(0.847)    131.0/ 0.67(0.941)  +0.209   68  <-V2
jump_0424/90_0.75_90_2       1     90/0.75     64.8/ 0.12(0.933)     74.2/ 0.15(0.955)  -0.071    0  <-V2
jump_position_0421/P70_D0.75_P70_D2 2     70/2.00     41.2/ 1.00(0.944)     61.3/ 1.52(0.989)  +0.023   52  <-V2
jump_0324/P40_D0.7           2     40/0.70     62.4/-0.11(-0.069)     62.2/ 0.00(-0.098)  +1.009   24  <-V1
jump_0602/60_0.75_60_2       2     60/2.00     58.0/ 1.52(0.941)     98.7/ 2.62(0.925)  -0.085   61  <-V1
jump_0602/120_2_120_2        2    120/2.00    116.6/ 1.14(0.953)    158.6/ 1.43(0.982)  -0.128   66  <-V2
jump_0424/90_0.75_90_2       2     90/2.00     90.3/ 0.79(0.899)    110.3/ 0.94(0.956)  +0.034   79  <-V2
jump_0424/120_2.2_150_2.5    1    120/2.20     83.2/ 0.51(0.685)    124.1/ 0.47(0.933)  -0.267    0  <-V2
jump_position_0421/P80_D0.75_P80_D2 1     80/0.75     48.5/ 0.07(0.967)     54.8/ 0.22(0.979)  -0.076    0  <-V2
jump_0324/P60_D1.5           1     60/1.50     26.2/-0.41(-0.205)     53.5/-0.80(0.885)  +0.819    0  <-V2
jump_0602/60_1.5_60_1.5      1     60/1.50     53.8/ 0.79(0.959)     84.7/ 1.06(0.888)  -0.294    3  <-V1
jump_0602/150_2.2_250_3      1    150/2.20    108.1/ 0.45(0.735)    156.8/ 0.59(0.938)  -0.552    0  <-V2
jump_0424/120_2_120_2        1    120/2.00     84.0/ 0.47(0.751)    123.0/ 0.45(0.942)  -0.240    0  <-V2
jump_position_0421/P200_D1.5_P200_D4 1    200/1.50     71.1/ 0.16(0.634)    110.9/ 0.68(0.786)  -0.260    0  <-V2
jump_0424/120_2.2_150_2.5    2    150/2.50    123.7/ 0.61(0.772)    157.7/ 0.67(0.900)  +0.272   64  <-V2
jump_position_0421/P80_D0.75_P80_D2 2     80/2.00     52.3/ 1.12(0.955)     71.4/ 1.53(0.988)  -0.004   66  <-V2
jump_0324/P60_D1.5           2     60/1.50    106.3/-0.58(-0.269)     86.6/-0.42(-0.291)  +1.171   11  <-V1
jump_0602/150_2.2_250_3      2    250/3.00    233.7/ 0.06(0.949)    236.4/ 0.04(0.947)  +0.127   84  <-V1
jump_0602/60_1.5_60_1.5      2     60/1.50     56.4/ 1.11(0.992)     81.5/ 1.63(0.928)  -0.019   60  <-V1
jump_0424/120_2_120_2        2    120/2.00    107.4/ 0.58(0.847)    131.0/ 0.67(0.941)  +0.209   68  <-V2
jump_position_0421/P200_D1.5_P200_D4 2    200/4.00     51.7/ 1.05(0.507)    139.5/ 2.70(0.884)  +0.475   23  <-V2
jump_position_0421/P90_D0.75_P90_D2 1     90/0.75     51.5/ 0.09(0.940)     60.0/ 0.25(0.963)  -0.078    0  <-V2
jump_0424/120_2.2_200_2.8    1    120/2.20     74.2/ 0.52(0.692)    122.4/ 0.45(0.939)  -0.255    0  <-V2
jump_0602/150_2.2_500_5      1    150/2.20    111.1/ 0.43(0.727)    157.3/ 0.56(0.930)  -0.506    3  <-V2
jump_0602/90_0.75_90_2       1     90/0.75     74.7/ 0.08(0.966)     82.0/ 0.17(0.978)  -0.209    0  <-V2
jump_0324/P100_D3            1    100/3.00     49.8/-0.51(0.494)     65.7/-0.61(0.892)  +0.585    0  <-V2
jump_0424/120_2.2_150_2.5    1    120/2.20     83.2/ 0.51(0.685)    124.1/ 0.47(0.933)  -0.267    0  <-V2
jump_0424/60_0.75_60_2       1     60/0.75     51.6/ 0.21(0.970)     61.0/ 0.25(0.992)  -0.082    0  <-V2
jump_position_0421/P90_D0.75_P90_D2 2     90/2.00     57.1/ 1.07(0.952)     79.1/ 1.47(0.989)  -0.002   63  <-V2
jump_0602/150_2.2_500_5      2    500/5.00    177.8/-0.09(0.599)    166.6/-0.07(0.601)  +0.406   69  <-V2
jump_0602/90_0.75_90_2       2     90/2.00     86.5/ 1.38(0.949)    131.8/ 2.03(0.974)  -0.109   66  <-V2
jump_0424/120_2.2_200_2.8    2    200/2.80    149.4/ 0.59(0.505)    193.5/ 0.66(0.781)  +0.430   79  <-V2
jump_0424/120_2.2_150_2.5    2    150/2.50    123.7/ 0.61(0.772)    157.7/ 0.67(0.900)  +0.272   64  <-V2
jump_0324/P100_D3            2    100/3.00    121.3/-0.89(-1.097)     89.7/-0.72(-0.431)  +1.335   19  <-V2
jump_0424/60_0.75_60_2       2     60/2.00     62.2/ 1.17(0.820)     89.3/ 1.61(0.849)  -0.116   64  <-V2
jump_0602/120_2_120_2        1    120/2.00     94.5/ 0.34(0.789)    129.9/ 0.54(0.916)  -0.527    0  <-V2
jump_position_0421/P100_D0.75_P100_D2 1    100/0.75     57.4/ 0.09(0.920)     67.1/ 0.26(0.946)  -0.095    0  <-V2
jump_0424/150_2.2_250_3      1    150/2.20     76.4/ 0.53(0.596)    144.9/ 0.49(0.918)  -0.269    0  <-V2
jump_0424/120_2.2_200_2.8    1    120/2.20     74.2/ 0.52(0.692)    122.4/ 0.45(0.939)  -0.255    0  <-V2
jump_0424/60_1.5_60_1.5      1     60/1.50     53.8/ 0.57(0.924)     77.1/ 0.62(0.919)  -0.158    0  <-V1
jump_position_0421/P60_D0.75_P60_D2 1     60/0.75     39.7/ 0.09(0.968)     45.3/ 0.27(0.982)  -0.086    0  <-V2
jump_0602/120_2_120_2        2    120/2.00    116.6/ 1.14(0.953)    158.6/ 1.43(0.982)  -0.128   66  <-V2
jump_0424/150_2.2_250_3      2    250/3.00    163.9/ 0.55(0.556)    222.9/ 0.62(0.776)  +0.493   63  <-V2
jump_position_0421/P100_D0.75_P100_D2 2    100/2.00     62.9/ 1.04(0.955)     85.9/ 1.39(0.987)  +0.015   62  <-V2
jump_0424/120_2.2_200_2.8    2    200/2.80    149.4/ 0.59(0.505)    193.5/ 0.66(0.781)  +0.430   79  <-V2
jump_0424/60_1.5_60_1.5      2     60/1.50     60.1/ 0.92(0.938)     80.9/ 1.17(0.963)  -0.114   59  <-V2
trial                        jt      label              V1 kp/kd(R2)              V2 kp/kd(R2)  cff  sat
jump_0324/P40_D0.7           1     40/0.70     90.3/-1.01(0.321)     54.5/-0.87(0.931)  +0.880    0  <-V2
jump_0602/150_2.2_250_3      1    150/2.20    108.1/ 0.45(0.735)    156.8/ 0.59(0.938)  -0.552    0  <-V2
jump_position_0421/P60_D0.75_P60_D2 2     60/2.00     37.1/ 1.06(0.940)     54.1/ 1.59(0.992)  +0.015   60  <-V2
jump_0424/150_2.2_350_3.5    1    150/2.20     67.8/ 0.56(0.582)    143.3/ 0.48(0.904)  -0.255    0  <-V2
jump_0424/150_2.2_250_3      1    150/2.20     76.4/ 0.53(0.596)    144.9/ 0.49(0.918)  -0.269    0  <-V2
jump_0424/90_0.75_90_2       1     90/0.75     64.8/ 0.12(0.933)     74.2/ 0.15(0.955)  -0.071    0  <-V2
jump_0324/P40_D0.7           2     40/0.70     62.4/-0.11(-0.069)     62.2/ 0.00(-0.098)  +1.009   24  <-V1
jump_0602/150_2.2_250_3      2    250/3.00    233.7/ 0.06(0.949)    236.4/ 0.04(0.947)  +0.127   84  <-V1
jump_position_0421/P70_D0.75_P70_D2 1     70/0.75     44.5/ 0.09(0.954)     51.4/ 0.28(0.975)  -0.087    0  <-V2
jump_0424/150_2.2_250_3      2    250/3.00    163.9/ 0.55(0.556)    222.9/ 0.62(0.776)  +0.493   63  <-V2
jump_0424/150_2.2_350_3.5    2    350/3.50    197.6/ 0.56(0.402)    277.8/ 0.66(0.644)  +0.563   57  <-V2
jump_0602/150_2.2_500_5      1    150/2.20    111.1/ 0.43(0.727)    157.3/ 0.56(0.930)  -0.506    3  <-V2
jump_0324/P60_D1.5           1     60/1.50     26.2/-0.41(-0.205)     53.5/-0.80(0.885)  +0.819    0  <-V2
jump_position_0421/P70_D0.75_P70_D2 2     70/2.00     41.2/ 1.00(0.944)     61.3/ 1.52(0.989)  +0.023   52  <-V2
jump_0424/90_0.75_90_2       2     90/2.00     90.3/ 0.79(0.899)    110.3/ 0.94(0.956)  +0.034   79  <-V2
jump_0424/150_2.2_350_3.5    1    150/2.20     67.8/ 0.56(0.582)    143.3/ 0.48(0.904)  -0.255    0  <-V2
jump_0424/150_2.2_500_4      1    150/2.20     72.8/ 0.50(0.636)    140.8/ 0.47(0.933)  -0.274    0  <-V2
jump_position_0421/P200_D1.5_P200_D4 1    200/1.50     71.1/ 0.16(0.634)    110.9/ 0.68(0.786)  -0.260    0  <-V2
jump_0324/P60_D1.5           2     60/1.50    106.3/-0.58(-0.269)     86.6/-0.42(-0.291)  +1.171   11  <-V1
jump_0602/150_2.2_500_5      2    500/5.00    177.8/-0.09(0.599)    166.6/-0.07(0.601)  +0.406   69  <-V2
jump_position_0421/P80_D0.75_P80_D2 1     80/0.75     48.5/ 0.07(0.967)     54.8/ 0.22(0.979)  -0.076    0  <-V2
jump_0424/120_2_120_2        1    120/2.00     84.0/ 0.47(0.751)    123.0/ 0.45(0.942)  -0.240    0  <-V2
jump_0424/150_2.2_500_4      2    500/4.00    236.1/ 0.57(0.257)    330.3/ 0.64(0.459)  +0.647   58  <-V2
jump_0424/150_2.2_350_3.5    2    350/3.50    197.6/ 0.56(0.402)    277.8/ 0.66(0.644)  +0.563   57  <-V2
jump_position_0421/P200_D1.5_P200_D4 2    200/4.00     51.7/ 1.05(0.507)    139.5/ 2.70(0.884)  +0.475   23  <-V2
jump_0324/P100_D3            1    100/3.00     49.8/-0.51(0.494)     65.7/-0.61(0.892)  +0.585    0  <-V2
jump_0424/120_2_120_2        2    120/2.00    107.4/ 0.58(0.847)    131.0/ 0.67(0.941)  +0.209   68  <-V2
jump_position_0421/P80_D0.75_P80_D2 2     80/2.00     52.3/ 1.12(0.955)     71.4/ 1.53(0.988)  -0.004   66  <-V2
jump_0602/60_0.75_60_2       1     60/0.75     54.0/ 0.22(0.952)     65.9/ 0.39(0.970)  -0.296    0  <-V2
jump_0424/150_2.2_500_4      1    150/2.20     72.8/ 0.50(0.636)    140.8/ 0.47(0.933)  -0.274    0  <-V2
jump_0424/60_0.75_60_2       1     60/0.75     51.6/ 0.21(0.970)     61.0/ 0.25(0.992)  -0.082    0  <-V2
jump_0324/P100_D3            2    100/3.00    121.3/-0.89(-1.097)     89.7/-0.72(-0.431)  +1.335   19  <-V2
jump_0424/120_2.2_150_2.5    1    120/2.20     83.2/ 0.51(0.685)    124.1/ 0.47(0.933)  -0.267    0  <-V2
jump_0602/60_0.75_60_2       2     60/2.00     58.0/ 1.52(0.941)     98.7/ 2.62(0.925)  -0.085   61  <-V1
jump_position_0421/P90_D0.75_P90_D2 1     90/0.75     51.5/ 0.09(0.940)     60.0/ 0.25(0.963)  -0.078    0  <-V2
jump_0424/60_0.75_60_2       2     60/2.00     62.2/ 1.17(0.820)     89.3/ 1.61(0.849)  -0.116   64  <-V2
jump_0424/150_2.2_500_4      2    500/4.00    236.1/ 0.57(0.257)    330.3/ 0.64(0.459)  +0.647   58  <-V2
jump_position_0421/P60_D0.75_P60_D2 1     60/0.75     39.7/ 0.09(0.968)     45.3/ 0.27(0.982)  -0.086    0  <-V2
jump_0424/120_2.2_150_2.5    2    150/2.50    123.7/ 0.61(0.772)    157.7/ 0.67(0.900)  +0.272   64  <-V2
jump_0602/60_1.5_60_1.5      1     60/1.50     53.8/ 0.79(0.959)     84.7/ 1.06(0.888)  -0.294    3  <-V1
trial                        jt      label              V1 kp/kd(R2)              V2 kp/kd(R2)  cff  sat
jump_0324/P40_D0.7           1     40/0.70     90.3/-1.01(0.321)     54.5/-0.87(0.931)  +0.880    0  <-V2
jump_0424/60_1.5_60_1.5      1     60/1.50     53.8/ 0.57(0.924)     77.1/ 0.62(0.919)  -0.158    0  <-V1
jump_position_0421/P90_D0.75_P90_D2 2     90/2.00     57.1/ 1.07(0.952)     79.1/ 1.47(0.989)  -0.002   63  <-V2
jump_0602/60_0.75_60_2       1     60/0.75     54.0/ 0.22(0.952)     65.9/ 0.39(0.970)  -0.296    0  <-V2
jump_0602/60_1.5_60_1.5      2     60/1.50     56.4/ 1.11(0.992)     81.5/ 1.63(0.928)  -0.019   60  <-V1
jump_position_0421/P60_D0.75_P60_D2 2     60/2.00     37.1/ 1.06(0.940)     54.1/ 1.59(0.992)  +0.015   60  <-V2
jump_0424/120_2.2_200_2.8    1    120/2.20     74.2/ 0.52(0.692)    122.4/ 0.45(0.939)  -0.255    0  <-V2
jump_0324/P40_D0.7           2     40/0.70     62.4/-0.11(-0.069)     62.2/ 0.00(-0.098)  +1.009   24  <-V1
jump_position_0421/P100_D0.75_P100_D2 1    100/0.75     57.4/ 0.09(0.920)     67.1/ 0.26(0.946)  -0.095    0  <-V2
jump_0424/60_1.5_60_1.5      2     60/1.50     60.1/ 0.92(0.938)     80.9/ 1.17(0.963)  -0.114   59  <-V2
jump_0602/60_0.75_60_2       2     60/2.00     58.0/ 1.52(0.941)     98.7/ 2.62(0.925)  -0.085   61  <-V1
jump_0602/90_0.75_90_2       1     90/0.75     74.7/ 0.08(0.966)     82.0/ 0.17(0.978)  -0.209    0  <-V2
jump_0324/P60_D1.5           1     60/1.50     26.2/-0.41(-0.205)     53.5/-0.80(0.885)  +0.819    0  <-V2
jump_position_0421/P70_D0.75_P70_D2 1     70/0.75     44.5/ 0.09(0.954)     51.4/ 0.28(0.975)  -0.087    0  <-V2
jump_0424/120_2.2_200_2.8    2    200/2.80    149.4/ 0.59(0.505)    193.5/ 0.66(0.781)  +0.430   79  <-V2
jump_position_0421/P100_D0.75_P100_D2 2    100/2.00     62.9/ 1.04(0.955)     85.9/ 1.39(0.987)  +0.015   62  <-V2
jump_0424/90_0.75_90_2       1     90/0.75     64.8/ 0.12(0.933)     74.2/ 0.15(0.955)  -0.071    0  <-V2
jump_0602/60_1.5_60_1.5      1     60/1.50     53.8/ 0.79(0.959)     84.7/ 1.06(0.888)  -0.294    3  <-V1
jump_0324/P60_D1.5           2     60/1.50    106.3/-0.58(-0.269)     86.6/-0.42(-0.291)  +1.171   11  <-V1
jump_0602/90_0.75_90_2       2     90/2.00     86.5/ 1.38(0.949)    131.8/ 2.03(0.974)  -0.109   66  <-V2
jump_0424/150_2.2_250_3      1    150/2.20     76.4/ 0.53(0.596)    144.9/ 0.49(0.918)  -0.269    0  <-V2
jump_position_0421/P70_D0.75_P70_D2 2     70/2.00     41.2/ 1.00(0.944)     61.3/ 1.52(0.989)  +0.023   52  <-V2
jump_0424/90_0.75_90_2       2     90/2.00     90.3/ 0.79(0.899)    110.3/ 0.94(0.956)  +0.034   79  <-V2
jump_0602/60_1.5_60_1.5      2     60/1.50     56.4/ 1.11(0.992)     81.5/ 1.63(0.928)  -0.019   60  <-V1
jump_0324/P100_D3            1    100/3.00     49.8/-0.51(0.494)     65.7/-0.61(0.892)  +0.585    0  <-V2
jump_0602/120_2_120_2        1    120/2.00     94.5/ 0.34(0.789)    129.9/ 0.54(0.916)  -0.527    0  <-V2
jump_0424/150_2.2_250_3      2    250/3.00    163.9/ 0.55(0.556)    222.9/ 0.62(0.776)  +0.493   63  <-V2
jump_position_0421/P80_D0.75_P80_D2 1     80/0.75     48.5/ 0.07(0.967)     54.8/ 0.22(0.979)  -0.076    0  <-V2
jump_0424/120_2_120_2        1    120/2.00     84.0/ 0.47(0.751)    123.0/ 0.45(0.942)  -0.240    0  <-V2
jump_0602/120_2_120_2        2    120/2.00    116.6/ 1.14(0.953)    158.6/ 1.43(0.982)  -0.128   66  <-V2
jump_0324/P100_D3            2    100/3.00    121.3/-0.89(-1.097)     89.7/-0.72(-0.431)  +1.335   19  <-V2
jump_0424/120_2_120_2        2    120/2.00    107.4/ 0.58(0.847)    131.0/ 0.67(0.941)  +0.209   68  <-V2
jump_position_0421/P80_D0.75_P80_D2 2     80/2.00     52.3/ 1.12(0.955)     71.4/ 1.53(0.988)  -0.004   66  <-V2
jump_0602/90_0.75_90_2       1     90/0.75     74.7/ 0.08(0.966)     82.0/ 0.17(0.978)  -0.209    0  <-V2
jump_0424/150_2.2_350_3.5    1    150/2.20     67.8/ 0.56(0.582)    143.3/ 0.48(0.904)  -0.255    0  <-V2
jump_position_0421/P200_D1.5_P200_D4 1    200/1.50     71.1/ 0.16(0.634)    110.9/ 0.68(0.786)  -0.260    0  <-V2
jump_0602/150_2.2_250_3      1    150/2.20    108.1/ 0.45(0.735)    156.8/ 0.59(0.938)  -0.552    0  <-V2
jump_position_0421/P60_D0.75_P60_D2 1     60/0.75     39.7/ 0.09(0.968)     45.3/ 0.27(0.982)  -0.086    0  <-V2
jump_0424/120_2.2_150_2.5    1    120/2.20     83.2/ 0.51(0.685)    124.1/ 0.47(0.933)  -0.267    0  <-V2
jump_position_0421/P90_D0.75_P90_D2 1     90/0.75     51.5/ 0.09(0.940)     60.0/ 0.25(0.963)  -0.078    0  <-V2
jump_0602/90_0.75_90_2       2     90/2.00     86.5/ 1.38(0.949)    131.8/ 2.03(0.974)  -0.109   66  <-V2
jump_position_0421/P200_D1.5_P200_D4 2    200/4.00     51.7/ 1.05(0.507)    139.5/ 2.70(0.884)  +0.475   23  <-V2
jump_0424/150_2.2_350_3.5    2    350/3.50    197.6/ 0.56(0.402)    277.8/ 0.66(0.644)  +0.563   57  <-V2
jump_0424/120_2.2_150_2.5    2    150/2.50    123.7/ 0.61(0.772)    157.7/ 0.67(0.900)  +0.272   64  <-V2
jump_position_0421/P60_D0.75_P60_D2 2     60/2.00     37.1/ 1.06(0.940)     54.1/ 1.59(0.992)  +0.015   60  <-V2
jump_0602/150_2.2_250_3      2    250/3.00    233.7/ 0.06(0.949)    236.4/ 0.04(0.947)  +0.127   84  <-V1
jump_position_0421/P90_D0.75_P90_D2 2     90/2.00     57.1/ 1.07(0.952)     79.1/ 1.47(0.989)  -0.002   63  <-V2
jump_0602/120_2_120_2        1    120/2.00     94.5/ 0.34(0.789)    129.9/ 0.54(0.916)  -0.527    0  <-V2
jump_0424/60_0.75_60_2       1     60/0.75     51.6/ 0.21(0.970)     61.0/ 0.25(0.992)  -0.082    0  <-V2
jump_0424/150_2.2_500_4      1    150/2.20     72.8/ 0.50(0.636)    140.8/ 0.47(0.933)  -0.274    0  <-V2
jump_0424/120_2.2_200_2.8    1    120/2.20     74.2/ 0.52(0.692)    122.4/ 0.45(0.939)  -0.255    0  <-V2
jump_position_0421/P70_D0.75_P70_D2 1     70/0.75     44.5/ 0.09(0.954)     51.4/ 0.28(0.975)  -0.087    0  <-V2
jump_position_0421/P100_D0.75_P100_D2 1    100/0.75     57.4/ 0.09(0.920)     67.1/ 0.26(0.946)  -0.095    0  <-V2
jump_0602/120_2_120_2        2    120/2.00    116.6/ 1.14(0.953)    158.6/ 1.43(0.982)  -0.128   66  <-V2
jump_0602/150_2.2_500_5      1    150/2.20    111.1/ 0.43(0.727)    157.3/ 0.56(0.930)  -0.506    3  <-V2
jump_0424/60_0.75_60_2       2     60/2.00     62.2/ 1.17(0.820)     89.3/ 1.61(0.849)  -0.116   64  <-V2
jump_0424/120_2.2_200_2.8    2    200/2.80    149.4/ 0.59(0.505)    193.5/ 0.66(0.781)  +0.430   79  <-V2
jump_0424/150_2.2_500_4      2    500/4.00    236.1/ 0.57(0.257)    330.3/ 0.64(0.459)  +0.647   58  <-V2
jump_position_0421/P70_D0.75_P70_D2 2     70/2.00     41.2/ 1.00(0.944)     61.3/ 1.52(0.989)  +0.023   52  <-V2
jump_position_0421/P100_D0.75_P100_D2 2    100/2.00     62.9/ 1.04(0.955)     85.9/ 1.39(0.987)  +0.015   62  <-V2
jump_0602/150_2.2_250_3      1    150/2.20    108.1/ 0.45(0.735)    156.8/ 0.59(0.938)  -0.552    0  <-V2
jump_0602/150_2.2_500_5      2    500/5.00    177.8/-0.09(0.599)    166.6/-0.07(0.601)  +0.406   69  <-V2
jump_0424/60_1.5_60_1.5      1     60/1.50     53.8/ 0.57(0.924)     77.1/ 0.62(0.919)  -0.158    0  <-V1
jump_position_0421/P80_D0.75_P80_D2 1     80/0.75     48.5/ 0.07(0.967)     54.8/ 0.22(0.979)  -0.076    0  <-V2
jump_0602/60_0.75_60_2       1     60/0.75     54.0/ 0.22(0.952)     65.9/ 0.39(0.970)  -0.296    0  <-V2
jump_0424/150_2.2_250_3      1    150/2.20     76.4/ 0.53(0.596)    144.9/ 0.49(0.918)  -0.269    0  <-V2
jump_0602/150_2.2_250_3      2    250/3.00    233.7/ 0.06(0.949)    236.4/ 0.04(0.947)  +0.127   84  <-V1
jump_0424/60_1.5_60_1.5      2     60/1.50     60.1/ 0.92(0.938)     80.9/ 1.17(0.963)  -0.114   59  <-V2
jump_position_0421/P80_D0.75_P80_D2 2     80/2.00     52.3/ 1.12(0.955)     71.4/ 1.53(0.988)  -0.004   66  <-V2
jump_0424/150_2.2_250_3      2    250/3.00    163.9/ 0.55(0.556)    222.9/ 0.62(0.776)  +0.493   63  <-V2
jump_0602/60_0.75_60_2       2     60/2.00     58.0/ 1.52(0.941)     98.7/ 2.62(0.925)  -0.085   61  <-V1
jump_0602/150_2.2_500_5      1    150/2.20    111.1/ 0.43(0.727)    157.3/ 0.56(0.930)  -0.506    3  <-V2
jump_position_0421/P90_D0.75_P90_D2 1     90/0.75     51.5/ 0.09(0.940)     60.0/ 0.25(0.963)  -0.078    0  <-V2
jump_0424/90_0.75_90_2       1     90/0.75     64.8/ 0.12(0.933)     74.2/ 0.15(0.955)  -0.071    0  <-V2
jump_0424/150_2.2_350_3.5    1    150/2.20     67.8/ 0.56(0.582)    143.3/ 0.48(0.904)  -0.255    0  <-V2
jump_0602/150_2.2_500_5      2    500/5.00    177.8/-0.09(0.599)    166.6/-0.07(0.601)  +0.406   69  <-V2
jump_0602/60_1.5_60_1.5      1     60/1.50     53.8/ 0.79(0.959)     84.7/ 1.06(0.888)  -0.294    3  <-V1
jump_position_0421/P90_D0.75_P90_D2 2     90/2.00     57.1/ 1.07(0.952)     79.1/ 1.47(0.989)  -0.002   63  <-V2
jump_position_0421/P200_D1.5_P200_D4 1    200/1.50     71.1/ 0.16(0.634)    110.9/ 0.68(0.786)  -0.260    0  <-V2
jump_0424/90_0.75_90_2       2     90/2.00     90.3/ 0.79(0.899)    110.3/ 0.94(0.956)  +0.034   79  <-V2
jump_0424/150_2.2_350_3.5    2    350/3.50    197.6/ 0.56(0.402)    277.8/ 0.66(0.644)  +0.563   57  <-V2
jump_0602/60_1.5_60_1.5      2     60/1.50     56.4/ 1.11(0.992)     81.5/ 1.63(0.928)  -0.019   60  <-V1
jump_position_0421/P100_D0.75_P100_D2 1    100/0.75     57.4/ 0.09(0.920)     67.1/ 0.26(0.946)  -0.095    0  <-V2
jump_position_0421/P200_D1.5_P200_D4 2    200/4.00     51.7/ 1.05(0.507)    139.5/ 2.70(0.884)  +0.475   23  <-V2
jump_0424/120_2_120_2        1    120/2.00     84.0/ 0.47(0.751)    123.0/ 0.45(0.942)  -0.240    0  <-V2
jump_0424/150_2.2_500_4      1    150/2.20     72.8/ 0.50(0.636)    140.8/ 0.47(0.933)  -0.274    0  <-V2
jump_0602/90_0.75_90_2       1     90/0.75     74.7/ 0.08(0.966)     82.0/ 0.17(0.978)  -0.209    0  <-V2
jump_position_0421/P100_D0.75_P100_D2 2    100/2.00     62.9/ 1.04(0.955)     85.9/ 1.39(0.987)  +0.015   62  <-V2
jump_0424/120_2_120_2        2    120/2.00    107.4/ 0.58(0.847)    131.0/ 0.67(0.941)  +0.209   68  <-V2
jump_0424/60_0.75_60_2       1     60/0.75     51.6/ 0.21(0.970)     61.0/ 0.25(0.992)  -0.082    0  <-V2
jump_0424/150_2.2_500_4      2    500/4.00    236.1/ 0.57(0.257)    330.3/ 0.64(0.459)  +0.647   58  <-V2
jump_0602/90_0.75_90_2       2     90/2.00     86.5/ 1.38(0.949)    131.8/ 2.03(0.974)  -0.109   66  <-V2
jump_0424/120_2.2_150_2.5    1    120/2.20     83.2/ 0.51(0.685)    124.1/ 0.47(0.933)  -0.267    0  <-V2
jump_0602/60_0.75_60_2       1     60/0.75     54.0/ 0.22(0.952)     65.9/ 0.39(0.970)  -0.296    0  <-V2
jump_0424/60_0.75_60_2       2     60/2.00     62.2/ 1.17(0.820)     89.3/ 1.61(0.849)  -0.116   64  <-V2
jump_0602/120_2_120_2        1    120/2.00     94.5/ 0.34(0.789)    129.9/ 0.54(0.916)  -0.527    0  <-V2
jump_0602/60_0.75_60_2       2     60/2.00     58.0/ 1.52(0.941)     98.7/ 2.62(0.925)  -0.085   61  <-V1
jump_0424/120_2.2_150_2.5    2    150/2.50    123.7/ 0.61(0.772)    157.7/ 0.67(0.900)  +0.272   64  <-V2
jump_0424/60_1.5_60_1.5      1     60/1.50     53.8/ 0.57(0.924)     77.1/ 0.62(0.919)  -0.158    0  <-V1
jump_0602/120_2_120_2        2    120/2.00    116.6/ 1.14(0.953)    158.6/ 1.43(0.982)  -0.128   66  <-V2
jump_0602/60_1.5_60_1.5      1     60/1.50     53.8/ 0.79(0.959)     84.7/ 1.06(0.888)  -0.294    3  <-V1
jump_0424/60_1.5_60_1.5      2     60/1.50     60.1/ 0.92(0.938)     80.9/ 1.17(0.963)  -0.114   59  <-V2
jump_0424/120_2.2_200_2.8    1    120/2.20     74.2/ 0.52(0.692)    122.4/ 0.45(0.939)  -0.255    0  <-V2
jump_position_0421/P200_D1.5_P200_D4 1    200/1.50     71.1/ 0.16(0.634)    110.9/ 0.68(0.786)  -0.260    0  <-V2
jump_0602/150_2.2_250_3      1    150/2.20    108.1/ 0.45(0.735)    156.8/ 0.59(0.938)  -0.552    0  <-V2
jump_0602/60_1.5_60_1.5      2     60/1.50     56.4/ 1.11(0.992)     81.5/ 1.63(0.928)  -0.019   60  <-V1
jump_position_0421/P200_D1.5_P200_D4 2    200/4.00     51.7/ 1.05(0.507)    139.5/ 2.70(0.884)  +0.475   23  <-V2
jump_0602/150_2.2_250_3      2    250/3.00    233.7/ 0.06(0.949)    236.4/ 0.04(0.947)  +0.127   84  <-V1
jump_0424/90_0.75_90_2       1     90/0.75     64.8/ 0.12(0.933)     74.2/ 0.15(0.955)  -0.071    0  <-V2
jump_0424/120_2.2_200_2.8    2    200/2.80    149.4/ 0.59(0.505)    193.5/ 0.66(0.781)  +0.430   79  <-V2
jump_0602/150_2.2_500_5      1    150/2.20    111.1/ 0.43(0.727)    157.3/ 0.56(0.930)  -0.506    3  <-V2
jump_0424/90_0.75_90_2       2     90/2.00     90.3/ 0.79(0.899)    110.3/ 0.94(0.956)  +0.034   79  <-V2
jump_0602/90_0.75_90_2       1     90/0.75     74.7/ 0.08(0.966)     82.0/ 0.17(0.978)  -0.209    0  <-V2
jump_0424/150_2.2_250_3      1    150/2.20     76.4/ 0.53(0.596)    144.9/ 0.49(0.918)  -0.269    0  <-V2
jump_0424/60_0.75_60_2       1     60/0.75     51.6/ 0.21(0.970)     61.0/ 0.25(0.992)  -0.082    0  <-V2
jump_0602/150_2.2_500_5      2    500/5.00    177.8/-0.09(0.599)    166.6/-0.07(0.601)  +0.406   69  <-V2
jump_0424/120_2_120_2        1    120/2.00     84.0/ 0.47(0.751)    123.0/ 0.45(0.942)  -0.240    0  <-V2
jump_0424/150_2.2_250_3      2    250/3.00    163.9/ 0.55(0.556)    222.9/ 0.62(0.776)  +0.493   63  <-V2
jump_0602/90_0.75_90_2       2     90/2.00     86.5/ 1.38(0.949)    131.8/ 2.03(0.974)  -0.109   66  <-V2
jump_0424/60_0.75_60_2       2     60/2.00     62.2/ 1.17(0.820)     89.3/ 1.61(0.849)  -0.116   64  <-V2
jump_0424/120_2_120_2        2    120/2.00    107.4/ 0.58(0.847)    131.0/ 0.67(0.941)  +0.209   68  <-V2
jump_0424/150_2.2_350_3.5    1    150/2.20     67.8/ 0.56(0.582)    143.3/ 0.48(0.904)  -0.255    0  <-V2
jump_0424/60_1.5_60_1.5      1     60/1.50     53.8/ 0.57(0.924)     77.1/ 0.62(0.919)  -0.158    0  <-V1
jump_0602/120_2_120_2        1    120/2.00     94.5/ 0.34(0.789)    129.9/ 0.54(0.916)  -0.527    0  <-V2
jump_0424/120_2.2_150_2.5    1    120/2.20     83.2/ 0.51(0.685)    124.1/ 0.47(0.933)  -0.267    0  <-V2
jump_0424/150_2.2_350_3.5    2    350/3.50    197.6/ 0.56(0.402)    277.8/ 0.66(0.644)  +0.563   57  <-V2
jump_0602/120_2_120_2        2    120/2.00    116.6/ 1.14(0.953)    158.6/ 1.43(0.982)  -0.128   66  <-V2
jump_0424/60_1.5_60_1.5      2     60/1.50     60.1/ 0.92(0.938)     80.9/ 1.17(0.963)  -0.114   59  <-V2
jump_0424/120_2.2_150_2.5    2    150/2.50    123.7/ 0.61(0.772)    157.7/ 0.67(0.900)  +0.272   64  <-V2
jump_0424/150_2.2_500_4      1    150/2.20     72.8/ 0.50(0.636)    140.8/ 0.47(0.933)  -0.274    0  <-V2
jump_0424/90_0.75_90_2       1     90/0.75     64.8/ 0.12(0.933)     74.2/ 0.15(0.955)  -0.071    0  <-V2
jump_0602/150_2.2_250_3      1    150/2.20    108.1/ 0.45(0.735)    156.8/ 0.59(0.938)  -0.552    0  <-V2
jump_0424/120_2.2_200_2.8    1    120/2.20     74.2/ 0.52(0.692)    122.4/ 0.45(0.939)  -0.255    0  <-V2
jump_0602/150_2.2_250_3      2    250/3.00    233.7/ 0.06(0.949)    236.4/ 0.04(0.947)  +0.127   84  <-V1
jump_0424/150_2.2_500_4      2    500/4.00    236.1/ 0.57(0.257)    330.3/ 0.64(0.459)  +0.647   58  <-V2
jump_0424/90_0.75_90_2       2     90/2.00     90.3/ 0.79(0.899)    110.3/ 0.94(0.956)  +0.034   79  <-V2
jump_0424/120_2.2_200_2.8    2    200/2.80    149.4/ 0.59(0.505)    193.5/ 0.66(0.781)  +0.430   79  <-V2
jump_0602/150_2.2_500_5      1    150/2.20    111.1/ 0.43(0.727)    157.3/ 0.56(0.930)  -0.506    3  <-V2
jump_0602/60_0.75_60_2       1     60/0.75     54.0/ 0.22(0.952)     65.9/ 0.39(0.970)  -0.296    0  <-V2
jump_0424/120_2_120_2        1    120/2.00     84.0/ 0.47(0.751)    123.0/ 0.45(0.942)  -0.240    0  <-V2
jump_0424/150_2.2_250_3      1    150/2.20     76.4/ 0.53(0.596)    144.9/ 0.49(0.918)  -0.269    0  <-V2
jump_0424/120_2_120_2        2    120/2.00    107.4/ 0.58(0.847)    131.0/ 0.67(0.941)  +0.209   68  <-V2
jump_0602/150_2.2_500_5      2    500/5.00    177.8/-0.09(0.599)    166.6/-0.07(0.601)  +0.406   69  <-V2
jump_0602/60_0.75_60_2       2     60/2.00     58.0/ 1.52(0.941)     98.7/ 2.62(0.925)  -0.085   61  <-V1
Traceback (most recent call last):
  File "<string>", line 1, in <module>
  File "C:\Program Files\WindowsApps\PythonSoftwareFoundation.Python.3.11_3.11.2544.0_x64__qbz5n2kfra8p0\Lib\multiprocessing\spawn.py", line 122, in spawn_main
    exitcode = _main(fd, parent_sentinel)
               ^^^^^^^^^^^^^^^^^^^^^^^^^^
  File "C:\Program Files\WindowsApps\PythonSoftwareFoundation.Python.3.11_3.11.2544.0_x64__qbz5n2kfra8p0\Lib\multiprocessing\spawn.py", line 131, in _main
    prepare(preparation_data)
  File "C:\Program Files\WindowsApps\PythonSoftwareFoundation.Python.3.11_3.11.2544.0_x64__qbz5n2kfra8p0\Lib\multiprocessing\spawn.py", line 246, in prepare
    _fixup_main_from_path(data['init_main_from_path'])
  File "C:\Program Files\WindowsApps\PythonSoftwareFoundation.Python.3.11_3.11.2544.0_x64__qbz5n2kfra8p0\Lib\multiprocessing\spawn.py", line 297, in _fixup_main_from_path
    main_content = runpy.run_path(main_path,
                   ^^^^^^^^^^^^^^^^^^^^^^^^^
  File "<frozen runpy>", line 291, in run_path
  File "<frozen runpy>", line 98, in _run_module_code
  File "<frozen runpy>", line 88, in _run_code
  File "C:\Users\junho\Documents\jump-opt-digital-twin\code\goal22\p19_jump\p19_cma4.py", line 10, in <module>
    import p19_judge as P
  File "C:\Users\junho\Documents\jump-opt-digital-twin\code\goal22\p19_jump\p19_judge.py", line 21, in <module>
    import p14_judge as J
  File "C:\Users\junho\Documents\jump-opt-digital-twin\code\goal22\p14_ahat\p14_judge.py", line 24, in <module>
    from g22_p13_phases import phases
  File "C:\Users\junho\Documents\jump-opt-digital-twin\code\goal22\g22_p13_phases.py", line 26, in <module>
    PDLAW = json.load(open(Path(__file__).parent / "p10_pdlaw.json"))
            ^^^^^^^^^^^^^^^^^^^^^^^^^^^^^^^^^^^^^^^^^^^^^^^^^^^^^^^^^
  File "C:\Program Files\WindowsApps\PythonSoftwareFoundation.Python.3.11_3.11.2544.0_x64__qbz5n2kfra8p0\Lib\json\__init__.py", line 293, in load
    return loads(fp.read(),
           ^^^^^^^^^^^^^^^^
  File "C:\Program Files\WindowsApps\PythonSoftwareFoundation.Python.3.11_3.11.2544.0_x64__qbz5n2kfra8p0\Lib\json\__init__.py", line 346, in loads
    return _default_decoder.decode(s)
           ^^^^^^^^^^^^^^^^^^^^^^^^^^
  File "C:\Program Files\WindowsApps\PythonSoftwareFoundation.Python.3.11_3.11.2544.0_x64__qbz5n2kfra8p0\Lib\json\decoder.py", line 337, in decode
jump_0424/150_2.2_250_3      2    250/3.00    163.9/ 0.55(0.556)    222.9/ 0.62(0.776)  +0.493   63  <-V2
    obj, end = self.raw_decode(s, idx=_w(s, 0).end())
               ^^^^^^^^^^^^^^^^^^^^^^^^^^^^^^^^^^^^^^
  File "C:\Program Files\WindowsApps\PythonSoftwareFoundation.Python.3.11_3.11.2544.0_x64__qbz5n2kfra8p0\Lib\json\decoder.py", line 355, in raw_decode
    raise JSONDecodeError("Expecting value", s, err.value) from None
json.decoder.JSONDecodeError: Expecting value: line 1 column 1 (char 0)
saved p10_pdlaw.json
jump_0424/120_2.2_150_2.5    1    120/2.20     83.2/ 0.51(0.685)    124.1/ 0.47(0.933)  -0.267    0  <-V2
jump_0602/60_1.5_60_1.5      1     60/1.50     53.8/ 0.79(0.959)     84.7/ 1.06(0.888)  -0.294    3  <-V1
jump_0424/150_2.2_350_3.5    1    150/2.20     67.8/ 0.56(0.582)    143.3/ 0.48(0.904)  -0.255    0  <-V2
jump_0424/120_2.2_150_2.5    2    150/2.50    123.7/ 0.61(0.772)    157.7/ 0.67(0.900)  +0.272   64  <-V2
jump_0602/60_1.5_60_1.5      2     60/1.50     56.4/ 1.11(0.992)     81.5/ 1.63(0.928)  -0.019   60  <-V1
jump_0424/150_2.2_350_3.5    2    350/3.50    197.6/ 0.56(0.402)    277.8/ 0.66(0.644)  +0.563   57  <-V2
jump_0602/90_0.75_90_2       1     90/0.75     74.7/ 0.08(0.966)     82.0/ 0.17(0.978)  -0.209    0  <-V2
jump_0424/120_2.2_200_2.8    1    120/2.20     74.2/ 0.52(0.692)    122.4/ 0.45(0.939)  -0.255    0  <-V2
jump_0424/150_2.2_500_4      1    150/2.20     72.8/ 0.50(0.636)    140.8/ 0.47(0.933)  -0.274    0  <-V2
jump_0602/90_0.75_90_2       2     90/2.00     86.5/ 1.38(0.949)    131.8/ 2.03(0.974)  -0.109   66  <-V2
jump_0424/120_2.2_200_2.8    2    200/2.80    149.4/ 0.59(0.505)    193.5/ 0.66(0.781)  +0.430   79  <-V2
jump_0424/150_2.2_500_4      2    500/4.00    236.1/ 0.57(0.257)    330.3/ 0.64(0.459)  +0.647   58  <-V2
jump_0602/120_2_120_2        1    120/2.00     94.5/ 0.34(0.789)    129.9/ 0.54(0.916)  -0.527    0  <-V2
jump_0424/150_2.2_250_3      1    150/2.20     76.4/ 0.53(0.596)    144.9/ 0.49(0.918)  -0.269    0  <-V2
jump_0602/60_0.75_60_2       1     60/0.75     54.0/ 0.22(0.952)     65.9/ 0.39(0.970)  -0.296    0  <-V2
jump_0602/120_2_120_2        2    120/2.00    116.6/ 1.14(0.953)    158.6/ 1.43(0.982)  -0.128   66  <-V2
jump_0424/150_2.2_250_3      2    250/3.00    163.9/ 0.55(0.556)    222.9/ 0.62(0.776)  +0.493   63  <-V2
jump_0602/60_0.75_60_2       2     60/2.00     58.0/ 1.52(0.941)     98.7/ 2.62(0.925)  -0.085   61  <-V1
jump_0602/150_2.2_250_3      1    150/2.20    108.1/ 0.45(0.735)    156.8/ 0.59(0.938)  -0.552    0  <-V2
jump_0602/60_1.5_60_1.5      1     60/1.50     53.8/ 0.79(0.959)     84.7/ 1.06(0.888)  -0.294    3  <-V1
jump_0424/150_2.2_350_3.5    1    150/2.20     67.8/ 0.56(0.582)    143.3/ 0.48(0.904)  -0.255    0  <-V2
jump_0602/150_2.2_250_3      2    250/3.00    233.7/ 0.06(0.949)    236.4/ 0.04(0.947)  +0.127   84  <-V1
jump_0424/150_2.2_350_3.5    2    350/3.50    197.6/ 0.56(0.402)    277.8/ 0.66(0.644)  +0.563   57  <-V2
jump_0602/150_2.2_500_5      1    150/2.20    111.1/ 0.43(0.727)    157.3/ 0.56(0.930)  -0.506    3  <-V2
jump_0602/60_1.5_60_1.5      2     60/1.50     56.4/ 1.11(0.992)     81.5/ 1.63(0.928)  -0.019   60  <-V1
jump_0602/150_2.2_500_5      2    500/5.00    177.8/-0.09(0.599)    166.6/-0.07(0.601)  +0.406   69  <-V2
jump_0424/150_2.2_500_4      1    150/2.20     72.8/ 0.50(0.636)    140.8/ 0.47(0.933)  -0.274    0  <-V2
jump_0602/90_0.75_90_2       1     90/0.75     74.7/ 0.08(0.966)     82.0/ 0.17(0.978)  -0.209    0  <-V2
jump_0602/90_0.75_90_2       2     90/2.00     86.5/ 1.38(0.949)    131.8/ 2.03(0.974)  -0.109   66  <-V2
jump_0424/150_2.2_500_4      2    500/4.00    236.1/ 0.57(0.257)    330.3/ 0.64(0.459)  +0.647   58  <-V2
jump_0602/120_2_120_2        1    120/2.00     94.5/ 0.34(0.789)    129.9/ 0.54(0.916)  -0.527    0  <-V2
jump_0602/60_0.75_60_2       1     60/0.75     54.0/ 0.22(0.952)     65.9/ 0.39(0.970)  -0.296    0  <-V2
jump_0602/120_2_120_2        2    120/2.00    116.6/ 1.14(0.953)    158.6/ 1.43(0.982)  -0.128   66  <-V2
jump_0602/60_0.75_60_2       2     60/2.00     58.0/ 1.52(0.941)     98.7/ 2.62(0.925)  -0.085   61  <-V1
jump_0602/150_2.2_250_3      1    150/2.20    108.1/ 0.45(0.735)    156.8/ 0.59(0.938)  -0.552    0  <-V2
jump_0602/60_1.5_60_1.5      1     60/1.50     53.8/ 0.79(0.959)     84.7/ 1.06(0.888)  -0.294    3  <-V1
jump_0602/150_2.2_250_3      2    250/3.00    233.7/ 0.06(0.949)    236.4/ 0.04(0.947)  +0.127   84  <-V1
jump_0602/60_1.5_60_1.5      2     60/1.50     56.4/ 1.11(0.992)     81.5/ 1.63(0.928)  -0.019   60  <-V1
jump_0602/150_2.2_500_5      1    150/2.20    111.1/ 0.43(0.727)    157.3/ 0.56(0.930)  -0.506    3  <-V2
jump_0602/150_2.2_500_5      2    500/5.00    177.8/-0.09(0.599)    166.6/-0.07(0.601)  +0.406   69  <-V2
jump_0602/90_0.75_90_2       1     90/0.75     74.7/ 0.08(0.966)     82.0/ 0.17(0.978)  -0.209    0  <-V2
jump_0602/90_0.75_90_2       2     90/2.00     86.5/ 1.38(0.949)    131.8/ 2.03(0.974)  -0.109   66  <-V2
jump_0602/120_2_120_2        1    120/2.00     94.5/ 0.34(0.789)    129.9/ 0.54(0.916)  -0.527    0  <-V2
jump_0602/120_2_120_2        2    120/2.00    116.6/ 1.14(0.953)    158.6/ 1.43(0.982)  -0.128   66  <-V2
jump_0602/150_2.2_250_3      1    150/2.20    108.1/ 0.45(0.735)    156.8/ 0.59(0.938)  -0.552    0  <-V2
jump_0602/150_2.2_250_3      2    250/3.00    233.7/ 0.06(0.949)    236.4/ 0.04(0.947)  +0.127   84  <-V1
jump_0602/150_2.2_500_5      1    150/2.20    111.1/ 0.43(0.727)    157.3/ 0.56(0.930)  -0.506    3  <-V2
jump_0602/150_2.2_500_5      2    500/5.00    177.8/-0.09(0.599)    166.6/-0.07(0.601)  +0.406   69  <-V2
saved p10_pdlaw.json
warm-start from previous mshoot best
warm-start from previous fourbar best
trial                        jt      label              V1 kp/kd(R2)              V2 kp/kd(R2)  cff  sat
jump_0324/P40_D0.7           1     40/0.70     90.3/-1.01(0.321)     54.5/-0.87(0.931)  +0.880    0  <-V2
jump_0324/P40_D0.7           2     40/0.70     62.4/-0.11(-0.069)     62.2/ 0.00(-0.098)  +1.009   24  <-V1
saved p10_pdlaw.json
warm-start from previous mshoot best
warm-start from previous fourbar best
jump_0324/P60_D1.5           1     60/1.50     26.2/-0.41(-0.205)     53.5/-0.80(0.885)  +0.819    0  <-V2
jump_0324/P60_D1.5           2     60/1.50    106.3/-0.58(-0.269)     86.6/-0.42(-0.291)  +1.171   11  <-V1
jump_0324/P100_D3            1    100/3.00     49.8/-0.51(0.494)     65.7/-0.61(0.892)  +0.585    0  <-V2
jump_0324/P100_D3            2    100/3.00    121.3/-0.89(-1.097)     89.7/-0.72(-0.431)  +1.335   19  <-V2
jump_position_0421/P60_D0.75_P60_D2 1     60/0.75     39.7/ 0.09(0.968)     45.3/ 0.27(0.982)  -0.086    0  <-V2
jump_position_0421/P60_D0.75_P60_D2 2     60/2.00     37.1/ 1.06(0.940)     54.1/ 1.59(0.992)  +0.015   60  <-V2
jump_position_0421/P70_D0.75_P70_D2 1     70/0.75     44.5/ 0.09(0.954)     51.4/ 0.28(0.975)  -0.087    0  <-V2
jump_position_0421/P70_D0.75_P70_D2 2     70/2.00     41.2/ 1.00(0.944)     61.3/ 1.52(0.989)  +0.023   52  <-V2
jump_position_0421/P80_D0.75_P80_D2 1     80/0.75     48.5/ 0.07(0.967)     54.8/ 0.22(0.979)  -0.076    0  <-V2
saved p10_pdlaw.json
warm-start from previous mshoot best
jump_position_0421/P80_D0.75_P80_D2 2     80/2.00     52.3/ 1.12(0.955)     71.4/ 1.53(0.988)  -0.004   66  <-V2
warm-start from previous fourbar best
jump_position_0421/P90_D0.75_P90_D2 1     90/0.75     51.5/ 0.09(0.940)     60.0/ 0.25(0.963)  -0.078    0  <-V2
jump_position_0421/P90_D0.75_P90_D2 2     90/2.00     57.1/ 1.07(0.952)     79.1/ 1.47(0.989)  -0.002   63  <-V2
jump_position_0421/P100_D0.75_P100_D2 1    100/0.75     57.4/ 0.09(0.920)     67.1/ 0.26(0.946)  -0.095    0  <-V2
saved p10_pdlaw.json
warm-start from previous mshoot best
warm-start from previous fourbar best
jump_position_0421/P100_D0.75_P100_D2 2    100/2.00     62.9/ 1.04(0.955)     85.9/ 1.39(0.987)  +0.015   62  <-V2
jump_position_0421/P200_D1.5_P200_D4 1    200/1.50     71.1/ 0.16(0.634)    110.9/ 0.68(0.786)  -0.260    0  <-V2
jump_position_0421/P200_D1.5_P200_D4 2    200/4.00     51.7/ 1.05(0.507)    139.5/ 2.70(0.884)  +0.475   23  <-V2
jump_0424/60_0.75_60_2       1     60/0.75     51.6/ 0.21(0.970)     61.0/ 0.25(0.992)  -0.082    0  <-V2
jump_0424/60_0.75_60_2       2     60/2.00     62.2/ 1.17(0.820)     89.3/ 1.61(0.849)  -0.116   64  <-V2
jump_0424/60_1.5_60_1.5      1     60/1.50     53.8/ 0.57(0.924)     77.1/ 0.62(0.919)  -0.158    0  <-V1
saved p10_pdlaw.json
warm-start from previous mshoot best
jump_0424/60_1.5_60_1.5      2     60/1.50     60.1/ 0.92(0.938)     80.9/ 1.17(0.963)  -0.114   59  <-V2
warm-start from previous fourbar best
jump_0424/90_0.75_90_2       1     90/0.75     64.8/ 0.12(0.933)     74.2/ 0.15(0.955)  -0.071    0  <-V2
jump_0424/90_0.75_90_2       2     90/2.00     90.3/ 0.79(0.899)    110.3/ 0.94(0.956)  +0.034   79  <-V2
saved p10_pdlaw.json
warm-start from previous mshoot best
jump_0424/120_2_120_2        1    120/2.00     84.0/ 0.47(0.751)    123.0/ 0.45(0.942)  -0.240    0  <-V2
warm-start from previous fourbar best
jump_0424/120_2_120_2        2    120/2.00    107.4/ 0.58(0.847)    131.0/ 0.67(0.941)  +0.209   68  <-V2
jump_0424/120_2.2_150_2.5    1    120/2.20     83.2/ 0.51(0.685)    124.1/ 0.47(0.933)  -0.267    0  <-V2
jump_0424/120_2.2_150_2.5    2    150/2.50    123.7/ 0.61(0.772)    157.7/ 0.67(0.900)  +0.272   64  <-V2
jump_0424/120_2.2_200_2.8    1    120/2.20     74.2/ 0.52(0.692)    122.4/ 0.45(0.939)  -0.255    0  <-V2
jump_0424/120_2.2_200_2.8    2    200/2.80    149.4/ 0.59(0.505)    193.5/ 0.66(0.781)  +0.430   79  <-V2
jump_0424/150_2.2_250_3      1    150/2.20     76.4/ 0.53(0.596)    144.9/ 0.49(0.918)  -0.269    0  <-V2
jump_0424/150_2.2_250_3      2    250/3.00    163.9/ 0.55(0.556)    222.9/ 0.62(0.776)  +0.493   63  <-V2
jump_0424/150_2.2_350_3.5    1    150/2.20     67.8/ 0.56(0.582)    143.3/ 0.48(0.904)  -0.255    0  <-V2
jump_0424/150_2.2_350_3.5    2    350/3.50    197.6/ 0.56(0.402)    277.8/ 0.66(0.644)  +0.563   57  <-V2
jump_0424/150_2.2_500_4      1    150/2.20     72.8/ 0.50(0.636)    140.8/ 0.47(0.933)  -0.274    0  <-V2
jump_0424/150_2.2_500_4      2    500/4.00    236.1/ 0.57(0.257)    330.3/ 0.64(0.459)  +0.647   58  <-V2
saved p10_pdlaw.json
warm-start from previous mshoot best
warm-start from previous fourbar best
jump_0602/60_0.75_60_2       1     60/0.75     54.0/ 0.22(0.952)     65.9/ 0.39(0.970)  -0.296    0  <-V2
jump_0602/60_0.75_60_2       2     60/2.00     58.0/ 1.52(0.941)     98.7/ 2.62(0.925)  -0.085   61  <-V1
jump_0602/60_1.5_60_1.5      1     60/1.50     53.8/ 0.79(0.959)     84.7/ 1.06(0.888)  -0.294    3  <-V1
jump_0602/60_1.5_60_1.5      2     60/1.50     56.4/ 1.11(0.992)     81.5/ 1.63(0.928)  -0.019   60  <-V1
jump_0602/90_0.75_90_2       1     90/0.75     74.7/ 0.08(0.966)     82.0/ 0.17(0.978)  -0.209    0  <-V2
jump_0602/90_0.75_90_2       2     90/2.00     86.5/ 1.38(0.949)    131.8/ 2.03(0.974)  -0.109   66  <-V2
jump_0602/120_2_120_2        1    120/2.00     94.5/ 0.34(0.789)    129.9/ 0.54(0.916)  -0.527    0  <-V2
jump_0602/120_2_120_2        2    120/2.00    116.6/ 1.14(0.953)    158.6/ 1.43(0.982)  -0.128   66  <-V2
jump_0602/150_2.2_250_3      1    150/2.20    108.1/ 0.45(0.735)    156.8/ 0.59(0.938)  -0.552    0  <-V2
jump_0602/150_2.2_250_3      2    250/3.00    233.7/ 0.06(0.949)    236.4/ 0.04(0.947)  +0.127   84  <-V1
jump_0602/150_2.2_500_5      1    150/2.20    111.1/ 0.43(0.727)    157.3/ 0.56(0.930)  -0.506    3  <-V2
saved p10_pdlaw.json
warm-start from previous mshoot best
jump_0602/150_2.2_500_5      2    500/5.00    177.8/-0.09(0.599)    166.6/-0.07(0.601)  +0.406   69  <-V2
warm-start from previous fourbar best
saved p10_pdlaw.json
warm-start from previous mshoot best
warm-start from previous fourbar best
saved p10_pdlaw.json
warm-start from previous mshoot best
warm-start from previous fourbar best
BEST nev=353 J=0.9846 k_hip=0.0653 ref_hip=-1.02 stiff=0.772 ref=1.52 pre30=1.79 fv_hip=0.447 fv_knee=0.113 solref=0.00973 imp0=0.504 o1_429=0.0896 o2_429=-0.0408 [2.1m]
BEST nev=384 J=0.9843 k_hip=0.0842 ref_hip=-0.959 stiff=0.84 ref=1.5 pre30=1.71 fv_hip=0.506 fv_knee=0.114 solref=0.0086 imp0=0.468 o1_429=0.0895 o2_429=-0.0403 [2.3m]
BEST nev=416 J=0.9840 k_hip=0.0758 ref_hip=-0.988 stiff=0.733 ref=1.5 pre30=1.91 fv_hip=0.594 fv_knee=0.0931 solref=0.00763 imp0=0.532 o1_429=0.0792 o2_429=-0.0376 [2.4m]
BEST nev=417 J=0.9837 k_hip=0.000958 ref_hip=-0.987 stiff=0.812 ref=1.5 pre30=1.74 fv_hip=0.51 fv_knee=0.104 solref=0.00857 imp0=0.476 o1_429=0.0867 o2_429=-0.0351 [2.4m]
BEST nev=451 J=0.9818 k_hip=0.281 ref_hip=-1.1 stiff=0.738 ref=1.59 pre30=1.77 fv_hip=0.54 fv_knee=0.0991 solref=0.00789 imp0=0.465 o1_429=0.0872 o2_429=-0.0416 [2.7m]
BEST nev=490 J=0.9808 k_hip=0.382 ref_hip=-1.1 stiff=0.62 ref=1.59 pre30=2.11 fv_hip=0.63 fv_knee=0.0873 solref=0.00834 imp0=0.507 o1_429=0.0894 o2_429=-0.0452 [2.8m]
BEST nev=508 J=0.9807 k_hip=0.17 ref_hip=-1.18 stiff=0.658 ref=1.6 pre30=1.98 fv_hip=0.619 fv_knee=0.0782 solref=0.00836 imp0=0.454 o1_429=0.0898 o2_429=-0.0424 [2.9m]
BEST nev=513 J=0.9805 k_hip=0.372 ref_hip=-1.09 stiff=0.577 ref=1.76 pre30=2.02 fv_hip=0.607 fv_knee=0.0803 solref=0.00697 imp0=0.457 o1_429=0.09 o2_429=-0.0445 [3.0m]
BEST nev=530 J=0.9804 k_hip=0.496 ref_hip=-1.07 stiff=0.601 ref=1.62 pre30=2.09 fv_hip=0.663 fv_knee=0.0697 solref=0.00832 imp0=0.484 o1_429=0.0885 o2_429=-0.0439 [3.1m]
BEST nev=544 J=0.9796 k_hip=0.46 ref_hip=-1.16 stiff=0.634 ref=1.69 pre30=1.91 fv_hip=0.596 fv_knee=0.0863 solref=0.00763 imp0=0.454 o1_429=0.0837 o2_429=-0.0408 [3.2m]
BEST nev=570 J=0.9794 k_hip=0.485 ref_hip=-1.12 stiff=0.539 ref=1.61 pre30=2.08 fv_hip=0.562 fv_knee=0.0833 solref=0.00709 imp0=0.46 o1_429=0.0885 o2_429=-0.0498 [3.3m]
BEST nev=575 J=0.9791 k_hip=0.476 ref_hip=-1.14 stiff=0.568 ref=1.57 pre30=1.99 fv_hip=0.57 fv_knee=0.0881 solref=0.00893 imp0=0.463 o1_429=0.0863 o2_429=-0.0454 [3.3m]
BEST nev=581 J=0.9786 k_hip=0.494 ref_hip=-1.19 stiff=0.527 ref=1.52 pre30=2.09 fv_hip=0.591 fv_knee=0.0831 solref=0.0091 imp0=0.477 o1_429=0.0845 o2_429=-0.0483 [3.4m]
BEST nev=602 J=0.9785 k_hip=0.658 ref_hip=-1.23 stiff=0.454 ref=1.68 pre30=2.11 fv_hip=0.559 fv_knee=0.0814 solref=0.00767 imp0=0.471 o1_429=0.0899 o2_429=-0.051 [3.5m]
BEST nev=610 J=0.9772 k_hip=0.813 ref_hip=-1.23 stiff=0.373 ref=1.56 pre30=2.24 fv_hip=0.569 fv_knee=0.079 solref=0.00785 imp0=0.47 o1_429=0.0886 o2_429=-0.0485 [3.5m]
BEST nev=676 J=0.9770 k_hip=0.78 ref_hip=-1.23 stiff=0.459 ref=1.58 pre30=2.22 fv_hip=0.652 fv_knee=0.0744 solref=0.00831 imp0=0.464 o1_429=0.0885 o2_429=-0.0487 [3.9m]
BEST nev=690 J=0.9760 k_hip=0.847 ref_hip=-1.29 stiff=0.398 ref=1.61 pre30=2.24 fv_hip=0.648 fv_knee=0.0714 solref=0.00791 imp0=0.462 o1_429=0.0894 o2_429=-0.0489 [4.0m]
BEST nev=713 J=0.9759 k_hip=0.877 ref_hip=-1.27 stiff=0.343 ref=1.57 pre30=2.37 fv_hip=0.637 fv_knee=0.0695 solref=0.00791 imp0=0.453 o1_429=0.0895 o2_429=-0.0476 [4.1m]
BEST nev=755 J=0.9754 k_hip=0.971 ref_hip=-1.27 stiff=0.334 ref=1.63 pre30=2.32 fv_hip=0.647 fv_knee=0.0701 solref=0.00668 imp0=0.439 o1_429=0.09 o2_429=-0.0471 [4.3m]
BEST nev=767 J=0.9751 k_hip=0.933 ref_hip=-1.27 stiff=0.358 ref=1.68 pre30=2.3 fv_hip=0.669 fv_knee=0.0692 solref=0.00689 imp0=0.43 o1_429=0.09 o2_429=-0.0479 [4.4m]
BEST nev=776 J=0.9742 k_hip=1.17 ref_hip=-1.29 stiff=0.262 ref=1.67 pre30=2.4 fv_hip=0.651 fv_knee=0.0692 solref=0.00637 imp0=0.42 o1_429=0.09 o2_429=-0.0554 [4.5m]
BEST nev=811 J=0.9733 k_hip=1.24 ref_hip=-1.36 stiff=0.209 ref=1.68 pre30=2.46 fv_hip=0.692 fv_knee=0.0643 solref=0.0055 imp0=0.387 o1_429=0.0882 o2_429=-0.0527 [4.7m]
BEST nev=831 J=0.9702 k_hip=1.52 ref_hip=-1.38 stiff=0.152 ref=1.73 pre30=2.37 fv_hip=0.668 fv_knee=0.0691 solref=0.00407 imp0=0.344 o1_429=0.0862 o2_429=-0.0528 [4.8m]
BEST nev=861 J=0.9694 k_hip=1.54 ref_hip=-1.44 stiff=0.061 ref=1.66 pre30=2.5 fv_hip=0.675 fv_knee=0.0611 solref=0.00381 imp0=0.335 o1_429=0.0714 o2_429=-0.0476 [5.0m]
BEST nev=863 J=0.9691 k_hip=1.71 ref_hip=-1.42 stiff=0.0768 ref=1.71 pre30=2.38 fv_hip=0.618 fv_knee=0.0633 solref=0.00429 imp0=0.365 o1_429=0.0752 o2_429=-0.0474 [5.0m]
BEST nev=866 J=0.9688 k_hip=1.58 ref_hip=-1.62 stiff=0.0733 ref=1.75 pre30=2.44 fv_hip=0.709 fv_knee=0.0559 solref=0.00442 imp0=0.332 o1_429=0.0702 o2_429=-0.0534 [5.0m]
BEST nev=871 J=0.9633 k_hip=1.73 ref_hip=-1.49 stiff=0.0517 ref=1.88 pre30=2.37 fv_hip=0.646 fv_knee=0.0593 solref=0.00411 imp0=0.344 o1_429=0.0732 o2_429=-0.0514 [5.0m]
BEST nev=878 J=0.9617 k_hip=1.66 ref_hip=-1.63 stiff=0.0574 ref=1.74 pre30=2.45 fv_hip=0.786 fv_knee=0.0531 solref=0.00429 imp0=0.345 o1_429=0.0648 o2_429=-0.0436 [5.0m]
BEST nev=902 J=0.9612 k_hip=1.67 ref_hip=-1.7 stiff=0.138 ref=1.85 pre30=2.26 fv_hip=0.803 fv_knee=0.0611 solref=0.004 imp0=0.329 o1_429=0.0637 o2_429=-0.0545 [5.2m]
BEST nev=976 J=0.9606 k_hip=1.29 ref_hip=-2.05 stiff=0.0634 ref=1.65 pre30=2.41 fv_hip=0.77 fv_knee=0.0702 solref=0.00463 imp0=0.368 o1_429=0.0899 o2_429=-0.0528 [5.6m]
BEST nev=1064 J=0.9601 k_hip=1.19 ref_hip=-2.2 stiff=0.122 ref=1.67 pre30=2.2 fv_hip=0.688 fv_knee=0.0672 solref=0.00566 imp0=0.429 o1_429=0.0899 o2_429=-0.035 [6.1m]
CMA4 DONE nev=1110 J=0.9601
