===== t0_train_long.py fix:24 =====
warm-start from previous mshoot best
warm-start from previous fourbar best
setup done [2s] — clip=25.581 law=(-0.3823, 0.6301, 7.2968) c_cvt=0.7926 k_rise=0.2656 tm=1.31ms n429=10
  golden A — 0429/60_0.75_60_2    : dq2 RMSE=1.8560
  golden A — 0429/60_1.5_60_1.5   : dq2 RMSE=2.1339
  golden A — 0429/90_0.75_90_2    : dq2 RMSE=2.3594
  golden A — 0429/90_1.5_90_2.5   : dq2 RMSE=2.3440
  golden A — 0429/120_2_120_2     : dq2 RMSE=2.4115
  golden A — 0429/120_2.2_150_2.5 : dq2 RMSE=2.4855
  golden A — 0429/120_2.2_200_2.8 : dq2 RMSE=2.3865
  golden A — 0429/150_2.2_250_3   : dq2 RMSE=3.3899
  golden A — 0429/150_2.2_350_3.5 : dq2 RMSE=3.7922
  golden A — 0429/150_2.2_500_4   : dq2 RMSE=2.8979
  golden A — session mean 2.6057 (canonical 2.6057) PASS
  golden B — 0429/60_0.75_60_2 env vs cl_run23(is_cvt, l_i=25.08, clip=25.581) max|Δ|=0.000e+00 PASS
GOLDEN PASS (A: 0429 재생 세션평균 / B: env CVT 스텝 비트일치, clip=25.581)
[dev] NVIDIA GeForce RTX 5080 (hid 128): 400 mb-updates cpu 0.255s / gpu 0.259s → 2x128 넷이 작아 CPU가 빠름 (물리 스텝이 병목) — CPU 사용
[bc] teacher t0wc_cl_li24.npz (li=24.0): 300 pairs, replay apex=1.074 (teacher h=1.085)
[bc] fit: MSE 0.3912 → 0.000806 (4000 iters)
[bc] det-eval h: {'24': 0.7379}
warm-start from previous mshoot best
warm-start from previous fourbar best
warm-start from previous mshoot best
warm-start from previous fourbar best
warm-start from previous mshoot best
warm-start from previous fourbar best
warm-start from previous mshoot best
warm-start from previous fourbar best
warm-start from previous mshoot best
warm-start from previous fourbar best
warm-start from previous mshoot best
warm-start from previous fourbar best
warm-start from previous mshoot best
warm-start from previous fourbar best
warm-start from previous mshoot best
warm-start from previous fourbar best
setup done [3s] — clip=25.581 law=(-0.3823, 0.6301, 7.2968) c_cvt=0.7926 k_rise=0.2656 tm=1.31ms n429=10
setup done [3s] — clip=25.581 law=(-0.3823, 0.6301, 7.2968) c_cvt=0.7926 k_rise=0.2656 tm=1.31ms n429=10
setup done [3s] — clip=25.581 law=(-0.3823, 0.6301, 7.2968) c_cvt=0.7926 k_rise=0.2656 tm=1.31ms n429=10
setup done [3s] — clip=25.581 law=(-0.3823, 0.6301, 7.2968) c_cvt=0.7926 k_rise=0.2656 tm=1.31ms n429=10
setup done [3s] — clip=25.581 law=(-0.3823, 0.6301, 7.2968) c_cvt=0.7926 k_rise=0.2656 tm=1.31ms n429=10
setup done [3s] — clip=25.581 law=(-0.3823, 0.6301, 7.2968) c_cvt=0.7926 k_rise=0.2656 tm=1.31ms n429=10
setup done [3s] — clip=25.581 law=(-0.3823, 0.6301, 7.2968) c_cvt=0.7926 k_rise=0.2656 tm=1.31ms n429=10
setup done [3s] — clip=25.581 law=(-0.3823, 0.6301, 7.2968) c_cvt=0.7926 k_rise=0.2656 tm=1.31ms n429=10
[mp] 8 workers × 2 envs = 16 — ready [13s]
PPO start — 2929 updates × batch 8192 (dev cpu, clip=25.581)
up   10 steps   0.08M  ret -1.532  apex 0.925  det h(24) 0.738 mean 0.7379 (best 0.7379)  sps 11456  std [0.4 0.4]  [VF-warm]
up   20 steps   0.16M  ret -1.555  apex 0.808  det h(24) 0.738 mean 0.7379 (best 0.7379)  sps 11572  std [0.4 0.4]  [VF-warm]
up   30 steps   0.25M  ret -0.441  apex 0.794  det h(24) 0.240 mean 0.2397 (best 0.7379)  sps  8193  std [0.402 0.398]
up   40 steps   0.33M  ret -0.472  apex 0.794  det h(24) 0.250 mean 0.2498 (best 0.7379)  sps  8211  std [0.381 0.379]
up   50 steps   0.41M  ret -0.296  apex 0.794  det h(24) 0.290 mean 0.2897 (best 0.7379)  sps  8208  std [0.356 0.339]
up   60 steps   0.49M  ret -0.064  apex 0.794  det h(24) 0.327 mean 0.3268 (best 0.7379)  sps  8458  std [0.332 0.266]
up   70 steps   0.57M  ret  0.042  apex 0.794  det h(24) 0.368 mean 0.3683 (best 0.7379)  sps  8341  std [0.308 0.25 ]
up   80 steps   0.66M  ret  0.213  apex 0.794  det h(24) 0.396 mean 0.3960 (best 0.7379)  sps  8418  std [0.293 0.25 ]
up   90 steps   0.74M  ret  0.307  apex 0.794  det h(24) 0.431 mean 0.4313 (best 0.7379)  sps  8413  std [0.279 0.25 ]
up  100 steps   0.82M  ret  0.399  apex 0.794  det h(24) 0.433 mean 0.4328 (best 0.7379)  sps  8400  std [0.268 0.25 ]
up  110 steps   0.90M  ret  0.466  apex 0.794  det h(24) 0.444 mean 0.4443 (best 0.7379)  sps  8465  std [0.257 0.25 ]
up  120 steps   0.98M  ret  0.561  apex 0.794  det h(24) 0.466 mean 0.4658 (best 0.7379)  sps  8275  std [0.254 0.251]
up  130 steps   1.06M  ret  0.740  apex 0.794  det h(24) 0.507 mean 0.5069 (best 0.7379)  sps  8369  std [0.252 0.25 ]
up  140 steps   1.15M  ret  0.861  apex 0.794  det h(24) 0.529 mean 0.5288 (best 0.7379)  sps  8588  std [0.252 0.25 ]
up  150 steps   1.23M  ret  1.018  apex 0.794  det h(24) 0.559 mean 0.5586 (best 0.7379)  sps  8465  std [0.25 0.25]
up  160 steps   1.31M  ret  1.075  apex 0.794  det h(24) 0.572 mean 0.5720 (best 0.7379)  sps  8345  std [0.25  0.258]
up  170 steps   1.39M  ret  1.051  apex 0.794  det h(24) 0.567 mean 0.5668 (best 0.7379)  sps  8353  std [0.254 0.252]
up  180 steps   1.47M  ret  1.142  apex 0.794  det h(24) 0.583 mean 0.5829 (best 0.7379)  sps  8434  std [0.251 0.252]
up  190 steps   1.56M  ret  1.138  apex 0.794  det h(24) 0.587 mean 0.5870 (best 0.7379)  sps  8420  std [0.25  0.255]
up  200 steps   1.64M  ret  1.205  apex 0.794  det h(24) 0.605 mean 0.6054 (best 0.7379)  sps  8458  std [0.25  0.252]
up  210 steps   1.72M  ret  1.314  apex 0.782  det h(24) 0.611 mean 0.6109 (best 0.7379)  sps  8421  std [0.25  0.254]
up  220 steps   1.80M  ret  1.257  apex 0.763  det h(24) 0.608 mean 0.6085 (best 0.7379)  sps  8408  std [0.25 0.25]
up  230 steps   1.88M  ret  1.489  apex 0.681  det h(24) 0.628 mean 0.6277 (best 0.7379)  sps  8390  std [0.251 0.25 ]
up  240 steps   1.97M  ret  1.890  apex 0.637  det h(24) 0.639 mean 0.6391 (best 0.7379)  sps  8430  std [0.251 0.264]
up  250 steps   2.05M  ret  1.708  apex 0.637  det h(24) 0.643 mean 0.6425 (best 0.7379)  sps  8360  std [0.256 0.264]
up  260 steps   2.13M  ret  1.979  apex 0.651  det h(24) 0.662 mean 0.6616 (best 0.7379)  sps  8455  std [0.257 0.254]
up  270 steps   2.21M  ret  2.091  apex 0.668  det h(24) 0.674 mean 0.6744 (best 0.7379)  sps  8468  std [0.25  0.256]
up  280 steps   2.29M  ret  1.945  apex 0.641  det h(24) 0.651 mean 0.6510 (best 0.7379)  sps  8516  std [0.26  0.262]
up  290 steps   2.38M  ret  1.992  apex 0.646  det h(24) 0.652 mean 0.6524 (best 0.7379)  sps  8336  std [0.25  0.263]
up  300 steps   2.46M  ret  2.005  apex 0.661  det h(24) 0.664 mean 0.6642 (best 0.7379)  sps  8364  std [0.259 0.26 ]
up  310 steps   2.54M  ret  1.867  apex 0.665  det h(24) 0.672 mean 0.6720 (best 0.7379)  sps  8445  std [0.258 0.264]
up  320 steps   2.62M  ret  2.026  apex 0.662  det h(24) 0.663 mean 0.6635 (best 0.7379)  sps  8454  std [0.257 0.267]
up  330 steps   2.70M  ret  2.092  apex 0.666  det h(24) 0.675 mean 0.6749 (best 0.7379)  sps  8358  std [0.25 0.25]
up  340 steps   2.79M  ret  2.133  apex 0.678  det h(24) 0.681 mean 0.6809 (best 0.7379)  sps  8489  std [0.256 0.257]
up  350 steps   2.87M  ret  2.169  apex 0.684  det h(24) 0.685 mean 0.6854 (best 0.7379)  sps  8462  std [0.263 0.274]
up  360 steps   2.95M  ret  2.196  apex 0.686  det h(24) 0.689 mean 0.6894 (best 0.7379)  sps  8367  std [0.251 0.267]
up  370 steps   3.03M  ret  2.272  apex 0.704  det h(24) 0.705 mean 0.7055 (best 0.7379)  sps  8450  std [0.25  0.265]
up  380 steps   3.11M  ret  2.242  apex 0.706  det h(24) 0.708 mean 0.7076 (best 0.7379)  sps  8281  std [0.25  0.264]
up  390 steps   3.19M  ret  2.290  apex 0.713  det h(24) 0.715 mean 0.7150 (best 0.7379)  sps  8380  std [0.251 0.253]
up  400 steps   3.28M  ret  2.107  apex 0.710  det h(24) 0.711 mean 0.7114 (best 0.7379)  sps  8414  std [0.257 0.253]
up  410 steps   3.36M  ret  2.367  apex 0.723  det h(24) 0.725 mean 0.7252 (best 0.7379)  sps  8363  std [0.25 0.25]
up  420 steps   3.44M  ret  2.259  apex 0.716  det h(24) 0.717 mean 0.7167 (best 0.7379)  sps  8415  std [0.258 0.258]
up  430 steps   3.52M  ret  2.327  apex 0.713  det h(24) 0.716 mean 0.7159 (best 0.7379)  sps  8419  std [0.25 0.25]
up  440 steps   3.60M  ret  2.364  apex 0.722  det h(24) 0.731 mean 0.7313 (best 0.7379)  sps  8508  std [0.25 0.25]
up  450 steps   3.69M  ret  2.343  apex 0.730  det h(24) 0.731 mean 0.7312 (best 0.7379)  sps  8286  std [0.257 0.255]
up  460 steps   3.77M  ret  2.343  apex 0.718  det h(24) 0.722 mean 0.7222 (best 0.7379)  sps  8461  std [0.25  0.252]
up  470 steps   3.85M  ret  2.348  apex 0.717  det h(24) 0.721 mean 0.7213 (best 0.7379)  sps  8383  std [0.25  0.251]
up  480 steps   3.93M  ret  2.330  apex 0.724  det h(24) 0.727 mean 0.7270 (best 0.7379)  sps  8401  std [0.267 0.265]
up  490 steps   4.01M  ret  2.410  apex 0.729  det h(24) 0.735 mean 0.7352 (best 0.7379)  sps  8460  std [0.25  0.251]
up  500 steps   4.10M  ret  2.348  apex 0.736  det h(24) 0.741 mean 0.7413 (best 0.7413)  sps  8288  std [0.253 0.256]
up  510 steps   4.18M  ret  2.412  apex 0.730  det h(24) 0.728 mean 0.7281 (best 0.7413)  sps  8460  std [0.255 0.265]
up  520 steps   4.26M  ret  2.386  apex 0.731  det h(24) 0.735 mean 0.7347 (best 0.7413)  sps  8354  std [0.256 0.266]
up  530 steps   4.34M  ret  2.405  apex 0.730  det h(24) 0.729 mean 0.7288 (best 0.7413)  sps  8407  std [0.252 0.265]
up  540 steps   4.42M  ret  2.402  apex 0.730  det h(24) 0.732 mean 0.7324 (best 0.7413)  sps  8552  std [0.25 0.25]
up  550 steps   4.51M  ret  2.452  apex 0.741  det h(24) 0.743 mean 0.7433 (best 0.7433)  sps  8454  std [0.25  0.251]
up  560 steps   4.59M  ret  2.457  apex 0.742  det h(24) 0.746 mean 0.7458 (best 0.7458)  sps  8451  std [0.254 0.254]
up  570 steps   4.67M  ret  2.479  apex 0.748  det h(24) 0.749 mean 0.7485 (best 0.7485)  sps  8453  std [0.25  0.255]
up  580 steps   4.75M  ret  2.517  apex 0.752  det h(24) 0.755 mean 0.7553 (best 0.7553)  sps  8420  std [0.25  0.251]
up  590 steps   4.83M  ret  2.505  apex 0.751  det h(24) 0.754 mean 0.7536 (best 0.7553)  sps  8452  std [0.25  0.259]
up  600 steps   4.92M  ret  2.542  apex 0.760  det h(24) 0.759 mean 0.7589 (best 0.7589)  sps  8442  std [0.253 0.26 ]
up  610 steps   5.00M  ret  2.549  apex 0.760  det h(24) 0.761 mean 0.7605 (best 0.7605)  sps  8456  std [0.25  0.274]
up  620 steps   5.08M  ret  2.567  apex 0.763  det h(24) 0.765 mean 0.7654 (best 0.7654)  sps  8374  std [0.25  0.258]
up  630 steps   5.16M  ret  2.561  apex 0.762  det h(24) 0.763 mean 0.7634 (best 0.7654)  sps  8379  std [0.255 0.268]
up  640 steps   5.24M  ret  2.540  apex 0.761  det h(24) 0.764 mean 0.7643 (best 0.7654)  sps  8411  std [0.25  0.267]
up  650 steps   5.32M  ret  2.592  apex 0.769  det h(24) 0.770 mean 0.7699 (best 0.7699)  sps  8524  std [0.25  0.253]
up  660 steps   5.41M  ret  2.582  apex 0.765  det h(24) 0.767 mean 0.7669 (best 0.7699)  sps  8571  std [0.25  0.251]
up  670 steps   5.49M  ret  2.623  apex 0.773  det h(24) 0.778 mean 0.7776 (best 0.7776)  sps  8315  std [0.25  0.254]
up  680 steps   5.57M  ret  2.608  apex 0.780  det h(24) 0.780 mean 0.7802 (best 0.7802)  sps  8361  std [0.254 0.26 ]
up  690 steps   5.65M  ret  2.640  apex 0.776  det h(24) 0.779 mean 0.7794 (best 0.7802)  sps  8474  std [0.25 0.27]
up  700 steps   5.73M  ret  2.626  apex 0.781  det h(24) 0.784 mean 0.7841 (best 0.7841)  sps  8352  std [0.255 0.267]
up  710 steps   5.82M  ret  2.680  apex 0.785  det h(24) 0.788 mean 0.7881 (best 0.7881)  sps  8449  std [0.25  0.272]
up  720 steps   5.90M  ret  2.720  apex 0.792  det h(24) 0.794 mean 0.7943 (best 0.7943)  sps  8482  std [0.25 0.27]
up  730 steps   5.98M  ret  2.728  apex 0.797  det h(24) 0.800 mean 0.7998 (best 0.7998)  sps  8442  std [0.252 0.283]
up  740 steps   6.06M  ret  2.718  apex 0.796  det h(24) 0.798 mean 0.7978 (best 0.7998)  sps  8467  std [0.25  0.282]
up  750 steps   6.14M  ret  2.738  apex 0.800  det h(24) 0.803 mean 0.8030 (best 0.8030)  sps  8405  std [0.254 0.287]
up  760 steps   6.23M  ret  2.789  apex 0.809  det h(24) 0.811 mean 0.8108 (best 0.8108)  sps  8479  std [0.25  0.277]
up  770 steps   6.31M  ret  2.803  apex 0.809  det h(24) 0.814 mean 0.8139 (best 0.8139)  sps  8411  std [0.25  0.271]
up  780 steps   6.39M  ret  2.836  apex 0.815  det h(24) 0.815 mean 0.8146 (best 0.8146)  sps  8379  std [0.25 0.27]
up  790 steps   6.47M  ret  2.859  apex 0.820  det h(24) 0.821 mean 0.8214 (best 0.8214)  sps  8385  std [0.257 0.277]
up  800 steps   6.55M  ret  2.881  apex 0.824  det h(24) 0.824 mean 0.8245 (best 0.8245)  sps  8400  std [0.253 0.272]
up  810 steps   6.64M  ret  2.900  apex 0.829  det h(24) 0.829 mean 0.8295 (best 0.8295)  sps  8456  std [0.25  0.272]
up  820 steps   6.72M  ret  2.925  apex 0.835  det h(24) 0.833 mean 0.8328 (best 0.8328)  sps  8393  std [0.25  0.282]
up  830 steps   6.80M  ret  2.905  apex 0.835  det h(24) 0.836 mean 0.8363 (best 0.8363)  sps  8289  std [0.255 0.29 ]
up  840 steps   6.88M  ret  2.945  apex 0.839  det h(24) 0.841 mean 0.8415 (best 0.8415)  sps  8395  std [0.252 0.286]
up  850 steps   6.96M  ret  2.944  apex 0.840  det h(24) 0.842 mean 0.8417 (best 0.8417)  sps  8339  std [0.262 0.296]
up  860 steps   7.05M  ret  2.947  apex 0.838  det h(24) 0.841 mean 0.8413 (best 0.8417)  sps  8372  std [0.258 0.291]
up  870 steps   7.13M  ret  2.966  apex 0.842  det h(24) 0.845 mean 0.8451 (best 0.8451)  sps  8468  std [0.254 0.288]
up  880 steps   7.21M  ret  2.987  apex 0.847  det h(24) 0.849 mean 0.8486 (best 0.8486)  sps  8392  std [0.253 0.29 ]
up  890 steps   7.29M  ret  3.002  apex 0.854  det h(24) 0.857 mean 0.8566 (best 0.8566)  sps  8443  std [0.25 0.28]
up  900 steps   7.37M  ret  3.069  apex 0.863  det h(24) 0.866 mean 0.8663 (best 0.8663)  sps  8301  std [0.25  0.262]
up  910 steps   7.45M  ret  3.055  apex 0.863  det h(24) 0.865 mean 0.8647 (best 0.8663)  sps  8469  std [0.26  0.269]
up  920 steps   7.54M  ret  3.088  apex 0.867  det h(24) 0.871 mean 0.8712 (best 0.8712)  sps  8338  std [0.252 0.273]
up  930 steps   7.62M  ret  3.112  apex 0.875  det h(24) 0.873 mean 0.8730 (best 0.8730)  sps  8456  std [0.256 0.287]
up  940 steps   7.70M  ret  3.139  apex 0.877  det h(24) 0.881 mean 0.8814 (best 0.8814)  sps  8395  std [0.252 0.275]
up  950 steps   7.78M  ret  3.167  apex 0.882  det h(24) 0.884 mean 0.8842 (best 0.8842)  sps  8379  std [0.252 0.265]
up  960 steps   7.86M  ret  3.169  apex 0.883  det h(24) 0.884 mean 0.8845 (best 0.8845)  sps  8397  std [0.255 0.257]
up  970 steps   7.95M  ret  3.191  apex 0.886  det h(24) 0.888 mean 0.8877 (best 0.8877)  sps  8470  std [0.253 0.253]
up  980 steps   8.03M  ret  3.165  apex 0.886  det h(24) 0.887 mean 0.8868 (best 0.8877)  sps  8410  std [0.255 0.26 ]
up  990 steps   8.11M  ret  3.172  apex 0.882  det h(24) 0.884 mean 0.8836 (best 0.8877)  sps  8345  std [0.25  0.264]
up 1000 steps   8.19M  ret  3.168  apex 0.885  det h(24) 0.891 mean 0.8908 (best 0.8908)  sps  8430  std [0.262 0.276]
up 1010 steps   8.27M  ret  3.227  apex 0.895  det h(24) 0.895 mean 0.8954 (best 0.8954)  sps  8370  std [0.267 0.276]
up 1020 steps   8.36M  ret  3.244  apex 0.898  det h(24) 0.896 mean 0.8959 (best 0.8959)  sps  8596  std [0.259 0.269]
up 1030 steps   8.44M  ret  3.247  apex 0.898  det h(24) 0.899 mean 0.8988 (best 0.8988)  sps  8439  std [0.251 0.263]
up 1040 steps   8.52M  ret  3.273  apex 0.902  det h(24) 0.903 mean 0.9032 (best 0.9032)  sps  8378  std [0.25 0.25]
up 1050 steps   8.60M  ret  3.253  apex 0.904  det h(24) 0.901 mean 0.9014 (best 0.9032)  sps  8444  std [0.252 0.264]
up 1060 steps   8.68M  ret  3.257  apex 0.902  det h(24) 0.903 mean 0.9029 (best 0.9032)  sps  8444  std [0.254 0.265]
up 1070 steps   8.77M  ret  3.276  apex 0.905  det h(24) 0.908 mean 0.9081 (best 0.9081)  sps  8472  std [0.25  0.264]
up 1080 steps   8.85M  ret  3.277  apex 0.907  det h(24) 0.912 mean 0.9117 (best 0.9117)  sps  8504  std [0.25  0.259]
up 1090 steps   8.93M  ret  3.285  apex 0.910  det h(24) 0.911 mean 0.9113 (best 0.9117)  sps  8574  std [0.252 0.264]
up 1100 steps   9.01M  ret  3.309  apex 0.911  det h(24) 0.913 mean 0.9133 (best 0.9133)  sps  8433  std [0.25  0.268]
up 1110 steps   9.09M  ret  3.285  apex 0.908  det h(24) 0.910 mean 0.9105 (best 0.9133)  sps  8411  std [0.25  0.267]
up 1120 steps   9.18M  ret  3.302  apex 0.910  det h(24) 0.915 mean 0.9147 (best 0.9147)  sps  8407  std [0.25  0.265]
up 1130 steps   9.26M  ret  3.313  apex 0.911  det h(24) 0.913 mean 0.9126 (best 0.9147)  sps  8432  std [0.252 0.257]
up 1140 steps   9.34M  ret  3.333  apex 0.915  det h(24) 0.919 mean 0.9189 (best 0.9189)  sps  8457  std [0.25  0.255]
up 1150 steps   9.42M  ret  3.350  apex 0.919  det h(24) 0.920 mean 0.9200 (best 0.9200)  sps  8426  std [0.25  0.256]
up 1160 steps   9.50M  ret  3.357  apex 0.921  det h(24) 0.923 mean 0.9233 (best 0.9233)  sps  8440  std [0.257 0.273]
up 1170 steps   9.58M  ret  3.367  apex 0.922  det h(24) 0.925 mean 0.9249 (best 0.9249)  sps  8434  std [0.256 0.279]
up 1180 steps   9.67M  ret  3.351  apex 0.927  det h(24) 0.930 mean 0.9302 (best 0.9302)  sps  8449  std [0.257 0.28 ]
up 1190 steps   9.75M  ret  3.391  apex 0.931  det h(24) 0.934 mean 0.9336 (best 0.9336)  sps  8384  std [0.261 0.269]
up 1200 steps   9.83M  ret  3.411  apex 0.933  det h(24) 0.933 mean 0.9333 (best 0.9336)  sps  8410  std [0.246 0.261]
up 1210 steps   9.91M  ret  3.406  apex 0.932  det h(24) 0.933 mean 0.9333 (best 0.9336)  sps  8410  std [0.251 0.265]
up 1220 steps   9.99M  ret  3.385  apex 0.934  det h(24) 0.934 mean 0.9344 (best 0.9344)  sps  8468  std [0.256 0.277]
up 1230 steps  10.08M  ret  3.422  apex 0.935  det h(24) 0.935 mean 0.9346 (best 0.9346)  sps  8413  std [0.252 0.272]
up 1240 steps  10.16M  ret  3.448  apex 0.937  det h(24) 0.936 mean 0.9356 (best 0.9356)  sps  8453  std [0.231 0.253]
up 1250 steps  10.24M  ret  3.442  apex 0.937  det h(24) 0.935 mean 0.9354 (best 0.9356)  sps  8430  std [0.221 0.244]
up 1260 steps  10.32M  ret  3.457  apex 0.942  det h(24) 0.941 mean 0.9405 (best 0.9405)  sps  8405  std [0.208 0.237]
up 1270 steps  10.40M  ret  3.466  apex 0.942  det h(24) 0.944 mean 0.9439 (best 0.9439)  sps  8472  std [0.215 0.237]
up 1280 steps  10.49M  ret  3.462  apex 0.944  det h(24) 0.943 mean 0.9429 (best 0.9439)  sps  8440  std [0.224 0.236]
up 1290 steps  10.57M  ret  3.453  apex 0.944  det h(24) 0.946 mean 0.9464 (best 0.9464)  sps  8434  std [0.222 0.225]
up 1300 steps  10.65M  ret  3.487  apex 0.945  det h(24) 0.947 mean 0.9473 (best 0.9473)  sps  8446  std [0.212 0.216]
up 1310 steps  10.73M  ret  3.494  apex 0.947  det h(24) 0.949 mean 0.9490 (best 0.9490)  sps  8404  std [0.204 0.208]
up 1320 steps  10.81M  ret  3.502  apex 0.948  det h(24) 0.951 mean 0.9506 (best 0.9506)  sps  8377  std [0.203 0.214]
up 1330 steps  10.90M  ret  3.492  apex 0.950  det h(24) 0.951 mean 0.9511 (best 0.9511)  sps  8430  std [0.211 0.22 ]
up 1340 steps  10.98M  ret  3.507  apex 0.950  det h(24) 0.950 mean 0.9505 (best 0.9511)  sps  8458  std [0.202 0.209]
up 1350 steps  11.06M  ret  3.519  apex 0.952  det h(24) 0.954 mean 0.9540 (best 0.9540)  sps  8336  std [0.203 0.198]
up 1360 steps  11.14M  ret  3.518  apex 0.953  det h(24) 0.954 mean 0.9538 (best 0.9540)  sps  8485  std [0.206 0.203]
up 1370 steps  11.22M  ret  3.523  apex 0.954  det h(24) 0.954 mean 0.9538 (best 0.9540)  sps  8418  std [0.215 0.208]
up 1380 steps  11.30M  ret  3.534  apex 0.956  det h(24) 0.955 mean 0.9553 (best 0.9553)  sps  8506  std [0.216 0.204]
up 1390 steps  11.39M  ret  3.520  apex 0.961  det h(24) 0.962 mean 0.9623 (best 0.9623)  sps  8409  std [0.219 0.204]
up 1400 steps  11.47M  ret  3.536  apex 0.959  det h(24) 0.960 mean 0.9605 (best 0.9623)  sps  8472  std [0.205 0.206]
up 1410 steps  11.55M  ret  3.530  apex 0.959  det h(24) 0.959 mean 0.9593 (best 0.9623)  sps  8515  std [0.207 0.22 ]
up 1420 steps  11.63M  ret  3.553  apex 0.959  det h(24) 0.962 mean 0.9621 (best 0.9623)  sps  8394  std [0.201 0.217]
up 1430 steps  11.71M  ret  3.575  apex 0.964  det h(24) 0.966 mean 0.9656 (best 0.9656)  sps  8396  std [0.195 0.209]
up 1440 steps  11.80M  ret  3.571  apex 0.964  det h(24) 0.965 mean 0.9647 (best 0.9656)  sps  8415  std [0.196 0.206]
up 1450 steps  11.88M  ret  3.567  apex 0.963  det h(24) 0.964 mean 0.9643 (best 0.9656)  sps  8384  std [0.195 0.21 ]
up 1460 steps  11.96M  ret  3.580  apex 0.971  det h(24) 0.969 mean 0.9694 (best 0.9694)  sps  8510  std [0.2   0.213]
up 1470 steps  12.04M  ret  3.615  apex 0.973  det h(24) 0.976 mean 0.9756 (best 0.9756)  sps  8439  std [0.194 0.209]
up 1480 steps  12.12M  ret  3.615  apex 0.973  det h(24) 0.969 mean 0.9688 (best 0.9756)  sps  8437  std [0.196 0.204]
up 1490 steps  12.21M  ret  3.532  apex 0.972  det h(24) 0.970 mean 0.9700 (best 0.9756)  sps  8378  std [0.195 0.202]
up 1500 steps  12.29M  ret  3.596  apex 0.968  det h(24) 0.968 mean 0.9676 (best 0.9756)  sps  8339  std [0.192 0.205]
up 1510 steps  12.37M  ret  3.607  apex 0.974  det h(24) 0.980 mean 0.9796 (best 0.9796)  sps  8251  std [0.188 0.202]
up 1520 steps  12.45M  ret  3.637  apex 0.980  det h(24) 0.977 mean 0.9772 (best 0.9796)  sps  8347  std [0.19  0.205]
up 1530 steps  12.53M  ret  3.621  apex 0.978  det h(24) 0.980 mean 0.9799 (best 0.9799)  sps  8344  std [0.191 0.203]
up 1540 steps  12.62M  ret  3.617  apex 0.977  det h(24) 0.979 mean 0.9790 (best 0.9799)  sps  8431  std [0.194 0.199]
up 1550 steps  12.70M  ret  3.593  apex 0.978  det h(24) 0.979 mean 0.9792 (best 0.9799)  sps  8468  std [0.183 0.196]
up 1560 steps  12.78M  ret  3.608  apex 0.982  det h(24) 0.982 mean 0.9816 (best 0.9816)  sps  8465  std [0.183 0.194]
up 1570 steps  12.86M  ret  3.654  apex 0.983  det h(24) 0.982 mean 0.9820 (best 0.9820)  sps  8250  std [0.179 0.193]
up 1580 steps  12.94M  ret  3.642  apex 0.987  det h(24) 0.992 mean 0.9920 (best 0.9920)  sps  8420  std [0.176 0.194]
up 1590 steps  13.03M  ret  3.541  apex 0.990  det h(24) 0.991 mean 0.9912 (best 0.9920)  sps  8610  std [0.176 0.205]
up 1600 steps  13.11M  ret  3.644  apex 0.991  det h(24) 0.990 mean 0.9904 (best 0.9920)  sps  8454  std [0.166 0.205]
up 1610 steps  13.19M  ret  3.629  apex 0.994  det h(24) 0.992 mean 0.9923 (best 0.9923)  sps  8402  std [0.153 0.207]
up 1620 steps  13.27M  ret  3.646  apex 0.991  det h(24) 0.991 mean 0.9912 (best 0.9923)  sps  8510  std [0.147 0.202]
up 1630 steps  13.35M  ret  3.625  apex 0.992  det h(24) 0.991 mean 0.9913 (best 0.9923)  sps  8419  std [0.143 0.206]
up 1640 steps  13.43M  ret  3.671  apex 0.992  det h(24) 0.992 mean 0.9919 (best 0.9923)  sps  8578  std [0.142 0.21 ]
up 1650 steps  13.52M  ret  3.695  apex 0.993  det h(24) 0.994 mean 0.9942 (best 0.9942)  sps  8461  std [0.143 0.202]
up 1660 steps  13.60M  ret  3.691  apex 0.993  det h(24) 0.995 mean 0.9947 (best 0.9947)  sps  8438  std [0.145 0.202]
up 1670 steps  13.68M  ret  3.706  apex 0.998  det h(24) 0.997 mean 0.9973 (best 0.9973)  sps  8444  std [0.144 0.196]
up 1680 steps  13.76M  ret  3.704  apex 0.996  det h(24) 0.996 mean 0.9956 (best 0.9973)  sps  8458  std [0.144 0.187]
up 1690 steps  13.84M  ret  3.713  apex 1.000  det h(24) 0.999 mean 0.9991 (best 0.9991)  sps  8441  std [0.141 0.193]
up 1700 steps  13.93M  ret  3.713  apex 0.998  det h(24) 0.996 mean 0.9962 (best 0.9991)  sps  8589  std [0.139 0.197]
up 1710 steps  14.01M  ret  3.690  apex 0.997  det h(24) 0.997 mean 0.9967 (best 0.9991)  sps  8552  std [0.141 0.199]
up 1720 steps  14.09M  ret  3.706  apex 0.993  det h(24) 0.991 mean 0.9909 (best 0.9991)  sps  8531  std [0.138 0.202]
up 1730 steps  14.17M  ret  3.710  apex 0.993  det h(24) 0.992 mean 0.9921 (best 0.9991)  sps  8519  std [0.137 0.198]
up 1740 steps  14.25M  ret  3.688  apex 0.994  det h(24) 0.995 mean 0.9948 (best 0.9991)  sps  8420  std [0.133 0.19 ]
up 1750 steps  14.34M  ret  3.709  apex 0.994  det h(24) 0.993 mean 0.9931 (best 0.9991)  sps  8361  std [0.124 0.181]
up 1760 steps  14.42M  ret  3.715  apex 0.992  det h(24) 0.993 mean 0.9931 (best 0.9991)  sps  8512  std [0.122 0.177]
up 1770 steps  14.50M  ret  3.715  apex 0.995  det h(24) 0.995 mean 0.9945 (best 0.9991)  sps  8533  std [0.125 0.183]
up 1780 steps  14.58M  ret  3.703  apex 0.992  det h(24) 0.992 mean 0.9923 (best 0.9991)  sps  8399  std [0.13  0.177]
up 1790 steps  14.66M  ret  3.684  apex 0.994  det h(24) 0.994 mean 0.9935 (best 0.9991)  sps  8469  std [0.132 0.176]
up 1800 steps  14.75M  ret  3.692  apex 0.993  det h(24) 0.992 mean 0.9918 (best 0.9991)  sps  8375  std [0.13  0.173]
up 1810 steps  14.83M  ret  3.706  apex 0.993  det h(24) 0.991 mean 0.9913 (best 0.9991)  sps  8473  std [0.129 0.17 ]
up 1820 steps  14.91M  ret  3.693  apex 0.992  det h(24) 0.992 mean 0.9921 (best 0.9991)  sps  8464  std [0.126 0.171]
up 1830 steps  14.99M  ret  3.673  apex 0.989  det h(24) 0.988 mean 0.9878 (best 0.9991)  sps  8489  std [0.128 0.172]
up 1840 steps  15.07M  ret  3.675  apex 0.988  det h(24) 0.987 mean 0.9874 (best 0.9991)  sps  8440  std [0.133 0.175]
up 1850 steps  15.16M  ret  3.663  apex 0.984  det h(24) 0.985 mean 0.9850 (best 0.9991)  sps  8410  std [0.136 0.173]
up 1860 steps  15.24M  ret  3.684  apex 0.987  det h(24) 0.987 mean 0.9868 (best 0.9991)  sps  8572  std [0.133 0.171]
up 1870 steps  15.32M  ret  3.669  apex 0.986  det h(24) 0.987 mean 0.9871 (best 0.9991)  sps  8441  std [0.135 0.174]
up 1880 steps  15.40M  ret  3.675  apex 0.988  det h(24) 0.987 mean 0.9872 (best 0.9991)  sps  8394  std [0.14  0.177]
up 1890 steps  15.48M  ret  3.690  apex 0.987  det h(24) 0.990 mean 0.9901 (best 0.9991)  sps  8434  std [0.137 0.174]
up 1900 steps  15.56M  ret  3.711  apex 0.991  det h(24) 0.990 mean 0.9903 (best 0.9991)  sps  8321  std [0.138 0.166]
up 1910 steps  15.65M  ret  3.687  apex 0.993  det h(24) 0.993 mean 0.9929 (best 0.9991)  sps  8424  std [0.138 0.162]
up 1920 steps  15.73M  ret  3.704  apex 0.992  det h(24) 0.990 mean 0.9898 (best 0.9991)  sps  8472  std [0.141 0.162]
up 1930 steps  15.81M  ret  3.708  apex 0.990  det h(24) 0.991 mean 0.9906 (best 0.9991)  sps  8436  std [0.136 0.157]
up 1940 steps  15.89M  ret  3.706  apex 0.993  det h(24) 0.994 mean 0.9943 (best 0.9991)  sps  8398  std [0.135 0.167]
up 1950 steps  15.97M  ret  3.727  apex 0.995  det h(24) 0.997 mean 0.9966 (best 0.9991)  sps  8483  std [0.132 0.164]
up 1960 steps  16.06M  ret  3.729  apex 0.995  det h(24) 0.996 mean 0.9956 (best 0.9991)  sps  8504  std [0.129 0.164]
up 1970 steps  16.14M  ret  3.718  apex 0.996  det h(24) 0.996 mean 0.9957 (best 0.9991)  sps  8466  std [0.128 0.164]
up 1980 steps  16.22M  ret  3.701  apex 0.993  det h(24) 0.994 mean 0.9941 (best 0.9991)  sps  8480  std [0.129 0.166]
up 1990 steps  16.30M  ret  3.719  apex 0.993  det h(24) 0.993 mean 0.9926 (best 0.9991)  sps  8460  std [0.132 0.165]
up 2000 steps  16.38M  ret  3.714  apex 0.992  det h(24) 0.990 mean 0.9904 (best 0.9991)  sps  8523  std [0.129 0.163]
up 2010 steps  16.47M  ret  3.698  apex 0.992  det h(24) 0.988 mean 0.9883 (best 0.9991)  sps  8488  std [0.126 0.16 ]
up 2020 steps  16.55M  ret  3.710  apex 0.991  det h(24) 0.993 mean 0.9926 (best 0.9991)  sps  8580  std [0.127 0.163]
up 2030 steps  16.63M  ret  3.712  apex 0.992  det h(24) 0.991 mean 0.9908 (best 0.9991)  sps  8503  std [0.13  0.158]
up 2040 steps  16.71M  ret  3.716  apex 0.992  det h(24) 0.993 mean 0.9935 (best 0.9991)  sps  8575  std [0.134 0.164]
up 2050 steps  16.79M  ret  3.725  apex 0.995  det h(24) 0.996 mean 0.9963 (best 0.9991)  sps  8347  std [0.138 0.166]
up 2060 steps  16.88M  ret  3.745  apex 0.998  det h(24) 0.995 mean 0.9947 (best 0.9991)  sps  8568  std [0.137 0.169]
up 2070 steps  16.96M  ret  3.725  apex 0.995  det h(24) 0.994 mean 0.9937 (best 0.9991)  sps  8472  std [0.137 0.169]
up 2080 steps  17.04M  ret  3.674  apex 0.996  det h(24) 0.997 mean 0.9967 (best 0.9991)  sps  8475  std [0.136 0.17 ]
up 2090 steps  17.12M  ret  3.714  apex 0.995  det h(24) 0.995 mean 0.9945 (best 0.9991)  sps  8436  std [0.135 0.163]
up 2100 steps  17.20M  ret  3.726  apex 0.995  det h(24) 0.995 mean 0.9952 (best 0.9991)  sps  8457  std [0.135 0.159]
up 2110 steps  17.29M  ret  3.714  apex 0.994  det h(24) 0.995 mean 0.9949 (best 0.9991)  sps  8509  std [0.135 0.161]
up 2120 steps  17.37M  ret  3.705  apex 0.993  det h(24) 0.994 mean 0.9941 (best 0.9991)  sps  8450  std [0.135 0.165]
up 2130 steps  17.45M  ret  3.718  apex 0.995  det h(24) 0.996 mean 0.9962 (best 0.9991)  sps  8451  std [0.136 0.168]
up 2140 steps  17.53M  ret  3.708  apex 0.997  det h(24) 0.997 mean 0.9973 (best 0.9991)  sps  8506  std [0.139 0.169]
up 2150 steps  17.61M  ret  3.706  apex 1.000  det h(24) 1.000 mean 0.9997 (best 0.9997)  sps  8479  std [0.145 0.169]
up 2160 steps  17.69M  ret  3.722  apex 1.000  det h(24) 1.001 mean 1.0013 (best 1.0013)  sps  8665  std [0.138 0.174]
up 2170 steps  17.78M  ret  3.739  apex 1.002  det h(24) 1.002 mean 1.0019 (best 1.0019)  sps  8461  std [0.133 0.172]
up 2180 steps  17.86M  ret  3.725  apex 1.003  det h(24) 1.002 mean 1.0015 (best 1.0019)  sps  8635  std [0.138 0.178]
up 2190 steps  17.94M  ret  3.725  apex 1.002  det h(24) 1.001 mean 1.0013 (best 1.0019)  sps  8539  std [0.134 0.173]
up 2200 steps  18.02M  ret  3.749  apex 1.001  det h(24) 1.000 mean 1.0004 (best 1.0019)  sps  8532  std [0.132 0.173]
up 2210 steps  18.10M  ret  3.753  apex 1.003  det h(24) 1.002 mean 1.0022 (best 1.0022)  sps  8478  std [0.129 0.175]
up 2220 steps  18.19M  ret  3.701  apex 1.004  det h(24) 1.003 mean 1.0034 (best 1.0034)  sps  8544  std [0.126 0.174]
up 2230 steps  18.27M  ret  3.722  apex 1.002  det h(24) 1.001 mean 1.0005 (best 1.0034)  sps  8421  std [0.121 0.172]
up 2240 steps  18.35M  ret  3.678  apex 0.995  det h(24) 0.995 mean 0.9948 (best 1.0034)  sps  8511  std [0.125 0.182]
up 2250 steps  18.43M  ret  3.712  apex 0.995  det h(24) 0.995 mean 0.9954 (best 1.0034)  sps  8385  std [0.125 0.184]
up 2260 steps  18.51M  ret  3.739  apex 0.997  det h(24) 0.999 mean 0.9990 (best 1.0034)  sps  8500  std [0.125 0.177]
up 2270 steps  18.60M  ret  3.730  apex 0.999  det h(24) 1.000 mean 1.0004 (best 1.0034)  sps  8495  std [0.126 0.182]
up 2280 steps  18.68M  ret  3.742  apex 0.999  det h(24) 0.997 mean 0.9975 (best 1.0034)  sps  8406  std [0.125 0.18 ]
up 2290 steps  18.76M  ret  3.728  apex 0.998  det h(24) 0.999 mean 0.9990 (best 1.0034)  sps  8540  std [0.125 0.175]
early stop: plateau (best 0.9991 이후 60회 미개선)
done — steps 18759680 wall 37.5min best_h 1.0034 (plateau (best 0.9991 이후 60회 미개선))
curve saved: t0wc_ppo_curve_lifix24_long.png
===== t0_rollout_long.py fix:24 =====
warm-start from previous mshoot best
warm-start from previous fourbar best
setup done [2s] — clip=25.581 law=(-0.3823, 0.6301, 7.2968) c_cvt=0.7926 k_rise=0.2656 tm=1.31ms n429=10
  golden A — 0429/60_0.75_60_2    : dq2 RMSE=1.8560
  golden A — 0429/60_1.5_60_1.5   : dq2 RMSE=2.1339
  golden A — 0429/90_0.75_90_2    : dq2 RMSE=2.3594
  golden A — 0429/90_1.5_90_2.5   : dq2 RMSE=2.3440
  golden A — 0429/120_2_120_2     : dq2 RMSE=2.4115
  golden A — 0429/120_2.2_150_2.5 : dq2 RMSE=2.4855
  golden A — 0429/120_2.2_200_2.8 : dq2 RMSE=2.3865
  golden A — 0429/150_2.2_250_3   : dq2 RMSE=3.3899
  golden A — 0429/150_2.2_350_3.5 : dq2 RMSE=3.7922
  golden A — 0429/150_2.2_500_4   : dq2 RMSE=2.8979
  golden A — session mean 2.6057 (canonical 2.6057) PASS
  golden B — 0429/60_0.75_60_2 env vs cl_run23(is_cvt, l_i=25.08, clip=25.581) max|Δ|=0.000e+00 PASS
GOLDEN PASS (A: 0429 재생 세션평균 / B: env CVT 스텝 비트일치, clip=25.581)
[final] l_i= 24.00mm  h=0.9991  audit=PASS  stance=0.118s  외삽
[best] l_i= 24.00mm  h=1.0034  audit=PASS  stance=0.118s  외삽

l_i* = 24.00 mm (best ckpt)  h=1.0034 m  pass_all=True  extrapolated=True
saved: t0wc_ppo_lifix24_long.npz / t0wc_ppo_audit_lifix24_long.json [1s]
===== t0_train_long.py fix:25.08 =====
warm-start from previous mshoot best
warm-start from previous fourbar best
setup done [2s] — clip=25.581 law=(-0.3823, 0.6301, 7.2968) c_cvt=0.7926 k_rise=0.2656 tm=1.31ms n429=10
  golden A — 0429/60_0.75_60_2    : dq2 RMSE=1.8560
  golden A — 0429/60_1.5_60_1.5   : dq2 RMSE=2.1339
  golden A — 0429/90_0.75_90_2    : dq2 RMSE=2.3594
  golden A — 0429/90_1.5_90_2.5   : dq2 RMSE=2.3440
  golden A — 0429/120_2_120_2     : dq2 RMSE=2.4115
  golden A — 0429/120_2.2_150_2.5 : dq2 RMSE=2.4855
  golden A — 0429/120_2.2_200_2.8 : dq2 RMSE=2.3865
  golden A — 0429/150_2.2_250_3   : dq2 RMSE=3.3899
  golden A — 0429/150_2.2_350_3.5 : dq2 RMSE=3.7922
  golden A — 0429/150_2.2_500_4   : dq2 RMSE=2.8979
  golden A — session mean 2.6057 (canonical 2.6057) PASS
  golden B — 0429/60_0.75_60_2 env vs cl_run23(is_cvt, l_i=25.08, clip=25.581) max|Δ|=0.000e+00 PASS
GOLDEN PASS (A: 0429 재생 세션평균 / B: env CVT 스텝 비트일치, clip=25.581)
[dev] NVIDIA GeForce RTX 5080 (hid 128): 400 mb-updates cpu 0.252s / gpu 0.265s → 2x128 넷이 작아 CPU가 빠름 (물리 스텝이 병목) — CPU 사용
[bc] teacher t0wc_cl_li2508.npz (li=25.08): 300 pairs, replay apex=1.084 (teacher h=1.104)
[bc] fit: MSE 0.3702 → 0.000652 (4000 iters)
[bc] det-eval h: {'25.08': 1.0976}
warm-start from previous mshoot best
warm-start from previous fourbar best
warm-start from previous mshoot best
warm-start from previous fourbar best
warm-start from previous mshoot best
warm-start from previous fourbar best
warm-start from previous mshoot best
warm-start from previous fourbar best
warm-start from previous mshoot best
warm-start from previous fourbar best
warm-start from previous mshoot best
warm-start from previous fourbar best
warm-start from previous mshoot best
warm-start from previous fourbar best
warm-start from previous mshoot best
warm-start from previous fourbar best
setup done [3s] — clip=25.581 law=(-0.3823, 0.6301, 7.2968) c_cvt=0.7926 k_rise=0.2656 tm=1.31ms n429=10
setup done [3s] — clip=25.581 law=(-0.3823, 0.6301, 7.2968) c_cvt=0.7926 k_rise=0.2656 tm=1.31ms n429=10
setup done [3s] — clip=25.581 law=(-0.3823, 0.6301, 7.2968) c_cvt=0.7926 k_rise=0.2656 tm=1.31ms n429=10
setup done [3s] — clip=25.581 law=(-0.3823, 0.6301, 7.2968) c_cvt=0.7926 k_rise=0.2656 tm=1.31ms n429=10
setup done [3s] — clip=25.581 law=(-0.3823, 0.6301, 7.2968) c_cvt=0.7926 k_rise=0.2656 tm=1.31ms n429=10
setup done [3s] — clip=25.581 law=(-0.3823, 0.6301, 7.2968) c_cvt=0.7926 k_rise=0.2656 tm=1.31ms n429=10
setup done [3s] — clip=25.581 law=(-0.3823, 0.6301, 7.2968) c_cvt=0.7926 k_rise=0.2656 tm=1.31ms n429=10
setup done [3s] — clip=25.581 law=(-0.3823, 0.6301, 7.2968) c_cvt=0.7926 k_rise=0.2656 tm=1.31ms n429=10
[mp] 8 workers × 2 envs = 16 — ready [13s]
PPO start — 2929 updates × batch 8192 (dev cpu, clip=25.581)
up   10 steps   0.08M  ret -0.764  apex 0.670  det h(25.08) 1.098 mean 1.0976 (best 1.0976)  sps 11662  std [0.4 0.4]  [VF-warm]
up   20 steps   0.16M  ret -0.851  apex 0.689  det h(25.08) 1.098 mean 1.0976 (best 1.0976)  sps 11693  std [0.4 0.4]  [VF-warm]
up   30 steps   0.25M  ret -0.129  apex 0.664  det h(25.08) 0.566 mean 0.5658 (best 1.0976)  sps  8268  std [0.398 0.39 ]
up   40 steps   0.33M  ret  1.240  apex 0.655  det h(25.08) 0.643 mean 0.6428 (best 1.0976)  sps  8523  std [0.364 0.36 ]
up   50 steps   0.41M  ret  2.062  apex 0.663  det h(25.08) 0.731 mean 0.7309 (best 1.0976)  sps  8398  std [0.353 0.314]
up   60 steps   0.49M  ret  2.764  apex 0.787  det h(25.08) 0.835 mean 0.8351 (best 1.0976)  sps  8480  std [0.321 0.289]
up   70 steps   0.57M  ret  3.116  apex 0.855  det h(25.08) 0.895 mean 0.8948 (best 1.0976)  sps  8365  std [0.298 0.25 ]
up   80 steps   0.66M  ret  3.372  apex 0.908  det h(25.08) 0.928 mean 0.9278 (best 1.0976)  sps  8436  std [0.258 0.25 ]
up   90 steps   0.74M  ret  3.417  apex 0.919  det h(25.08) 0.938 mean 0.9381 (best 1.0976)  sps  8443  std [0.265 0.25 ]
up  100 steps   0.82M  ret  3.541  apex 0.946  det h(25.08) 0.956 mean 0.9563 (best 1.0976)  sps  8401  std [0.25  0.251]
up  110 steps   0.90M  ret  3.605  apex 0.953  det h(25.08) 0.961 mean 0.9609 (best 1.0976)  sps  8483  std [0.25 0.25]
up  120 steps   0.98M  ret  3.612  apex 0.959  det h(25.08) 0.962 mean 0.9621 (best 1.0976)  sps  8390  std [0.25  0.253]
up  130 steps   1.06M  ret  3.624  apex 0.959  det h(25.08) 0.967 mean 0.9666 (best 1.0976)  sps  8584  std [0.251 0.25 ]
up  140 steps   1.15M  ret  3.647  apex 0.966  det h(25.08) 0.969 mean 0.9692 (best 1.0976)  sps  8431  std [0.256 0.256]
up  150 steps   1.23M  ret  3.672  apex 0.969  det h(25.08) 0.972 mean 0.9723 (best 1.0976)  sps  8445  std [0.25  0.259]
up  160 steps   1.31M  ret  3.709  apex 0.975  det h(25.08) 0.979 mean 0.9787 (best 1.0976)  sps  8472  std [0.253 0.25 ]
up  170 steps   1.39M  ret  3.705  apex 0.973  det h(25.08) 0.974 mean 0.9742 (best 1.0976)  sps  8438  std [0.253 0.253]
up  180 steps   1.47M  ret  3.620  apex 0.979  det h(25.08) 0.982 mean 0.9824 (best 1.0976)  sps  8340  std [0.259 0.25 ]
up  190 steps   1.56M  ret  3.727  apex 0.979  det h(25.08) 0.983 mean 0.9829 (best 1.0976)  sps  8385  std [0.25  0.251]
up  200 steps   1.64M  ret  3.638  apex 0.974  det h(25.08) 0.983 mean 0.9827 (best 1.0976)  sps  8466  std [0.25  0.267]
up  210 steps   1.72M  ret  3.735  apex 0.982  det h(25.08) 0.993 mean 0.9928 (best 1.0976)  sps  8474  std [0.25  0.258]
up  220 steps   1.80M  ret  3.776  apex 0.988  det h(25.08) 0.994 mean 0.9937 (best 1.0976)  sps  8524  std [0.25  0.255]
up  230 steps   1.88M  ret  3.785  apex 0.992  det h(25.08) 0.993 mean 0.9929 (best 1.0976)  sps  8484  std [0.252 0.251]
up  240 steps   1.97M  ret  3.799  apex 0.992  det h(25.08) 0.996 mean 0.9964 (best 1.0976)  sps  8432  std [0.253 0.253]
up  250 steps   2.05M  ret  3.798  apex 0.994  det h(25.08) 0.995 mean 0.9955 (best 1.0976)  sps  8464  std [0.255 0.253]
up  260 steps   2.13M  ret  3.822  apex 0.999  det h(25.08) 1.002 mean 1.0024 (best 1.0976)  sps  8378  std [0.25  0.252]
up  270 steps   2.21M  ret  3.829  apex 1.006  det h(25.08) 1.007 mean 1.0075 (best 1.0976)  sps  8543  std [0.25 0.25]
up  280 steps   2.29M  ret  3.832  apex 1.009  det h(25.08) 1.007 mean 1.0074 (best 1.0976)  sps  8401  std [0.253 0.257]
up  290 steps   2.38M  ret  3.843  apex 1.010  det h(25.08) 1.009 mean 1.0092 (best 1.0976)  sps  8449  std [0.25 0.26]
up  300 steps   2.46M  ret  3.849  apex 1.012  det h(25.08) 1.012 mean 1.0124 (best 1.0976)  sps  8436  std [0.25  0.252]
up  310 steps   2.54M  ret  3.897  apex 1.015  det h(25.08) 1.018 mean 1.0176 (best 1.0976)  sps  8495  std [0.251 0.256]
up  320 steps   2.62M  ret  3.878  apex 1.009  det h(25.08) 1.009 mean 1.0093 (best 1.0976)  sps  8464  std [0.25  0.258]
up  330 steps   2.70M  ret  3.855  apex 1.007  det h(25.08) 1.004 mean 1.0040 (best 1.0976)  sps  8450  std [0.25  0.252]
up  340 steps   2.79M  ret  3.822  apex 1.000  det h(25.08) 1.003 mean 1.0029 (best 1.0976)  sps  8504  std [0.25  0.259]
up  350 steps   2.87M  ret  3.877  apex 1.006  det h(25.08) 1.006 mean 1.0061 (best 1.0976)  sps  8519  std [0.252 0.253]
up  360 steps   2.95M  ret  3.843  apex 1.008  det h(25.08) 1.009 mean 1.0090 (best 1.0976)  sps  8347  std [0.25  0.255]
up  370 steps   3.03M  ret  3.835  apex 1.007  det h(25.08) 1.009 mean 1.0093 (best 1.0976)  sps  8374  std [0.25  0.262]
up  380 steps   3.11M  ret  3.891  apex 1.015  det h(25.08) 1.018 mean 1.0176 (best 1.0976)  sps  8439  std [0.25  0.256]
up  390 steps   3.19M  ret  3.857  apex 1.014  det h(25.08) 1.016 mean 1.0158 (best 1.0976)  sps  8451  std [0.25  0.256]
up  400 steps   3.28M  ret  3.776  apex 1.018  det h(25.08) 1.018 mean 1.0182 (best 1.0976)  sps  8532  std [0.253 0.275]
up  410 steps   3.36M  ret  3.809  apex 1.018  det h(25.08) 1.018 mean 1.0180 (best 1.0976)  sps  8423  std [0.253 0.284]
up  420 steps   3.44M  ret  3.881  apex 1.015  det h(25.08) 1.015 mean 1.0151 (best 1.0976)  sps  8446  std [0.25  0.289]
up  430 steps   3.52M  ret  3.800  apex 1.019  det h(25.08) 1.019 mean 1.0187 (best 1.0976)  sps  8518  std [0.25  0.285]
up  440 steps   3.60M  ret  3.874  apex 1.014  det h(25.08) 1.015 mean 1.0145 (best 1.0976)  sps  8485  std [0.25  0.269]
up  450 steps   3.69M  ret  3.861  apex 1.014  det h(25.08) 1.014 mean 1.0137 (best 1.0976)  sps  8396  std [0.25  0.283]
up  460 steps   3.77M  ret  3.887  apex 1.012  det h(25.08) 1.012 mean 1.0122 (best 1.0976)  sps  8492  std [0.252 0.267]
up  470 steps   3.85M  ret  3.887  apex 1.012  det h(25.08) 1.015 mean 1.0150 (best 1.0976)  sps  8404  std [0.25  0.264]
up  480 steps   3.93M  ret  3.874  apex 1.015  det h(25.08) 1.015 mean 1.0146 (best 1.0976)  sps  8511  std [0.25  0.265]
up  490 steps   4.01M  ret  3.882  apex 1.013  det h(25.08) 1.013 mean 1.0128 (best 1.0976)  sps  8716  std [0.25  0.266]
up  500 steps   4.10M  ret  3.884  apex 1.016  det h(25.08) 1.015 mean 1.0146 (best 1.0976)  sps  8708  std [0.256 0.268]
up  510 steps   4.18M  ret  3.757  apex 1.009  det h(25.08) 1.013 mean 1.0134 (best 1.0976)  sps  8613  std [0.255 0.253]
up  520 steps   4.26M  ret  3.889  apex 1.014  det h(25.08) 1.012 mean 1.0122 (best 1.0976)  sps  8598  std [0.255 0.252]
up  530 steps   4.34M  ret  3.866  apex 1.012  det h(25.08) 1.012 mean 1.0118 (best 1.0976)  sps  8638  std [0.25 0.25]
up  540 steps   4.42M  ret  3.900  apex 1.015  det h(25.08) 1.016 mean 1.0164 (best 1.0976)  sps  8697  std [0.25 0.25]
up  550 steps   4.51M  ret  3.890  apex 1.016  det h(25.08) 1.017 mean 1.0168 (best 1.0976)  sps  8562  std [0.252 0.253]
up  560 steps   4.59M  ret  3.863  apex 1.019  det h(25.08) 1.017 mean 1.0167 (best 1.0976)  sps  8583  std [0.25 0.25]
up  570 steps   4.67M  ret  3.899  apex 1.018  det h(25.08) 1.020 mean 1.0196 (best 1.0976)  sps  8594  std [0.25  0.255]
up  580 steps   4.75M  ret  3.895  apex 1.021  det h(25.08) 1.021 mean 1.0215 (best 1.0976)  sps  8511  std [0.257 0.25 ]
up  590 steps   4.83M  ret  3.924  apex 1.023  det h(25.08) 1.024 mean 1.0236 (best 1.0976)  sps  8602  std [0.25 0.25]
up  600 steps   4.92M  ret  3.933  apex 1.023  det h(25.08) 1.022 mean 1.0218 (best 1.0976)  sps  8666  std [0.25 0.25]
up  610 steps   5.00M  ret  3.904  apex 1.024  det h(25.08) 1.024 mean 1.0236 (best 1.0976)  sps  8631  std [0.259 0.256]
up  620 steps   5.08M  ret  3.904  apex 1.021  det h(25.08) 1.021 mean 1.0210 (best 1.0976)  sps  8779  std [0.25  0.251]
up  630 steps   5.16M  ret  3.923  apex 1.021  det h(25.08) 1.022 mean 1.0222 (best 1.0976)  sps  8566  std [0.253 0.25 ]
up  640 steps   5.24M  ret  3.923  apex 1.022  det h(25.08) 1.020 mean 1.0205 (best 1.0976)  sps  8479  std [0.25 0.25]
up  650 steps   5.32M  ret  3.915  apex 1.017  det h(25.08) 1.017 mean 1.0174 (best 1.0976)  sps  8654  std [0.25 0.25]
up  660 steps   5.41M  ret  3.912  apex 1.019  det h(25.08) 1.019 mean 1.0189 (best 1.0976)  sps  8676  std [0.25 0.25]
up  670 steps   5.49M  ret  3.876  apex 1.016  det h(25.08) 1.016 mean 1.0157 (best 1.0976)  sps  8606  std [0.25 0.25]
up  680 steps   5.57M  ret  3.889  apex 1.012  det h(25.08) 1.014 mean 1.0139 (best 1.0976)  sps  8452  std [0.25 0.25]
up  690 steps   5.65M  ret  3.883  apex 1.011  det h(25.08) 1.009 mean 1.0094 (best 1.0976)  sps  8653  std [0.252 0.254]
up  700 steps   5.73M  ret  3.899  apex 1.016  det h(25.08) 1.013 mean 1.0129 (best 1.0976)  sps  8639  std [0.253 0.251]
up  710 steps   5.82M  ret  3.878  apex 1.012  det h(25.08) 1.014 mean 1.0138 (best 1.0976)  sps  8568  std [0.254 0.253]
up  720 steps   5.90M  ret  3.912  apex 1.018  det h(25.08) 1.020 mean 1.0196 (best 1.0976)  sps  8515  std [0.25  0.251]
up  730 steps   5.98M  ret  3.944  apex 1.022  det h(25.08) 1.021 mean 1.0213 (best 1.0976)  sps  8566  std [0.25 0.25]
up  740 steps   6.06M  ret  3.927  apex 1.022  det h(25.08) 1.023 mean 1.0225 (best 1.0976)  sps  8567  std [0.252 0.25 ]
early stop: plateau (best 1.0976 이후 60회 미개선)
done — steps 6062080 wall 12.1min best_h 1.0976 (plateau (best 1.0976 이후 60회 미개선))
curve saved: t0wc_ppo_curve_lifix25p08_long.png
===== t0_rollout_long.py fix:25.08 =====
warm-start from previous mshoot best
warm-start from previous fourbar best
setup done [2s] — clip=25.581 law=(-0.3823, 0.6301, 7.2968) c_cvt=0.7926 k_rise=0.2656 tm=1.31ms n429=10
  golden A — 0429/60_0.75_60_2    : dq2 RMSE=1.8560
  golden A — 0429/60_1.5_60_1.5   : dq2 RMSE=2.1339
  golden A — 0429/90_0.75_90_2    : dq2 RMSE=2.3594
  golden A — 0429/90_1.5_90_2.5   : dq2 RMSE=2.3440
  golden A — 0429/120_2_120_2     : dq2 RMSE=2.4115
  golden A — 0429/120_2.2_150_2.5 : dq2 RMSE=2.4855
  golden A — 0429/120_2.2_200_2.8 : dq2 RMSE=2.3865
  golden A — 0429/150_2.2_250_3   : dq2 RMSE=3.3899
  golden A — 0429/150_2.2_350_3.5 : dq2 RMSE=3.7922
  golden A — 0429/150_2.2_500_4   : dq2 RMSE=2.8979
  golden A — session mean 2.6057 (canonical 2.6057) PASS
  golden B — 0429/60_0.75_60_2 env vs cl_run23(is_cvt, l_i=25.08, clip=25.581) max|Δ|=0.000e+00 PASS
GOLDEN PASS (A: 0429 재생 세션평균 / B: env CVT 스텝 비트일치, clip=25.581)
[final] l_i= 25.08mm  h=1.0225  audit=PASS  stance=0.119s  내삽
[best] l_i= 25.08mm  h=1.0976  audit=FAIL  stance=0.103s  내삽

l_i* = 25.08 mm (final ckpt)  h=1.0225 m  pass_all=True  extrapolated=False
saved: t0wc_ppo_lifix25p08_long.npz / t0wc_ppo_audit_lifix25p08_long.json [1s]
===== t0_train_long.py fix:26.25 =====
warm-start from previous mshoot best
warm-start from previous fourbar best
setup done [2s] — clip=25.581 law=(-0.3823, 0.6301, 7.2968) c_cvt=0.7926 k_rise=0.2656 tm=1.31ms n429=10
  golden A — 0429/60_0.75_60_2    : dq2 RMSE=1.8560
  golden A — 0429/60_1.5_60_1.5   : dq2 RMSE=2.1339
  golden A — 0429/90_0.75_90_2    : dq2 RMSE=2.3594
  golden A — 0429/90_1.5_90_2.5   : dq2 RMSE=2.3440
  golden A — 0429/120_2_120_2     : dq2 RMSE=2.4115
  golden A — 0429/120_2.2_150_2.5 : dq2 RMSE=2.4855
  golden A — 0429/120_2.2_200_2.8 : dq2 RMSE=2.3865
  golden A — 0429/150_2.2_250_3   : dq2 RMSE=3.3899
  golden A — 0429/150_2.2_350_3.5 : dq2 RMSE=3.7922
  golden A — 0429/150_2.2_500_4   : dq2 RMSE=2.8979
  golden A — session mean 2.6057 (canonical 2.6057) PASS
  golden B — 0429/60_0.75_60_2 env vs cl_run23(is_cvt, l_i=25.08, clip=25.581) max|Δ|=0.000e+00 PASS
GOLDEN PASS (A: 0429 재생 세션평균 / B: env CVT 스텝 비트일치, clip=25.581)
[dev] NVIDIA GeForce RTX 5080 (hid 128): 400 mb-updates cpu 0.242s / gpu 0.268s → 2x128 넷이 작아 CPU가 빠름 (물리 스텝이 병목) — CPU 사용
[bc] teacher t0wc_cl_li26.npz (li=26.25): 300 pairs, replay apex=1.090 (teacher h=1.113)
[bc] fit: MSE 0.3698 → 0.000597 (4000 iters)
[bc] det-eval h: {'26.25': 1.0923}
warm-start from previous mshoot best
warm-start from previous fourbar best
warm-start from previous mshoot best
warm-start from previous fourbar best
warm-start from previous mshoot best
warm-start from previous fourbar best
warm-start from previous mshoot best
warm-start from previous fourbar best
warm-start from previous mshoot best
warm-start from previous fourbar best
warm-start from previous mshoot best
warm-start from previous fourbar best
warm-start from previous mshoot best
warm-start from previous fourbar best
warm-start from previous mshoot best
warm-start from previous fourbar best
setup done [3s] — clip=25.581 law=(-0.3823, 0.6301, 7.2968) c_cvt=0.7926 k_rise=0.2656 tm=1.31ms n429=10
setup done [3s] — clip=25.581 law=(-0.3823, 0.6301, 7.2968) c_cvt=0.7926 k_rise=0.2656 tm=1.31ms n429=10
setup done [3s] — clip=25.581 law=(-0.3823, 0.6301, 7.2968) c_cvt=0.7926 k_rise=0.2656 tm=1.31ms n429=10
setup done [3s] — clip=25.581 law=(-0.3823, 0.6301, 7.2968) c_cvt=0.7926 k_rise=0.2656 tm=1.31ms n429=10
setup done [3s] — clip=25.581 law=(-0.3823, 0.6301, 7.2968) c_cvt=0.7926 k_rise=0.2656 tm=1.31ms n429=10
setup done [3s] — clip=25.581 law=(-0.3823, 0.6301, 7.2968) c_cvt=0.7926 k_rise=0.2656 tm=1.31ms n429=10
setup done [3s] — clip=25.581 law=(-0.3823, 0.6301, 7.2968) c_cvt=0.7926 k_rise=0.2656 tm=1.31ms n429=10
setup done [3s] — clip=25.581 law=(-0.3823, 0.6301, 7.2968) c_cvt=0.7926 k_rise=0.2656 tm=1.31ms n429=10
[mp] 8 workers × 2 envs = 16 — ready [13s]
PPO start — 2929 updates × batch 8192 (dev cpu, clip=25.581)
up   10 steps   0.08M  ret -1.843  apex 0.878  det h(26.25) 1.092 mean 1.0923 (best 1.0923)  sps 11882  std [0.4 0.4]  [VF-warm]
up   20 steps   0.16M  ret -1.895  apex 0.889  det h(26.25) 1.092 mean 1.0923 (best 1.0923)  sps 11909  std [0.4 0.4]  [VF-warm]
up   30 steps   0.25M  ret -0.501  apex 0.883  det h(26.25) 1.053 mean 1.0531 (best 1.0923)  sps  8357  std [0.386 0.391]
up   40 steps   0.33M  ret  0.927  apex 0.705  det h(26.25) 1.035 mean 1.0348 (best 1.0923)  sps  8521  std [0.397 0.381]
up   50 steps   0.41M  ret  1.028  apex 0.539  det h(26.25) 0.234 mean 0.2341 (best 1.0923)  sps  8438  std [0.409 0.394]
up   60 steps   0.49M  ret  0.903  apex 0.451  det h(26.25) 0.913 mean 0.9126 (best 1.0923)  sps  8413  std [0.406 0.381]
up   70 steps   0.57M  ret  1.282  apex 0.541  det h(26.25) 0.790 mean 0.7897 (best 1.0923)  sps  8403  std [0.403 0.374]
up   80 steps   0.66M  ret  1.679  apex 0.639  det h(26.25) 0.763 mean 0.7627 (best 1.0923)  sps  8448  std [0.401 0.363]
up   90 steps   0.74M  ret  1.411  apex 0.560  det h(26.25) 0.720 mean 0.7204 (best 1.0923)  sps  8414  std [0.392 0.352]
up  100 steps   0.82M  ret  1.300  apex 0.719  det h(26.25) 0.234 mean 0.2341 (best 1.0923)  sps  8397  std [0.399 0.352]
up  110 steps   0.90M  ret  1.732  apex 0.593  det h(26.25) 0.787 mean 0.7866 (best 1.0923)  sps  8489  std [0.402 0.368]
up  120 steps   0.98M  ret  2.014  apex 0.653  det h(26.25) 0.827 mean 0.8273 (best 1.0923)  sps  8405  std [0.406 0.393]
up  130 steps   1.06M  ret  2.183  apex 0.690  det h(26.25) 0.845 mean 0.8448 (best 1.0923)  sps  8324  std [0.413 0.375]
up  140 steps   1.15M  ret  1.667  apex 0.605  det h(26.25) 0.802 mean 0.8016 (best 1.0923)  sps  8449  std [0.413 0.368]
up  150 steps   1.23M  ret  2.291  apex 0.724  det h(26.25) 0.322 mean 0.3216 (best 1.0923)  sps  8357  std [0.415 0.36 ]
up  160 steps   1.31M  ret  2.487  apex 0.868  det h(26.25) 0.863 mean 0.8634 (best 1.0923)  sps  8464  std [0.402 0.359]
up  170 steps   1.39M  ret  2.101  apex 0.850  det h(26.25) 0.761 mean 0.7615 (best 1.0923)  sps  8483  std [0.393 0.378]
up  180 steps   1.47M  ret  2.400  apex 0.731  det h(26.25) 0.956 mean 0.9560 (best 1.0923)  sps  8452  std [0.393 0.335]
up  190 steps   1.56M  ret  2.377  apex 0.724  det h(26.25) 0.498 mean 0.4980 (best 1.0923)  sps  8330  std [0.391 0.321]
up  200 steps   1.64M  ret  2.792  apex 0.836  det h(26.25) 0.550 mean 0.5497 (best 1.0923)  sps  8471  std [0.39  0.313]
up  210 steps   1.72M  ret  3.271  apex 0.970  det h(26.25) 0.653 mean 0.6533 (best 1.0923)  sps  8520  std [0.405 0.321]
up  220 steps   1.80M  ret  3.332  apex 1.054  det h(26.25) 0.778 mean 0.7780 (best 1.0923)  sps  8544  std [0.412 0.331]
up  230 steps   1.88M  ret  2.745  apex 1.011  det h(26.25) 0.972 mean 0.9724 (best 1.0923)  sps  8407  std [0.407 0.339]
up  240 steps   1.97M  ret  3.979  apex 1.063  det h(26.25) 0.998 mean 0.9984 (best 1.0923)  sps  8343  std [0.4   0.338]
up  250 steps   2.05M  ret  3.677  apex 1.005  det h(26.25) 0.847 mean 0.8467 (best 1.0923)  sps  8600  std [0.417 0.328]
up  260 steps   2.13M  ret  3.575  apex 1.113  det h(26.25) 0.895 mean 0.8952 (best 1.0923)  sps  8636  std [0.41  0.324]
up  270 steps   2.21M  ret  3.679  apex 1.124  det h(26.25) 0.941 mean 0.9412 (best 1.0923)  sps  8455  std [0.391 0.321]
up  280 steps   2.29M  ret  3.743  apex 1.130  det h(26.25) 1.050 mean 1.0501 (best 1.0923)  sps  8542  std [0.389 0.33 ]
up  290 steps   2.38M  ret  4.092  apex 1.144  det h(26.25) 0.853 mean 0.8527 (best 1.0923)  sps  8484  std [0.398 0.331]
up  300 steps   2.46M  ret  4.151  apex 1.134  det h(26.25) 0.933 mean 0.9326 (best 1.0923)  sps  8487  std [0.389 0.316]
up  310 steps   2.54M  ret  3.879  apex 1.107  det h(26.25) 0.932 mean 0.9319 (best 1.0923)  sps  8368  std [0.422 0.344]
up  320 steps   2.62M  ret  4.215  apex 1.102  det h(26.25) 0.728 mean 0.7278 (best 1.0923)  sps  8406  std [0.425 0.329]
up  330 steps   2.70M  ret  3.806  apex 1.196  det h(26.25) 1.055 mean 1.0550 (best 1.0923)  sps  8495  std [0.443 0.346]
up  340 steps   2.79M  ret  3.148  apex 0.945  det h(26.25) 1.044 mean 1.0439 (best 1.0923)  sps  8415  std [0.452 0.341]
up  350 steps   2.87M  ret  4.061  apex 1.078  det h(26.25) 0.991 mean 0.9910 (best 1.0923)  sps  8474  std [0.469 0.351]
up  360 steps   2.95M  ret  3.882  apex 1.117  det h(26.25) 0.971 mean 0.9711 (best 1.0923)  sps  8412  std [0.448 0.346]
up  370 steps   3.03M  ret  4.257  apex 1.128  det h(26.25) 0.904 mean 0.9039 (best 1.0923)  sps  8412  std [0.426 0.326]
up  380 steps   3.11M  ret  4.307  apex 1.162  det h(26.25) 1.030 mean 1.0303 (best 1.0923)  sps  8362  std [0.429 0.322]
up  390 steps   3.19M  ret  4.348  apex 1.120  det h(26.25) 1.017 mean 1.0172 (best 1.0923)  sps  8356  std [0.439 0.331]
up  400 steps   3.28M  ret  4.215  apex 1.094  det h(26.25) 0.927 mean 0.9265 (best 1.0923)  sps  8478  std [0.442 0.326]
up  410 steps   3.36M  ret  4.606  apex 1.184  det h(26.25) 1.048 mean 1.0475 (best 1.0923)  sps  8292  std [0.431 0.302]
up  420 steps   3.44M  ret  3.562  apex 1.183  det h(26.25) 1.026 mean 1.0258 (best 1.0923)  sps  8413  std [0.432 0.324]
up  430 steps   3.52M  ret  4.335  apex 1.150  det h(26.25) 1.043 mean 1.0425 (best 1.0923)  sps  8393  std [0.421 0.326]
up  440 steps   3.60M  ret  4.466  apex 1.200  det h(26.25) 1.013 mean 1.0127 (best 1.0923)  sps  8431  std [0.42  0.327]
up  450 steps   3.69M  ret  4.658  apex 1.180  det h(26.25) 1.058 mean 1.0578 (best 1.0923)  sps  8479  std [0.403 0.294]
up  460 steps   3.77M  ret  4.231  apex 1.203  det h(26.25) 1.031 mean 1.0309 (best 1.0923)  sps  8440  std [0.424 0.315]
up  470 steps   3.85M  ret  1.066  apex 1.075  det h(26.25) 0.980 mean 0.9803 (best 1.0923)  sps  8460  std [0.399 0.298]
up  480 steps   3.93M  ret  4.027  apex 1.182  det h(26.25) 1.048 mean 1.0476 (best 1.0923)  sps  8556  std [0.397 0.283]
up  490 steps   4.01M  ret  4.424  apex 1.147  det h(26.25) 0.922 mean 0.9220 (best 1.0923)  sps  8377  std [0.384 0.278]
up  500 steps   4.10M  ret  4.594  apex 1.173  det h(26.25) 1.065 mean 1.0647 (best 1.0923)  sps  8240  std [0.37  0.251]
up  510 steps   4.18M  ret  4.698  apex 1.187  det h(26.25) 1.082 mean 1.0819 (best 1.0923)  sps  8604  std [0.368 0.262]
up  520 steps   4.26M  ret  4.407  apex 1.129  det h(26.25) 1.044 mean 1.0445 (best 1.0923)  sps  8490  std [0.352 0.269]
up  530 steps   4.34M  ret  4.390  apex 1.228  det h(26.25) 1.084 mean 1.0842 (best 1.0923)  sps  8561  std [0.332 0.256]
up  540 steps   4.42M  ret  4.713  apex 1.189  det h(26.25) 1.090 mean 1.0903 (best 1.0923)  sps  8576  std [0.326 0.263]
up  550 steps   4.51M  ret  4.766  apex 1.234  det h(26.25) 1.083 mean 1.0833 (best 1.0923)  sps  8451  std [0.328 0.266]
up  560 steps   4.59M  ret  4.622  apex 1.210  det h(26.25) 1.061 mean 1.0610 (best 1.0923)  sps  8472  std [0.324 0.271]
up  570 steps   4.67M  ret  4.425  apex 1.134  det h(26.25) 1.072 mean 1.0719 (best 1.0923)  sps  8628  std [0.319 0.265]
up  580 steps   4.75M  ret  4.372  apex 1.150  det h(26.25) 0.985 mean 0.9851 (best 1.0923)  sps  8608  std [0.331 0.276]
up  590 steps   4.83M  ret  4.482  apex 1.171  det h(26.25) 1.052 mean 1.0521 (best 1.0923)  sps  8517  std [0.321 0.273]
up  600 steps   4.92M  ret  4.712  apex 1.199  det h(26.25) 1.047 mean 1.0469 (best 1.0923)  sps  8515  std [0.32  0.258]
up  610 steps   5.00M  ret  4.717  apex 1.189  det h(26.25) 1.038 mean 1.0375 (best 1.0923)  sps  8463  std [0.317 0.25 ]
up  620 steps   5.08M  ret  4.728  apex 1.214  det h(26.25) 1.063 mean 1.0630 (best 1.0923)  sps  8535  std [0.309 0.252]
