warm-start from previous mshoot best
warm-start from previous fourbar best
[p25_d] setup done [2s] — p24a law=(-0.3823, 0.6301, 7.2968) spr=(0.5637, 1.8775, 5.8838) k_rise=0.2656 tm=1.31ms
[gain_60_1.5_60_1.5] h_render=0.9027 vs h_PD(regen)=0.9027 (d=+0.0mm) 4644KB
[gain_90_1.5_90_2.5] h_render=0.9014 vs h_PD(regen)=0.9014 (d=+0.0mm) 4652KB
[gain_120_2_120_2] h_render=0.9022 vs h_PD(regen)=0.9022 (d=+0.0mm) 4647KB
[gain_120_2.2_150_2.5] h_render=0.9009 vs h_PD(regen)=0.9009 (d=+0.0mm) 4655KB
[gain_120_2.2_200_2.8] h_render=0.8993 vs h_PD(regen)=0.8993 (d=+0.0mm) 4632KB
[gain_150_2.2_250_3] h_render=0.8968 vs h_PD(regen)=0.8968 (d=+0.0mm) 4633KB
[gain_150_2.2_350_3.5] h_render=0.8933 vs h_PD(regen)=0.8933 (d=+0.0mm) 4646KB
[gain_150_2.2_500_4] h_render=0.8922 vs h_PD(regen)=0.8922 (d=+0.0mm) 4627KB
[gain_60_1.5_60_1.5] h_render=1.1027 vs h_PD(regen)=1.1027 (d=+0.0mm) 4638KB
[gain_90_1.5_90_2.5] h_render=1.1598 vs h_PD(regen)=1.1598 (d=+0.0mm) 4647KB
[gain_120_2_120_2] h_render=1.2137 vs h_PD(regen)=1.2137 (d=+0.0mm) 4599KB
[gain_120_2.2_150_2.5] h_render=1.1930 vs h_PD(regen)=1.1930 (d=+0.0mm) 4652KB
[gain_120_2.2_200_2.8] h_render=1.1779 vs h_PD(regen)=1.1779 (d=+0.0mm) 4632KB
[gain_150_2.2_250_3] h_render=1.1784 vs h_PD(regen)=1.1784 (d=+0.0mm) 4647KB
[gain_150_2.2_350_3.5] h_render=1.1503 vs h_PD(regen)=1.1503 (d=+0.0mm) 4649KB
[gain_150_2.2_500_4] h_render=1.1238 vs h_PD(regen)=1.1238 (d=+0.0mm) 4639KB
[gain_60_1.5_60_1.5] h_render=0.9908 vs h_PD(regen)=0.9908 (d=+0.0mm) 4621KB
[gain_90_1.5_90_2.5] h_render=0.9662 vs h_PD(regen)=0.9662 (d=+0.0mm) 4600KB
[gain_120_2_120_2] h_render=0.9603 vs h_PD(regen)=0.9603 (d=+0.0mm) 4613KB
[gain_120_2.2_150_2.5] h_render=0.9565 vs h_PD(regen)=0.9565 (d=+0.0mm) 4615KB
[gain_120_2.2_200_2.8] h_render=0.9597 vs h_PD(regen)=0.9597 (d=+0.0mm) 4632KB
[gain_150_2.2_250_3] h_render=0.9778 vs h_PD(regen)=0.9778 (d=+0.0mm) 4630KB
[gain_150_2.2_350_3.5] h_render=0.9955 vs h_PD(regen)=0.9955 (d=+0.0mm) 4630KB
[gain_150_2.2_500_4] h_render=1.0124 vs h_PD(regen)=1.0124 (d=+0.0mm) 4628KB
[gain_60_1.5_60_1.5] h_render=1.0037 vs h_PD(regen)=1.0037 (d=+0.0mm) 4620KB
[gain_90_1.5_90_2.5] h_render=1.0294 vs h_PD(regen)=1.0294 (d=+0.0mm) 4478KB
[gain_120_2_120_2] h_render=1.0728 vs h_PD(regen)=1.0728 (d=+0.0mm) 4610KB
[gain_120_2.2_150_2.5] h_render=1.0561 vs h_PD(regen)=1.0561 (d=+0.0mm) 4619KB
[gain_120_2.2_200_2.8] h_render=1.0484 vs h_PD(regen)=1.0484 (d=+0.0mm) 4594KB
[gain_150_2.2_250_3] h_render=1.0442 vs h_PD(regen)=1.0442 (d=+0.0mm) 4612KB
[gain_150_2.2_350_3.5] h_render=1.0279 vs h_PD(regen)=1.0279 (d=+0.0mm) 4628KB
[gain_150_2.2_500_4] h_render=1.0157 vs h_PD(regen)=1.0157 (d=+0.0mm) 4618KB
[gain_60_1.5_60_1.5] h_render=0.8891 vs h_PD(regen)=0.8891 (d=+0.0mm) 4616KB
[gain_90_1.5_90_2.5] h_render=0.9023 vs h_PD(regen)=0.9023 (d=+0.0mm) 4626KB
[gain_120_2_120_2] h_render=0.9129 vs h_PD(regen)=0.9129 (d=+0.0mm) 4617KB
[gain_120_2.2_150_2.5] h_render=0.9213 vs h_PD(regen)=0.9213 (d=+0.0mm) 4625KB
[gain_120_2.2_200_2.8] h_render=0.9311 vs h_PD(regen)=0.9311 (d=+0.0mm) 4624KB
[gain_150_2.2_250_3] h_render=0.9387 vs h_PD(regen)=0.9387 (d=+0.0mm) 4611KB
[gain_150_2.2_350_3.5] h_render=0.9357 vs h_PD(regen)=0.9357 (d=+0.0mm) 4622KB
[gain_150_2.2_500_4] h_render=0.9204 vs h_PD(regen)=0.9204 (d=+0.0mm) 4623KB
[gain_60_1.5_60_1.5] h_render=1.1065 vs h_PD(regen)=1.1065 (d=+0.0mm) 4624KB
[gain_90_1.5_90_2.5] h_render=1.1455 vs h_PD(regen)=1.1455 (d=+0.0mm) 4626KB
[gain_120_2_120_2] h_render=1.2065 vs h_PD(regen)=1.2065 (d=+0.0mm) 4615KB
[gain_120_2.2_150_2.5] h_render=1.1864 vs h_PD(regen)=1.1864 (d=+0.0mm) 4623KB
[gain_120_2.2_200_2.8] h_render=1.1763 vs h_PD(regen)=1.1763 (d=+0.0mm) 4624KB
[gain_150_2.2_250_3] h_render=1.1854 vs h_PD(regen)=1.1854 (d=+0.0mm) 4616KB
[gain_150_2.2_350_3.5] h_render=1.1672 vs h_PD(regen)=1.1672 (d=+0.0mm) 4624KB
[gain_150_2.2_500_4] h_render=1.1519 vs h_PD(regen)=1.1519 (d=+0.0mm) 4620KB
[gain_60_1.5_60_1.5] h_render=0.7164 vs h_PD(regen)=0.7164 (d=+0.0mm) 4639KB
[gain_90_1.5_90_2.5] h_render=0.7159 vs h_PD(regen)=0.7159 (d=+0.0mm) 4638KB
[gain_120_2_120_2] h_render=0.7160 vs h_PD(regen)=0.7160 (d=+0.0mm) 4626KB
[gain_120_2.2_150_2.5] h_render=0.7138 vs h_PD(regen)=0.7138 (d=+0.0mm) 4626KB
[gain_120_2.2_200_2.8] h_render=0.7106 vs h_PD(regen)=0.7106 (d=+0.0mm) 4650KB
[gain_150_2.2_250_3] h_render=0.7063 vs h_PD(regen)=0.7063 (d=+0.0mm) 4617KB
[gain_150_2.2_350_3.5] h_render=0.7000 vs h_PD(regen)=0.7000 (d=+0.0mm) 4652KB
[gain_150_2.2_500_4] h_render=0.6944 vs h_PD(regen)=0.6944 (d=+0.0mm) 4560KB
[gain_60_1.5_60_1.5] h_render=0.7076 vs h_PD(regen)=0.7076 (d=+0.0mm) 4640KB
[gain_90_1.5_90_2.5] h_render=0.7732 vs h_PD(regen)=0.7732 (d=+0.0mm) 4580KB
[gain_120_2_120_2] h_render=0.8532 vs h_PD(regen)=0.8532 (d=+0.0mm) 4531KB
[gain_120_2.2_150_2.5] h_render=0.8548 vs h_PD(regen)=0.8548 (d=+0.0mm) 4540KB
[gain_120_2.2_200_2.8] h_render=0.8694 vs h_PD(regen)=0.8694 (d=+0.0mm) 4616KB
[gain_150_2.2_250_3] h_render=0.8935 vs h_PD(regen)=0.8935 (d=+0.0mm) 4645KB
[gain_150_2.2_350_3.5] h_render=0.8962 vs h_PD(regen)=0.8962 (d=+0.0mm) 4647KB
[gain_150_2.2_500_4] h_render=0.8967 vs h_PD(regen)=0.8967 (d=+0.0mm) 4609KB
[gain_60_1.5_60_1.5] h_render=1.0737 vs h_PD(regen)=1.0737 (d=+0.0mm) 4654KB
[gain_90_1.5_90_2.5] h_render=1.0694 vs h_PD(regen)=1.0694 (d=+0.0mm) 4656KB
[gain_120_2_120_2] h_render=1.0656 vs h_PD(regen)=1.0656 (d=+0.0mm) 4634KB
[gain_120_2.2_150_2.5] h_render=1.0615 vs h_PD(regen)=1.0615 (d=+0.0mm) 4637KB
[gain_120_2.2_200_2.8] h_render=1.0558 vs h_PD(regen)=1.0558 (d=+0.0mm) 4662KB
[gain_150_2.2_250_3] h_render=1.0514 vs h_PD(regen)=1.0514 (d=+0.0mm) 4641KB
[gain_150_2.2_350_3.5] h_render=1.0490 vs h_PD(regen)=1.0490 (d=+0.0mm) 4657KB
[gain_150_2.2_500_4] h_render=1.0530 vs h_PD(regen)=1.0530 (d=+0.0mm) 4659KB
[gain_60_1.5_60_1.5] h_render=1.0593 vs h_PD(regen)=1.0593 (d=+0.0mm) 4649KB
[gain_90_1.5_90_2.5] h_render=1.1342 vs h_PD(regen)=1.1342 (d=+0.0mm) 4636KB
[gain_120_2_120_2] h_render=1.2234 vs h_PD(regen)=1.2234 (d=+0.0mm) 4637KB
[gain_120_2.2_150_2.5] h_render=1.2174 vs h_PD(regen)=1.2174 (d=+0.0mm) 4617KB
[gain_120_2.2_200_2.8] h_render=1.2170 vs h_PD(regen)=1.2170 (d=+0.0mm) 4554KB
[gain_150_2.2_250_3] h_render=1.2390 vs h_PD(regen)=1.2390 (d=+0.0mm) 4663KB
[gain_150_2.2_350_3.5] h_render=1.2229 vs h_PD(regen)=1.2229 (d=+0.0mm) 4631KB
[gain_150_2.2_500_4] h_render=1.2028 vs h_PD(regen)=1.2028 (d=+0.0mm) 4600KB
DONE — 80 gifs
