warm-start from previous mshoot best
warm-start from previous fourbar best
[p25_d] setup done [2s] — p24a law=(-0.3823, 0.6301, 7.2968) spr=(0.5637, 1.8775, 5.8838) k_rise=0.2656 tm=1.31ms
[gain_60_1.5_60_1.5] h_render=0.9027 vs h_PD(regen)=0.9027 (d=+0.0mm) 4644KB
[gain_90_1.5_90_2.5] h_render=0.9014 vs h_PD(regen)=0.9014 (d=+0.0mm) 4652KB
[gain_120_2_120_2] h_render=0.9022 vs h_PD(regen)=0.9022 (d=+0.0mm) 4647KB
[gain_120_2.2_150_2.5] h_render=0.9009 vs h_PD(regen)=0.9009 (d=+0.0mm) 4657KB
[gain_120_2.2_200_2.8] h_render=0.8993 vs h_PD(regen)=0.8993 (d=+0.0mm) 4651KB
[gain_150_2.2_250_3] h_render=0.8968 vs h_PD(regen)=0.8968 (d=+0.0mm) 4655KB
[gain_150_2.2_350_3.5] h_render=0.8933 vs h_PD(regen)=0.8933 (d=+0.0mm) 4646KB
[gain_150_2.2_500_4] h_render=0.8922 vs h_PD(regen)=0.8922 (d=+0.0mm) 4627KB
[gain_60_1.5_60_1.5] h_render=0.9634 vs h_PD(regen)=0.9634 (d=+0.0mm) 4631KB
[gain_90_1.5_90_2.5] h_render=1.0167 vs h_PD(regen)=1.0167 (d=+0.0mm) 4580KB
[gain_120_2_120_2] h_render=1.0643 vs h_PD(regen)=1.0643 (d=+0.0mm) 4631KB
[gain_120_2.2_150_2.5] h_render=1.0594 vs h_PD(regen)=1.0594 (d=+0.0mm) 4652KB
[gain_120_2.2_200_2.8] h_render=1.0565 vs h_PD(regen)=1.0565 (d=+0.0mm) 4597KB
[gain_150_2.2_250_3] h_render=1.0709 vs h_PD(regen)=1.0709 (d=+0.0mm) 4645KB
[gain_150_2.2_350_3.5] h_render=1.0653 vs h_PD(regen)=1.0653 (d=+0.0mm) 4649KB
[gain_150_2.2_500_4] h_render=1.0596 vs h_PD(regen)=1.0596 (d=+0.0mm) 4638KB
[gain_60_1.5_60_1.5] h_render=0.9749 vs h_PD(regen)=0.9749 (d=+0.0mm) 4608KB
[gain_90_1.5_90_2.5] h_render=0.9553 vs h_PD(regen)=0.9553 (d=+0.0mm) 4629KB
[gain_120_2_120_2] h_render=0.9506 vs h_PD(regen)=0.9506 (d=+0.0mm) 4621KB
[gain_120_2.2_150_2.5] h_render=0.9438 vs h_PD(regen)=0.9438 (d=+0.0mm) 4589KB
[gain_120_2.2_200_2.8] h_render=0.9432 vs h_PD(regen)=0.9432 (d=+0.0mm) 4628KB
[gain_150_2.2_250_3] h_render=0.9435 vs h_PD(regen)=0.9435 (d=+0.0mm) 4617KB
[gain_150_2.2_350_3.5] h_render=0.9439 vs h_PD(regen)=0.9439 (d=+0.0mm) 4634KB
[gain_150_2.2_500_4] h_render=0.9422 vs h_PD(regen)=0.9422 (d=+0.0mm) 4632KB
[gain_60_1.5_60_1.5] h_render=0.9146 vs h_PD(regen)=0.9146 (d=+0.0mm) 4620KB
[gain_90_1.5_90_2.5] h_render=0.9582 vs h_PD(regen)=0.9582 (d=+0.0mm) 4565KB
[gain_120_2_120_2] h_render=0.9869 vs h_PD(regen)=0.9869 (d=+0.0mm) 4598KB
[gain_120_2.2_150_2.5] h_render=0.9841 vs h_PD(regen)=0.9841 (d=+0.0mm) 4623KB
[gain_120_2.2_200_2.8] h_render=0.9845 vs h_PD(regen)=0.9845 (d=+0.0mm) 4626KB
[gain_150_2.2_250_3] h_render=0.9903 vs h_PD(regen)=0.9903 (d=+0.0mm) 4616KB
[gain_150_2.2_350_3.5] h_render=0.9834 vs h_PD(regen)=0.9834 (d=+0.0mm) 4628KB
[gain_150_2.2_500_4] h_render=0.9772 vs h_PD(regen)=0.9772 (d=+0.0mm) 4619KB
[gain_60_1.5_60_1.5] h_render=0.8784 vs h_PD(regen)=0.8784 (d=+0.0mm) 4620KB
[gain_90_1.5_90_2.5] h_render=0.8893 vs h_PD(regen)=0.8893 (d=+0.0mm) 4625KB
[gain_120_2_120_2] h_render=0.8979 vs h_PD(regen)=0.8979 (d=+0.0mm) 4613KB
[gain_120_2.2_150_2.5] h_render=0.9122 vs h_PD(regen)=0.9122 (d=+0.0mm) 4625KB
[gain_120_2.2_200_2.8] h_render=0.9356 vs h_PD(regen)=0.9356 (d=+0.0mm) 4614KB
[gain_150_2.2_250_3] h_render=0.9610 vs h_PD(regen)=0.9610 (d=+0.0mm) 4613KB
[gain_150_2.2_350_3.5] h_render=0.9845 vs h_PD(regen)=0.9845 (d=+0.0mm) 4621KB
[gain_150_2.2_500_4] h_render=0.9938 vs h_PD(regen)=0.9938 (d=+0.0mm) 4621KB
[gain_60_1.5_60_1.5] h_render=0.9894 vs h_PD(regen)=0.9894 (d=+0.0mm) 4618KB
[gain_90_1.5_90_2.5] h_render=1.0280 vs h_PD(regen)=1.0280 (d=+0.0mm) 4619KB
[gain_120_2_120_2] h_render=1.0709 vs h_PD(regen)=1.0709 (d=+0.0mm) 4608KB
[gain_120_2.2_150_2.5] h_render=1.0617 vs h_PD(regen)=1.0617 (d=+0.0mm) 4622KB
[gain_120_2.2_200_2.8] h_render=1.0606 vs h_PD(regen)=1.0606 (d=+0.0mm) 4622KB
[gain_150_2.2_250_3] h_render=1.0731 vs h_PD(regen)=1.0731 (d=+0.0mm) 4616KB
[gain_150_2.2_350_3.5] h_render=1.0708 vs h_PD(regen)=1.0708 (d=+0.0mm) 4625KB
[gain_150_2.2_500_4] h_render=1.0666 vs h_PD(regen)=1.0666 (d=+0.0mm) 4617KB
[gain_60_1.5_60_1.5] h_render=0.7075 vs h_PD(regen)=0.7075 (d=+0.0mm) 4638KB
[gain_90_1.5_90_2.5] h_render=0.7104 vs h_PD(regen)=0.7104 (d=+0.0mm) 4646KB
[gain_120_2_120_2] h_render=0.7131 vs h_PD(regen)=0.7131 (d=+0.0mm) 4612KB
[gain_120_2.2_150_2.5] h_render=0.7147 vs h_PD(regen)=0.7147 (d=+0.0mm) 4620KB
[gain_120_2.2_200_2.8] h_render=0.7172 vs h_PD(regen)=0.7172 (d=+0.0mm) 4647KB
[gain_150_2.2_250_3] h_render=0.7193 vs h_PD(regen)=0.7193 (d=+0.0mm) 4610KB
[gain_150_2.2_350_3.5] h_render=0.7224 vs h_PD(regen)=0.7224 (d=+0.0mm) 4626KB
[gain_150_2.2_500_4] h_render=0.7256 vs h_PD(regen)=0.7256 (d=+0.0mm) 4613KB
[gain_60_1.5_60_1.5] h_render=0.6520 vs h_PD(regen)=0.6520 (d=+0.0mm) 4624KB
[gain_90_1.5_90_2.5] h_render=0.7075 vs h_PD(regen)=0.7075 (d=+0.0mm) 4552KB
[gain_120_2_120_2] h_render=0.7704 vs h_PD(regen)=0.7704 (d=+0.0mm) 4544KB
[gain_120_2.2_150_2.5] h_render=0.7746 vs h_PD(regen)=0.7746 (d=+0.0mm) 4556KB
[gain_120_2.2_200_2.8] h_render=0.7890 vs h_PD(regen)=0.7890 (d=+0.0mm) 4643KB
[gain_150_2.2_250_3] h_render=0.8146 vs h_PD(regen)=0.8146 (d=+0.0mm) 4611KB
[gain_150_2.2_350_3.5] h_render=0.8231 vs h_PD(regen)=0.8231 (d=+0.0mm) 4624KB
[gain_150_2.2_500_4] h_render=0.8293 vs h_PD(regen)=0.8293 (d=+0.0mm) 4592KB
[gain_60_1.5_60_1.5] h_render=1.0499 vs h_PD(regen)=1.0499 (d=+0.0mm) 4658KB
[gain_90_1.5_90_2.5] h_render=1.0522 vs h_PD(regen)=1.0522 (d=+0.0mm) 4656KB
[gain_120_2_120_2] h_render=1.0531 vs h_PD(regen)=1.0531 (d=+0.0mm) 4645KB
[gain_120_2.2_150_2.5] h_render=1.0542 vs h_PD(regen)=1.0542 (d=+0.0mm) 4634KB
[gain_120_2.2_200_2.8] h_render=1.0555 vs h_PD(regen)=1.0555 (d=+0.0mm) 4664KB
[gain_150_2.2_250_3] h_render=1.0568 vs h_PD(regen)=1.0568 (d=+0.0mm) 4659KB
[gain_150_2.2_350_3.5] h_render=1.0585 vs h_PD(regen)=1.0585 (d=+0.0mm) 4666KB
[gain_150_2.2_500_4] h_render=1.0606 vs h_PD(regen)=1.0606 (d=+0.0mm) 4658KB
[gain_60_1.5_60_1.5] h_render=0.9302 vs h_PD(regen)=0.9302 (d=+0.0mm) 4638KB
[gain_90_1.5_90_2.5] h_render=0.9831 vs h_PD(regen)=0.9831 (d=+0.0mm) 4648KB
[gain_120_2_120_2] h_render=1.0466 vs h_PD(regen)=1.0466 (d=+0.0mm) 4634KB
[gain_120_2.2_150_2.5] h_render=1.0483 vs h_PD(regen)=1.0483 (d=+0.0mm) 4653KB
[gain_120_2.2_200_2.8] h_render=1.0540 vs h_PD(regen)=1.0540 (d=+0.0mm) 4657KB
[gain_150_2.2_250_3] h_render=1.0730 vs h_PD(regen)=1.0730 (d=+0.0mm) 4659KB
[gain_150_2.2_350_3.5] h_render=1.0726 vs h_PD(regen)=1.0726 (d=+0.0mm) 4642KB
[gain_150_2.2_500_4] h_render=1.0691 vs h_PD(regen)=1.0691 (d=+0.0mm) 4649KB
DONE — 80 gifs
