===== probe chain start 2026-07-19 15:36:22.54 =====
skip (수확 있음): fix:24
skip (수확 있음): fix:25.08
skip (수확 있음): fix:26.25
skip (수확 있음): fix:28
skip (수확 있음): fix:30
[chain] fix:26.25:1: 기존 ckpt 발견 — T0_RESUME=1
===== t0_train_long.py fix:26.25:1 =====
warm-start from previous mshoot best
warm-start from previous fourbar best
setup done [9s] — clip=25.581 law=(-0.3823, 0.6301, 7.2968) c_cvt=0.7926 k_rise=0.2656 tm=1.31ms n429=10
  golden A — 0429/60_0.75_60_2    : dq2 RMSE=1.8560
  golden A — 0429/60_1.5_60_1.5   : dq2 RMSE=2.1339
  golden A — 0429/90_0.75_90_2    : dq2 RMSE=2.3594
  golden A — 0429/90_1.5_90_2.5   : dq2 RMSE=2.3440
  golden A — 0429/120_2_120_2     : dq2 RMSE=2.4115
  golden A — 0429/120_2.2_150_2.5 : dq2 RMSE=2.4855
  golden A — 0429/120_2.2_200_2.8 : dq2 RMSE=2.3865
  golden A — 0429/150_2.2_250_3   : dq2 RMSE=3.3899
  golden A — 0429/150_2.2_350_3.5 : dq2 RMSE=3.7922
  golden A — 0429/150_2.2_500_4   : dq2 RMSE=2.8979
  golden A — session mean 2.6057 (canonical 2.6057) PASS
  golden B — 0429/60_0.75_60_2 env vs cl_run23(is_cvt, l_i=25.08, clip=25.581) max|Δ|=0.000e+00 PASS
GOLDEN PASS (A: 0429 재생 세션평균 / B: env CVT 스텝 비트일치, clip=25.581)
[dev] NVIDIA GeForce RTX 5080 (hid 128): 400 mb-updates cpu 0.244s / gpu 0.262s → 2x128 넷이 작아 CPU가 빠름 (물리 스텝이 병목) — CPU 사용
[resume] t0wc_ppo_policy_lifix26p25_long_1ms.pt: steps=1720320 best=0.8864 — BC 스킵, 잔여 예산으로 재개
[bc] det-eval h: {'26.25': 0.8803}
warm-start from previous mshoot best
warm-start from previous fourbar best
warm-start from previous mshoot best
warm-start from previous fourbar best
warm-start from previous mshoot best
warm-start from previous fourbar best
warm-start from previous mshoot best
warm-start from previous fourbar best
warm-start from previous mshoot best
warm-start from previous fourbar best
warm-start from previous mshoot best
warm-start from previous fourbar best
warm-start from previous mshoot best
warm-start from previous fourbar best
warm-start from previous mshoot best
warm-start from previous fourbar best
setup done [3s] — clip=25.581 law=(-0.3823, 0.6301, 7.2968) c_cvt=0.7926 k_rise=0.2656 tm=1.31ms n429=10
setup done [3s] — clip=25.581 law=(-0.3823, 0.6301, 7.2968) c_cvt=0.7926 k_rise=0.2656 tm=1.31ms n429=10
setup done [3s] — clip=25.581 law=(-0.3823, 0.6301, 7.2968) c_cvt=0.7926 k_rise=0.2656 tm=1.31ms n429=10
setup done [3s] — clip=25.581 law=(-0.3823, 0.6301, 7.2968) c_cvt=0.7926 k_rise=0.2656 tm=1.31ms n429=10
setup done [3s] — clip=25.581 law=(-0.3823, 0.6301, 7.2968) c_cvt=0.7926 k_rise=0.2656 tm=1.31ms n429=10
setup done [3s] — clip=25.581 law=(-0.3823, 0.6301, 7.2968) c_cvt=0.7926 k_rise=0.2656 tm=1.31ms n429=10
setup done [3s] — clip=25.581 law=(-0.3823, 0.6301, 7.2968) c_cvt=0.7926 k_rise=0.2656 tm=1.31ms n429=10
setup done [3s] — clip=25.581 law=(-0.3823, 0.6301, 7.2968) c_cvt=0.7926 k_rise=0.2656 tm=1.31ms n429=10
[mp] 8 workers × 2 envs = 16 — ready [27s]
PPO start — 5859 updates × batch 8192 (dev cpu, clip=25.581)
up   10 steps   1.80M  ret  3.384  apex 0.892  det h(26.25) 0.893 mean 0.8933 (best 0.8933)  sps  9009  std [0.294 0.329]
up   20 steps   1.88M  ret  3.382  apex 0.886  det h(26.25) 0.890 mean 0.8902 (best 0.8933)  sps  9119  std [0.276 0.321]
up   30 steps   1.97M  ret  3.380  apex 0.890  det h(26.25) 0.889 mean 0.8892 (best 0.8933)  sps  9130  std [0.254 0.346]
up   40 steps   2.05M  ret  3.357  apex 0.890  det h(26.25) 0.900 mean 0.9001 (best 0.9001)  sps  9079  std [0.25  0.339]
up   50 steps   2.13M  ret  3.440  apex 0.901  det h(26.25) 0.900 mean 0.9000 (best 0.9001)  sps  9053  std [0.255 0.337]
up   60 steps   2.21M  ret  3.429  apex 0.903  det h(26.25) 0.903 mean 0.9033 (best 0.9033)  sps  8993  std [0.254 0.358]
up   70 steps   2.29M  ret  3.461  apex 0.903  det h(26.25) 0.906 mean 0.9062 (best 0.9062)  sps  9027  std [0.25  0.349]
up   80 steps   2.38M  ret  3.429  apex 0.904  det h(26.25) 0.912 mean 0.9122 (best 0.9122)  sps  9072  std [0.257 0.359]
up   90 steps   2.46M  ret  3.473  apex 0.907  det h(26.25) 0.912 mean 0.9119 (best 0.9122)  sps  9077  std [0.25  0.341]
up  100 steps   2.54M  ret  3.479  apex 0.912  det h(26.25) 0.914 mean 0.9137 (best 0.9137)  sps  9108  std [0.257 0.326]
up  110 steps   2.62M  ret  3.481  apex 0.916  det h(26.25) 0.917 mean 0.9171 (best 0.9171)  sps  9025  std [0.256 0.339]
up  120 steps   2.70M  ret  3.521  apex 0.916  det h(26.25) 0.912 mean 0.9119 (best 0.9171)  sps  9201  std [0.251 0.336]
up  130 steps   2.79M  ret  3.506  apex 0.912  det h(26.25) 0.908 mean 0.9083 (best 0.9171)  sps  9162  std [0.25  0.335]
up  140 steps   2.87M  ret  3.518  apex 0.917  det h(26.25) 0.915 mean 0.9147 (best 0.9171)  sps  9118  std [0.25  0.328]
up  150 steps   2.95M  ret  3.477  apex 0.906  det h(26.25) 0.906 mean 0.9064 (best 0.9171)  sps  9040  std [0.253 0.329]
up  160 steps   3.03M  ret  3.482  apex 0.910  det h(26.25) 0.906 mean 0.9060 (best 0.9171)  sps  8917  std [0.253 0.344]
up  170 steps   3.11M  ret  3.486  apex 0.907  det h(26.25) 0.909 mean 0.9095 (best 0.9171)  sps  8945  std [0.25  0.327]
up  180 steps   3.19M  ret  3.497  apex 0.910  det h(26.25) 0.917 mean 0.9165 (best 0.9171)  sps  8959  std [0.256 0.335]
up  190 steps   3.28M  ret  3.523  apex 0.914  det h(26.25) 0.918 mean 0.9184 (best 0.9184)  sps  8953  std [0.253 0.323]
up  200 steps   3.36M  ret  3.544  apex 0.919  det h(26.25) 0.919 mean 0.9192 (best 0.9192)  sps  8973  std [0.252 0.325]
up  210 steps   3.44M  ret  3.569  apex 0.924  det h(26.25) 0.933 mean 0.9326 (best 0.9326)  sps  8994  std [0.25 0.33]
up  220 steps   3.52M  ret  3.594  apex 0.929  det h(26.25) 0.931 mean 0.9312 (best 0.9326)  sps  9084  std [0.25  0.344]
up  230 steps   3.60M  ret  3.586  apex 0.927  det h(26.25) 0.924 mean 0.9236 (best 0.9326)  sps  9100  std [0.252 0.344]
up  240 steps   3.69M  ret  3.574  apex 0.926  det h(26.25) 0.934 mean 0.9341 (best 0.9341)  sps  9031  std [0.25  0.347]
up  250 steps   3.77M  ret  3.616  apex 0.935  det h(26.25) 0.939 mean 0.9389 (best 0.9389)  sps  9103  std [0.251 0.348]
up  260 steps   3.85M  ret  3.655  apex 0.941  det h(26.25) 0.944 mean 0.9437 (best 0.9437)  sps  9087  std [0.25  0.337]
up  270 steps   3.93M  ret  3.669  apex 0.943  det h(26.25) 0.948 mean 0.9477 (best 0.9477)  sps  8978  std [0.25  0.332]
up  280 steps   4.01M  ret  3.665  apex 0.951  det h(26.25) 0.952 mean 0.9517 (best 0.9517)  sps  8635  std [0.26  0.345]
up  290 steps   4.10M  ret  3.703  apex 0.951  det h(26.25) 0.959 mean 0.9589 (best 0.9589)  sps  8847  std [0.255 0.364]
up  300 steps   4.18M  ret  3.716  apex 0.958  det h(26.25) 0.964 mean 0.9640 (best 0.9640)  sps  9249  std [0.256 0.368]
up  310 steps   4.26M  ret  3.728  apex 0.961  det h(26.25) 0.959 mean 0.9588 (best 0.9640)  sps  8720  std [0.255 0.369]
up  320 steps   4.34M  ret  3.748  apex 0.959  det h(26.25) 0.963 mean 0.9627 (best 0.9640)  sps  8663  std [0.25  0.364]
up  330 steps   4.42M  ret  3.759  apex 0.962  det h(26.25) 0.969 mean 0.9685 (best 0.9685)  sps  8786  std [0.251 0.356]
up  340 steps   4.51M  ret  3.792  apex 0.970  det h(26.25) 0.970 mean 0.9702 (best 0.9702)  sps  8475  std [0.251 0.346]
up  350 steps   4.59M  ret  3.618  apex 0.942  det h(26.25) 0.941 mean 0.9410 (best 0.9702)  sps  8846  std [0.261 0.373]
up  360 steps   4.67M  ret  3.690  apex 0.951  det h(26.25) 0.971 mean 0.9710 (best 0.9710)  sps  8756  std [0.25  0.372]
up  370 steps   4.75M  ret  3.804  apex 0.971  det h(26.25) 0.973 mean 0.9729 (best 0.9729)  sps  8842  std [0.257 0.365]
up  380 steps   4.83M  ret  3.783  apex 0.970  det h(26.25) 0.970 mean 0.9698 (best 0.9729)  sps  8824  std [0.255 0.383]
up  390 steps   4.92M  ret  3.734  apex 0.972  det h(26.25) 0.973 mean 0.9732 (best 0.9732)  sps  8728  std [0.263 0.392]
up  400 steps   5.00M  ret  3.459  apex 0.971  det h(26.25) 0.974 mean 0.9740 (best 0.9740)  sps  8764  std [0.263 0.424]
up  410 steps   5.08M  ret  3.731  apex 0.973  det h(26.25) 0.969 mean 0.9688 (best 0.9740)  sps  8750  std [0.283 0.438]
up  420 steps   5.16M  ret  3.731  apex 0.969  det h(26.25) 0.971 mean 0.9710 (best 0.9740)  sps  8689  std [0.286 0.448]
up  430 steps   5.24M  ret  3.790  apex 0.969  det h(26.25) 0.975 mean 0.9750 (best 0.9750)  sps  8688  std [0.291 0.454]
up  440 steps   5.32M  ret  3.809  apex 0.973  det h(26.25) 0.969 mean 0.9691 (best 0.9750)  sps  9057  std [0.283 0.419]
up  450 steps   5.41M  ret  3.788  apex 0.971  det h(26.25) 0.977 mean 0.9765 (best 0.9765)  sps  9041  std [0.274 0.419]
up  460 steps   5.49M  ret  3.800  apex 0.975  det h(26.25) 0.972 mean 0.9722 (best 0.9765)  sps  9015  std [0.286 0.426]
up  470 steps   5.57M  ret  3.825  apex 0.977  det h(26.25) 0.977 mean 0.9774 (best 0.9774)  sps  9076  std [0.27  0.403]
up  480 steps   5.65M  ret  3.893  apex 0.988  det h(26.25) 0.993 mean 0.9934 (best 0.9934)  sps  9143  std [0.252 0.388]
up  490 steps   5.73M  ret  3.771  apex 0.994  det h(26.25) 0.997 mean 0.9973 (best 0.9973)  sps  9013  std [0.265 0.405]
up  500 steps   5.82M  ret  3.816  apex 0.995  det h(26.25) 0.999 mean 0.9991 (best 0.9991)  sps  9039  std [0.288 0.418]
up  510 steps   5.90M  ret  3.901  apex 0.991  det h(26.25) 1.025 mean 1.0249 (best 1.0249)  sps  8979  std [0.285 0.421]
up  520 steps   5.98M  ret  4.059  apex 1.027  det h(26.25) 1.033 mean 1.0326 (best 1.0326)  sps  9209  std [0.27  0.404]
up  530 steps   6.06M  ret  3.951  apex 1.027  det h(26.25) 1.026 mean 1.0256 (best 1.0326)  sps  9040  std [0.283 0.408]
up  540 steps   6.14M  ret  4.032  apex 1.017  det h(26.25) 1.024 mean 1.0237 (best 1.0326)  sps  9147  std [0.28  0.385]
up  550 steps   6.23M  ret  4.063  apex 1.021  det h(26.25) 1.024 mean 1.0239 (best 1.0326)  sps  9066  std [0.273 0.371]
up  560 steps   6.31M  ret  4.063  apex 1.022  det h(26.25) 1.028 mean 1.0282 (best 1.0326)  sps  8972  std [0.254 0.367]
up  570 steps   6.39M  ret  4.097  apex 1.030  det h(26.25) 1.031 mean 1.0314 (best 1.0326)  sps  9145  std [0.25  0.345]
up  580 steps   6.47M  ret  4.108  apex 1.037  det h(26.25) 1.043 mean 1.0430 (best 1.0430)  sps  9185  std [0.254 0.346]
up  590 steps   6.55M  ret  4.052  apex 1.043  det h(26.25) 1.045 mean 1.0445 (best 1.0445)  sps  9144  std [0.267 0.339]
up  600 steps   6.64M  ret  4.135  apex 1.036  det h(26.25) 1.036 mean 1.0365 (best 1.0445)  sps  9128  std [0.256 0.32 ]
up  610 steps   6.72M  ret  4.132  apex 1.036  det h(26.25) 1.037 mean 1.0371 (best 1.0445)  sps  9258  std [0.252 0.323]
up  620 steps   6.80M  ret  4.156  apex 1.044  det h(26.25) 1.049 mean 1.0495 (best 1.0495)  sps  9042  std [0.256 0.328]
up  630 steps   6.88M  ret  4.192  apex 1.050  det h(26.25) 1.051 mean 1.0515 (best 1.0515)  sps  9120  std [0.25  0.326]
up  640 steps   6.96M  ret  4.207  apex 1.054  det h(26.25) 1.056 mean 1.0563 (best 1.0563)  sps  9173  std [0.25  0.313]
up  650 steps   7.05M  ret  4.228  apex 1.058  det h(26.25) 1.060 mean 1.0604 (best 1.0604)  sps  9121  std [0.25  0.296]
up  660 steps   7.13M  ret  4.249  apex 1.059  det h(26.25) 1.069 mean 1.0692 (best 1.0692)  sps  9155  std [0.251 0.284]
up  670 steps   7.21M  ret  4.253  apex 1.069  det h(26.25) 1.070 mean 1.0704 (best 1.0704)  sps  9154  std [0.256 0.269]
up  680 steps   7.29M  ret  4.264  apex 1.066  det h(26.25) 1.069 mean 1.0691 (best 1.0704)  sps  9020  std [0.25  0.262]
up  690 steps   7.37M  ret  4.274  apex 1.067  det h(26.25) 1.072 mean 1.0715 (best 1.0715)  sps  9043  std [0.257 0.259]
up  700 steps   7.45M  ret  4.248  apex 1.069  det h(26.25) 1.070 mean 1.0696 (best 1.0715)  sps  9069  std [0.25 0.27]
up  710 steps   7.54M  ret  4.266  apex 1.068  det h(26.25) 1.067 mean 1.0666 (best 1.0715)  sps  9058  std [0.25  0.273]
up  720 steps   7.62M  ret  4.253  apex 1.064  det h(26.25) 1.069 mean 1.0688 (best 1.0715)  sps  9148  std [0.251 0.272]
up  730 steps   7.70M  ret  4.241  apex 1.061  det h(26.25) 1.058 mean 1.0583 (best 1.0715)  sps  9135  std [0.253 0.276]
up  740 steps   7.78M  ret  3.985  apex 1.058  det h(26.25) 1.059 mean 1.0593 (best 1.0715)  sps  9089  std [0.275 0.3  ]
up  750 steps   7.86M  ret  4.213  apex 1.054  det h(26.25) 1.055 mean 1.0546 (best 1.0715)  sps  9103  std [0.271 0.286]
up  760 steps   7.95M  ret  4.211  apex 1.056  det h(26.25) 1.056 mean 1.0563 (best 1.0715)  sps  9142  std [0.293 0.307]
up  770 steps   8.03M  ret  4.089  apex 1.034  det h(26.25) 1.037 mean 1.0372 (best 1.0715)  sps  9131  std [0.277 0.321]
up  780 steps   8.11M  ret  4.131  apex 1.039  det h(26.25) 1.040 mean 1.0403 (best 1.0715)  sps  9127  std [0.262 0.317]
up  790 steps   8.19M  ret  4.087  apex 1.031  det h(26.25) 1.038 mean 1.0377 (best 1.0715)  sps  9105  std [0.269 0.326]
up  800 steps   8.27M  ret  4.141  apex 1.040  det h(26.25) 1.045 mean 1.0446 (best 1.0715)  sps  9087  std [0.261 0.302]
up  810 steps   8.36M  ret  4.187  apex 1.049  det h(26.25) 1.049 mean 1.0490 (best 1.0715)  sps  8981  std [0.25  0.291]
up  820 steps   8.44M  ret  4.192  apex 1.049  det h(26.25) 1.051 mean 1.0509 (best 1.0715)  sps  9159  std [0.25  0.279]
up  830 steps   8.52M  ret  4.184  apex 1.049  det h(26.25) 1.055 mean 1.0551 (best 1.0715)  sps  9121  std [0.254 0.278]
up  840 steps   8.60M  ret  4.218  apex 1.056  det h(26.25) 1.058 mean 1.0582 (best 1.0715)  sps  9101  std [0.25  0.283]
up  850 steps   8.68M  ret  4.251  apex 1.061  det h(26.25) 1.065 mean 1.0646 (best 1.0715)  sps  9067  std [0.25  0.265]
up  860 steps   8.77M  ret  4.270  apex 1.067  det h(26.25) 1.065 mean 1.0650 (best 1.0715)  sps  9023  std [0.253 0.267]
up  870 steps   8.85M  ret  4.245  apex 1.061  det h(26.25) 1.064 mean 1.0642 (best 1.0715)  sps  9072  std [0.25  0.265]
up  880 steps   8.93M  ret  3.823  apex 1.066  det h(26.25) 1.070 mean 1.0696 (best 1.0715)  sps  9143  std [0.258 0.274]
up  890 steps   9.01M  ret  4.144  apex 1.067  det h(26.25) 1.074 mean 1.0742 (best 1.0742)  sps  8882  std [0.274 0.276]
up  900 steps   9.09M  ret  4.286  apex 1.071  det h(26.25) 1.073 mean 1.0734 (best 1.0742)  sps  9004  std [0.259 0.28 ]
up  910 steps   9.18M  ret  4.248  apex 1.064  det h(26.25) 1.085 mean 1.0848 (best 1.0848)  sps  8879  std [0.252 0.273]
up  920 steps   9.26M  ret  4.285  apex 1.083  det h(26.25) 1.078 mean 1.0782 (best 1.0848)  sps  9030  std [0.257 0.267]
up  930 steps   9.34M  ret  4.246  apex 1.076  det h(26.25) 1.083 mean 1.0832 (best 1.0848)  sps  9022  std [0.255 0.261]
up  940 steps   9.42M  ret  4.190  apex 1.081  det h(26.25) 1.080 mean 1.0797 (best 1.0848)  sps  8982  std [0.253 0.26 ]
up  950 steps   9.50M  ret  4.142  apex 1.080  det h(26.25) 1.079 mean 1.0786 (best 1.0848)  sps  9075  std [0.258 0.268]
up  960 steps   9.58M  ret  4.031  apex 1.079  det h(26.25) 1.083 mean 1.0830 (best 1.0848)  sps  9125  std [0.266 0.295]
up  970 steps   9.67M  ret  3.171  apex 1.086  det h(26.25) 1.086 mean 1.0860 (best 1.0860)  sps  9162  std [0.256 0.3  ]
up  980 steps   9.75M  ret  4.003  apex 1.082  det h(26.25) 1.079 mean 1.0786 (best 1.0860)  sps  9145  std [0.253 0.313]
up  990 steps   9.83M  ret  4.160  apex 1.073  det h(26.25) 1.070 mean 1.0696 (best 1.0860)  sps  9119  std [0.25  0.304]
up 1000 steps   9.91M  ret  4.200  apex 1.068  det h(26.25) 1.065 mean 1.0653 (best 1.0860)  sps  9070  std [0.25 0.3 ]
up 1010 steps   9.99M  ret  4.130  apex 1.062  det h(26.25) 1.066 mean 1.0659 (best 1.0860)  sps  9030  std [0.253 0.293]
up 1020 steps  10.08M  ret  4.218  apex 1.059  det h(26.25) 1.063 mean 1.0634 (best 1.0860)  sps  9088  std [0.25  0.276]
up 1030 steps  10.16M  ret  4.226  apex 1.059  det h(26.25) 1.064 mean 1.0637 (best 1.0860)  sps  9104  std [0.251 0.267]
up 1040 steps  10.24M  ret  4.302  apex 1.071  det h(26.25) 1.073 mean 1.0734 (best 1.0860)  sps  9035  std [0.252 0.258]
up 1050 steps  10.32M  ret  4.307  apex 1.073  det h(26.25) 1.075 mean 1.0753 (best 1.0860)  sps  9008  std [0.25  0.252]
up 1060 steps  10.40M  ret  4.250  apex 1.078  det h(26.25) 1.081 mean 1.0815 (best 1.0860)  sps  9064  std [0.253 0.253]
up 1070 steps  10.49M  ret  4.274  apex 1.081  det h(26.25) 1.080 mean 1.0803 (best 1.0860)  sps  9092  std [0.25  0.264]
up 1080 steps  10.57M  ret  4.301  apex 1.081  det h(26.25) 1.079 mean 1.0793 (best 1.0860)  sps  9042  std [0.25  0.259]
up 1090 steps  10.65M  ret  4.311  apex 1.079  det h(26.25) 1.076 mean 1.0763 (best 1.0860)  sps  9076  std [0.25  0.251]
up 1100 steps  10.73M  ret  4.290  apex 1.071  det h(26.25) 1.071 mean 1.0714 (best 1.0860)  sps  9141  std [0.25 0.25]
up 1110 steps  10.81M  ret  4.287  apex 1.077  det h(26.25) 1.081 mean 1.0805 (best 1.0860)  sps  9251  std [0.25 0.25]
up 1120 steps  10.90M  ret  4.259  apex 1.076  det h(26.25) 1.074 mean 1.0743 (best 1.0860)  sps  9030  std [0.258 0.255]
up 1130 steps  10.98M  ret  4.279  apex 1.073  det h(26.25) 1.076 mean 1.0756 (best 1.0860)  sps  9042  std [0.25 0.25]
up 1140 steps  11.06M  ret  4.292  apex 1.068  det h(26.25) 1.072 mean 1.0721 (best 1.0860)  sps  9034  std [0.252 0.25 ]
up 1150 steps  11.14M  ret  4.319  apex 1.073  det h(26.25) 1.076 mean 1.0757 (best 1.0860)  sps  9084  std [0.25 0.25]
up 1160 steps  11.22M  ret  4.304  apex 1.073  det h(26.25) 1.071 mean 1.0706 (best 1.0860)  sps  9065  std [0.25  0.253]
up 1170 steps  11.30M  ret  4.301  apex 1.072  det h(26.25) 1.071 mean 1.0713 (best 1.0860)  sps  9008  std [0.25 0.25]
up 1180 steps  11.39M  ret  4.309  apex 1.072  det h(26.25) 1.072 mean 1.0723 (best 1.0860)  sps  8962  std [0.251 0.25 ]
up 1190 steps  11.47M  ret  4.284  apex 1.071  det h(26.25) 1.073 mean 1.0726 (best 1.0860)  sps  8788  std [0.251 0.26 ]
up 1200 steps  11.55M  ret  4.269  apex 1.064  det h(26.25) 1.058 mean 1.0577 (best 1.0860)  sps  9119  std [0.253 0.259]
up 1210 steps  11.63M  ret  4.245  apex 1.060  det h(26.25) 1.061 mean 1.0606 (best 1.0860)  sps  9080  std [0.25 0.25]
up 1220 steps  11.71M  ret  4.257  apex 1.065  det h(26.25) 1.070 mean 1.0703 (best 1.0860)  sps  8947  std [0.253 0.25 ]
up 1230 steps  11.80M  ret  4.270  apex 1.066  det h(26.25) 1.067 mean 1.0671 (best 1.0860)  sps  9095  std [0.25  0.254]
up 1240 steps  11.88M  ret  4.238  apex 1.067  det h(26.25) 1.066 mean 1.0657 (best 1.0860)  sps  9092  std [0.257 0.266]
up 1250 steps  11.96M  ret  4.230  apex 1.066  det h(26.25) 1.065 mean 1.0653 (best 1.0860)  sps  8992  std [0.25  0.262]
up 1260 steps  12.04M  ret  4.193  apex 1.067  det h(26.25) 1.069 mean 1.0691 (best 1.0860)  sps  9078  std [0.254 0.259]
up 1270 steps  12.12M  ret  4.243  apex 1.066  det h(26.25) 1.073 mean 1.0733 (best 1.0860)  sps  9055  std [0.259 0.258]
up 1280 steps  12.21M  ret  4.251  apex 1.071  det h(26.25) 1.065 mean 1.0649 (best 1.0860)  sps  9143  std [0.252 0.251]
up 1290 steps  12.29M  ret  4.243  apex 1.063  det h(26.25) 1.059 mean 1.0595 (best 1.0860)  sps  9085  std [0.25 0.25]
up 1300 steps  12.37M  ret  4.218  apex 1.060  det h(26.25) 1.062 mean 1.0621 (best 1.0860)  sps  9010  std [0.25  0.255]
up 1310 steps  12.45M  ret  4.247  apex 1.060  det h(26.25) 1.063 mean 1.0630 (best 1.0860)  sps  9078  std [0.251 0.251]
up 1320 steps  12.53M  ret  4.256  apex 1.061  det h(26.25) 1.061 mean 1.0613 (best 1.0860)  sps  9083  std [0.25 0.25]
up 1330 steps  12.62M  ret  4.261  apex 1.063  det h(26.25) 1.068 mean 1.0676 (best 1.0860)  sps  8970  std [0.25  0.255]
up 1340 steps  12.70M  ret  4.230  apex 1.064  det h(26.25) 1.063 mean 1.0633 (best 1.0860)  sps  8954  std [0.258 0.255]
up 1350 steps  12.78M  ret  4.242  apex 1.063  det h(26.25) 1.058 mean 1.0584 (best 1.0860)  sps  9061  std [0.282 0.282]
up 1360 steps  12.86M  ret  4.121  apex 1.046  det h(26.25) 1.046 mean 1.0465 (best 1.0860)  sps  8936  std [0.289 0.293]
up 1370 steps  12.94M  ret  4.162  apex 1.046  det h(26.25) 1.046 mean 1.0460 (best 1.0860)  sps  9097  std [0.285 0.296]
up 1380 steps  13.03M  ret  4.173  apex 1.050  det h(26.25) 1.050 mean 1.0501 (best 1.0860)  sps  9061  std [0.279 0.301]
up 1390 steps  13.11M  ret  4.210  apex 1.054  det h(26.25) 1.056 mean 1.0561 (best 1.0860)  sps  9118  std [0.262 0.298]
up 1400 steps  13.19M  ret  4.237  apex 1.058  det h(26.25) 1.063 mean 1.0629 (best 1.0860)  sps  9127  std [0.251 0.285]
up 1410 steps  13.27M  ret  4.264  apex 1.065  det h(26.25) 1.068 mean 1.0681 (best 1.0860)  sps  9108  std [0.25  0.275]
up 1420 steps  13.35M  ret  4.262  apex 1.063  det h(26.25) 1.062 mean 1.0619 (best 1.0860)  sps  9053  std [0.25  0.262]
up 1430 steps  13.43M  ret  4.277  apex 1.064  det h(26.25) 1.065 mean 1.0651 (best 1.0860)  sps  9053  std [0.25 0.25]
up 1440 steps  13.52M  ret  4.267  apex 1.064  det h(26.25) 1.065 mean 1.0653 (best 1.0860)  sps  9077  std [0.25 0.25]
up 1450 steps  13.60M  ret  4.279  apex 1.067  det h(26.25) 1.068 mean 1.0681 (best 1.0860)  sps  8956  std [0.253 0.255]
up 1460 steps  13.68M  ret  4.270  apex 1.067  det h(26.25) 1.066 mean 1.0662 (best 1.0860)  sps  9082  std [0.25  0.253]
up 1470 steps  13.76M  ret  4.249  apex 1.064  det h(26.25) 1.066 mean 1.0658 (best 1.0860)  sps  9041  std [0.25 0.25]
up 1480 steps  13.84M  ret  4.267  apex 1.069  det h(26.25) 1.068 mean 1.0680 (best 1.0860)  sps  9032  std [0.261 0.25 ]
up 1490 steps  13.93M  ret  4.209  apex 1.068  det h(26.25) 1.068 mean 1.0681 (best 1.0860)  sps  9146  std [0.254 0.253]
up 1500 steps  14.01M  ret  4.263  apex 1.067  det h(26.25) 1.063 mean 1.0632 (best 1.0860)  sps  8944  std [0.25  0.261]
up 1510 steps  14.09M  ret  4.253  apex 1.064  det h(26.25) 1.065 mean 1.0651 (best 1.0860)  sps  9122  std [0.251 0.267]
up 1520 steps  14.17M  ret  4.255  apex 1.064  det h(26.25) 1.066 mean 1.0659 (best 1.0860)  sps  9048  std [0.253 0.267]
up 1530 steps  14.25M  ret  4.269  apex 1.065  det h(26.25) 1.067 mean 1.0667 (best 1.0860)  sps  9084  std [0.25 0.27]
up 1540 steps  14.34M  ret  4.247  apex 1.066  det h(26.25) 1.068 mean 1.0678 (best 1.0860)  sps  9091  std [0.255 0.282]
up 1550 steps  14.42M  ret  4.278  apex 1.066  det h(26.25) 1.062 mean 1.0617 (best 1.0860)  sps  9075  std [0.253 0.278]
up 1560 steps  14.50M  ret  4.236  apex 1.058  det h(26.25) 1.057 mean 1.0573 (best 1.0860)  sps  9014  std [0.251 0.278]
up 1570 steps  14.58M  ret  4.221  apex 1.054  det h(26.25) 1.057 mean 1.0568 (best 1.0860)  sps  9069  std [0.254 0.268]
up 1580 steps  14.66M  ret  4.251  apex 1.060  det h(26.25) 1.063 mean 1.0635 (best 1.0860)  sps  9114  std [0.25  0.259]
up 1590 steps  14.75M  ret  4.253  apex 1.062  det h(26.25) 1.060 mean 1.0602 (best 1.0860)  sps  9047  std [0.251 0.255]
up 1600 steps  14.83M  ret  4.221  apex 1.057  det h(26.25) 1.056 mean 1.0562 (best 1.0860)  sps  9041  std [0.253 0.261]
up 1610 steps  14.91M  ret  4.209  apex 1.053  det h(26.25) 1.056 mean 1.0560 (best 1.0860)  sps  9089  std [0.25  0.263]
up 1620 steps  14.99M  ret  4.218  apex 1.055  det h(26.25) 1.059 mean 1.0592 (best 1.0860)  sps  9079  std [0.25  0.263]
up 1630 steps  15.07M  ret  4.250  apex 1.061  det h(26.25) 1.064 mean 1.0644 (best 1.0860)  sps  9066  std [0.25  0.267]
up 1640 steps  15.16M  ret  4.266  apex 1.065  det h(26.25) 1.069 mean 1.0685 (best 1.0860)  sps  8994  std [0.251 0.263]
up 1650 steps  15.24M  ret  4.235  apex 1.067  det h(26.25) 1.063 mean 1.0634 (best 1.0860)  sps  9068  std [0.251 0.263]
up 1660 steps  15.32M  ret  4.248  apex 1.063  det h(26.25) 1.063 mean 1.0628 (best 1.0860)  sps  9164  std [0.25  0.277]
up 1670 steps  15.40M  ret  4.247  apex 1.061  det h(26.25) 1.063 mean 1.0629 (best 1.0860)  sps  9021  std [0.25  0.275]
up 1680 steps  15.48M  ret  4.279  apex 1.068  det h(26.25) 1.071 mean 1.0709 (best 1.0860)  sps  9139  std [0.25  0.285]
up 1690 steps  15.56M  ret  4.280  apex 1.070  det h(26.25) 1.072 mean 1.0716 (best 1.0860)  sps  9005  std [0.25  0.285]
up 1700 steps  15.65M  ret  4.256  apex 1.069  det h(26.25) 1.066 mean 1.0662 (best 1.0860)  sps  9024  std [0.25  0.289]
up 1710 steps  15.73M  ret  4.232  apex 1.069  det h(26.25) 1.066 mean 1.0656 (best 1.0860)  sps  8899  std [0.25  0.297]
up 1720 steps  15.81M  ret  4.233  apex 1.064  det h(26.25) 1.064 mean 1.0642 (best 1.0860)  sps  9144  std [0.25  0.291]
up 1730 steps  15.89M  ret  4.273  apex 1.068  det h(26.25) 1.072 mean 1.0718 (best 1.0860)  sps  9055  std [0.25  0.288]
up 1740 steps  15.97M  ret  4.291  apex 1.073  det h(26.25) 1.075 mean 1.0747 (best 1.0860)  sps  9088  std [0.25  0.281]
up 1750 steps  16.06M  ret  4.298  apex 1.072  det h(26.25) 1.071 mean 1.0714 (best 1.0860)  sps  9139  std [0.251 0.287]
up 1760 steps  16.14M  ret  4.296  apex 1.074  det h(26.25) 1.073 mean 1.0729 (best 1.0860)  sps  9081  std [0.251 0.302]
up 1770 steps  16.22M  ret  4.304  apex 1.073  det h(26.25) 1.072 mean 1.0725 (best 1.0860)  sps  9121  std [0.252 0.299]
up 1780 steps  16.30M  ret  4.299  apex 1.072  det h(26.25) 1.076 mean 1.0758 (best 1.0860)  sps  9169  std [0.25  0.289]
up 1790 steps  16.38M  ret  4.278  apex 1.073  det h(26.25) 1.077 mean 1.0767 (best 1.0860)  sps  9114  std [0.255 0.288]
up 1800 steps  16.47M  ret  4.091  apex 1.078  det h(26.25) 1.078 mean 1.0776 (best 1.0860)  sps  9162  std [0.274 0.305]
up 1810 steps  16.55M  ret  4.289  apex 1.077  det h(26.25) 1.077 mean 1.0771 (best 1.0860)  sps  9202  std [0.25  0.305]
up 1820 steps  16.63M  ret  4.276  apex 1.077  det h(26.25) 1.078 mean 1.0779 (best 1.0860)  sps  9183  std [0.25  0.309]
up 1830 steps  16.71M  ret  4.269  apex 1.078  det h(26.25) 1.079 mean 1.0787 (best 1.0860)  sps  9076  std [0.25  0.301]
up 1840 steps  16.79M  ret  4.237  apex 1.080  det h(26.25) 1.076 mean 1.0761 (best 1.0860)  sps  9077  std [0.25  0.314]
up 1850 steps  16.88M  ret  3.414  apex 1.074  det h(26.25) 1.078 mean 1.0785 (best 1.0860)  sps  9071  std [0.25  0.344]
up 1860 steps  16.96M  ret  4.246  apex 1.072  det h(26.25) 1.074 mean 1.0745 (best 1.0860)  sps  9078  std [0.25  0.342]
up 1870 steps  17.04M  ret  4.265  apex 1.077  det h(26.25) 1.079 mean 1.0788 (best 1.0860)  sps  9091  std [0.252 0.348]
up 1880 steps  17.12M  ret  4.246  apex 1.074  det h(26.25) 1.075 mean 1.0747 (best 1.0860)  sps  9078  std [0.253 0.342]
up 1890 steps  17.20M  ret  4.275  apex 1.073  det h(26.25) 1.071 mean 1.0707 (best 1.0860)  sps  9132  std [0.251 0.335]
up 1900 steps  17.29M  ret  4.251  apex 1.071  det h(26.25) 1.071 mean 1.0706 (best 1.0860)  sps  9139  std [0.253 0.34 ]
up 1910 steps  17.37M  ret  4.257  apex 1.071  det h(26.25) 1.074 mean 1.0740 (best 1.0860)  sps  9036  std [0.25  0.316]
up 1920 steps  17.45M  ret  4.257  apex 1.079  det h(26.25) 1.079 mean 1.0786 (best 1.0860)  sps  9137  std [0.251 0.321]
up 1930 steps  17.53M  ret  4.319  apex 1.079  det h(26.25) 1.080 mean 1.0803 (best 1.0860)  sps  9053  std [0.252 0.305]
up 1940 steps  17.61M  ret  4.267  apex 1.081  det h(26.25) 1.082 mean 1.0819 (best 1.0860)  sps  9200  std [0.25  0.305]
up 1950 steps  17.69M  ret  4.317  apex 1.078  det h(26.25) 1.074 mean 1.0743 (best 1.0860)  sps  9168  std [0.252 0.302]
up 1960 steps  17.78M  ret  4.308  apex 1.075  det h(26.25) 1.074 mean 1.0742 (best 1.0860)  sps  9142  std [0.251 0.295]
up 1970 steps  17.86M  ret  4.262  apex 1.074  det h(26.25) 1.073 mean 1.0727 (best 1.0860)  sps  8964  std [0.26  0.289]
up 1980 steps  17.94M  ret  4.255  apex 1.070  det h(26.25) 1.071 mean 1.0707 (best 1.0860)  sps  9082  std [0.262 0.288]
up 1990 steps  18.02M  ret  4.287  apex 1.072  det h(26.25) 1.074 mean 1.0741 (best 1.0860)  sps  9096  std [0.25  0.285]
up 2000 steps  18.10M  ret  4.303  apex 1.076  det h(26.25) 1.077 mean 1.0774 (best 1.0860)  sps  9081  std [0.25  0.284]
up 2010 steps  18.19M  ret  4.324  apex 1.075  det h(26.25) 1.078 mean 1.0783 (best 1.0860)  sps  9115  std [0.25  0.274]
up 2020 steps  18.27M  ret  4.320  apex 1.076  det h(26.25) 1.075 mean 1.0745 (best 1.0860)  sps  9117  std [0.25  0.267]
up 2030 steps  18.35M  ret  4.310  apex 1.074  det h(26.25) 1.075 mean 1.0749 (best 1.0860)  sps  9095  std [0.25  0.255]
up 2040 steps  18.43M  ret  4.264  apex 1.072  det h(26.25) 1.073 mean 1.0731 (best 1.0860)  sps  9085  std [0.25  0.252]
up 2050 steps  18.51M  ret  4.259  apex 1.070  det h(26.25) 1.068 mean 1.0682 (best 1.0860)  sps  9128  std [0.25  0.259]
up 2060 steps  18.60M  ret  4.265  apex 1.065  det h(26.25) 1.067 mean 1.0670 (best 1.0860)  sps  9103  std [0.25  0.267]
up 2070 steps  18.68M  ret  4.239  apex 1.069  det h(26.25) 1.068 mean 1.0683 (best 1.0860)  sps  9092  std [0.252 0.258]
up 2080 steps  18.76M  ret  4.252  apex 1.074  det h(26.25) 1.072 mean 1.0724 (best 1.0860)  sps  9101  std [0.251 0.276]
up 2090 steps  18.84M  ret  4.245  apex 1.074  det h(26.25) 1.073 mean 1.0733 (best 1.0860)  sps  9065  std [0.253 0.285]
up 2100 steps  18.92M  ret  4.298  apex 1.072  det h(26.25) 1.076 mean 1.0765 (best 1.0860)  sps  9090  std [0.25  0.276]
up 2110 steps  19.01M  ret  4.234  apex 1.076  det h(26.25) 1.078 mean 1.0778 (best 1.0860)  sps  9060  std [0.25  0.276]
early stop: plateau (best 1.0848 이후 120회 미개선)
done — steps 19005440 wall 32.6min best_h 1.0860 (plateau (best 1.0848 이후 120회 미개선))
curve saved: t0wc_ppo_curve_lifix26p25_long_1ms.png
===== t0_rollout_long.py fix:26.25:1 =====
warm-start from previous mshoot best
warm-start from previous fourbar best
setup done [2s] — clip=25.581 law=(-0.3823, 0.6301, 7.2968) c_cvt=0.7926 k_rise=0.2656 tm=1.31ms n429=10
  golden A — 0429/60_0.75_60_2    : dq2 RMSE=1.8560
  golden A — 0429/60_1.5_60_1.5   : dq2 RMSE=2.1339
  golden A — 0429/90_0.75_90_2    : dq2 RMSE=2.3594
  golden A — 0429/90_1.5_90_2.5   : dq2 RMSE=2.3440
  golden A — 0429/120_2_120_2     : dq2 RMSE=2.4115
  golden A — 0429/120_2.2_150_2.5 : dq2 RMSE=2.4855
  golden A — 0429/120_2.2_200_2.8 : dq2 RMSE=2.3865
  golden A — 0429/150_2.2_250_3   : dq2 RMSE=3.3899
  golden A — 0429/150_2.2_350_3.5 : dq2 RMSE=3.7922
  golden A — 0429/150_2.2_500_4   : dq2 RMSE=2.8979
  golden A — session mean 2.6057 (canonical 2.6057) PASS
  golden B — 0429/60_0.75_60_2 env vs cl_run23(is_cvt, l_i=25.08, clip=25.581) max|Δ|=0.000e+00 PASS
GOLDEN PASS (A: 0429 재생 세션평균 / B: env CVT 스텝 비트일치, clip=25.581)
[final] l_i= 26.25mm  h=1.0778  audit=PASS  stance=0.129s  내삽
[best] l_i= 26.25mm  h=1.0860  audit=PASS  stance=0.130s  내삽

l_i* = 26.25 mm (best ckpt)  h=1.0860 m  pass_all=True  extrapolated=False
saved: t0wc_ppo_lifix26p25_long_1ms.npz / t0wc_ppo_audit_lifix26p25_long_1ms.json [1s]
===== t0_train_long.py fix:26.25:0.5 =====
warm-start from previous mshoot best
warm-start from previous fourbar best
setup done [2s] — clip=25.581 law=(-0.3823, 0.6301, 7.2968) c_cvt=0.7926 k_rise=0.2656 tm=1.31ms n429=10
  golden A — 0429/60_0.75_60_2    : dq2 RMSE=1.8560
  golden A — 0429/60_1.5_60_1.5   : dq2 RMSE=2.1339
  golden A — 0429/90_0.75_90_2    : dq2 RMSE=2.3594
  golden A — 0429/90_1.5_90_2.5   : dq2 RMSE=2.3440
  golden A — 0429/120_2_120_2     : dq2 RMSE=2.4115
  golden A — 0429/120_2.2_150_2.5 : dq2 RMSE=2.4855
  golden A — 0429/120_2.2_200_2.8 : dq2 RMSE=2.3865
  golden A — 0429/150_2.2_250_3   : dq2 RMSE=3.3899
  golden A — 0429/150_2.2_350_3.5 : dq2 RMSE=3.7922
  golden A — 0429/150_2.2_500_4   : dq2 RMSE=2.8979
  golden A — session mean 2.6057 (canonical 2.6057) PASS
  golden B — 0429/60_0.75_60_2 env vs cl_run23(is_cvt, l_i=25.08, clip=25.581) max|Δ|=0.000e+00 PASS
GOLDEN PASS (A: 0429 재생 세션평균 / B: env CVT 스텝 비트일치, clip=25.581)
[dev] NVIDIA GeForce RTX 5080 (hid 128): 400 mb-updates cpu 0.256s / gpu 0.265s → 2x128 넷이 작아 CPU가 빠름 (물리 스텝이 병목) — CPU 사용
[bc] teacher t0wc_cl_liopt.npz (li=26.25): 1200 pairs, replay apex=1.104 (teacher h=1.123)
[bc] fit: MSE 0.3309 → 0.000513 (4000 iters)
[bc] det-eval h: {'26.25': 0.9475}
warm-start from previous mshoot best
warm-start from previous fourbar best
warm-start from previous mshoot best
warm-start from previous fourbar best
warm-start from previous mshoot best
warm-start from previous fourbar best
warm-start from previous mshoot best
warm-start from previous fourbar best
warm-start from previous mshoot best
warm-start from previous fourbar best
warm-start from previous mshoot best
warm-start from previous fourbar best
warm-start from previous mshoot best
warm-start from previous fourbar best
warm-start from previous mshoot best
warm-start from previous fourbar best
setup done [3s] — clip=25.581 law=(-0.3823, 0.6301, 7.2968) c_cvt=0.7926 k_rise=0.2656 tm=1.31ms n429=10
setup done [3s] — clip=25.581 law=(-0.3823, 0.6301, 7.2968) c_cvt=0.7926 k_rise=0.2656 tm=1.31ms n429=10
setup done [3s] — clip=25.581 law=(-0.3823, 0.6301, 7.2968) c_cvt=0.7926 k_rise=0.2656 tm=1.31ms n429=10
setup done [3s] — clip=25.581 law=(-0.3823, 0.6301, 7.2968) c_cvt=0.7926 k_rise=0.2656 tm=1.31ms n429=10
setup done [3s] — clip=25.581 law=(-0.3823, 0.6301, 7.2968) c_cvt=0.7926 k_rise=0.2656 tm=1.31ms n429=10
setup done [3s] — clip=25.581 law=(-0.3823, 0.6301, 7.2968) c_cvt=0.7926 k_rise=0.2656 tm=1.31ms n429=10
setup done [3s] — clip=25.581 law=(-0.3823, 0.6301, 7.2968) c_cvt=0.7926 k_rise=0.2656 tm=1.31ms n429=10
setup done [3s] — clip=25.581 law=(-0.3823, 0.6301, 7.2968) c_cvt=0.7926 k_rise=0.2656 tm=1.31ms n429=10
[mp] 8 workers × 2 envs = 16 — ready [15s]
PPO start — 11718 updates × batch 8192 (dev cpu, clip=25.581)
up   10 steps   0.08M  ret -0.073  apex 0.508  det h(26.25) 0.947 mean 0.9475 (best 0.9475)  sps 14150  std [0.4 0.4]  [VF-warm]
up   20 steps   0.16M  ret -0.131  apex 0.523  det h(26.25) 0.947 mean 0.9475 (best 0.9475)  sps 14108  std [0.4 0.4]  [VF-warm]
up   30 steps   0.25M  ret  0.078  apex 0.532  det h(26.25) 0.679 mean 0.6791 (best 0.9475)  sps  9456  std [0.395 0.392]
up   40 steps   0.33M  ret  0.497  apex 0.523  det h(26.25) 0.773 mean 0.7734 (best 0.9475)  sps  9471  std [0.404 0.393]
up   50 steps   0.41M  ret  0.229  apex 0.542  det h(26.25) 0.558 mean 0.5577 (best 0.9475)  sps  9489  std [0.415 0.388]
up   60 steps   0.49M  ret  1.071  apex 0.539  det h(26.25) 0.654 mean 0.6544 (best 0.9475)  sps  9509  std [0.407 0.382]
up   70 steps   0.57M  ret  1.424  apex 0.544  det h(26.25) 0.675 mean 0.6745 (best 0.9475)  sps  9456  std [0.404 0.365]
up   80 steps   0.66M  ret  1.886  apex 0.603  det h(26.25) 0.714 mean 0.7136 (best 0.9475)  sps  9501  std [0.377 0.343]
up   90 steps   0.74M  ret  2.268  apex 0.670  det h(26.25) 0.764 mean 0.7636 (best 0.9475)  sps  9509  std [0.367 0.312]
up  100 steps   0.82M  ret  2.573  apex 0.735  det h(26.25) 0.764 mean 0.7641 (best 0.9475)  sps  9562  std [0.357 0.293]
up  110 steps   0.90M  ret  2.590  apex 0.744  det h(26.25) 0.790 mean 0.7896 (best 0.9475)  sps  9521  std [0.351 0.291]
up  120 steps   0.98M  ret  2.605  apex 0.763  det h(26.25) 0.802 mean 0.8023 (best 0.9475)  sps  9496  std [0.347 0.29 ]
up  130 steps   1.06M  ret  2.421  apex 0.766  det h(26.25) 0.815 mean 0.8154 (best 0.9475)  sps  9521  std [0.35  0.309]
up  140 steps   1.15M  ret  2.451  apex 0.766  det h(26.25) 0.825 mean 0.8251 (best 0.9475)  sps  9596  std [0.338 0.29 ]
up  150 steps   1.23M  ret  2.490  apex 0.766  det h(26.25) 0.829 mean 0.8287 (best 0.9475)  sps  9606  std [0.336 0.297]
up  160 steps   1.31M  ret  2.560  apex 0.766  det h(26.25) 0.848 mean 0.8484 (best 0.9475)  sps  9525  std [0.33  0.303]
up  170 steps   1.39M  ret  2.638  apex 0.766  det h(26.25) 0.860 mean 0.8602 (best 0.9475)  sps  9612  std [0.332 0.305]
up  180 steps   1.47M  ret  3.000  apex 0.827  det h(26.25) 0.861 mean 0.8608 (best 0.9475)  sps  9557  std [0.32  0.295]
up  190 steps   1.56M  ret  3.163  apex 0.854  det h(26.25) 0.865 mean 0.8649 (best 0.9475)  sps  9504  std [0.309 0.305]
up  200 steps   1.64M  ret  3.156  apex 0.855  det h(26.25) 0.789 mean 0.7892 (best 0.9475)  sps  9423  std [0.313 0.3  ]
up  210 steps   1.72M  ret  2.957  apex 0.813  det h(26.25) 0.801 mean 0.8007 (best 0.9475)  sps  9555  std [0.332 0.309]
up  220 steps   1.80M  ret  2.913  apex 0.799  det h(26.25) 0.808 mean 0.8084 (best 0.9475)  sps  9605  std [0.317 0.302]
up  230 steps   1.88M  ret  2.918  apex 0.803  det h(26.25) 0.803 mean 0.8032 (best 0.9475)  sps  9578  std [0.32  0.315]
up  240 steps   1.97M  ret  2.914  apex 0.799  det h(26.25) 0.808 mean 0.8082 (best 0.9475)  sps  9534  std [0.302 0.303]
up  250 steps   2.05M  ret  2.935  apex 0.803  det h(26.25) 0.826 mean 0.8258 (best 0.9475)  sps  9595  std [0.291 0.277]
up  260 steps   2.13M  ret  3.023  apex 0.820  det h(26.25) 0.838 mean 0.8383 (best 0.9475)  sps  9583  std [0.281 0.254]
up  270 steps   2.21M  ret  3.034  apex 0.827  det h(26.25) 0.782 mean 0.7819 (best 0.9475)  sps  9632  std [0.283 0.253]
up  280 steps   2.29M  ret  2.829  apex 0.786  det h(26.25) 0.794 mean 0.7941 (best 0.9475)  sps  9499  std [0.288 0.253]
up  290 steps   2.38M  ret  2.475  apex 0.786  det h(26.25) 0.797 mean 0.7972 (best 0.9475)  sps  9506  std [0.287 0.268]
up  300 steps   2.46M  ret  2.664  apex 0.790  det h(26.25) 0.792 mean 0.7924 (best 0.9475)  sps  9572  std [0.279 0.264]
up  310 steps   2.54M  ret  2.840  apex 0.785  det h(26.25) 0.770 mean 0.7704 (best 0.9475)  sps  9546  std [0.282 0.266]
up  320 steps   2.62M  ret  2.779  apex 0.774  det h(26.25) 0.786 mean 0.7855 (best 0.9475)  sps  9594  std [0.313 0.275]
up  330 steps   2.70M  ret  2.826  apex 0.784  det h(26.25) 0.799 mean 0.7993 (best 0.9475)  sps  9415  std [0.281 0.268]
up  340 steps   2.79M  ret  2.467  apex 0.787  det h(26.25) 0.802 mean 0.8024 (best 0.9475)  sps  9462  std [0.305 0.302]
up  350 steps   2.87M  ret  2.476  apex 0.790  det h(26.25) 0.790 mean 0.7901 (best 0.9475)  sps  9496  std [0.318 0.316]
up  360 steps   2.95M  ret  2.543  apex 0.792  det h(26.25) 0.801 mean 0.8006 (best 0.9475)  sps  9453  std [0.322 0.32 ]
up  370 steps   3.03M  ret  2.440  apex 0.792  det h(26.25) 0.814 mean 0.8144 (best 0.9475)  sps  9596  std [0.323 0.332]
up  380 steps   3.11M  ret  2.510  apex 0.792  det h(26.25) 0.823 mean 0.8232 (best 0.9475)  sps  9475  std [0.316 0.324]
up  390 steps   3.19M  ret  2.614  apex 0.798  det h(26.25) 0.829 mean 0.8294 (best 0.9475)  sps  9460  std [0.317 0.341]
up  400 steps   3.28M  ret  2.642  apex 0.806  det h(26.25) 0.853 mean 0.8532 (best 0.9475)  sps  9424  std [0.303 0.36 ]
up  410 steps   3.36M  ret  2.724  apex 0.815  det h(26.25) 0.851 mean 0.8512 (best 0.9475)  sps  9543  std [0.316 0.338]
up  420 steps   3.44M  ret  2.649  apex 0.815  det h(26.25) 0.864 mean 0.8638 (best 0.9475)  sps  9455  std [0.317 0.335]
up  430 steps   3.52M  ret  2.729  apex 0.817  det h(26.25) 0.874 mean 0.8738 (best 0.9475)  sps  9388  std [0.316 0.334]
up  440 steps   3.60M  ret  2.723  apex 0.819  det h(26.25) 0.862 mean 0.8621 (best 0.9475)  sps  9478  std [0.298 0.337]
up  450 steps   3.69M  ret  2.748  apex 0.819  det h(26.25) 0.876 mean 0.8761 (best 0.9475)  sps  9535  std [0.274 0.316]
up  460 steps   3.77M  ret  2.918  apex 0.843  det h(26.25) 0.871 mean 0.8713 (best 0.9475)  sps  9432  std [0.272 0.302]
up  470 steps   3.85M  ret  3.161  apex 0.864  det h(26.25) 0.866 mean 0.8656 (best 0.9475)  sps  9542  std [0.269 0.312]
up  480 steps   3.93M  ret  3.121  apex 0.859  det h(26.25) 0.860 mean 0.8602 (best 0.9475)  sps  9642  std [0.27  0.325]
up  490 steps   4.01M  ret  2.757  apex 0.857  det h(26.25) 0.857 mean 0.8571 (best 0.9475)  sps  9417  std [0.273 0.323]
up  500 steps   4.10M  ret  2.824  apex 0.854  det h(26.25) 0.864 mean 0.8641 (best 0.9475)  sps  9585  std [0.26  0.351]
up  510 steps   4.18M  ret  2.833  apex 0.854  det h(26.25) 0.846 mean 0.8456 (best 0.9475)  sps  9576  std [0.267 0.363]
up  520 steps   4.26M  ret  3.019  apex 0.851  det h(26.25) 0.855 mean 0.8554 (best 0.9475)  sps  9574  std [0.264 0.372]
up  530 steps   4.34M  ret  3.010  apex 0.883  det h(26.25) 0.950 mean 0.9500 (best 0.9500)  sps  9591  std [0.286 0.401]
up  540 steps   4.42M  ret  3.359  apex 0.939  det h(26.25) 0.943 mean 0.9432 (best 0.9500)  sps  9527  std [0.293 0.411]
up  550 steps   4.51M  ret  3.605  apex 0.941  det h(26.25) 0.947 mean 0.9474 (best 0.9500)  sps  9556  std [0.28  0.404]
up  560 steps   4.59M  ret  3.652  apex 0.951  det h(26.25) 0.961 mean 0.9612 (best 0.9612)  sps  9709  std [0.271 0.383]
up  570 steps   4.67M  ret  3.705  apex 0.961  det h(26.25) 0.973 mean 0.9734 (best 0.9734)  sps  9584  std [0.25  0.389]
up  580 steps   4.75M  ret  3.737  apex 0.968  det h(26.25) 0.971 mean 0.9715 (best 0.9734)  sps  9624  std [0.252 0.382]
up  590 steps   4.83M  ret  3.738  apex 0.968  det h(26.25) 0.965 mean 0.9648 (best 0.9734)  sps  9646  std [0.25  0.359]
up  600 steps   4.92M  ret  3.716  apex 0.963  det h(26.25) 0.965 mean 0.9647 (best 0.9734)  sps  9683  std [0.251 0.356]
up  610 steps   5.00M  ret  3.709  apex 0.963  det h(26.25) 0.962 mean 0.9621 (best 0.9734)  sps  9374  std [0.25 0.34]
up  620 steps   5.08M  ret  3.695  apex 0.959  det h(26.25) 0.970 mean 0.9700 (best 0.9734)  sps  9554  std [0.25  0.321]
up  630 steps   5.16M  ret  3.746  apex 0.970  det h(26.25) 0.979 mean 0.9791 (best 0.9791)  sps  9461  std [0.255 0.318]
up  640 steps   5.24M  ret  3.725  apex 0.972  det h(26.25) 0.963 mean 0.9632 (best 0.9791)  sps  9495  std [0.264 0.314]
up  650 steps   5.32M  ret  3.733  apex 0.967  det h(26.25) 0.950 mean 0.9503 (best 0.9791)  sps  9576  std [0.261 0.32 ]
up  660 steps   5.41M  ret  3.636  apex 0.950  det h(26.25) 0.942 mean 0.9424 (best 0.9791)  sps  9590  std [0.259 0.323]
up  670 steps   5.49M  ret  3.623  apex 0.946  det h(26.25) 0.951 mean 0.9515 (best 0.9791)  sps  9455  std [0.25  0.311]
up  680 steps   5.57M  ret  3.659  apex 0.951  det h(26.25) 0.954 mean 0.9540 (best 0.9791)  sps  9551  std [0.25  0.294]
up  690 steps   5.65M  ret  3.664  apex 0.955  det h(26.25) 0.961 mean 0.9609 (best 0.9791)  sps  9425  std [0.25  0.278]
up  700 steps   5.73M  ret  3.681  apex 0.956  det h(26.25) 0.962 mean 0.9617 (best 0.9791)  sps  9539  std [0.25  0.268]
up  710 steps   5.82M  ret  3.687  apex 0.958  det h(26.25) 0.954 mean 0.9538 (best 0.9791)  sps  9549  std [0.25  0.276]
up  720 steps   5.90M  ret  3.659  apex 0.952  det h(26.25) 0.952 mean 0.9523 (best 0.9791)  sps  9520  std [0.25  0.258]
up  730 steps   5.98M  ret  3.655  apex 0.951  det h(26.25) 0.954 mean 0.9540 (best 0.9791)  sps  9637  std [0.258 0.25 ]
up  740 steps   6.06M  ret  3.669  apex 0.953  det h(26.25) 0.958 mean 0.9577 (best 0.9791)  sps  9537  std [0.25 0.25]
up  750 steps   6.14M  ret  3.700  apex 0.959  det h(26.25) 0.957 mean 0.9565 (best 0.9791)  sps  9415  std [0.255 0.252]
up  760 steps   6.23M  ret  3.678  apex 0.956  det h(26.25) 0.990 mean 0.9900 (best 0.9900)  sps  9639  std [0.25 0.25]
up  770 steps   6.31M  ret  3.809  apex 0.987  det h(26.25) 0.985 mean 0.9846 (best 0.9900)  sps  9557  std [0.26  0.257]
up  780 steps   6.39M  ret  2.761  apex 0.992  det h(26.25) 0.979 mean 0.9792 (best 0.9900)  sps  9465  std [0.271 0.276]
up  790 steps   6.47M  ret  2.885  apex 0.992  det h(26.25) 0.978 mean 0.9780 (best 0.9900)  sps  9472  std [0.278 0.275]
up  800 steps   6.55M  ret  3.418  apex 0.995  det h(26.25) 0.995 mean 0.9953 (best 0.9953)  sps  9534  std [0.279 0.257]
up  810 steps   6.64M  ret  3.652  apex 0.994  det h(26.25) 0.974 mean 0.9736 (best 0.9953)  sps  9436  std [0.291 0.268]
up  820 steps   6.72M  ret  3.777  apex 0.993  det h(26.25) 1.003 mean 1.0026 (best 1.0026)  sps  9460  std [0.268 0.25 ]
up  830 steps   6.80M  ret  3.913  apex 1.001  det h(26.25) 1.008 mean 1.0083 (best 1.0083)  sps  9514  std [0.25 0.25]
up  840 steps   6.88M  ret  3.791  apex 1.003  det h(26.25) 1.001 mean 1.0006 (best 1.0083)  sps  9573  std [0.263 0.277]
up  850 steps   6.96M  ret  3.688  apex 1.001  det h(26.25) 1.001 mean 1.0007 (best 1.0083)  sps  9512  std [0.27  0.297]
up  860 steps   7.05M  ret  3.882  apex 0.997  det h(26.25) 1.036 mean 1.0358 (best 1.0358)  sps  9502  std [0.271 0.292]
up  870 steps   7.13M  ret  1.039  apex 0.999  det h(26.25) 1.064 mean 1.0643 (best 1.0643)  sps  9501  std [0.285 0.284]
up  880 steps   7.21M  ret  1.046  apex 0.999  det h(26.25) 1.064 mean 1.0641 (best 1.0643)  sps  9490  std [0.305 0.288]
up  890 steps   7.29M  ret  1.063  apex 0.999  det h(26.25) 1.066 mean 1.0664 (best 1.0664)  sps  9417  std [0.32  0.295]
up  900 steps   7.37M  ret  1.091  apex 0.999  det h(26.25) 1.066 mean 1.0663 (best 1.0664)  sps  9472  std [0.322 0.296]
up  910 steps   7.45M  ret  1.116  apex 0.999  det h(26.25) 1.064 mean 1.0636 (best 1.0664)  sps  9477  std [0.339 0.302]
up  920 steps   7.54M  ret  1.151  apex 0.999  det h(26.25) 1.059 mean 1.0588 (best 1.0664)  sps  9467  std [0.334 0.303]
up  930 steps   7.62M  ret  1.177  apex 0.999  det h(26.25) 1.054 mean 1.0538 (best 1.0664)  sps  9506  std [0.329 0.313]
up  940 steps   7.70M  ret  1.196  apex 0.999  det h(26.25) 1.050 mean 1.0496 (best 1.0664)  sps  9519  std [0.316 0.318]
up  950 steps   7.78M  ret  1.234  apex 0.999  det h(26.25) 1.046 mean 1.0455 (best 1.0664)  sps  9512  std [0.298 0.311]
up  960 steps   7.86M  ret  1.259  apex 0.999  det h(26.25) 1.047 mean 1.0473 (best 1.0664)  sps  9623  std [0.296 0.315]
up  970 steps   7.95M  ret  1.286  apex 0.999  det h(26.25) 1.048 mean 1.0483 (best 1.0664)  sps  9443  std [0.284 0.329]
up  980 steps   8.03M  ret  1.375  apex 0.999  det h(26.25) 1.048 mean 1.0477 (best 1.0664)  sps  9526  std [0.273 0.322]
up  990 steps   8.11M  ret  1.444  apex 0.999  det h(26.25) 1.043 mean 1.0435 (best 1.0664)  sps  9517  std [0.258 0.336]
up 1000 steps   8.19M  ret  1.495  apex 0.999  det h(26.25) 1.041 mean 1.0410 (best 1.0664)  sps  9408  std [0.25  0.341]
up 1010 steps   8.27M  ret  1.516  apex 0.999  det h(26.25) 1.039 mean 1.0391 (best 1.0664)  sps  9432  std [0.255 0.362]
up 1020 steps   8.36M  ret  1.559  apex 0.999  det h(26.25) 1.033 mean 1.0328 (best 1.0664)  sps  9438  std [0.25  0.363]
up 1030 steps   8.44M  ret  1.616  apex 0.999  det h(26.25) 1.024 mean 1.0237 (best 1.0664)  sps  9585  std [0.25  0.346]
up 1040 steps   8.52M  ret  1.615  apex 0.999  det h(26.25) 1.017 mean 1.0171 (best 1.0664)  sps  9460  std [0.251 0.372]
up 1050 steps   8.60M  ret  1.667  apex 0.999  det h(26.25) 1.015 mean 1.0154 (best 1.0664)  sps  9442  std [0.25  0.362]
up 1060 steps   8.68M  ret  1.702  apex 0.999  det h(26.25) 1.013 mean 1.0125 (best 1.0664)  sps  9327  std [0.253 0.367]
up 1070 steps   8.77M  ret  1.749  apex 0.999  det h(26.25) 1.008 mean 1.0078 (best 1.0664)  sps  9085  std [0.251 0.373]
up 1080 steps   8.85M  ret  1.792  apex 0.999  det h(26.25) 1.000 mean 1.0000 (best 1.0664)  sps  9406  std [0.25  0.387]
up 1090 steps   8.93M  ret  1.814  apex 0.998  det h(26.25) 0.997 mean 0.9969 (best 1.0664)  sps  9521  std [0.252 0.39 ]
up 1100 steps   9.01M  ret  1.882  apex 0.998  det h(26.25) 0.995 mean 0.9947 (best 1.0664)  sps  9474  std [0.25  0.384]
up 1110 steps   9.09M  ret  3.039  apex 0.982  det h(26.25) 0.975 mean 0.9745 (best 1.0664)  sps  9471  std [0.25  0.393]
up 1120 steps   9.18M  ret  3.743  apex 0.970  det h(26.25) 0.971 mean 0.9707 (best 1.0664)  sps  9500  std [0.253 0.376]
up 1130 steps   9.26M  ret  3.738  apex 0.968  det h(26.25) 0.970 mean 0.9702 (best 1.0664)  sps  9602  std [0.25  0.366]
up 1140 steps   9.34M  ret  3.750  apex 0.971  det h(26.25) 0.972 mean 0.9724 (best 1.0664)  sps  9413  std [0.25  0.362]
up 1150 steps   9.42M  ret  3.740  apex 0.970  det h(26.25) 0.975 mean 0.9750 (best 1.0664)  sps  9422  std [0.25  0.334]
up 1160 steps   9.50M  ret  3.773  apex 0.974  det h(26.25) 0.974 mean 0.9737 (best 1.0664)  sps  9430  std [0.25 0.33]
up 1170 steps   9.58M  ret  3.772  apex 0.973  det h(26.25) 0.972 mean 0.9719 (best 1.0664)  sps  9465  std [0.252 0.334]
up 1180 steps   9.67M  ret  3.751  apex 0.971  det h(26.25) 0.972 mean 0.9717 (best 1.0664)  sps  9605  std [0.25  0.327]
up 1190 steps   9.75M  ret  3.753  apex 0.969  det h(26.25) 0.970 mean 0.9698 (best 1.0664)  sps  9445  std [0.25  0.305]
up 1200 steps   9.83M  ret  3.723  apex 0.971  det h(26.25) 0.972 mean 0.9717 (best 1.0664)  sps  9557  std [0.25  0.284]
up 1210 steps   9.91M  ret  3.754  apex 0.970  det h(26.25) 0.972 mean 0.9724 (best 1.0664)  sps  9580  std [0.25  0.278]
up 1220 steps   9.99M  ret  3.705  apex 0.969  det h(26.25) 0.973 mean 0.9726 (best 1.0664)  sps  9539  std [0.258 0.294]
up 1230 steps  10.08M  ret  3.637  apex 0.972  det h(26.25) 0.975 mean 0.9754 (best 1.0664)  sps  9528  std [0.266 0.307]
up 1240 steps  10.16M  ret  3.664  apex 0.970  det h(26.25) 0.969 mean 0.9688 (best 1.0664)  sps  9510  std [0.271 0.317]
up 1250 steps  10.24M  ret  3.661  apex 0.972  det h(26.25) 0.977 mean 0.9769 (best 1.0664)  sps  9669  std [0.282 0.339]
up 1260 steps  10.32M  ret  3.562  apex 0.975  det h(26.25) 0.975 mean 0.9746 (best 1.0664)  sps  9568  std [0.285 0.326]
up 1270 steps  10.40M  ret  3.754  apex 0.973  det h(26.25) 0.975 mean 0.9751 (best 1.0664)  sps  9529  std [0.275 0.33 ]
up 1280 steps  10.49M  ret  3.731  apex 0.979  det h(26.25) 0.992 mean 0.9920 (best 1.0664)  sps  9576  std [0.269 0.338]
up 1290 steps  10.57M  ret  3.822  apex 0.991  det h(26.25) 0.971 mean 0.9714 (best 1.0664)  sps  9562  std [0.282 0.346]
up 1300 steps  10.65M  ret  3.753  apex 0.974  det h(26.25) 0.961 mean 0.9611 (best 1.0664)  sps  9447  std [0.289 0.356]
up 1310 steps  10.73M  ret  3.727  apex 0.966  det h(26.25) 0.975 mean 0.9752 (best 1.0664)  sps  9614  std [0.277 0.343]
up 1320 steps  10.81M  ret  3.715  apex 0.970  det h(26.25) 0.956 mean 0.9556 (best 1.0664)  sps  9514  std [0.277 0.354]
up 1330 steps  10.90M  ret  3.684  apex 0.957  det h(26.25) 0.951 mean 0.9505 (best 1.0664)  sps  9548  std [0.261 0.344]
up 1340 steps  10.98M  ret  3.640  apex 0.949  det h(26.25) 0.940 mean 0.9404 (best 1.0664)  sps  9436  std [0.25  0.334]
up 1350 steps  11.06M  ret  3.519  apex 0.941  det h(26.25) 0.951 mean 0.9511 (best 1.0664)  sps  9458  std [0.272 0.338]
up 1360 steps  11.14M  ret  3.476  apex 0.953  det h(26.25) 0.950 mean 0.9500 (best 1.0664)  sps  9445  std [0.27 0.34]
up 1370 steps  11.22M  ret  3.617  apex 0.948  det h(26.25) 0.927 mean 0.9272 (best 1.0664)  sps  9517  std [0.266 0.338]
up 1380 steps  11.30M  ret  3.503  apex 0.923  det h(26.25) 0.907 mean 0.9074 (best 1.0664)  sps  9441  std [0.273 0.352]
up 1390 steps  11.39M  ret  3.436  apex 0.908  det h(26.25) 0.891 mean 0.8911 (best 1.0664)  sps  9585  std [0.27  0.358]
up 1400 steps  11.47M  ret  3.386  apex 0.898  det h(26.25) 0.900 mean 0.8996 (best 1.0664)  sps  9621  std [0.267 0.349]
up 1410 steps  11.55M  ret  3.389  apex 0.900  det h(26.25) 0.893 mean 0.8925 (best 1.0664)  sps  9549  std [0.26  0.341]
up 1420 steps  11.63M  ret  3.328  apex 0.890  det h(26.25) 0.881 mean 0.8805 (best 1.0664)  sps  9609  std [0.27  0.337]
up 1430 steps  11.71M  ret  3.286  apex 0.880  det h(26.25) 0.884 mean 0.8840 (best 1.0664)  sps  9569  std [0.265 0.342]
up 1440 steps  11.80M  ret  3.323  apex 0.885  det h(26.25) 0.889 mean 0.8895 (best 1.0664)  sps  9562  std [0.25  0.318]
up 1450 steps  11.88M  ret  3.339  apex 0.889  det h(26.25) 0.882 mean 0.8820 (best 1.0664)  sps  9485  std [0.25  0.315]
up 1460 steps  11.96M  ret  2.537  apex 0.898  det h(26.25) 0.952 mean 0.9522 (best 1.0664)  sps  9470  std [0.262 0.315]
up 1470 steps  12.04M  ret  1.955  apex 0.949  det h(26.25) 0.952 mean 0.9516 (best 1.0664)  sps  9526  std [0.268 0.288]
up 1480 steps  12.12M  ret  3.298  apex 0.952  det h(26.25) 0.951 mean 0.9507 (best 1.0664)  sps  9366  std [0.274 0.277]
up 1490 steps  12.21M  ret  3.598  apex 0.950  det h(26.25) 0.948 mean 0.9478 (best 1.0664)  sps  9627  std [0.254 0.261]
up 1500 steps  12.29M  ret  3.630  apex 0.949  det h(26.25) 0.949 mean 0.9488 (best 1.0664)  sps  9583  std [0.25 0.25]
up 1510 steps  12.37M  ret  3.629  apex 0.947  det h(26.25) 0.936 mean 0.9357 (best 1.0664)  sps  9573  std [0.253 0.257]
up 1520 steps  12.45M  ret  3.579  apex 0.936  det h(26.25) 0.935 mean 0.9350 (best 1.0664)  sps  9637  std [0.25  0.262]
up 1530 steps  12.53M  ret  3.557  apex 0.933  det h(26.25) 0.912 mean 0.9118 (best 1.0664)  sps  9469  std [0.255 0.273]
up 1540 steps  12.62M  ret  3.457  apex 0.914  det h(26.25) 0.910 mean 0.9099 (best 1.0664)  sps  9589  std [0.265 0.295]
up 1550 steps  12.70M  ret  3.430  apex 0.907  det h(26.25) 0.908 mean 0.9084 (best 1.0664)  sps  9584  std [0.26  0.293]
up 1560 steps  12.78M  ret  3.484  apex 0.917  det h(26.25) 0.924 mean 0.9239 (best 1.0664)  sps  9521  std [0.25  0.271]
up 1570 steps  12.86M  ret  3.563  apex 0.934  det h(26.25) 0.942 mean 0.9419 (best 1.0664)  sps  9412  std [0.253 0.257]
up 1580 steps  12.94M  ret  3.600  apex 0.940  det h(26.25) 0.940 mean 0.9399 (best 1.0664)  sps  9555  std [0.25  0.251]
up 1590 steps  13.03M  ret  3.602  apex 0.940  det h(26.25) 0.936 mean 0.9363 (best 1.0664)  sps  9400  std [0.25  0.253]
up 1600 steps  13.11M  ret  3.589  apex 0.939  det h(26.25) 0.933 mean 0.9330 (best 1.0664)  sps  9503  std [0.253 0.257]
up 1610 steps  13.19M  ret  3.570  apex 0.936  det h(26.25) 0.944 mean 0.9440 (best 1.0664)  sps  9572  std [0.25  0.256]
up 1620 steps  13.27M  ret  3.604  apex 0.942  det h(26.25) 0.943 mean 0.9427 (best 1.0664)  sps  9554  std [0.25 0.25]
up 1630 steps  13.35M  ret  3.602  apex 0.942  det h(26.25) 0.939 mean 0.9387 (best 1.0664)  sps  9593  std [0.25 0.25]
up 1640 steps  13.43M  ret  3.536  apex 0.936  det h(26.25) 0.917 mean 0.9171 (best 1.0664)  sps  9489  std [0.251 0.267]
up 1650 steps  13.52M  ret  3.498  apex 0.920  det h(26.25) 0.922 mean 0.9224 (best 1.0664)  sps  9616  std [0.256 0.252]
up 1660 steps  13.60M  ret  3.520  apex 0.922  det h(26.25) 0.925 mean 0.9251 (best 1.0664)  sps  9423  std [0.254 0.255]
up 1670 steps  13.68M  ret  3.538  apex 0.928  det h(26.25) 0.931 mean 0.9312 (best 1.0664)  sps  9522  std [0.257 0.25 ]
up 1680 steps  13.76M  ret  3.553  apex 0.930  det h(26.25) 0.930 mean 0.9296 (best 1.0664)  sps  9564  std [0.25 0.25]
up 1690 steps  13.84M  ret  3.543  apex 0.928  det h(26.25) 0.921 mean 0.9208 (best 1.0664)  sps  9593  std [0.25 0.25]
up 1700 steps  13.93M  ret  3.524  apex 0.926  det h(26.25) 0.939 mean 0.9394 (best 1.0664)  sps  9504  std [0.253 0.26 ]
up 1710 steps  14.01M  ret  3.573  apex 0.938  det h(26.25) 0.945 mean 0.9445 (best 1.0664)  sps  9449  std [0.25  0.254]
up 1720 steps  14.09M  ret  3.601  apex 0.943  det h(26.25) 0.939 mean 0.9388 (best 1.0664)  sps  9499  std [0.252 0.25 ]
up 1730 steps  14.17M  ret  3.564  apex 0.947  det h(26.25) 0.944 mean 0.9444 (best 1.0664)  sps  9636  std [0.25 0.26]
up 1740 steps  14.25M  ret  3.402  apex 0.951  det h(26.25) 0.961 mean 0.9605 (best 1.0664)  sps  9577  std [0.268 0.27 ]
up 1750 steps  14.34M  ret  3.563  apex 0.962  det h(26.25) 0.966 mean 0.9664 (best 1.0664)  sps  9482  std [0.25  0.261]
up 1760 steps  14.42M  ret  3.710  apex 0.967  det h(26.25) 0.971 mean 0.9715 (best 1.0664)  sps  9518  std [0.25  0.258]
up 1770 steps  14.50M  ret  3.653  apex 0.977  det h(26.25) 0.977 mean 0.9775 (best 1.0664)  sps  9483  std [0.25  0.253]
up 1780 steps  14.58M  ret  3.746  apex 0.978  det h(26.25) 0.977 mean 0.9770 (best 1.0664)  sps  9419  std [0.253 0.252]
up 1790 steps  14.66M  ret  3.768  apex 0.976  det h(26.25) 0.977 mean 0.9769 (best 1.0664)  sps  9432  std [0.25  0.253]
up 1800 steps  14.75M  ret  3.662  apex 0.976  det h(26.25) 0.984 mean 0.9837 (best 1.0664)  sps  9555  std [0.26  0.276]
up 1810 steps  14.83M  ret  3.755  apex 0.983  det h(26.25) 0.979 mean 0.9793 (best 1.0664)  sps  9526  std [0.251 0.272]
up 1820 steps  14.91M  ret  3.756  apex 0.973  det h(26.25) 0.958 mean 0.9578 (best 1.0664)  sps  9594  std [0.252 0.266]
up 1830 steps  14.99M  ret  3.676  apex 0.958  det h(26.25) 0.953 mean 0.9534 (best 1.0664)  sps  9510  std [0.258 0.278]
up 1840 steps  15.07M  ret  3.675  apex 0.955  det h(26.25) 0.963 mean 0.9625 (best 1.0664)  sps  9558  std [0.267 0.265]
up 1850 steps  15.16M  ret  3.683  apex 0.959  det h(26.25) 0.959 mean 0.9590 (best 1.0664)  sps  9513  std [0.268 0.26 ]
up 1860 steps  15.24M  ret  3.689  apex 0.956  det h(26.25) 0.955 mean 0.9555 (best 1.0664)  sps  9617  std [0.253 0.255]
up 1870 steps  15.32M  ret  3.673  apex 0.952  det h(26.25) 0.957 mean 0.9574 (best 1.0664)  sps  9522  std [0.25  0.252]
up 1880 steps  15.40M  ret  3.691  apex 0.959  det h(26.25) 0.963 mean 0.9631 (best 1.0664)  sps  9598  std [0.25  0.252]
up 1890 steps  15.48M  ret  3.698  apex 0.960  det h(26.25) 0.970 mean 0.9696 (best 1.0664)  sps  9473  std [0.25 0.25]
up 1900 steps  15.56M  ret  3.733  apex 0.968  det h(26.25) 0.980 mean 0.9799 (best 1.0664)  sps  9413  std [0.25  0.251]
up 1910 steps  15.65M  ret  3.787  apex 0.978  det h(26.25) 0.979 mean 0.9786 (best 1.0664)  sps  9379  std [0.25  0.251]
up 1920 steps  15.73M  ret  3.797  apex 0.977  det h(26.25) 0.964 mean 0.9644 (best 1.0664)  sps  9523  std [0.252 0.25 ]
up 1930 steps  15.81M  ret  3.742  apex 0.965  det h(26.25) 0.964 mean 0.9643 (best 1.0664)  sps  9518  std [0.251 0.251]
up 1940 steps  15.89M  ret  3.710  apex 0.961  det h(26.25) 0.933 mean 0.9329 (best 1.0664)  sps  9443  std [0.255 0.261]
up 1950 steps  15.97M  ret  3.635  apex 0.945  det h(26.25) 0.967 mean 0.9668 (best 1.0664)  sps  9418  std [0.251 0.255]
up 1960 steps  16.06M  ret  3.739  apex 0.965  det h(26.25) 0.962 mean 0.9624 (best 1.0664)  sps  9591  std [0.25 0.25]
up 1970 steps  16.14M  ret  3.754  apex 0.969  det h(26.25) 0.977 mean 0.9775 (best 1.0664)  sps  9511  std [0.25 0.25]
up 1980 steps  16.22M  ret  3.719  apex 0.973  det h(26.25) 1.016 mean 1.0161 (best 1.0664)  sps  9523  std [0.283 0.276]
up 1990 steps  16.30M  ret  3.259  apex 1.019  det h(26.25) 1.044 mean 1.0444 (best 1.0664)  sps  9559  std [0.294 0.291]
up 2000 steps  16.38M  ret  4.014  apex 1.045  det h(26.25) 1.047 mean 1.0469 (best 1.0664)  sps  9601  std [0.277 0.286]
up 2010 steps  16.47M  ret  4.065  apex 1.044  det h(26.25) 1.047 mean 1.0471 (best 1.0664)  sps  9528  std [0.295 0.291]
up 2020 steps  16.55M  ret  4.036  apex 1.039  det h(26.25) 1.038 mean 1.0378 (best 1.0664)  sps  9482  std [0.287 0.286]
up 2030 steps  16.63M  ret  4.082  apex 1.036  det h(26.25) 1.029 mean 1.0295 (best 1.0664)  sps  9589  std [0.279 0.287]
up 2040 steps  16.71M  ret  4.040  apex 1.026  det h(26.25) 1.027 mean 1.0273 (best 1.0664)  sps  9397  std [0.262 0.274]
up 2050 steps  16.79M  ret  4.027  apex 1.024  det h(26.25) 1.022 mean 1.0222 (best 1.0664)  sps  9654  std [0.261 0.261]
up 2060 steps  16.88M  ret  4.007  apex 1.022  det h(26.25) 1.019 mean 1.0194 (best 1.0664)  sps  9505  std [0.255 0.266]
up 2070 steps  16.96M  ret  4.003  apex 1.018  det h(26.25) 1.017 mean 1.0174 (best 1.0664)  sps  9619  std [0.26  0.264]
up 2080 steps  17.04M  ret  4.003  apex 1.018  det h(26.25) 1.022 mean 1.0222 (best 1.0664)  sps  9573  std [0.253 0.258]
up 2090 steps  17.12M  ret  4.011  apex 1.019  det h(26.25) 1.014 mean 1.0135 (best 1.0664)  sps  9466  std [0.25 0.25]
up 2100 steps  17.20M  ret  3.985  apex 1.014  det h(26.25) 1.014 mean 1.0141 (best 1.0664)  sps  9537  std [0.25  0.251]
up 2110 steps  17.29M  ret  3.963  apex 1.011  det h(26.25) 1.014 mean 1.0142 (best 1.0664)  sps  9576  std [0.251 0.255]
up 2120 steps  17.37M  ret  4.003  apex 1.020  det h(26.25) 1.029 mean 1.0293 (best 1.0664)  sps  9373  std [0.25 0.25]
up 2130 steps  17.45M  ret  4.063  apex 1.031  det h(26.25) 1.040 mean 1.0398 (best 1.0664)  sps  9491  std [0.25 0.25]
up 2140 steps  17.53M  ret  4.105  apex 1.039  det h(26.25) 1.036 mean 1.0360 (best 1.0664)  sps  9539  std [0.253 0.25 ]
up 2150 steps  17.61M  ret  4.059  apex 1.032  det h(26.25) 1.021 mean 1.0207 (best 1.0664)  sps  9583  std [0.25  0.251]
up 2160 steps  17.69M  ret  4.011  apex 1.021  det h(26.25) 1.011 mean 1.0109 (best 1.0664)  sps  9518  std [0.251 0.256]
up 2170 steps  17.78M  ret  3.949  apex 1.008  det h(26.25) 1.013 mean 1.0126 (best 1.0664)  sps  9572  std [0.257 0.255]
up 2180 steps  17.86M  ret  3.958  apex 1.009  det h(26.25) 1.014 mean 1.0144 (best 1.0664)  sps  9539  std [0.251 0.25 ]
up 2190 steps  17.94M  ret  3.986  apex 1.015  det h(26.25) 1.018 mean 1.0184 (best 1.0664)  sps  9507  std [0.25 0.25]
up 2200 steps  18.02M  ret  4.004  apex 1.017  det h(26.25) 1.021 mean 1.0215 (best 1.0664)  sps  9542  std [0.25 0.25]
up 2210 steps  18.10M  ret  4.018  apex 1.020  det h(26.25) 1.034 mean 1.0343 (best 1.0664)  sps  9494  std [0.25 0.25]
up 2220 steps  18.19M  ret  4.042  apex 1.033  det h(26.25) 1.042 mean 1.0417 (best 1.0664)  sps  9554  std [0.267 0.27 ]
up 2230 steps  18.27M  ret  4.065  apex 1.040  det h(26.25) 1.044 mean 1.0442 (best 1.0664)  sps  9645  std [0.264 0.266]
up 2240 steps  18.35M  ret  4.084  apex 1.045  det h(26.25) 1.059 mean 1.0587 (best 1.0664)  sps  9358  std [0.266 0.264]
up 2250 steps  18.43M  ret  3.993  apex 1.053  det h(26.25) 1.064 mean 1.0636 (best 1.0664)  sps  9553  std [0.268 0.269]
up 2260 steps  18.51M  ret  3.678  apex 1.055  det h(26.25) 1.062 mean 1.0620 (best 1.0664)  sps  9466  std [0.276 0.271]
up 2270 steps  18.60M  ret  3.876  apex 1.053  det h(26.25) 1.048 mean 1.0480 (best 1.0664)  sps  9587  std [0.273 0.266]
up 2280 steps  18.68M  ret  3.895  apex 1.050  det h(26.25) 1.067 mean 1.0672 (best 1.0672)  sps  9556  std [0.275 0.261]
up 2290 steps  18.76M  ret  4.173  apex 1.061  det h(26.25) 1.067 mean 1.0672 (best 1.0672)  sps  9508  std [0.278 0.264]
up 2300 steps  18.84M  ret  4.116  apex 1.061  det h(26.25) 1.061 mean 1.0608 (best 1.0672)  sps  9563  std [0.287 0.272]
up 2310 steps  18.92M  ret  4.156  apex 1.058  det h(26.25) 1.065 mean 1.0654 (best 1.0672)  sps  9522  std [0.301 0.277]
up 2320 steps  19.01M  ret  4.022  apex 1.060  det h(26.25) 1.065 mean 1.0649 (best 1.0672)  sps  9565  std [0.297 0.286]
up 2330 steps  19.09M  ret  4.204  apex 1.063  det h(26.25) 1.064 mean 1.0638 (best 1.0672)  sps  9538  std [0.298 0.281]
up 2340 steps  19.17M  ret  4.095  apex 1.059  det h(26.25) 1.063 mean 1.0630 (best 1.0672)  sps  9579  std [0.315 0.302]
up 2350 steps  19.25M  ret  4.155  apex 1.060  det h(26.25) 1.063 mean 1.0628 (best 1.0672)  sps  9504  std [0.318 0.297]
up 2360 steps  19.33M  ret  4.130  apex 1.059  det h(26.25) 1.054 mean 1.0543 (best 1.0672)  sps  9612  std [0.331 0.299]
up 2370 steps  19.42M  ret  4.138  apex 1.050  det h(26.25) 1.053 mean 1.0535 (best 1.0672)  sps  9450  std [0.324 0.289]
up 2380 steps  19.50M  ret  4.160  apex 1.052  det h(26.25) 1.055 mean 1.0554 (best 1.0672)  sps  9563  std [0.298 0.269]
up 2390 steps  19.58M  ret  4.146  apex 1.053  det h(26.25) 1.055 mean 1.0548 (best 1.0672)  sps  9508  std [0.294 0.262]
up 2400 steps  19.66M  ret  4.151  apex 1.053  det h(26.25) 1.056 mean 1.0564 (best 1.0672)  sps  9427  std [0.284 0.263]
up 2410 steps  19.74M  ret  4.183  apex 1.056  det h(26.25) 1.059 mean 1.0589 (best 1.0672)  sps  9525  std [0.278 0.25 ]
up 2420 steps  19.82M  ret  4.183  apex 1.056  det h(26.25) 1.067 mean 1.0666 (best 1.0672)  sps  9500  std [0.267 0.257]
up 2430 steps  19.91M  ret  4.215  apex 1.062  det h(26.25) 1.068 mean 1.0680 (best 1.0680)  sps  9539  std [0.25  0.259]
up 2440 steps  19.99M  ret  3.585  apex 1.065  det h(26.25) 1.059 mean 1.0589 (best 1.0680)  sps  9484  std [0.273 0.283]
up 2450 steps  20.07M  ret  3.462  apex 1.065  det h(26.25) 1.057 mean 1.0573 (best 1.0680)  sps  9545  std [0.276 0.274]
up 2460 steps  20.15M  ret  3.744  apex 1.062  det h(26.25) 1.049 mean 1.0490 (best 1.0680)  sps  9603  std [0.29 0.28]
up 2470 steps  20.23M  ret  4.130  apex 1.047  det h(26.25) 1.059 mean 1.0588 (best 1.0680)  sps  9418  std [0.307 0.277]
up 2480 steps  20.32M  ret  4.159  apex 1.054  det h(26.25) 1.062 mean 1.0620 (best 1.0680)  sps  9565  std [0.319 0.289]
up 2490 steps  20.40M  ret  4.191  apex 1.060  det h(26.25) 1.064 mean 1.0636 (best 1.0680)  sps  9556  std [0.302 0.278]
up 2500 steps  20.48M  ret  4.223  apex 1.064  det h(26.25) 1.066 mean 1.0658 (best 1.0680)  sps  9516  std [0.282 0.264]
up 2510 steps  20.56M  ret  4.210  apex 1.062  det h(26.25) 1.062 mean 1.0616 (best 1.0680)  sps  9582  std [0.276 0.258]
up 2520 steps  20.64M  ret  4.208  apex 1.062  det h(26.25) 1.060 mean 1.0598 (best 1.0680)  sps  9455  std [0.261 0.255]
up 2530 steps  20.73M  ret  4.210  apex 1.060  det h(26.25) 1.053 mean 1.0534 (best 1.0680)  sps  9579  std [0.253 0.251]
up 2540 steps  20.81M  ret  4.152  apex 1.048  det h(26.25) 1.041 mean 1.0413 (best 1.0680)  sps  9489  std [0.25 0.25]
up 2550 steps  20.89M  ret  4.114  apex 1.041  det h(26.25) 1.043 mean 1.0427 (best 1.0680)  sps  9633  std [0.25 0.25]
up 2560 steps  20.97M  ret  4.124  apex 1.042  det h(26.25) 1.035 mean 1.0352 (best 1.0680)  sps  9512  std [0.25  0.255]
up 2570 steps  21.05M  ret  4.103  apex 1.038  det h(26.25) 1.045 mean 1.0453 (best 1.0680)  sps  9433  std [0.253 0.263]
up 2580 steps  21.14M  ret  4.140  apex 1.047  det h(26.25) 1.048 mean 1.0485 (best 1.0680)  sps  9598  std [0.25 0.25]
up 2590 steps  21.22M  ret  4.166  apex 1.052  det h(26.25) 1.060 mean 1.0595 (best 1.0680)  sps  9468  std [0.25 0.25]
up 2600 steps  21.30M  ret  4.191  apex 1.056  det h(26.25) 1.050 mean 1.0496 (best 1.0680)  sps  9533  std [0.25  0.253]
up 2610 steps  21.38M  ret  4.131  apex 1.043  det h(26.25) 1.033 mean 1.0331 (best 1.0680)  sps  9507  std [0.252 0.25 ]
up 2620 steps  21.46M  ret  4.096  apex 1.036  det h(26.25) 1.037 mean 1.0370 (best 1.0680)  sps  9415  std [0.25  0.251]
up 2630 steps  21.54M  ret  4.106  apex 1.039  det h(26.25) 1.040 mean 1.0403 (best 1.0680)  sps  9597  std [0.253 0.25 ]
up 2640 steps  21.63M  ret  4.115  apex 1.040  det h(26.25) 1.045 mean 1.0451 (best 1.0680)  sps  9392  std [0.25 0.25]
up 2650 steps  21.71M  ret  4.134  apex 1.045  det h(26.25) 1.050 mean 1.0499 (best 1.0680)  sps  9556  std [0.251 0.251]
up 2660 steps  21.79M  ret  4.163  apex 1.050  det h(26.25) 1.050 mean 1.0500 (best 1.0680)  sps  9556  std [0.25 0.25]
up 2670 steps  21.87M  ret  4.152  apex 1.047  det h(26.25) 1.048 mean 1.0479 (best 1.0680)  sps  9545  std [0.252 0.254]
up 2680 steps  21.95M  ret  4.084  apex 1.036  det h(26.25) 1.046 mean 1.0464 (best 1.0680)  sps  9410  std [0.256 0.255]
up 2690 steps  22.04M  ret  1.053  apex 1.053  det h(26.25) 1.088 mean 1.0880 (best 1.0880)  sps  9491  std [0.273 0.287]
up 2700 steps  22.12M  ret  2.672  apex 1.083  det h(26.25) 1.088 mean 1.0884 (best 1.0884)  sps  9675  std [0.284 0.299]
up 2710 steps  22.20M  ret  3.510  apex 1.080  det h(26.25) 1.084 mean 1.0837 (best 1.0884)  sps  9486  std [0.271 0.291]
up 2720 steps  22.28M  ret  3.948  apex 1.079  det h(26.25) 1.087 mean 1.0870 (best 1.0884)  sps  9622  std [0.255 0.294]
up 2730 steps  22.36M  ret  4.157  apex 1.083  det h(26.25) 1.084 mean 1.0836 (best 1.0884)  sps  9473  std [0.252 0.281]
up 2740 steps  22.45M  ret  4.176  apex 1.079  det h(26.25) 1.081 mean 1.0811 (best 1.0884)  sps  9479  std [0.25  0.269]
up 2750 steps  22.53M  ret  4.238  apex 1.078  det h(26.25) 1.074 mean 1.0744 (best 1.0884)  sps  9531  std [0.253 0.273]
up 2760 steps  22.61M  ret  4.225  apex 1.074  det h(26.25) 1.076 mean 1.0760 (best 1.0884)  sps  9570  std [0.25  0.267]
up 2770 steps  22.69M  ret  4.243  apex 1.070  det h(26.25) 1.053 mean 1.0533 (best 1.0884)  sps  9577  std [0.253 0.265]
up 2780 steps  22.77M  ret  4.063  apex 1.039  det h(26.25) 1.026 mean 1.0259 (best 1.0884)  sps  9544  std [0.263 0.271]
up 2790 steps  22.86M  ret  4.007  apex 1.022  det h(26.25) 1.017 mean 1.0171 (best 1.0884)  sps  9396  std [0.263 0.285]
up 2800 steps  22.94M  ret  3.950  apex 1.015  det h(26.25) 1.017 mean 1.0168 (best 1.0884)  sps  9580  std [0.269 0.297]
up 2810 steps  23.02M  ret  3.968  apex 1.014  det h(26.25) 1.014 mean 1.0141 (best 1.0884)  sps  9553  std [0.263 0.282]
up 2820 steps  23.10M  ret  3.951  apex 1.010  det h(26.25) 1.013 mean 1.0134 (best 1.0884)  sps  9584  std [0.251 0.279]
up 2830 steps  23.18M  ret  3.960  apex 1.011  det h(26.25) 1.016 mean 1.0164 (best 1.0884)  sps  9600  std [0.25  0.276]
up 2840 steps  23.27M  ret  3.937  apex 1.009  det h(26.25) 1.013 mean 1.0126 (best 1.0884)  sps  9532  std [0.257 0.281]
up 2850 steps  23.35M  ret  3.930  apex 1.009  det h(26.25) 1.019 mean 1.0195 (best 1.0884)  sps  9454  std [0.254 0.293]
up 2860 steps  23.43M  ret  3.953  apex 1.010  det h(26.25) 1.022 mean 1.0215 (best 1.0884)  sps  9522  std [0.252 0.258]
up 2870 steps  23.51M  ret  3.979  apex 1.018  det h(26.25) 1.029 mean 1.0294 (best 1.0884)  sps  9577  std [0.25  0.256]
up 2880 steps  23.59M  ret  4.052  apex 1.030  det h(26.25) 1.063 mean 1.0634 (best 1.0884)  sps  9555  std [0.256 0.25 ]
up 2890 steps  23.67M  ret -0.856  apex 1.034  det h(26.25) 1.076 mean 1.0758 (best 1.0884)  sps  9464  std [0.263 0.263]
up 2900 steps  23.76M  ret -0.439  apex 1.034  det h(26.25) 1.075 mean 1.0752 (best 1.0884)  sps  9493  std [0.272 0.262]
up 2910 steps  23.84M  ret  0.475  apex 1.034  det h(26.25) 1.072 mean 1.0721 (best 1.0884)  sps  9321  std [0.265 0.268]
up 2920 steps  23.92M  ret  1.051  apex 1.034  det h(26.25) 1.067 mean 1.0666 (best 1.0884)  sps  9369  std [0.289 0.286]
up 2930 steps  24.00M  ret  1.074  apex 1.034  det h(26.25) 1.068 mean 1.0679 (best 1.0884)  sps  9449  std [0.308 0.288]
up 2940 steps  24.08M  ret  1.079  apex 1.034  det h(26.25) 1.068 mean 1.0680 (best 1.0884)  sps  9462  std [0.307 0.293]
up 2950 steps  24.17M  ret  1.081  apex 1.034  det h(26.25) 1.066 mean 1.0660 (best 1.0884)  sps  9622  std [0.314 0.309]
up 2960 steps  24.25M  ret  1.084  apex 1.034  det h(26.25) 1.063 mean 1.0626 (best 1.0884)  sps  9527  std [0.321 0.323]
up 2970 steps  24.33M  ret  1.084  apex 1.034  det h(26.25) 1.059 mean 1.0586 (best 1.0884)  sps  9492  std [0.299 0.308]
up 2980 steps  24.41M  ret  1.079  apex 1.034  det h(26.25) 1.056 mean 1.0559 (best 1.0884)  sps  9555  std [0.285 0.316]
up 2990 steps  24.49M  ret  1.092  apex 1.034  det h(26.25) 1.057 mean 1.0571 (best 1.0884)  sps  9463  std [0.279 0.28 ]
up 3000 steps  24.58M  ret  1.095  apex 1.034  det h(26.25) 1.058 mean 1.0576 (best 1.0884)  sps  9508  std [0.279 0.277]
up 3010 steps  24.66M  ret  1.095  apex 1.034  det h(26.25) 1.055 mean 1.0546 (best 1.0884)  sps  9419  std [0.283 0.271]
up 3020 steps  24.74M  ret  1.106  apex 1.034  det h(26.25) 1.055 mean 1.0549 (best 1.0884)  sps  9352  std [0.3   0.262]
up 3030 steps  24.82M  ret  1.125  apex 1.034  det h(26.25) 1.054 mean 1.0538 (best 1.0884)  sps  9508  std [0.293 0.25 ]
up 3040 steps  24.90M  ret  1.153  apex 1.034  det h(26.25) 1.058 mean 1.0580 (best 1.0884)  sps  9524  std [0.278 0.25 ]
up 3050 steps  24.99M  ret  1.166  apex 1.034  det h(26.25) 1.056 mean 1.0562 (best 1.0884)  sps  9510  std [0.269 0.25 ]
up 3060 steps  25.07M  ret  1.177  apex 1.034  det h(26.25) 1.058 mean 1.0580 (best 1.0884)  sps  9411  std [0.263 0.251]
up 3070 steps  25.15M  ret  1.205  apex 1.034  det h(26.25) 1.057 mean 1.0572 (best 1.0884)  sps  9437  std [0.257 0.25 ]
up 3080 steps  25.23M  ret  1.317  apex 1.034  det h(26.25) 1.050 mean 1.0497 (best 1.0884)  sps  9496  std [0.25 0.25]
up 3090 steps  25.31M  ret  3.252  apex 1.047  det h(26.25) 1.045 mean 1.0450 (best 1.0884)  sps  9561  std [0.25  0.256]
up 3100 steps  25.40M  ret  3.694  apex 1.046  det h(26.25) 1.046 mean 1.0458 (best 1.0884)  sps  9399  std [0.251 0.257]
up 3110 steps  25.48M  ret  3.858  apex 1.047  det h(26.25) 1.046 mean 1.0456 (best 1.0884)  sps  9613  std [0.25 0.25]
up 3120 steps  25.56M  ret  4.028  apex 1.046  det h(26.25) 1.050 mean 1.0502 (best 1.0884)  sps  9500  std [0.253 0.256]
up 3130 steps  25.64M  ret  3.935  apex 1.048  det h(26.25) 1.048 mean 1.0475 (best 1.0884)  sps  9577  std [0.25  0.255]
up 3140 steps  25.72M  ret  3.694  apex 1.044  det h(26.25) 1.039 mean 1.0385 (best 1.0884)  sps  9395  std [0.253 0.264]
up 3150 steps  25.80M  ret  3.992  apex 1.037  det h(26.25) 1.038 mean 1.0379 (best 1.0884)  sps  9578  std [0.25  0.272]
up 3160 steps  25.89M  ret  3.990  apex 1.035  det h(26.25) 1.034 mean 1.0344 (best 1.0884)  sps  9563  std [0.251 0.288]
up 3170 steps  25.97M  ret  4.051  apex 1.034  det h(26.25) 1.039 mean 1.0387 (best 1.0884)  sps  9131  std [0.254 0.28 ]
up 3180 steps  26.05M  ret  4.066  apex 1.037  det h(26.25) 1.037 mean 1.0374 (best 1.0884)  sps  9354  std [0.251 0.279]
up 3190 steps  26.13M  ret  4.056  apex 1.035  det h(26.25) 1.037 mean 1.0370 (best 1.0884)  sps  9516  std [0.254 0.277]
up 3200 steps  26.21M  ret  3.994  apex 1.033  det h(26.25) 1.030 mean 1.0298 (best 1.0884)  sps  9545  std [0.271 0.272]
up 3210 steps  26.30M  ret  4.033  apex 1.027  det h(26.25) 1.028 mean 1.0278 (best 1.0884)  sps  9602  std [0.264 0.262]
up 3220 steps  26.38M  ret  4.011  apex 1.026  det h(26.25) 1.029 mean 1.0291 (best 1.0884)  sps  9491  std [0.264 0.273]
up 3230 steps  26.46M  ret  4.032  apex 1.025  det h(26.25) 1.022 mean 1.0219 (best 1.0884)  sps  9630  std [0.258 0.26 ]
up 3240 steps  26.54M  ret  3.991  apex 1.020  det h(26.25) 1.021 mean 1.0209 (best 1.0884)  sps  9464  std [0.253 0.25 ]
up 3250 steps  26.62M  ret  4.024  apex 1.023  det h(26.25) 1.023 mean 1.0232 (best 1.0884)  sps  9566  std [0.25  0.253]
up 3260 steps  26.71M  ret  4.018  apex 1.022  det h(26.25) 1.020 mean 1.0201 (best 1.0884)  sps  9550  std [0.25  0.251]
up 3270 steps  26.79M  ret  4.008  apex 1.019  det h(26.25) 1.022 mean 1.0224 (best 1.0884)  sps  9537  std [0.254 0.25 ]
up 3280 steps  26.87M  ret  4.003  apex 1.019  det h(26.25) 1.018 mean 1.0183 (best 1.0884)  sps  9606  std [0.252 0.253]
up 3290 steps  26.95M  ret  3.988  apex 1.017  det h(26.25) 1.014 mean 1.0145 (best 1.0884)  sps  9501  std [0.25  0.252]
up 3300 steps  27.03M  ret  3.976  apex 1.013  det h(26.25) 1.018 mean 1.0179 (best 1.0884)  sps  9475  std [0.25  0.252]
up 3310 steps  27.12M  ret  3.975  apex 1.014  det h(26.25) 1.016 mean 1.0161 (best 1.0884)  sps  9406  std [0.25 0.25]
up 3320 steps  27.20M  ret  3.908  apex 1.014  det h(26.25) 1.008 mean 1.0085 (best 1.0884)  sps  9494  std [0.266 0.255]
up 3330 steps  27.28M  ret  3.959  apex 1.009  det h(26.25) 1.014 mean 1.0139 (best 1.0884)  sps  9572  std [0.254 0.25 ]
up 3340 steps  27.36M  ret  3.979  apex 1.014  det h(26.25) 1.022 mean 1.0216 (best 1.0884)  sps  9600  std [0.252 0.251]
up 3350 steps  27.44M  ret  3.983  apex 1.016  det h(26.25) 1.018 mean 1.0179 (best 1.0884)  sps  9489  std [0.25  0.258]
up 3360 steps  27.53M  ret  3.978  apex 1.017  det h(26.25) 1.029 mean 1.0294 (best 1.0884)  sps  9654  std [0.26  0.264]
up 3370 steps  27.61M  ret  3.973  apex 1.026  det h(26.25) 1.024 mean 1.0244 (best 1.0884)  sps  9510  std [0.251 0.253]
up 3380 steps  27.69M  ret  4.006  apex 1.023  det h(26.25) 1.025 mean 1.0251 (best 1.0884)  sps  9501  std [0.256 0.25 ]
up 3390 steps  27.77M  ret  4.045  apex 1.033  det h(26.25) 1.046 mean 1.0463 (best 1.0884)  sps  9567  std [0.255 0.25 ]
up 3400 steps  27.85M  ret  4.102  apex 1.040  det h(26.25) 1.037 mean 1.0365 (best 1.0884)  sps  9524  std [0.251 0.25 ]
up 3410 steps  27.93M  ret  4.072  apex 1.033  det h(26.25) 1.022 mean 1.0223 (best 1.0884)  sps  9438  std [0.255 0.256]
up 3420 steps  28.02M  ret  4.011  apex 1.021  det h(26.25) 1.020 mean 1.0205 (best 1.0884)  sps  9426  std [0.25 0.25]
up 3430 steps  28.10M  ret  3.996  apex 1.021  det h(26.25) 1.066 mean 1.0658 (best 1.0884)  sps  9553  std [0.255 0.263]
up 3440 steps  28.18M  ret  3.721  apex 1.056  det h(26.25) 1.061 mean 1.0609 (best 1.0884)  sps  9458  std [0.253 0.273]
up 3450 steps  28.26M  ret  4.166  apex 1.060  det h(26.25) 1.067 mean 1.0666 (best 1.0884)  sps  9543  std [0.251 0.265]
up 3460 steps  28.34M  ret  4.208  apex 1.061  det h(26.25) 1.056 mean 1.0561 (best 1.0884)  sps  9484  std [0.255 0.254]
up 3470 steps  28.43M  ret  4.171  apex 1.055  det h(26.25) 1.057 mean 1.0565 (best 1.0884)  sps  9572  std [0.25 0.25]
up 3480 steps  28.51M  ret  4.177  apex 1.054  det h(26.25) 1.073 mean 1.0734 (best 1.0884)  sps  9474  std [0.25 0.25]
up 3490 steps  28.59M  ret  4.251  apex 1.070  det h(26.25) 1.073 mean 1.0728 (best 1.0884)  sps  9694  std [0.25  0.251]
up 3500 steps  28.67M  ret  4.209  apex 1.072  det h(26.25) 1.076 mean 1.0756 (best 1.0884)  sps  9563  std [0.258 0.255]
up 3510 steps  28.75M  ret  4.264  apex 1.072  det h(26.25) 1.072 mean 1.0720 (best 1.0884)  sps  9627  std [0.25 0.25]
up 3520 steps  28.84M  ret  4.259  apex 1.071  det h(26.25) 1.073 mean 1.0735 (best 1.0884)  sps  9404  std [0.252 0.25 ]
up 3530 steps  28.92M  ret  4.262  apex 1.073  det h(26.25) 1.071 mean 1.0714 (best 1.0884)  sps  9495  std [0.25  0.255]
up 3540 steps  29.00M  ret  4.252  apex 1.070  det h(26.25) 1.066 mean 1.0663 (best 1.0884)  sps  9500  std [0.251 0.25 ]
up 3550 steps  29.08M  ret  4.229  apex 1.066  det h(26.25) 1.073 mean 1.0730 (best 1.0884)  sps  9597  std [0.25 0.25]
up 3560 steps  29.16M  ret  4.235  apex 1.068  det h(26.25) 1.067 mean 1.0667 (best 1.0884)  sps  9473  std [0.25 0.25]
up 3570 steps  29.25M  ret  4.232  apex 1.066  det h(26.25) 1.069 mean 1.0694 (best 1.0884)  sps  9635  std [0.251 0.251]
up 3580 steps  29.33M  ret  4.246  apex 1.068  det h(26.25) 1.070 mean 1.0698 (best 1.0884)  sps  9548  std [0.252 0.25 ]
up 3590 steps  29.41M  ret  4.209  apex 1.066  det h(26.25) 1.068 mean 1.0677 (best 1.0884)  sps  9600  std [0.258 0.253]
up 3600 steps  29.49M  ret  4.238  apex 1.067  det h(26.25) 1.074 mean 1.0736 (best 1.0884)  sps  9422  std [0.252 0.256]
up 3610 steps  29.57M  ret  4.086  apex 1.070  det h(26.25) 1.072 mean 1.0719 (best 1.0884)  sps  9443  std [0.275 0.28 ]
up 3620 steps  29.66M  ret  4.101  apex 1.067  det h(26.25) 1.071 mean 1.0707 (best 1.0884)  sps  9459  std [0.269 0.294]
up 3630 steps  29.74M  ret  4.048  apex 1.067  det h(26.25) 1.070 mean 1.0704 (best 1.0884)  sps  9540  std [0.275 0.3  ]
up 3640 steps  29.82M  ret  4.228  apex 1.068  det h(26.25) 1.065 mean 1.0651 (best 1.0884)  sps  9547  std [0.272 0.299]
up 3650 steps  29.90M  ret  4.197  apex 1.065  det h(26.25) 1.066 mean 1.0658 (best 1.0884)  sps  9565  std [0.272 0.313]
up 3660 steps  29.98M  ret  4.190  apex 1.065  det h(26.25) 1.066 mean 1.0663 (best 1.0884)  sps  9470  std [0.286 0.33 ]
up 3670 steps  30.06M  ret  4.192  apex 1.064  det h(26.25) 1.058 mean 1.0579 (best 1.0884)  sps  9569  std [0.303 0.331]
up 3680 steps  30.15M  ret  4.175  apex 1.059  det h(26.25) 1.063 mean 1.0627 (best 1.0884)  sps  9545  std [0.293 0.317]
up 3690 steps  30.23M  ret  4.195  apex 1.060  det h(26.25) 1.066 mean 1.0659 (best 1.0884)  sps  9509  std [0.291 0.311]
up 3700 steps  30.31M  ret  4.178  apex 1.061  det h(26.25) 1.057 mean 1.0575 (best 1.0884)  sps  9469  std [0.286 0.288]
up 3710 steps  30.39M  ret  4.186  apex 1.059  det h(26.25) 1.065 mean 1.0653 (best 1.0884)  sps  9433  std [0.28  0.291]
up 3720 steps  30.47M  ret  4.163  apex 1.061  det h(26.25) 1.058 mean 1.0585 (best 1.0884)  sps  9505  std [0.292 0.298]
up 3730 steps  30.56M  ret  4.171  apex 1.054  det h(26.25) 1.059 mean 1.0593 (best 1.0884)  sps  9366  std [0.272 0.292]
up 3740 steps  30.64M  ret  4.191  apex 1.057  det h(26.25) 1.062 mean 1.0619 (best 1.0884)  sps  9482  std [0.262 0.29 ]
up 3750 steps  30.72M  ret  4.210  apex 1.062  det h(26.25) 1.059 mean 1.0586 (best 1.0884)  sps  9513  std [0.25  0.272]
up 3760 steps  30.80M  ret  4.194  apex 1.059  det h(26.25) 1.056 mean 1.0565 (best 1.0884)  sps  9436  std [0.252 0.254]
up 3770 steps  30.88M  ret  4.194  apex 1.060  det h(26.25) 1.062 mean 1.0618 (best 1.0884)  sps  9612  std [0.255 0.252]
up 3780 steps  30.97M  ret  4.209  apex 1.063  det h(26.25) 1.062 mean 1.0618 (best 1.0884)  sps  9575  std [0.25  0.256]
up 3790 steps  31.05M  ret  2.353  apex 1.070  det h(26.25) 1.098 mean 1.0978 (best 1.0978)  sps  9599  std [0.257 0.261]
up 3800 steps  31.13M  ret  3.321  apex 1.096  det h(26.25) 1.097 mean 1.0965 (best 1.0978)  sps  9596  std [0.253 0.25 ]
up 3810 steps  31.21M  ret  3.925  apex 1.096  det h(26.25) 1.097 mean 1.0972 (best 1.0978)  sps  9613  std [0.257 0.257]
up 3820 steps  31.29M  ret  3.713  apex 1.093  det h(26.25) 1.093 mean 1.0925 (best 1.0978)  sps  9422  std [0.268 0.266]
up 3830 steps  31.38M  ret  3.750  apex 1.092  det h(26.25) 1.089 mean 1.0892 (best 1.0978)  sps  9605  std [0.262 0.265]
up 3840 steps  31.46M  ret  4.114  apex 1.088  det h(26.25) 1.081 mean 1.0808 (best 1.0978)  sps  9493  std [0.271 0.266]
up 3850 steps  31.54M  ret  4.144  apex 1.081  det h(26.25) 1.075 mean 1.0748 (best 1.0978)  sps  9533  std [0.277 0.279]
up 3860 steps  31.62M  ret  4.162  apex 1.063  det h(26.25) 1.046 mean 1.0462 (best 1.0978)  sps  9361  std [0.287 0.277]
up 3870 steps  31.70M  ret  4.082  apex 1.047  det h(26.25) 1.055 mean 1.0552 (best 1.0978)  sps  9542  std [0.275 0.253]
up 3880 steps  31.78M  ret  4.154  apex 1.052  det h(26.25) 1.041 mean 1.0409 (best 1.0978)  sps  9591  std [0.276 0.263]
up 3890 steps  31.87M  ret  4.112  apex 1.043  det h(26.25) 1.049 mean 1.0489 (best 1.0978)  sps  9561  std [0.265 0.25 ]
up 3900 steps  31.95M  ret  4.136  apex 1.047  det h(26.25) 1.052 mean 1.0520 (best 1.0978)  sps  9618  std [0.261 0.25 ]
up 3910 steps  32.03M  ret  4.093  apex 1.051  det h(26.25) 1.057 mean 1.0571 (best 1.0978)  sps  9429  std [0.264 0.266]
up 3920 steps  32.11M  ret  3.904  apex 1.053  det h(26.25) 1.051 mean 1.0509 (best 1.0978)  sps  9671  std [0.278 0.282]
up 3930 steps  32.19M  ret  3.679  apex 1.052  det h(26.25) 1.011 mean 1.0115 (best 1.0978)  sps  9502  std [0.29  0.296]
up 3940 steps  32.28M  ret  3.721  apex 1.048  det h(26.25) 1.033 mean 1.0334 (best 1.0978)  sps  9502  std [0.297 0.305]
up 3950 steps  32.36M  ret  4.044  apex 1.040  det h(26.25) 1.050 mean 1.0502 (best 1.0978)  sps  9654  std [0.295 0.294]
up 3960 steps  32.44M  ret  4.020  apex 1.043  det h(26.25) 1.052 mean 1.0520 (best 1.0978)  sps  9645  std [0.285 0.308]
up 3970 steps  32.52M  ret  3.827  apex 1.046  det h(26.25) 1.056 mean 1.0564 (best 1.0978)  sps  9600  std [0.284 0.33 ]
up 3980 steps  32.60M  ret  3.662  apex 1.046  det h(26.25) 1.054 mean 1.0538 (best 1.0978)  sps  9402  std [0.286 0.326]
up 3990 steps  32.69M  ret  3.984  apex 1.049  det h(26.25) 1.050 mean 1.0497 (best 1.0978)  sps  9612  std [0.285 0.338]
up 4000 steps  32.77M  ret  4.062  apex 1.046  det h(26.25) 1.044 mean 1.0441 (best 1.0978)  sps  9516  std [0.287 0.32 ]
up 4010 steps  32.85M  ret  4.073  apex 1.044  det h(26.25) 1.049 mean 1.0492 (best 1.0978)  sps  9539  std [0.307 0.321]
up 4020 steps  32.93M  ret  4.087  apex 1.043  det h(26.25) 1.046 mean 1.0465 (best 1.0978)  sps  9600  std [0.301 0.307]
up 4030 steps  33.01M  ret  3.953  apex 1.040  det h(26.25) 1.054 mean 1.0543 (best 1.0978)  sps  9454  std [0.319 0.325]
up 4040 steps  33.10M  ret  4.029  apex 1.036  det h(26.25) 1.033 mean 1.0333 (best 1.0978)  sps  9586  std [0.3   0.318]
up 4050 steps  33.18M  ret  4.045  apex 1.033  det h(26.25) 1.044 mean 1.0437 (best 1.0978)  sps  9447  std [0.298 0.325]
up 4060 steps  33.26M  ret  4.091  apex 1.040  det h(26.25) 1.045 mean 1.0448 (best 1.0978)  sps  9448  std [0.285 0.305]
up 4070 steps  33.34M  ret  4.115  apex 1.043  det h(26.25) 1.037 mean 1.0370 (best 1.0978)  sps  9501  std [0.269 0.3  ]
up 4080 steps  33.42M  ret  4.103  apex 1.040  det h(26.25) 1.045 mean 1.0448 (best 1.0978)  sps  9545  std [0.272 0.291]
up 4090 steps  33.51M  ret  4.103  apex 1.043  det h(26.25) 1.040 mean 1.0403 (best 1.0978)  sps  9469  std [0.267 0.283]
up 4100 steps  33.59M  ret  4.089  apex 1.037  det h(26.25) 0.994 mean 0.9936 (best 1.0978)  sps  9575  std [0.251 0.265]
up 4110 steps  33.67M  ret  3.876  apex 0.999  det h(26.25) 1.004 mean 1.0038 (best 1.0978)  sps  9536  std [0.252 0.252]
up 4120 steps  33.75M  ret  3.900  apex 0.998  det h(26.25) 1.008 mean 1.0077 (best 1.0978)  sps  9498  std [0.25  0.252]
up 4130 steps  33.83M  ret  3.936  apex 1.005  det h(26.25) 1.012 mean 1.0118 (best 1.0978)  sps  9517  std [0.255 0.25 ]
up 4140 steps  33.91M  ret  3.909  apex 0.999  det h(26.25) 0.999 mean 0.9990 (best 1.0978)  sps  9574  std [0.259 0.257]
up 4150 steps  34.00M  ret  3.890  apex 0.995  det h(26.25) 0.998 mean 0.9978 (best 1.0978)  sps  9610  std [0.264 0.25 ]
up 4160 steps  34.08M  ret  3.890  apex 0.996  det h(26.25) 0.999 mean 0.9993 (best 1.0978)  sps  9558  std [0.253 0.25 ]
up 4170 steps  34.16M  ret  3.914  apex 1.000  det h(26.25) 1.006 mean 1.0062 (best 1.0978)  sps  9593  std [0.252 0.251]
up 4180 steps  34.24M  ret  3.941  apex 1.006  det h(26.25) 1.013 mean 1.0134 (best 1.0978)  sps  9492  std [0.25 0.25]
up 4190 steps  34.32M  ret  3.945  apex 1.009  det h(26.25) 1.016 mean 1.0163 (best 1.0978)  sps  9593  std [0.25 0.25]
up 4200 steps  34.41M  ret  3.968  apex 1.014  det h(26.25) 1.019 mean 1.0192 (best 1.0978)  sps  9525  std [0.254 0.25 ]
up 4210 steps  34.49M  ret  3.991  apex 1.016  det h(26.25) 1.021 mean 1.0211 (best 1.0978)  sps  9609  std [0.252 0.25 ]
up 4220 steps  34.57M  ret  3.990  apex 1.017  det h(26.25) 1.017 mean 1.0170 (best 1.0978)  sps  9516  std [0.25 0.25]
up 4230 steps  34.65M  ret  3.986  apex 1.015  det h(26.25) 1.021 mean 1.0212 (best 1.0978)  sps  9497  std [0.25 0.25]
up 4240 steps  34.73M  ret  3.995  apex 1.017  det h(26.25) 1.012 mean 1.0124 (best 1.0978)  sps  9469  std [0.252 0.25 ]
up 4250 steps  34.82M  ret  3.969  apex 1.013  det h(26.25) 0.999 mean 0.9995 (best 1.0978)  sps  9445  std [0.255 0.25 ]
up 4260 steps  34.90M  ret  3.917  apex 1.001  det h(26.25) 1.002 mean 1.0018 (best 1.0978)  sps  9696  std [0.25  0.255]
up 4270 steps  34.98M  ret  3.913  apex 1.001  det h(26.25) 1.004 mean 1.0037 (best 1.0978)  sps  9601  std [0.25 0.25]
up 4280 steps  35.06M  ret  3.913  apex 1.001  det h(26.25) 1.006 mean 1.0064 (best 1.0978)  sps  9635  std [0.25 0.25]
up 4290 steps  35.14M  ret  3.896  apex 1.001  det h(26.25) 1.007 mean 1.0071 (best 1.0978)  sps  9520  std [0.26  0.254]
up 4300 steps  35.23M  ret  3.914  apex 1.002  det h(26.25) 1.006 mean 1.0065 (best 1.0978)  sps  9558  std [0.252 0.252]
up 4310 steps  35.31M  ret  3.918  apex 1.005  det h(26.25) 1.015 mean 1.0151 (best 1.0978)  sps  9591  std [0.261 0.258]
up 4320 steps  35.39M  ret  3.941  apex 1.011  det h(26.25) 1.017 mean 1.0170 (best 1.0978)  sps  9498  std [0.273 0.264]
up 4330 steps  35.47M  ret  3.965  apex 1.012  det h(26.25) 1.016 mean 1.0156 (best 1.0978)  sps  9535  std [0.25  0.255]
up 4340 steps  35.55M  ret  3.975  apex 1.013  det h(26.25) 1.017 mean 1.0167 (best 1.0978)  sps  9377  std [0.25  0.254]
up 4350 steps  35.64M  ret  3.991  apex 1.016  det h(26.25) 1.024 mean 1.0240 (best 1.0978)  sps  9583  std [0.251 0.251]
up 4360 steps  35.72M  ret  4.023  apex 1.023  det h(26.25) 1.029 mean 1.0291 (best 1.0978)  sps  9455  std [0.25 0.25]
up 4370 steps  35.80M  ret  4.040  apex 1.027  det h(26.25) 1.028 mean 1.0280 (best 1.0978)  sps  9538  std [0.251 0.253]
up 4380 steps  35.88M  ret  4.033  apex 1.026  det h(26.25) 1.042 mean 1.0423 (best 1.0978)  sps  9468  std [0.25 0.25]
up 4390 steps  35.96M  ret  4.076  apex 1.037  det h(26.25) 1.039 mean 1.0389 (best 1.0978)  sps  9507  std [0.256 0.258]
up 4400 steps  36.04M  ret  3.991  apex 1.038  det h(26.25) 1.036 mean 1.0356 (best 1.0978)  sps  9423  std [0.268 0.28 ]
up 4410 steps  36.13M  ret  3.912  apex 1.028  det h(26.25) 1.010 mean 1.0101 (best 1.0978)  sps  9463  std [0.282 0.29 ]
up 4420 steps  36.21M  ret  3.971  apex 1.014  det h(26.25) 1.022 mean 1.0218 (best 1.0978)  sps  9550  std [0.272 0.288]
up 4430 steps  36.29M  ret  3.997  apex 1.020  det h(26.25) 1.019 mean 1.0187 (best 1.0978)  sps  9430  std [0.273 0.297]
up 4440 steps  36.37M  ret  3.954  apex 1.015  det h(26.25) 1.016 mean 1.0160 (best 1.0978)  sps  9522  std [0.283 0.303]
up 4450 steps  36.45M  ret  3.891  apex 1.016  det h(26.25) 1.030 mean 1.0298 (best 1.0978)  sps  9522  std [0.291 0.304]
up 4460 steps  36.54M  ret  3.830  apex 1.020  det h(26.25) 1.015 mean 1.0154 (best 1.0978)  sps  9518  std [0.305 0.31 ]
up 4470 steps  36.62M  ret  3.901  apex 1.011  det h(26.25) 1.015 mean 1.0152 (best 1.0978)  sps  9636  std [0.303 0.291]
up 4480 steps  36.70M  ret  3.919  apex 1.011  det h(26.25) 1.012 mean 1.0118 (best 1.0978)  sps  9539  std [0.324 0.313]
up 4490 steps  36.78M  ret  3.928  apex 1.013  det h(26.25) 1.014 mean 1.0144 (best 1.0978)  sps  9405  std [0.325 0.307]
up 4500 steps  36.86M  ret  3.965  apex 1.014  det h(26.25) 1.019 mean 1.0190 (best 1.0978)  sps  9582  std [0.321 0.299]
up 4510 steps  36.95M  ret  3.959  apex 1.014  det h(26.25) 1.011 mean 1.0107 (best 1.0978)  sps  9537  std [0.308 0.296]
up 4520 steps  37.03M  ret  3.951  apex 1.011  det h(26.25) 1.026 mean 1.0262 (best 1.0978)  sps  9537  std [0.292 0.292]
up 4530 steps  37.11M  ret  3.998  apex 1.022  det h(26.25) 1.028 mean 1.0283 (best 1.0978)  sps  9529  std [0.296 0.277]
up 4540 steps  37.19M  ret  3.928  apex 1.025  det h(26.25) 1.027 mean 1.0267 (best 1.0978)  sps  9559  std [0.305 0.285]
up 4550 steps  37.27M  ret  3.983  apex 1.021  det h(26.25) 1.020 mean 1.0196 (best 1.0978)  sps  9496  std [0.301 0.275]
up 4560 steps  37.36M  ret  3.963  apex 1.015  det h(26.25) 1.017 mean 1.0171 (best 1.0978)  sps  9607  std [0.309 0.276]
up 4570 steps  37.44M  ret  3.971  apex 1.015  det h(26.25) 1.017 mean 1.0166 (best 1.0978)  sps  9614  std [0.303 0.266]
up 4580 steps  37.52M  ret  3.977  apex 1.015  det h(26.25) 1.022 mean 1.0218 (best 1.0978)  sps  9417  std [0.292 0.262]
up 4590 steps  37.60M  ret  3.990  apex 1.019  det h(26.25) 1.019 mean 1.0187 (best 1.0978)  sps  9574  std [0.281 0.255]
up 4600 steps  37.68M  ret  3.967  apex 1.016  det h(26.25) 1.010 mean 1.0099 (best 1.0978)  sps  9570  std [0.272 0.262]
up 4610 steps  37.77M  ret  3.941  apex 1.008  det h(26.25) 1.006 mean 1.0065 (best 1.0978)  sps  9479  std [0.266 0.25 ]
up 4620 steps  37.85M  ret  3.942  apex 1.007  det h(26.25) 1.024 mean 1.0242 (best 1.0978)  sps  9604  std [0.256 0.251]
up 4630 steps  37.93M  ret  3.996  apex 1.019  det h(26.25) 1.019 mean 1.0193 (best 1.0978)  sps  9654  std [0.255 0.25 ]
up 4640 steps  38.01M  ret  4.001  apex 1.019  det h(26.25) 1.039 mean 1.0393 (best 1.0978)  sps  9430  std [0.257 0.25 ]
up 4650 steps  38.09M  ret  4.023  apex 1.034  det h(26.25) 1.041 mean 1.0411 (best 1.0978)  sps  9731  std [0.253 0.25 ]
up 4660 steps  38.17M  ret  4.076  apex 1.036  det h(26.25) 1.026 mean 1.0256 (best 1.0978)  sps  9442  std [0.259 0.253]
up 4670 steps  38.26M  ret  4.058  apex 1.031  det h(26.25) 1.039 mean 1.0388 (best 1.0978)  sps  9589  std [0.252 0.251]
up 4680 steps  38.34M  ret  4.083  apex 1.036  det h(26.25) 1.040 mean 1.0402 (best 1.0978)  sps  9460  std [0.25  0.257]
up 4690 steps  38.42M  ret  4.006  apex 1.039  det h(26.25) 1.042 mean 1.0417 (best 1.0978)  sps  9671  std [0.263 0.274]
up 4700 steps  38.50M  ret  4.022  apex 1.037  det h(26.25) 1.036 mean 1.0361 (best 1.0978)  sps  9602  std [0.269 0.267]
up 4710 steps  38.58M  ret  4.052  apex 1.035  det h(26.25) 1.032 mean 1.0324 (best 1.0978)  sps  9605  std [0.286 0.276]
up 4720 steps  38.67M  ret  3.976  apex 1.031  det h(26.25) 1.029 mean 1.0287 (best 1.0978)  sps  9564  std [0.299 0.295]
up 4730 steps  38.75M  ret  3.954  apex 1.023  det h(26.25) 1.014 mean 1.0140 (best 1.0978)  sps  9527  std [0.292 0.269]
up 4740 steps  38.83M  ret  3.960  apex 1.012  det h(26.25) 1.013 mean 1.0132 (best 1.0978)  sps  9582  std [0.288 0.272]
up 4750 steps  38.91M  ret  3.962  apex 1.012  det h(26.25) 1.017 mean 1.0165 (best 1.0978)  sps  9497  std [0.285 0.272]
up 4760 steps  38.99M  ret  3.982  apex 1.017  det h(26.25) 1.019 mean 1.0191 (best 1.0978)  sps  9599  std [0.292 0.275]
up 4770 steps  39.08M  ret  3.996  apex 1.019  det h(26.25) 1.012 mean 1.0122 (best 1.0978)  sps  9577  std [0.276 0.272]
up 4780 steps  39.16M  ret  3.960  apex 1.012  det h(26.25) 1.011 mean 1.0114 (best 1.0978)  sps  9555  std [0.273 0.264]
up 4790 steps  39.24M  ret  3.968  apex 1.012  det h(26.25) 1.009 mean 1.0089 (best 1.0978)  sps  9687  std [0.262 0.254]
up 4800 steps  39.32M  ret  3.961  apex 1.011  det h(26.25) 1.019 mean 1.0187 (best 1.0978)  sps  9553  std [0.257 0.24 ]
up 4810 steps  39.40M  ret  4.011  apex 1.020  det h(26.25) 1.028 mean 1.0276 (best 1.0978)  sps  9762  std [0.243 0.227]
up 4820 steps  39.49M  ret  4.005  apex 1.025  det h(26.25) 1.027 mean 1.0274 (best 1.0978)  sps  9600  std [0.232 0.232]
up 4830 steps  39.57M  ret  3.985  apex 1.026  det h(26.25) 1.019 mean 1.0188 (best 1.0978)  sps  9629  std [0.231 0.227]
up 4840 steps  39.65M  ret  4.007  apex 1.019  det h(26.25) 1.008 mean 1.0085 (best 1.0978)  sps  9629  std [0.213 0.218]
up 4850 steps  39.73M  ret  3.962  apex 1.009  det h(26.25) 1.004 mean 1.0039 (best 1.0978)  sps  9637  std [0.21 0.21]
up 4860 steps  39.81M  ret  3.963  apex 1.009  det h(26.25) 1.014 mean 1.0145 (best 1.0978)  sps  9626  std [0.204 0.209]
up 4870 steps  39.90M  ret  3.977  apex 1.015  det h(26.25) 1.016 mean 1.0155 (best 1.0978)  sps  9662  std [0.198 0.212]
up 4880 steps  39.98M  ret  3.989  apex 1.015  det h(26.25) 1.017 mean 1.0166 (best 1.0978)  sps  9557  std [0.195 0.205]
up 4890 steps  40.06M  ret  3.979  apex 1.013  det h(26.25) 1.006 mean 1.0057 (best 1.0978)  sps  9380  std [0.192 0.197]
up 4900 steps  40.14M  ret  3.919  apex 1.001  det h(26.25) 0.984 mean 0.9840 (best 1.0978)  sps  9554  std [0.198 0.189]
up 4910 steps  40.22M  ret  3.831  apex 0.983  det h(26.25) 0.974 mean 0.9743 (best 1.0978)  sps  9670  std [0.205 0.193]
up 4920 steps  40.30M  ret  3.789  apex 0.974  det h(26.25) 0.977 mean 0.9772 (best 1.0978)  sps  9654  std [0.201 0.201]
up 4930 steps  40.39M  ret  3.802  apex 0.977  det h(26.25) 0.980 mean 0.9798 (best 1.0978)  sps  9669  std [0.202 0.196]
up 4940 steps  40.47M  ret  3.437  apex 0.978  det h(26.25) 0.976 mean 0.9763 (best 1.0978)  sps  9547  std [0.215 0.219]
up 4950 steps  40.55M  ret  3.503  apex 0.977  det h(26.25) 0.974 mean 0.9745 (best 1.0978)  sps  9610  std [0.22  0.228]
up 4960 steps  40.63M  ret  3.786  apex 0.973  det h(26.25) 0.972 mean 0.9717 (best 1.0978)  sps  9482  std [0.219 0.234]
up 4970 steps  40.71M  ret  3.779  apex 0.979  det h(26.25) 0.988 mean 0.9877 (best 1.0978)  sps  9686  std [0.221 0.233]
up 4980 steps  40.80M  ret  3.846  apex 0.987  det h(26.25) 0.984 mean 0.9841 (best 1.0978)  sps  9496  std [0.226 0.236]
up 4990 steps  40.88M  ret  3.821  apex 0.983  det h(26.25) 0.984 mean 0.9840 (best 1.0978)  sps  9250  std [0.218 0.224]
early stop: plateau (best 1.0978 이후 120회 미개선)
done — steps 40878080 wall 72.8min best_h 1.0978 (plateau (best 1.0978 이후 120회 미개선))
curve saved: t0wc_ppo_curve_lifix26p25_long_05ms.png
===== t0_rollout_long.py fix:26.25:0.5 =====
warm-start from previous mshoot best
warm-start from previous fourbar best
setup done [10s] — clip=25.581 law=(-0.3823, 0.6301, 7.2968) c_cvt=0.7926 k_rise=0.2656 tm=1.31ms n429=10
  golden A — 0429/60_0.75_60_2    : dq2 RMSE=1.8560
  golden A — 0429/60_1.5_60_1.5   : dq2 RMSE=2.1339
  golden A — 0429/90_0.75_90_2    : dq2 RMSE=2.3594
  golden A — 0429/90_1.5_90_2.5   : dq2 RMSE=2.3440
  golden A — 0429/120_2_120_2     : dq2 RMSE=2.4115
  golden A — 0429/120_2.2_150_2.5 : dq2 RMSE=2.4855
  golden A — 0429/120_2.2_200_2.8 : dq2 RMSE=2.3865
  golden A — 0429/150_2.2_250_3   : dq2 RMSE=3.3899
  golden A — 0429/150_2.2_350_3.5 : dq2 RMSE=3.7922
  golden A — 0429/150_2.2_500_4   : dq2 RMSE=2.8979
  golden A — session mean 2.6057 (canonical 2.6057) PASS
  golden B — 0429/60_0.75_60_2 env vs cl_run23(is_cvt, l_i=25.08, clip=25.581) max|Δ|=0.000e+00 PASS
GOLDEN PASS (A: 0429 재생 세션평균 / B: env CVT 스텝 비트일치, clip=25.581)
[final] l_i= 26.25mm  h=0.9840  audit=PASS  stance=0.124s  내삽
[best] l_i= 26.25mm  h=1.0978  audit=PASS  stance=0.129s  내삽

l_i* = 26.25 mm (best ckpt)  h=1.0978 m  pass_all=True  extrapolated=False
saved: t0wc_ppo_lifix26p25_long_05ms.npz / t0wc_ppo_audit_lifix26p25_long_05ms.json [1s]
fix:24           h=1.0034 pass=True ckpt=best steps=18759680
fix:25.08        h=1.0225 pass=True ckpt=final steps=6062080
fix:26.25        h=0.9711 pass=True ckpt=final steps=10158080
fix:28           h=1.0637 pass=True ckpt=final steps=6062080
fix:30           h=1.0446 pass=True ckpt=best steps=17367040
fix:26.25:1      h=1.0860 pass=True ckpt=best steps=19005440
fix:26.25:0.5    h=1.0978 pass=True ckpt=best steps=40878080
Traceback (most recent call last):
  File "C:\Users\junho\Documents\jump-opt-digital-twin\code\goal22\p25_task0\t0_fix_sweep.py", line 153, in <module>
    main()
  File "C:\Users\junho\Documents\jump-opt-digital-twin\code\goal22\p25_task0\t0_fix_sweep.py", line 146, in main
    make_figure(rows)
  File "C:\Users\junho\Documents\jump-opt-digital-twin\code\goal22\p25_task0\t0_fix_sweep.py", line 69, in make_figure
    import safe
ModuleNotFoundError: No module named 'safe'
PROBE-CHAIN-DONE
