═══ P25-task0 with_cvt — NLP (l_i 결정변수, p24a CVT twin) ═══
warm-start from previous mshoot best
warm-start from previous fourbar best
setup done [2s] — clip=25.581 law=(-0.3823, 0.6301, 7.2968) c_cvt=0.7926 k_rise=0.2656 tm=1.31ms n429=10
[검증] raw=25.581 → â_motoring=15.0000 Nm  R19.CLIP=25.581
[0] ahat(RAW15=25.581, v=+5) = 14.999976 Nm (기대 ~15.00)
[1] 0429/60_0.75_60_2     dq2 RMSE=1.856
[1] 0429/60_1.5_60_1.5    dq2 RMSE=2.134
[1] 0429/90_0.75_90_2     dq2 RMSE=2.359
[1] 0429/90_1.5_90_2.5    dq2 RMSE=2.344
[1] 0429/120_2_120_2      dq2 RMSE=2.411
[1] 0429/120_2.2_150_2.5  dq2 RMSE=2.485
[1] 0429/120_2.2_200_2.8  dq2 RMSE=2.386
[1] 0429/150_2.2_250_3    dq2 RMSE=3.390
[1] 0429/150_2.2_350_3.5  dq2 RMSE=3.792
[1] 0429/150_2.2_500_4    dq2 RMSE=2.898
[1] session mean = 2.6057 (canonical 2.6057) PASS
[2] 0429/60_0.75_60_2     mirror max|Δ|=0.000e+00
[2] 0429/60_1.5_60_1.5    mirror max|Δ|=0.000e+00
[2] 0429/90_0.75_90_2     mirror max|Δ|=0.000e+00
GOLDEN PASS
[mirror golden] max|Δ|=0.00e+00  apex 1.0904→1.0904  PASS
[AVT crosscheck] max|q2_avt-(-qk)|=1.80e-14 rad  max|J_avt-r|=2.61e-13
박스: q1 [-1.2566,-0.2967]  qm [-2.95,-0.05]  l_i [10,30]mm  J≤-0.05
[l_i 보간 검증] {'u=-0.5': {'rel_M': 2.6369823915844596e-07, 'rel_G': 2.636982391488295e-07, 'abs_r': 3.806904318393034e-06}, 'u=+0.5': {'rel_M': 2.3387223514212995e-07, 'rel_G': 2.33872235134224e-07, 'abs_r': 5.250622689634277e-06}}
[li2508] warm=t0wc_cl_li2508.npz li0=25.08mm apex정렬 shift=-68ms
