warm-start from previous mshoot best
warm-start from previous fourbar best
★스탠스 0.3s 제약 제거 (W_st=0)
seed: 기존 t0nc_cl.npz 매듭  q0=(-0.3478,-1.6388) rad
=== t0nc CL 재최적 (순수 PD) — 게인 (150.0, 2.2, 250.0, 3.0)  ★clip ±35.5(배포동일)  15Nm=페널티단독(W_tau=200)  dim 16 ===
seed f=227.7559
  r0 it   25  nfev   401  best f=22.6868  [40s]
  r0 it   50  nfev   801  best f=-0.6727  [78s]
  r0 it   75  nfev  1201  best f=-0.6727  [118s]
  r0 it  100  nfev  1601  best f=-0.7384  [156s]
  r0 it  125  nfev  2001  best f=-0.8079  [194s]
  r0 it  150  nfev  2401  best f=-0.8404  [232s]
  r0 it  175  nfev  2801  best f=-0.8487  [269s]
  r0 it  200  nfev  3201  best f=-0.8526  [306s]
  r0 it  225  nfev  3601  best f=-0.8558  [343s]
  r0 it  250  nfev  4001  best f=-0.8574  [380s]
  r0 it  275  nfev  4401  best f=-0.8578  [417s]
  r0 it  300  nfev  4801  best f=-0.8581  [454s]
round 0: h=0.8653 stance=0.209 audit_pass=True worst=q2_hi:-0.0029  Fh/Fv 중앙 0.27/90% 0.43  몸높이최저 0.200m  [474s]

h_plan=0.8653 m  stance=0.209s  q0=(-18.0°,-131.5°)  게인 (150.0, 2.2, 250.0, 3.0)
audit: tau_hip=-0.3002  tau_knee=-0.2999  tn_hip=-30.5072  tn_knee=-21.4713  dq_hip=-36.2004  dq_knee=-27.5380  q1_lo=-0.0032  q1_hi=-0.0031  q2_lo=-0.2357  q2_hi=-0.0029  PASS=True
saved t0nc_cl_v9b.npz + audit  [7.9m, evals=5009]
