===== 05ms ext start 2026-07-20  0:55:46.92 =====
===== t0_train_long.py fix:24:0.5 (ext) =====
warm-start from previous mshoot best
warm-start from previous fourbar best
setup done [2s] — clip=25.581 law=(-0.3823, 0.6301, 7.2968) c_cvt=0.7926 k_rise=0.2656 tm=1.31ms n429=10
  golden A — 0429/60_0.75_60_2    : dq2 RMSE=1.8560
  golden A — 0429/60_1.5_60_1.5   : dq2 RMSE=2.1339
  golden A — 0429/90_0.75_90_2    : dq2 RMSE=2.3594
  golden A — 0429/90_1.5_90_2.5   : dq2 RMSE=2.3440
  golden A — 0429/120_2_120_2     : dq2 RMSE=2.4115
  golden A — 0429/120_2.2_150_2.5 : dq2 RMSE=2.4855
  golden A — 0429/120_2.2_200_2.8 : dq2 RMSE=2.3865
  golden A — 0429/150_2.2_250_3   : dq2 RMSE=3.3899
  golden A — 0429/150_2.2_350_3.5 : dq2 RMSE=3.7922
  golden A — 0429/150_2.2_500_4   : dq2 RMSE=2.8979
  golden A — session mean 2.6057 (canonical 2.6057) PASS
  golden B — 0429/60_0.75_60_2 env vs cl_run23(is_cvt, l_i=25.08, clip=25.581) max|Δ|=0.000e+00 PASS
GOLDEN PASS (A: 0429 재생 세션평균 / B: env CVT 스텝 비트일치, clip=25.581)
[dev] NVIDIA GeForce RTX 5080 (hid 128): 400 mb-updates cpu 0.224s / gpu 0.242s → 2x128 넷이 작아 CPU가 빠름 (물리 스텝이 병목) — CPU 사용
[resume] t0wc_ppo_policy_lifix24_long_05ms.pt: steps=None best=1.0202 — BC 스킵, 잔여 예산으로 재개
[bc] det-eval h: {'24': 0.9408}
warm-start from previous mshoot best
warm-start from previous fourbar best
warm-start from previous mshoot best
warm-start from previous fourbar best
warm-start from previous mshoot best
warm-start from previous fourbar best
warm-start from previous mshoot best
warm-start from previous fourbar best
warm-start from previous mshoot best
warm-start from previous fourbar best
warm-start from previous mshoot best
warm-start from previous fourbar best
warm-start from previous mshoot best
warm-start from previous fourbar best
warm-start from previous mshoot best
warm-start from previous fourbar best
setup done [3s] — clip=25.581 law=(-0.3823, 0.6301, 7.2968) c_cvt=0.7926 k_rise=0.2656 tm=1.31ms n429=10
setup done [3s] — clip=25.581 law=(-0.3823, 0.6301, 7.2968) c_cvt=0.7926 k_rise=0.2656 tm=1.31ms n429=10
setup done [3s] — clip=25.581 law=(-0.3823, 0.6301, 7.2968) c_cvt=0.7926 k_rise=0.2656 tm=1.31ms n429=10
setup done [3s] — clip=25.581 law=(-0.3823, 0.6301, 7.2968) c_cvt=0.7926 k_rise=0.2656 tm=1.31ms n429=10
setup done [3s] — clip=25.581 law=(-0.3823, 0.6301, 7.2968) c_cvt=0.7926 k_rise=0.2656 tm=1.31ms n429=10
setup done [3s] — clip=25.581 law=(-0.3823, 0.6301, 7.2968) c_cvt=0.7926 k_rise=0.2656 tm=1.31ms n429=10
setup done [3s] — clip=25.581 law=(-0.3823, 0.6301, 7.2968) c_cvt=0.7926 k_rise=0.2656 tm=1.31ms n429=10
setup done [3s] — clip=25.581 law=(-0.3823, 0.6301, 7.2968) c_cvt=0.7926 k_rise=0.2656 tm=1.31ms n429=10
[mp] 8 workers × 2 envs = 16 — ready [10s]
PPO start — 11718 updates × batch 8192 (dev cpu, clip=25.581)
up   40 steps  29.66M  ret  3.443  apex 0.951  det h(24) 0.950 mean 0.9499 (best 1.0202)  sps 10529  std [0.251 0.25 ]
up   80 steps  29.98M  ret  3.450  apex 0.954  det h(24) 0.953 mean 0.9534 (best 1.0202)  sps 10522  std [0.257 0.253]
up  120 steps  30.31M  ret  3.362  apex 0.934  det h(24) 0.933 mean 0.9333 (best 1.0202)  sps 10459  std [0.253 0.257]
up  160 steps  30.64M  ret  3.346  apex 0.936  det h(24) 0.927 mean 0.9268 (best 1.0202)  sps 10583  std [0.272 0.251]
up  200 steps  30.97M  ret  3.321  apex 0.930  det h(24) 0.938 mean 0.9376 (best 1.0202)  sps 10645  std [0.26  0.258]
up  240 steps  31.29M  ret  3.377  apex 0.941  det h(24) 0.938 mean 0.9384 (best 1.0202)  sps 10693  std [0.25 0.25]
up  280 steps  31.62M  ret  3.260  apex 0.947  det h(24) 0.949 mean 0.9488 (best 1.0202)  sps 10695  std [0.265 0.278]
up  320 steps  31.95M  ret  3.313  apex 0.929  det h(24) 0.930 mean 0.9305 (best 1.0202)  sps 10520  std [0.275 0.305]
up  360 steps  32.28M  ret  3.356  apex 0.935  det h(24) 0.938 mean 0.9379 (best 1.0202)  sps 10504  std [0.25 0.25]
up  400 steps  32.60M  ret  3.334  apex 0.937  det h(24) 0.911 mean 0.9110 (best 1.0202)  sps 10566  std [0.25  0.253]
up  440 steps  32.93M  ret  3.276  apex 0.918  det h(24) 0.902 mean 0.9023 (best 1.0202)  sps 10668  std [0.254 0.266]
up  480 steps  33.26M  ret  3.189  apex 0.907  det h(24) 0.915 mean 0.9155 (best 1.0202)  sps 10619  std [0.263 0.269]
up  520 steps  33.59M  ret  3.272  apex 0.919  det h(24) 0.931 mean 0.9315 (best 1.0202)  sps 10525  std [0.25  0.277]
up  560 steps  33.91M  ret  3.196  apex 0.938  det h(24) 0.942 mean 0.9425 (best 1.0202)  sps 10543  std [0.275 0.257]
up  600 steps  34.24M  ret  3.354  apex 0.935  det h(24) 0.938 mean 0.9382 (best 1.0202)  sps 10574  std [0.285 0.293]
up  640 steps  34.57M  ret  3.298  apex 0.953  det h(24) 0.956 mean 0.9562 (best 1.0202)  sps 10388  std [0.272 0.291]
up  680 steps  34.90M  ret  3.423  apex 0.949  det h(24) 0.957 mean 0.9567 (best 1.0202)  sps 10551  std [0.256 0.274]
up  720 steps  35.23M  ret  3.485  apex 0.960  det h(24) 0.965 mean 0.9654 (best 1.0202)  sps 10400  std [0.254 0.251]
up  760 steps  35.55M  ret  3.483  apex 0.961  det h(24) 0.972 mean 0.9717 (best 1.0202)  sps 10664  std [0.264 0.286]
up  800 steps  35.88M  ret  3.539  apex 0.971  det h(24) 0.975 mean 0.9754 (best 1.0202)  sps 10415  std [0.25 0.27]
up  840 steps  36.21M  ret  3.465  apex 0.978  det h(24) 0.981 mean 0.9809 (best 1.0202)  sps 10388  std [0.27  0.262]
up  880 steps  36.54M  ret  3.427  apex 0.954  det h(24) 0.957 mean 0.9568 (best 1.0202)  sps 10321  std [0.281 0.292]
up  920 steps  36.86M  ret  3.454  apex 0.954  det h(24) 0.962 mean 0.9618 (best 1.0202)  sps 10647  std [0.25  0.274]
up  960 steps  37.19M  ret  3.479  apex 0.958  det h(24) 0.956 mean 0.9563 (best 1.0202)  sps 10567  std [0.25  0.251]
up 1000 steps  37.52M  ret  3.454  apex 0.959  det h(24) 0.934 mean 0.9344 (best 1.0202)  sps 10730  std [0.258 0.257]
up 1040 steps  37.85M  ret  3.459  apex 0.960  det h(24) 0.957 mean 0.9574 (best 1.0202)  sps 10558  std [0.266 0.261]
up 1080 steps  38.17M  ret  3.422  apex 0.953  det h(24) 0.959 mean 0.9594 (best 1.0202)  sps 10453  std [0.298 0.311]
up 1120 steps  38.50M  ret  3.286  apex 0.962  det h(24) 0.962 mean 0.9624 (best 1.0202)  sps 10484  std [0.307 0.281]
up 1160 steps  38.83M  ret  3.318  apex 0.938  det h(24) 0.943 mean 0.9426 (best 1.0202)  sps 10540  std [0.33  0.293]
up 1200 steps  39.16M  ret  3.405  apex 0.944  det h(24) 0.946 mean 0.9460 (best 1.0202)  sps 10658  std [0.337 0.243]
up 1240 steps  39.49M  ret  3.336  apex 0.932  det h(24) 0.935 mean 0.9348 (best 1.0202)  sps 10764  std [0.326 0.258]
up 1280 steps  39.81M  ret  3.421  apex 0.944  det h(24) 0.941 mean 0.9414 (best 1.0202)  sps 10473  std [0.246 0.195]
up 1320 steps  40.14M  ret  3.452  apex 0.949  det h(24) 0.952 mean 0.9525 (best 1.0202)  sps 10677  std [0.182 0.161]
up 1360 steps  40.47M  ret  3.462  apex 0.951  det h(24) 0.952 mean 0.9522 (best 1.0202)  sps 10659  std [0.141 0.131]
up 1400 steps  40.80M  ret  3.475  apex 0.957  det h(24) 0.950 mean 0.9496 (best 1.0202)  sps 10690  std [0.124 0.1  ]
up 1440 steps  41.12M  ret  3.460  apex 0.949  det h(24) 0.945 mean 0.9448 (best 1.0202)  sps 10464  std [0.118 0.095]
up 1480 steps  41.45M  ret  3.484  apex 0.955  det h(24) 0.960 mean 0.9598 (best 1.0202)  sps 10546  std [0.108 0.087]
up 1520 steps  41.78M  ret  3.452  apex 0.948  det h(24) 0.944 mean 0.9444 (best 1.0202)  sps 10659  std [0.115 0.089]
up 1560 steps  42.11M  ret  3.199  apex 0.950  det h(24) 0.958 mean 0.9576 (best 1.0202)  sps 10637  std [0.138 0.101]
up 1600 steps  42.43M  ret  3.549  apex 0.968  det h(24) 0.969 mean 0.9686 (best 1.0202)  sps 10549  std [0.122 0.09 ]
up 1640 steps  42.76M  ret  3.464  apex 0.951  det h(24) 0.949 mean 0.9494 (best 1.0202)  sps 10689  std [0.126 0.095]
up 1680 steps  43.09M  ret  3.226  apex 0.956  det h(24) 0.951 mean 0.9511 (best 1.0202)  sps 10606  std [0.118 0.097]
up 1720 steps  43.42M  ret  3.419  apex 0.943  det h(24) 0.944 mean 0.9439 (best 1.0202)  sps 10470  std [0.113 0.112]
up 1760 steps  43.75M  ret  3.434  apex 0.945  det h(24) 0.946 mean 0.9457 (best 1.0202)  sps 10614  std [0.119 0.111]
up 1800 steps  44.07M  ret  3.454  apex 0.951  det h(24) 0.948 mean 0.9480 (best 1.0202)  sps 10560  std [0.129 0.109]
up 1840 steps  44.40M  ret  3.481  apex 0.955  det h(24) 0.958 mean 0.9578 (best 1.0202)  sps 10657  std [0.126 0.1  ]
up 1880 steps  44.73M  ret  3.397  apex 0.946  det h(24) 0.951 mean 0.9511 (best 1.0202)  sps 10521  std [0.139 0.099]
up 1920 steps  45.06M  ret  3.481  apex 0.956  det h(24) 0.960 mean 0.9599 (best 1.0202)  sps 10572  std [0.126 0.097]
up 1960 steps  45.38M  ret  3.514  apex 0.962  det h(24) 0.965 mean 0.9652 (best 1.0202)  sps 10522  std [0.114 0.083]
up 2000 steps  45.71M  ret  3.562  apex 0.972  det h(24) 0.975 mean 0.9753 (best 1.0202)  sps 10409  std [0.117 0.087]
up 2040 steps  46.04M  ret  3.554  apex 0.988  det h(24) 0.948 mean 0.9477 (best 1.0202)  sps 10569  std [0.108 0.074]
up 2080 steps  46.37M  ret  3.565  apex 1.001  det h(24) 1.007 mean 1.0068 (best 1.0202)  sps 10688  std [0.118 0.08 ]
up 2120 steps  46.69M  ret  0.486  apex 1.008  det h(24) 1.028 mean 1.0283 (best 1.0283)  sps 10395  std [0.126 0.089]
up 2160 steps  47.02M  ret  0.897  apex 1.008  det h(24) 1.028 mean 1.0276 (best 1.0283)  sps 10541  std [0.123 0.088]
up 2200 steps  47.35M  ret  2.346  apex 1.007  det h(24) 0.982 mean 0.9821 (best 1.0283)  sps 10515  std [0.122 0.086]
up 2240 steps  47.68M  ret  2.994  apex 1.000  det h(24) 0.979 mean 0.9794 (best 1.0283)  sps 10526  std [0.109 0.082]
up 2280 steps  48.01M  ret  3.247  apex 0.990  det h(24) 0.993 mean 0.9930 (best 1.0283)  sps 10552  std [0.116 0.091]
up 2320 steps  48.33M  ret  3.427  apex 1.013  det h(24) 1.014 mean 1.0137 (best 1.0283)  sps 10739  std [0.109 0.097]
up 2360 steps  48.66M  ret  3.517  apex 1.011  det h(24) 1.010 mean 1.0100 (best 1.0283)  sps 10573  std [0.115 0.091]
up 2400 steps  48.99M  ret  3.692  apex 1.007  det h(24) 1.006 mean 1.0064 (best 1.0283)  sps 10575  std [0.111 0.093]
up 2440 steps  49.32M  ret  3.665  apex 0.993  det h(24) 0.984 mean 0.9839 (best 1.0283)  sps 10648  std [0.119 0.108]
up 2480 steps  49.64M  ret  3.494  apex 0.983  det h(24) 0.979 mean 0.9795 (best 1.0283)  sps 10475  std [0.13  0.118]
up 2520 steps  49.97M  ret  3.544  apex 0.972  det h(24) 0.964 mean 0.9637 (best 1.0283)  sps 10777  std [0.141 0.131]
up 2560 steps  50.30M  ret  3.446  apex 0.949  det h(24) 0.939 mean 0.9389 (best 1.0283)  sps 10614  std [0.148 0.136]
up 2600 steps  50.63M  ret  2.860  apex 0.941  det h(24) 0.932 mean 0.9321 (best 1.0283)  sps 10733  std [0.159 0.126]
up 2640 steps  50.95M  ret  2.898  apex 0.940  det h(24) 0.934 mean 0.9345 (best 1.0283)  sps 10478  std [0.164 0.15 ]
up 2680 steps  51.28M  ret  3.419  apex 0.945  det h(24) 0.945 mean 0.9449 (best 1.0283)  sps 10392  std [0.156 0.146]
up 2720 steps  51.61M  ret  3.132  apex 0.944  det h(24) 0.947 mean 0.9472 (best 1.0283)  sps 10574  std [0.135 0.125]
up 2760 steps  51.94M  ret  3.336  apex 0.925  det h(24) 0.923 mean 0.9227 (best 1.0283)  sps 10562  std [0.128 0.127]
up 2800 steps  52.26M  ret  3.354  apex 0.929  det h(24) 0.923 mean 0.9231 (best 1.0283)  sps 10425  std [0.115 0.109]
up 2840 steps  52.59M  ret  3.246  apex 0.914  det h(24) 0.917 mean 0.9172 (best 1.0283)  sps 10513  std [0.118 0.116]
up 2880 steps  52.92M  ret  3.292  apex 0.916  det h(24) 0.915 mean 0.9145 (best 1.0283)  sps 10736  std [0.102 0.1  ]
up 2920 steps  53.25M  ret  3.252  apex 0.908  det h(24) 0.906 mean 0.9056 (best 1.0283)  sps 10596  std [0.101 0.105]
up 2960 steps  53.58M  ret  2.789  apex 0.885  det h(24) 0.885 mean 0.8851 (best 1.0283)  sps 10734  std [0.093 0.108]
up 3000 steps  53.90M  ret  3.092  apex 0.875  det h(24) 0.871 mean 0.8709 (best 1.0283)  sps 10644  std [0.118 0.122]
up 3040 steps  54.23M  ret  3.122  apex 0.882  det h(24) 0.884 mean 0.8837 (best 1.0283)  sps 10351  std [0.106 0.124]
up 3080 steps  54.56M  ret  3.115  apex 0.880  det h(24) 0.877 mean 0.8770 (best 1.0283)  sps 10511  std [0.102 0.116]
up 3120 steps  54.89M  ret  3.073  apex 0.872  det h(24) 0.867 mean 0.8668 (best 1.0283)  sps 10567  std [0.098 0.116]
up 3160 steps  55.21M  ret  3.034  apex 0.864  det h(24) 0.862 mean 0.8615 (best 1.0283)  sps 10429  std [0.098 0.115]
up 3200 steps  55.54M  ret  2.983  apex 0.853  det h(24) 0.859 mean 0.8585 (best 1.0283)  sps 10603  std [0.095 0.115]
up 3240 steps  55.87M  ret  2.776  apex 0.850  det h(24) 0.850 mean 0.8497 (best 1.0283)  sps 10577  std [0.102 0.128]
up 3280 steps  56.20M  ret  2.958  apex 0.848  det h(24) 0.845 mean 0.8447 (best 1.0283)  sps 10368  std [0.109 0.124]
up 3320 steps  56.52M  ret  2.902  apex 0.856  det h(24) 0.855 mean 0.8553 (best 1.0283)  sps 10587  std [0.104 0.121]
up 3360 steps  56.85M  ret  2.940  apex 0.851  det h(24) 0.861 mean 0.8609 (best 1.0283)  sps 10708  std [0.108 0.125]
up 3400 steps  57.18M  ret  3.030  apex 0.862  det h(24) 0.861 mean 0.8611 (best 1.0283)  sps 10582  std [0.097 0.109]
up 3440 steps  57.51M  ret  3.029  apex 0.862  det h(24) 0.855 mean 0.8550 (best 1.0283)  sps 10541  std [0.09  0.104]
up 3480 steps  57.84M  ret  2.973  apex 0.850  det h(24) 0.854 mean 0.8538 (best 1.0283)  sps 10510  std [0.088 0.095]
up 3520 steps  58.16M  ret  2.845  apex 0.824  det h(24) 0.818 mean 0.8184 (best 1.0283)  sps 10432  std [0.097 0.102]
up 3560 steps  58.49M  ret  2.778  apex 0.811  det h(24) 0.811 mean 0.8105 (best 1.0283)  sps 10548  std [0.098 0.105]
up 3600 steps  58.82M  ret  2.786  apex 0.813  det h(24) 0.814 mean 0.8135 (best 1.0283)  sps 10653  std [0.096 0.094]
up 3640 steps  59.15M  ret  2.823  apex 0.820  det h(24) 0.827 mean 0.8267 (best 1.0283)  sps 10610  std [0.1   0.088]
up 3680 steps  59.47M  ret  2.884  apex 0.832  det h(24) 0.832 mean 0.8321 (best 1.0283)  sps 10628  std [0.09  0.079]
up 3720 steps  59.80M  ret  2.870  apex 0.830  det h(24) 0.834 mean 0.8342 (best 1.0283)  sps 10431  std [0.089 0.074]
up 3760 steps  60.13M  ret  2.955  apex 0.847  det h(24) 0.847 mean 0.8470 (best 1.0283)  sps 10541  std [0.092 0.072]
up 3800 steps  60.46M  ret  2.934  apex 0.852  det h(24) 0.855 mean 0.8546 (best 1.0283)  sps 10475  std [0.084 0.067]
up 3840 steps  60.78M  ret  2.957  apex 0.847  det h(24) 0.848 mean 0.8478 (best 1.0283)  sps 10532  std [0.077 0.063]
up 3880 steps  61.11M  ret  2.510  apex 0.848  det h(24) 0.869 mean 0.8685 (best 1.0283)  sps 10671  std [0.078 0.065]
up 3920 steps  61.44M  ret  3.021  apex 0.862  det h(24) 0.852 mean 0.8516 (best 1.0283)  sps 10520  std [0.078 0.064]
up 3960 steps  61.77M  ret  3.036  apex 0.868  det h(24) 0.863 mean 0.8628 (best 1.0283)  sps 10583  std [0.086 0.067]
up 4000 steps  62.10M  ret  2.972  apex 0.851  det h(24) 0.848 mean 0.8483 (best 1.0283)  sps 10502  std [0.079 0.067]
up 4040 steps  62.42M  ret  2.876  apex 0.835  det h(24) 0.832 mean 0.8317 (best 1.0283)  sps 10942  std [0.085 0.063]
up 4080 steps  62.75M  ret  2.848  apex 0.829  det h(24) 0.834 mean 0.8338 (best 1.0283)  sps 10871  std [0.094 0.072]
up 4120 steps  63.08M  ret  2.990  apex 0.854  det h(24) 0.860 mean 0.8596 (best 1.0283)  sps 10815  std [0.094 0.072]
up 4160 steps  63.41M  ret  2.457  apex 0.852  det h(24) 0.848 mean 0.8481 (best 1.0283)  sps 10692  std [0.096 0.078]
up 4200 steps  63.73M  ret  3.071  apex 0.871  det h(24) 0.873 mean 0.8726 (best 1.0283)  sps 10723  std [0.105 0.089]
up 4240 steps  64.06M  ret  3.094  apex 0.891  det h(24) 0.890 mean 0.8898 (best 1.0283)  sps 10706  std [0.096 0.078]
up 4280 steps  64.39M  ret  2.738  apex 0.891  det h(24) 0.902 mean 0.9024 (best 1.0283)  sps 10702  std [0.096 0.077]
up 4320 steps  64.72M  ret  2.755  apex 0.891  det h(24) 0.918 mean 0.9179 (best 1.0283)  sps 10694  std [0.107 0.093]
up 4360 steps  65.04M  ret  2.828  apex 0.891  det h(24) 0.928 mean 0.9284 (best 1.0283)  sps 10713  std [0.106 0.096]
up 4400 steps  65.37M  ret  3.379  apex 0.934  det h(24) 0.931 mean 0.9313 (best 1.0283)  sps 10716  std [0.108 0.1  ]
up 4440 steps  65.70M  ret  3.305  apex 0.934  det h(24) 0.934 mean 0.9338 (best 1.0283)  sps 10750  std [0.108 0.105]
up 4480 steps  66.03M  ret  3.325  apex 0.924  det h(24) 0.923 mean 0.9234 (best 1.0283)  sps 10592  std [0.092 0.096]
up 4520 steps  66.36M  ret  3.456  apex 0.953  det h(24) 0.956 mean 0.9562 (best 1.0283)  sps 10620  std [0.102 0.112]
early stop: plateau (best 1.0283 이후 60회 미개선)
done — steps 66355200 wall 58.8min best_h 1.0283 (plateau (best 1.0283 이후 60회 미개선))
curve saved: t0wc_ppo_curve_lifix24_long_05ms.png
===== t0_rollout_long.py fix:24:0.5 (ext) =====
warm-start from previous mshoot best
warm-start from previous fourbar best
setup done [2s] — clip=25.581 law=(-0.3823, 0.6301, 7.2968) c_cvt=0.7926 k_rise=0.2656 tm=1.31ms n429=10
  golden A — 0429/60_0.75_60_2    : dq2 RMSE=1.8560
  golden A — 0429/60_1.5_60_1.5   : dq2 RMSE=2.1339
  golden A — 0429/90_0.75_90_2    : dq2 RMSE=2.3594
  golden A — 0429/90_1.5_90_2.5   : dq2 RMSE=2.3440
  golden A — 0429/120_2_120_2     : dq2 RMSE=2.4115
  golden A — 0429/120_2.2_150_2.5 : dq2 RMSE=2.4855
  golden A — 0429/120_2.2_200_2.8 : dq2 RMSE=2.3865
  golden A — 0429/150_2.2_250_3   : dq2 RMSE=3.3899
  golden A — 0429/150_2.2_350_3.5 : dq2 RMSE=3.7922
  golden A — 0429/150_2.2_500_4   : dq2 RMSE=2.8979
  golden A — session mean 2.6057 (canonical 2.6057) PASS
  golden B — 0429/60_0.75_60_2 env vs cl_run23(is_cvt, l_i=25.08, clip=25.581) max|Δ|=0.000e+00 PASS
GOLDEN PASS (A: 0429 재생 세션평균 / B: env CVT 스텝 비트일치, clip=25.581)
[final] l_i= 24.00mm  h=0.9562  audit=PASS  stance=0.115s  외삽
[best] l_i= 24.00mm  h=1.0283  audit=FAIL  stance=0.119s  외삽  range_viol

l_i* = 24.00 mm (final ckpt)  h=0.9562 m  pass_all=True  extrapolated=True
saved: t0wc_ppo_lifix24_long_05ms.npz / t0wc_ppo_audit_lifix24_long_05ms.json [1s]
===== t0_train_long.py fix:25.08:0.5 (ext) =====
warm-start from previous mshoot best
warm-start from previous fourbar best
setup done [2s] — clip=25.581 law=(-0.3823, 0.6301, 7.2968) c_cvt=0.7926 k_rise=0.2656 tm=1.31ms n429=10
  golden A — 0429/60_0.75_60_2    : dq2 RMSE=1.8560
  golden A — 0429/60_1.5_60_1.5   : dq2 RMSE=2.1339
  golden A — 0429/90_0.75_90_2    : dq2 RMSE=2.3594
  golden A — 0429/90_1.5_90_2.5   : dq2 RMSE=2.3440
  golden A — 0429/120_2_120_2     : dq2 RMSE=2.4115
  golden A — 0429/120_2.2_150_2.5 : dq2 RMSE=2.4855
  golden A — 0429/120_2.2_200_2.8 : dq2 RMSE=2.3865
  golden A — 0429/150_2.2_250_3   : dq2 RMSE=3.3899
  golden A — 0429/150_2.2_350_3.5 : dq2 RMSE=3.7922
  golden A — 0429/150_2.2_500_4   : dq2 RMSE=2.8979
  golden A — session mean 2.6057 (canonical 2.6057) PASS
  golden B — 0429/60_0.75_60_2 env vs cl_run23(is_cvt, l_i=25.08, clip=25.581) max|Δ|=0.000e+00 PASS
GOLDEN PASS (A: 0429 재생 세션평균 / B: env CVT 스텝 비트일치, clip=25.581)
[dev] NVIDIA GeForce RTX 5080 (hid 128): 400 mb-updates cpu 0.249s / gpu 0.253s → 2x128 넷이 작아 CPU가 빠름 (물리 스텝이 병목) — CPU 사용
[resume] t0wc_ppo_policy_lifix25p08_long_05ms.pt: steps=None best=1.1009 — BC 스킵, 잔여 예산으로 재개
[bc] det-eval h: {'25.08': 1.0157}
warm-start from previous mshoot best
warm-start from previous fourbar best
warm-start from previous mshoot best
warm-start from previous fourbar best
warm-start from previous mshoot best
warm-start from previous fourbar best
warm-start from previous mshoot best
warm-start from previous fourbar best
warm-start from previous mshoot best
warm-start from previous fourbar best
warm-start from previous mshoot best
warm-start from previous fourbar best
warm-start from previous mshoot best
warm-start from previous fourbar best
warm-start from previous mshoot best
warm-start from previous fourbar best
setup done [3s] — clip=25.581 law=(-0.3823, 0.6301, 7.2968) c_cvt=0.7926 k_rise=0.2656 tm=1.31ms n429=10
setup done [3s] — clip=25.581 law=(-0.3823, 0.6301, 7.2968) c_cvt=0.7926 k_rise=0.2656 tm=1.31ms n429=10
setup done [3s] — clip=25.581 law=(-0.3823, 0.6301, 7.2968) c_cvt=0.7926 k_rise=0.2656 tm=1.31ms n429=10
setup done [3s] — clip=25.581 law=(-0.3823, 0.6301, 7.2968) c_cvt=0.7926 k_rise=0.2656 tm=1.31ms n429=10
setup done [3s] — clip=25.581 law=(-0.3823, 0.6301, 7.2968) c_cvt=0.7926 k_rise=0.2656 tm=1.31ms n429=10
setup done [3s] — clip=25.581 law=(-0.3823, 0.6301, 7.2968) c_cvt=0.7926 k_rise=0.2656 tm=1.31ms n429=10
setup done [3s] — clip=25.581 law=(-0.3823, 0.6301, 7.2968) c_cvt=0.7926 k_rise=0.2656 tm=1.31ms n429=10
setup done [3s] — clip=25.581 law=(-0.3823, 0.6301, 7.2968) c_cvt=0.7926 k_rise=0.2656 tm=1.31ms n429=10
[mp] 8 workers × 2 envs = 16 — ready [10s]
PPO start — 11718 updates × batch 8192 (dev cpu, clip=25.581)
up   40 steps  24.33M  ret  3.769  apex 1.000  det h(25.08) 0.994 mean 0.9940 (best 1.1009)  sps  9633  std [0.25 0.33]
up   80 steps  24.66M  ret  3.256  apex 0.988  det h(25.08) 0.989 mean 0.9888 (best 1.1009)  sps  9654  std [0.273 0.401]
up  120 steps  24.99M  ret  3.570  apex 0.973  det h(25.08) 0.978 mean 0.9778 (best 1.1009)  sps  9534  std [0.253 0.423]
up  160 steps  25.31M  ret  3.583  apex 0.966  det h(25.08) 0.972 mean 0.9723 (best 1.1009)  sps  9688  std [0.261 0.42 ]
up  200 steps  25.64M  ret  3.384  apex 0.929  det h(25.08) 0.940 mean 0.9400 (best 1.1009)  sps  9311  std [0.295 0.41 ]
up  240 steps  25.97M  ret  3.406  apex 0.928  det h(25.08) 0.940 mean 0.9404 (best 1.1009)  sps  9590  std [0.282 0.352]
up  280 steps  26.30M  ret  3.449  apex 0.937  det h(25.08) 0.940 mean 0.9401 (best 1.1009)  sps  9719  std [0.252 0.255]
up  320 steps  26.62M  ret  3.442  apex 0.934  det h(25.08) 0.927 mean 0.9273 (best 1.1009)  sps  9665  std [0.26  0.255]
up  360 steps  26.95M  ret  3.252  apex 0.895  det h(25.08) 0.907 mean 0.9074 (best 1.1009)  sps  9677  std [0.25 0.27]
up  400 steps  27.28M  ret  2.830  apex 0.900  det h(25.08) 0.891 mean 0.8911 (best 1.1009)  sps  9721  std [0.272 0.286]
up  440 steps  27.61M  ret  3.027  apex 0.861  det h(25.08) 0.853 mean 0.8530 (best 1.1009)  sps  9551  std [0.321 0.329]
up  480 steps  27.93M  ret  3.062  apex 0.856  det h(25.08) 0.850 mean 0.8496 (best 1.1009)  sps  9607  std [0.283 0.294]
up  520 steps  28.26M  ret  3.106  apex 0.869  det h(25.08) 0.870 mean 0.8702 (best 1.1009)  sps  9841  std [0.275 0.258]
up  560 steps  28.59M  ret  3.175  apex 0.881  det h(25.08) 0.885 mean 0.8850 (best 1.1009)  sps  9815  std [0.271 0.284]
up  600 steps  28.92M  ret  3.229  apex 0.889  det h(25.08) 0.888 mean 0.8883 (best 1.1009)  sps  9773  std [0.253 0.25 ]
up  640 steps  29.25M  ret  3.260  apex 0.908  det h(25.08) 0.911 mean 0.9109 (best 1.1009)  sps  9685  std [0.254 0.256]
up  680 steps  29.57M  ret  3.269  apex 0.896  det h(25.08) 0.904 mean 0.9042 (best 1.1009)  sps  9790  std [0.25 0.25]
up  720 steps  29.90M  ret  3.289  apex 0.909  det h(25.08) 0.913 mean 0.9133 (best 1.1009)  sps  9723  std [0.295 0.266]
up  760 steps  30.23M  ret  2.876  apex 0.906  det h(25.08) 0.915 mean 0.9149 (best 1.1009)  sps  9775  std [0.31  0.287]
up  800 steps  30.56M  ret  3.365  apex 0.927  det h(25.08) 0.932 mean 0.9323 (best 1.1009)  sps  9775  std [0.307 0.325]
up  840 steps  30.88M  ret  3.184  apex 0.927  det h(25.08) 0.935 mean 0.9350 (best 1.1009)  sps  9696  std [0.337 0.326]
up  880 steps  31.21M  ret  3.433  apex 0.932  det h(25.08) 0.941 mean 0.9408 (best 1.1009)  sps  9632  std [0.313 0.284]
up  920 steps  31.54M  ret  3.498  apex 0.944  det h(25.08) 0.947 mean 0.9472 (best 1.1009)  sps  9626  std [0.287 0.255]
up  960 steps  31.87M  ret  3.253  apex 0.967  det h(25.08) 0.971 mean 0.9708 (best 1.1009)  sps  9713  std [0.283 0.26 ]
up 1000 steps  32.19M  ret  3.582  apex 0.972  det h(25.08) 0.969 mean 0.9693 (best 1.1009)  sps  9514  std [0.291 0.279]
up 1040 steps  32.52M  ret  3.584  apex 0.966  det h(25.08) 0.966 mean 0.9656 (best 1.1009)  sps  9705  std [0.308 0.315]
up 1080 steps  32.85M  ret  3.122  apex 0.965  det h(25.08) 0.974 mean 0.9743 (best 1.1009)  sps  9550  std [0.338 0.31 ]
up 1120 steps  33.18M  ret  3.630  apex 0.984  det h(25.08) 0.988 mean 0.9877 (best 1.1009)  sps  9637  std [0.365 0.305]
up 1160 steps  33.51M  ret  3.692  apex 0.988  det h(25.08) 0.998 mean 0.9975 (best 1.1009)  sps  9805  std [0.401 0.344]
up 1200 steps  33.83M  ret  3.769  apex 1.003  det h(25.08) 1.006 mean 1.0056 (best 1.1009)  sps  9708  std [0.334 0.295]
up 1240 steps  34.16M  ret  3.856  apex 1.019  det h(25.08) 1.023 mean 1.0234 (best 1.1009)  sps  9626  std [0.316 0.266]
up 1280 steps  34.49M  ret  3.846  apex 1.017  det h(25.08) 1.006 mean 1.0055 (best 1.1009)  sps  9665  std [0.367 0.284]
up 1320 steps  34.82M  ret  3.830  apex 1.015  det h(25.08) 1.020 mean 1.0201 (best 1.1009)  sps  9877  std [0.343 0.261]
up 1360 steps  35.14M  ret  3.685  apex 1.021  det h(25.08) 1.020 mean 1.0203 (best 1.1009)  sps  9723  std [0.33  0.284]
up 1400 steps  35.47M  ret  3.826  apex 1.013  det h(25.08) 1.013 mean 1.0134 (best 1.1009)  sps  9675  std [0.294 0.285]
up 1440 steps  35.80M  ret  3.777  apex 1.010  det h(25.08) 1.005 mean 1.0050 (best 1.1009)  sps  9722  std [0.283 0.27 ]
up 1480 steps  36.13M  ret  3.802  apex 1.013  det h(25.08) 1.013 mean 1.0130 (best 1.1009)  sps  9757  std [0.269 0.27 ]
up 1520 steps  36.45M  ret  3.836  apex 1.019  det h(25.08) 1.017 mean 1.0175 (best 1.1009)  sps  9726  std [0.251 0.25 ]
up 1560 steps  36.78M  ret  3.785  apex 1.004  det h(25.08) 1.003 mean 1.0032 (best 1.1009)  sps  9825  std [0.254 0.265]
up 1600 steps  37.11M  ret  3.799  apex 1.005  det h(25.08) 1.005 mean 1.0051 (best 1.1009)  sps  9820  std [0.257 0.254]
up 1640 steps  37.44M  ret  3.525  apex 1.003  det h(25.08) 1.005 mean 1.0049 (best 1.1009)  sps  9670  std [0.27  0.269]
up 1680 steps  37.77M  ret  3.322  apex 0.977  det h(25.08) 0.982 mean 0.9820 (best 1.1009)  sps  9807  std [0.326 0.33 ]
up 1720 steps  38.09M  ret  3.627  apex 0.981  det h(25.08) 0.978 mean 0.9784 (best 1.1009)  sps  9728  std [0.359 0.369]
up 1760 steps  38.42M  ret  3.616  apex 0.972  det h(25.08) 0.972 mean 0.9721 (best 1.1009)  sps  9724  std [0.358 0.38 ]
up 1800 steps  38.75M  ret  3.529  apex 0.953  det h(25.08) 0.952 mean 0.9516 (best 1.1009)  sps  9622  std [0.351 0.297]
up 1840 steps  39.08M  ret  3.654  apex 0.978  det h(25.08) 0.990 mean 0.9898 (best 1.1009)  sps  9718  std [0.317 0.281]
up 1880 steps  39.40M  ret  3.691  apex 0.988  det h(25.08) 0.986 mean 0.9862 (best 1.1009)  sps  9864  std [0.322 0.29 ]
up 1920 steps  39.73M  ret  3.145  apex 0.996  det h(25.08) 1.002 mean 1.0022 (best 1.1009)  sps  9766  std [0.328 0.301]
up 1960 steps  40.06M  ret  3.687  apex 1.001  det h(25.08) 1.010 mean 1.0101 (best 1.1009)  sps  9615  std [0.317 0.302]
up 2000 steps  40.39M  ret  3.731  apex 1.012  det h(25.08) 1.006 mean 1.0061 (best 1.1009)  sps  9829  std [0.344 0.333]
up 2040 steps  40.71M  ret  3.732  apex 1.030  det h(25.08) 1.026 mean 1.0264 (best 1.1009)  sps  9731  std [0.413 0.371]
up 2080 steps  41.04M  ret  3.787  apex 1.018  det h(25.08) 1.015 mean 1.0152 (best 1.1009)  sps  9666  std [0.389 0.374]
up 2120 steps  41.37M  ret  3.268  apex 1.024  det h(25.08) 1.034 mean 1.0341 (best 1.1009)  sps  9707  std [0.41  0.445]
up 2160 steps  41.70M  ret  3.723  apex 1.023  det h(25.08) 1.029 mean 1.0286 (best 1.1009)  sps  9704  std [0.355 0.419]
up 2200 steps  42.02M  ret  3.684  apex 1.032  det h(25.08) 1.023 mean 1.0235 (best 1.1009)  sps  9733  std [0.328 0.471]
up 2240 steps  42.35M  ret  3.823  apex 1.014  det h(25.08) 1.019 mean 1.0192 (best 1.1009)  sps  9699  std [0.286 0.415]
up 2280 steps  42.68M  ret  3.808  apex 1.018  det h(25.08) 1.016 mean 1.0162 (best 1.1009)  sps  9779  std [0.293 0.442]
up 2320 steps  43.01M  ret  3.852  apex 1.022  det h(25.08) 1.023 mean 1.0226 (best 1.1009)  sps  9716  std [0.252 0.356]
up 2360 steps  43.34M  ret  3.873  apex 1.021  det h(25.08) 1.023 mean 1.0226 (best 1.1009)  sps  9735  std [0.23  0.318]
up 2400 steps  43.66M  ret  3.843  apex 1.015  det h(25.08) 1.015 mean 1.0148 (best 1.1009)  sps  9679  std [0.25  0.332]
up 2440 steps  43.99M  ret  3.846  apex 1.031  det h(25.08) 1.031 mean 1.0313 (best 1.1009)  sps  9797  std [0.253 0.342]
up 2480 steps  44.32M  ret  3.824  apex 1.037  det h(25.08) 1.036 mean 1.0364 (best 1.1009)  sps  9753  std [0.294 0.382]
up 2520 steps  44.65M  ret  3.882  apex 1.028  det h(25.08) 1.024 mean 1.0239 (best 1.1009)  sps  9726  std [0.268 0.399]
up 2560 steps  44.97M  ret  3.903  apex 1.032  det h(25.08) 1.027 mean 1.0272 (best 1.1009)  sps  9712  std [0.257 0.354]
up 2600 steps  45.30M  ret  3.866  apex 1.024  det h(25.08) 1.025 mean 1.0248 (best 1.1009)  sps  9628  std [0.247 0.282]
up 2640 steps  45.63M  ret  3.858  apex 1.017  det h(25.08) 1.015 mean 1.0151 (best 1.1009)  sps  9769  std [0.213 0.238]
up 2680 steps  45.96M  ret  3.650  apex 1.002  det h(25.08) 1.008 mean 1.0079 (best 1.1009)  sps  9717  std [0.244 0.247]
up 2720 steps  46.28M  ret  3.670  apex 1.011  det h(25.08) 1.010 mean 1.0099 (best 1.1009)  sps  9717  std [0.28  0.245]
up 2760 steps  46.61M  ret  3.745  apex 1.004  det h(25.08) 1.006 mean 1.0064 (best 1.1009)  sps  9684  std [0.282 0.245]
up 2800 steps  46.94M  ret  3.686  apex 1.002  det h(25.08) 1.001 mean 1.0005 (best 1.1009)  sps  9737  std [0.343 0.292]
up 2840 steps  47.27M  ret  3.780  apex 1.007  det h(25.08) 1.002 mean 1.0019 (best 1.1009)  sps  9689  std [0.309 0.294]
up 2880 steps  47.60M  ret  3.775  apex 1.014  det h(25.08) 1.014 mean 1.0141 (best 1.1009)  sps  9693  std [0.302 0.323]
up 2920 steps  47.92M  ret  3.835  apex 1.022  det h(25.08) 1.026 mean 1.0260 (best 1.1009)  sps  9593  std [0.289 0.332]
up 2960 steps  48.25M  ret  3.875  apex 1.041  det h(25.08) 1.039 mean 1.0391 (best 1.1009)  sps  9699  std [0.269 0.354]
up 3000 steps  48.58M  ret  3.810  apex 1.033  det h(25.08) 1.035 mean 1.0345 (best 1.1009)  sps  9725  std [0.259 0.342]
up 3040 steps  48.91M  ret  3.896  apex 1.028  det h(25.08) 1.028 mean 1.0285 (best 1.1009)  sps  9653  std [0.246 0.311]
up 3080 steps  49.23M  ret  3.811  apex 1.038  det h(25.08) 1.037 mean 1.0375 (best 1.1009)  sps  9878  std [0.226 0.288]
up 3120 steps  49.56M  ret  3.927  apex 1.041  det h(25.08) 1.040 mean 1.0397 (best 1.1009)  sps  9694  std [0.206 0.267]
up 3160 steps  49.89M  ret  3.704  apex 1.056  det h(25.08) 1.058 mean 1.0577 (best 1.1009)  sps  9951  std [0.198 0.262]
up 3200 steps  50.22M  ret  3.049  apex 1.058  det h(25.08) 1.057 mean 1.0566 (best 1.1009)  sps  9732  std [0.205 0.292]
up 3240 steps  50.54M  ret  2.445  apex 1.060  det h(25.08) 1.060 mean 1.0597 (best 1.1009)  sps  9664  std [0.196 0.304]
up 3280 steps  50.87M  ret  3.473  apex 1.044  det h(25.08) 1.045 mean 1.0449 (best 1.1009)  sps  9628  std [0.176 0.284]
up 3320 steps  51.20M  ret  3.379  apex 1.031  det h(25.08) 1.028 mean 1.0283 (best 1.1009)  sps  9383  std [0.172 0.263]
up 3360 steps  51.53M  ret  3.901  apex 1.032  det h(25.08) 1.029 mean 1.0289 (best 1.1009)  sps  9638  std [0.174 0.282]
up 3400 steps  51.86M  ret  3.842  apex 1.018  det h(25.08) 1.016 mean 1.0159 (best 1.1009)  sps  9697  std [0.169 0.252]
up 3440 steps  52.18M  ret  3.608  apex 1.016  det h(25.08) 1.015 mean 1.0149 (best 1.1009)  sps  9697  std [0.182 0.249]
up 3480 steps  52.51M  ret  3.793  apex 1.018  det h(25.08) 1.012 mean 1.0117 (best 1.1009)  sps  9646  std [0.198 0.272]
up 3520 steps  52.84M  ret  3.826  apex 1.011  det h(25.08) 1.009 mean 1.0093 (best 1.1009)  sps  9688  std [0.186 0.246]
up 3560 steps  53.17M  ret  3.740  apex 1.016  det h(25.08) 1.019 mean 1.0190 (best 1.1009)  sps  9534  std [0.201 0.245]
up 3600 steps  53.49M  ret  3.925  apex 1.032  det h(25.08) 1.033 mean 1.0332 (best 1.1009)  sps  9700  std [0.18  0.207]
up 3640 steps  53.82M  ret  3.931  apex 1.031  det h(25.08) 1.042 mean 1.0423 (best 1.1009)  sps  9949  std [0.165 0.193]
up 3680 steps  54.15M  ret  3.872  apex 1.055  det h(25.08) 1.055 mean 1.0551 (best 1.1009)  sps  9750  std [0.177 0.196]
up 3720 steps  54.48M  ret  3.983  apex 1.046  det h(25.08) 1.046 mean 1.0457 (best 1.1009)  sps  9809  std [0.173 0.195]
up 3760 steps  54.80M  ret  4.011  apex 1.056  det h(25.08) 1.056 mean 1.0562 (best 1.1009)  sps  9830  std [0.147 0.194]
up 3800 steps  55.13M  ret  3.623  apex 1.062  det h(25.08) 1.061 mean 1.0606 (best 1.1009)  sps  9784  std [0.169 0.209]
up 3840 steps  55.46M  ret  3.906  apex 1.060  det h(25.08) 1.063 mean 1.0627 (best 1.1009)  sps  9717  std [0.165 0.212]
up 3880 steps  55.79M  ret  2.792  apex 1.064  det h(25.08) 1.064 mean 1.0639 (best 1.1009)  sps  9746  std [0.18  0.245]
up 3920 steps  56.12M  ret  1.945  apex 1.065  det h(25.08) 1.061 mean 1.0614 (best 1.1009)  sps  9849  std [0.178 0.254]
up 3960 steps  56.44M  ret  3.672  apex 1.064  det h(25.08) 1.062 mean 1.0620 (best 1.1009)  sps  9801  std [0.163 0.28 ]
up 4000 steps  56.77M  ret  3.775  apex 1.061  det h(25.08) 1.057 mean 1.0569 (best 1.1009)  sps  9684  std [0.162 0.289]
up 4040 steps  57.10M  ret  3.898  apex 1.054  det h(25.08) 1.050 mean 1.0501 (best 1.1009)  sps  9743  std [0.166 0.308]
up 4080 steps  57.43M  ret  3.888  apex 1.041  det h(25.08) 1.041 mean 1.0411 (best 1.1009)  sps  9663  std [0.178 0.302]
up 4120 steps  57.75M  ret  3.520  apex 1.037  det h(25.08) 1.003 mean 1.0026 (best 1.1009)  sps  9882  std [0.193 0.299]
up 4160 steps  58.08M  ret  3.658  apex 1.040  det h(25.08) 1.041 mean 1.0414 (best 1.1009)  sps  9750  std [0.225 0.337]
up 4200 steps  58.41M  ret  3.342  apex 1.035  det h(25.08) 1.031 mean 1.0310 (best 1.1009)  sps  9800  std [0.23  0.334]
up 4240 steps  58.74M  ret  3.971  apex 1.043  det h(25.08) 1.044 mean 1.0440 (best 1.1009)  sps  9756  std [0.216 0.339]
up 4280 steps  59.06M  ret  3.938  apex 1.040  det h(25.08) 1.036 mean 1.0358 (best 1.1009)  sps  9659  std [0.197 0.336]
up 4320 steps  59.39M  ret  3.874  apex 1.034  det h(25.08) 1.029 mean 1.0290 (best 1.1009)  sps  9694  std [0.212 0.323]
up 4360 steps  59.72M  ret  3.878  apex 1.024  det h(25.08) 1.021 mean 1.0213 (best 1.1009)  sps  9895  std [0.19  0.283]
up 4400 steps  60.05M  ret  3.844  apex 1.017  det h(25.08) 1.019 mean 1.0193 (best 1.1009)  sps  9737  std [0.165 0.257]
up 4440 steps  60.38M  ret  3.759  apex 1.019  det h(25.08) 1.018 mean 1.0180 (best 1.1009)  sps  9689  std [0.163 0.227]
up 4480 steps  60.70M  ret  3.794  apex 1.015  det h(25.08) 1.015 mean 1.0152 (best 1.1009)  sps  9671  std [0.166 0.24 ]
up 4520 steps  61.03M  ret  3.291  apex 1.015  det h(25.08) 1.010 mean 1.0098 (best 1.1009)  sps  9669  std [0.186 0.259]
up 4560 steps  61.36M  ret  3.380  apex 1.015  det h(25.08) 1.017 mean 1.0174 (best 1.1009)  sps  9763  std [0.205 0.256]
up 4600 steps  61.69M  ret  3.759  apex 1.009  det h(25.08) 1.011 mean 1.0115 (best 1.1009)  sps  9665  std [0.199 0.259]
up 4640 steps  62.01M  ret  3.842  apex 1.016  det h(25.08) 1.022 mean 1.0220 (best 1.1009)  sps  9840  std [0.195 0.233]
up 4680 steps  62.34M  ret  3.892  apex 1.025  det h(25.08) 1.026 mean 1.0256 (best 1.1009)  sps  9723  std [0.166 0.202]
up 4720 steps  62.67M  ret  3.903  apex 1.026  det h(25.08) 1.026 mean 1.0257 (best 1.1009)  sps  9663  std [0.15  0.192]
up 4760 steps  63.00M  ret  3.887  apex 1.024  det h(25.08) 1.023 mean 1.0233 (best 1.1009)  sps  9680  std [0.154 0.189]
up 4800 steps  63.32M  ret  3.839  apex 1.028  det h(25.08) 1.033 mean 1.0332 (best 1.1009)  sps  9755  std [0.161 0.199]
up 4840 steps  63.65M  ret  3.134  apex 1.027  det h(25.08) 1.027 mean 1.0267 (best 1.1009)  sps  9494  std [0.175 0.211]
up 4880 steps  63.98M  ret  3.876  apex 1.022  det h(25.08) 1.021 mean 1.0207 (best 1.1009)  sps  9714  std [0.17  0.208]
up 4920 steps  64.31M  ret  3.801  apex 1.006  det h(25.08) 1.008 mean 1.0075 (best 1.1009)  sps  9765  std [0.166 0.195]
up 4960 steps  64.63M  ret  3.787  apex 1.005  det h(25.08) 1.011 mean 1.0109 (best 1.1009)  sps  9903  std [0.166 0.198]
up 5000 steps  64.96M  ret  3.838  apex 1.010  det h(25.08) 1.014 mean 1.0142 (best 1.1009)  sps  9770  std [0.158 0.183]
up 5040 steps  65.29M  ret  3.588  apex 1.006  det h(25.08) 1.000 mean 1.0003 (best 1.1009)  sps  9783  std [0.168 0.204]
up 5080 steps  65.62M  ret  3.795  apex 1.001  det h(25.08) 1.003 mean 1.0035 (best 1.1009)  sps  9843  std [0.157 0.184]
up 5120 steps  65.95M  ret  3.863  apex 1.014  det h(25.08) 1.017 mean 1.0173 (best 1.1009)  sps  9745  std [0.139 0.155]
up 5160 steps  66.27M  ret  3.881  apex 1.020  det h(25.08) 1.018 mean 1.0176 (best 1.1009)  sps  9447  std [0.141 0.156]
up 5200 steps  66.60M  ret  3.827  apex 1.023  det h(25.08) 1.023 mean 1.0235 (best 1.1009)  sps  9644  std [0.136 0.137]
up 5240 steps  66.93M  ret  3.413  apex 1.023  det h(25.08) 1.028 mean 1.0284 (best 1.1009)  sps  9775  std [0.15  0.157]
up 5280 steps  67.26M  ret  3.856  apex 1.024  det h(25.08) 1.024 mean 1.0242 (best 1.1009)  sps  9734  std [0.152 0.162]
up 5320 steps  67.58M  ret  3.803  apex 1.024  det h(25.08) 1.026 mean 1.0265 (best 1.1009)  sps  9691  std [0.165 0.178]
up 5360 steps  67.91M  ret  3.683  apex 1.031  det h(25.08) 1.027 mean 1.0265 (best 1.1009)  sps  9828  std [0.186 0.196]
up 5400 steps  68.24M  ret  3.920  apex 1.030  det h(25.08) 1.023 mean 1.0226 (best 1.1009)  sps  9620  std [0.183 0.208]
up 5440 steps  68.57M  ret  3.598  apex 1.026  det h(25.08) 1.023 mean 1.0229 (best 1.1009)  sps  9666  std [0.17  0.217]
up 5480 steps  68.89M  ret  3.503  apex 1.021  det h(25.08) 1.020 mean 1.0200 (best 1.1009)  sps  9734  std [0.18  0.207]
up 5520 steps  69.22M  ret  3.843  apex 1.013  det h(25.08) 1.017 mean 1.0168 (best 1.1009)  sps  9754  std [0.176 0.206]
up 5560 steps  69.55M  ret  3.769  apex 1.018  det h(25.08) 1.020 mean 1.0197 (best 1.1009)  sps  9702  std [0.164 0.2  ]
up 5600 steps  69.88M  ret  3.842  apex 1.012  det h(25.08) 1.016 mean 1.0159 (best 1.1009)  sps  9756  std [0.165 0.196]
up 5640 steps  70.21M  ret  3.673  apex 1.013  det h(25.08) 1.012 mean 1.0119 (best 1.1009)  sps  9697  std [0.179 0.195]
early stop: plateau (best 1.0597 이후 60회 미개선)
done — steps 70205440 wall 79.7min best_h 1.1009 (plateau (best 1.0597 이후 60회 미개선))
curve saved: t0wc_ppo_curve_lifix25p08_long_05ms.png
===== t0_rollout_long.py fix:25.08:0.5 (ext) =====
warm-start from previous mshoot best
warm-start from previous fourbar best
setup done [2s] — clip=25.581 law=(-0.3823, 0.6301, 7.2968) c_cvt=0.7926 k_rise=0.2656 tm=1.31ms n429=10
  golden A — 0429/60_0.75_60_2    : dq2 RMSE=1.8560
  golden A — 0429/60_1.5_60_1.5   : dq2 RMSE=2.1339
  golden A — 0429/90_0.75_90_2    : dq2 RMSE=2.3594
  golden A — 0429/90_1.5_90_2.5   : dq2 RMSE=2.3440
  golden A — 0429/120_2_120_2     : dq2 RMSE=2.4115
  golden A — 0429/120_2.2_150_2.5 : dq2 RMSE=2.4855
  golden A — 0429/120_2.2_200_2.8 : dq2 RMSE=2.3865
  golden A — 0429/150_2.2_250_3   : dq2 RMSE=3.3899
  golden A — 0429/150_2.2_350_3.5 : dq2 RMSE=3.7922
  golden A — 0429/150_2.2_500_4   : dq2 RMSE=2.8979
  golden A — session mean 2.6057 (canonical 2.6057) PASS
  golden B — 0429/60_0.75_60_2 env vs cl_run23(is_cvt, l_i=25.08, clip=25.581) max|Δ|=0.000e+00 PASS
GOLDEN PASS (A: 0429 재생 세션평균 / B: env CVT 스텝 비트일치, clip=25.581)
[final] l_i= 25.08mm  h=1.0119  audit=PASS  stance=0.122s  내삽
[best] l_i= 25.08mm  h=1.1009  audit=FAIL  stance=0.102s  내삽

l_i* = 25.08 mm (final ckpt)  h=1.0119 m  pass_all=True  extrapolated=False
saved: t0wc_ppo_lifix25p08_long_05ms.npz / t0wc_ppo_audit_lifix25p08_long_05ms.json [1s]
===== t0_train_long.py fix:28:0.5 (ext) =====
warm-start from previous mshoot best
warm-start from previous fourbar best
setup done [2s] — clip=25.581 law=(-0.3823, 0.6301, 7.2968) c_cvt=0.7926 k_rise=0.2656 tm=1.31ms n429=10
  golden A — 0429/60_0.75_60_2    : dq2 RMSE=1.8560
  golden A — 0429/60_1.5_60_1.5   : dq2 RMSE=2.1339
  golden A — 0429/90_0.75_90_2    : dq2 RMSE=2.3594
  golden A — 0429/90_1.5_90_2.5   : dq2 RMSE=2.3440
  golden A — 0429/120_2_120_2     : dq2 RMSE=2.4115
  golden A — 0429/120_2.2_150_2.5 : dq2 RMSE=2.4855
  golden A — 0429/120_2.2_200_2.8 : dq2 RMSE=2.3865
  golden A — 0429/150_2.2_250_3   : dq2 RMSE=3.3899
  golden A — 0429/150_2.2_350_3.5 : dq2 RMSE=3.7922
  golden A — 0429/150_2.2_500_4   : dq2 RMSE=2.8979
  golden A — session mean 2.6057 (canonical 2.6057) PASS
  golden B — 0429/60_0.75_60_2 env vs cl_run23(is_cvt, l_i=25.08, clip=25.581) max|Δ|=0.000e+00 PASS
GOLDEN PASS (A: 0429 재생 세션평균 / B: env CVT 스텝 비트일치, clip=25.581)
[dev] NVIDIA GeForce RTX 5080 (hid 128): 400 mb-updates cpu 0.242s / gpu 0.267s → 2x128 넷이 작아 CPU가 빠름 (물리 스텝이 병목) — CPU 사용
[resume] t0wc_ppo_policy_lifix28_long_05ms.pt: steps=None best=1.0958 — BC 스킵, 잔여 예산으로 재개
[bc] det-eval h: {'28': 0.9453}
warm-start from previous mshoot best
warm-start from previous fourbar best
warm-start from previous mshoot best
warm-start from previous fourbar best
warm-start from previous mshoot best
warm-start from previous fourbar best
warm-start from previous mshoot best
warm-start from previous fourbar best
warm-start from previous mshoot best
warm-start from previous fourbar best
warm-start from previous mshoot best
warm-start from previous fourbar best
warm-start from previous mshoot best
warm-start from previous fourbar best
warm-start from previous mshoot best
warm-start from previous fourbar best
setup done [3s] — clip=25.581 law=(-0.3823, 0.6301, 7.2968) c_cvt=0.7926 k_rise=0.2656 tm=1.31ms n429=10
setup done [3s] — clip=25.581 law=(-0.3823, 0.6301, 7.2968) c_cvt=0.7926 k_rise=0.2656 tm=1.31ms n429=10
setup done [3s] — clip=25.581 law=(-0.3823, 0.6301, 7.2968) c_cvt=0.7926 k_rise=0.2656 tm=1.31ms n429=10
setup done [3s] — clip=25.581 law=(-0.3823, 0.6301, 7.2968) c_cvt=0.7926 k_rise=0.2656 tm=1.31ms n429=10
setup done [3s] — clip=25.581 law=(-0.3823, 0.6301, 7.2968) c_cvt=0.7926 k_rise=0.2656 tm=1.31ms n429=10
setup done [3s] — clip=25.581 law=(-0.3823, 0.6301, 7.2968) c_cvt=0.7926 k_rise=0.2656 tm=1.31ms n429=10
setup done [3s] — clip=25.581 law=(-0.3823, 0.6301, 7.2968) c_cvt=0.7926 k_rise=0.2656 tm=1.31ms n429=10
setup done [3s] — clip=25.581 law=(-0.3823, 0.6301, 7.2968) c_cvt=0.7926 k_rise=0.2656 tm=1.31ms n429=10
[mp] 8 workers × 2 envs = 16 — ready [10s]
PPO start — 11718 updates × batch 8192 (dev cpu, clip=25.581)
up   40 steps  24.33M  ret  2.393  apex 0.947  det h(28) 0.922 mean 0.9216 (best 1.0958)  sps  9738  std [0.556 0.671]
up   80 steps  24.66M  ret  1.792  apex 0.885  det h(28) 0.879 mean 0.8789 (best 1.0958)  sps  9661  std [0.481 0.642]
up  120 steps  24.99M  ret  2.064  apex 0.889  det h(28) 0.889 mean 0.8886 (best 1.0958)  sps  9751  std [0.451 0.566]
up  160 steps  25.31M  ret  1.948  apex 0.913  det h(28) 0.913 mean 0.9131 (best 1.0958)  sps  9680  std [0.396 0.537]
up  200 steps  25.64M  ret  2.017  apex 0.961  det h(28) 0.934 mean 0.9341 (best 1.0958)  sps  9638  std [0.402 0.53 ]
up  240 steps  25.97M  ret  2.017  apex 0.901  det h(28) 0.886 mean 0.8863 (best 1.0958)  sps  9626  std [0.407 0.495]
up  280 steps  26.30M  ret  1.961  apex 0.886  det h(28) 0.906 mean 0.9056 (best 1.0958)  sps  9627  std [0.438 0.523]
up  320 steps  26.62M  ret  2.402  apex 0.932  det h(28) 0.936 mean 0.9356 (best 1.0958)  sps  9825  std [0.457 0.516]
up  360 steps  26.95M  ret  1.520  apex 0.946  det h(28) 0.947 mean 0.9473 (best 1.0958)  sps  9803  std [0.492 0.561]
up  400 steps  27.28M  ret  2.118  apex 0.986  det h(28) 0.996 mean 0.9961 (best 1.0958)  sps  9754  std [0.562 0.669]
up  440 steps  27.61M  ret  1.708  apex 0.987  det h(28) 0.981 mean 0.9806 (best 1.0958)  sps  9842  std [0.601 0.772]
up  480 steps  27.93M  ret  2.277  apex 0.977  det h(28) 0.971 mean 0.9706 (best 1.0958)  sps  9806  std [0.615 0.775]
up  520 steps  28.26M  ret  2.458  apex 0.978  det h(28) 0.981 mean 0.9811 (best 1.0958)  sps  9710  std [0.579 0.867]
up  560 steps  28.59M  ret  2.301  apex 0.976  det h(28) 0.966 mean 0.9662 (best 1.0958)  sps  9580  std [0.61  0.869]
up  600 steps  28.92M  ret  1.885  apex 0.955  det h(28) 0.961 mean 0.9612 (best 1.0958)  sps  9772  std [0.531 0.788]
up  640 steps  29.25M  ret  1.930  apex 0.929  det h(28) 0.936 mean 0.9356 (best 1.0958)  sps  9692  std [0.5  0.77]
up  680 steps  29.57M  ret  2.175  apex 0.949  det h(28) 0.954 mean 0.9545 (best 1.0958)  sps  9659  std [0.508 0.732]
up  720 steps  29.90M  ret  2.131  apex 0.889  det h(28) 0.894 mean 0.8939 (best 1.0958)  sps  9698  std [0.552 0.86 ]
up  760 steps  30.23M  ret  1.815  apex 0.879  det h(28) 0.903 mean 0.9030 (best 1.0958)  sps  9555  std [0.667 0.878]
up  800 steps  30.56M  ret  1.597  apex 0.879  det h(28) 0.907 mean 0.9067 (best 1.0958)  sps  9751  std [0.665 0.89 ]
up  840 steps  30.88M  ret  2.281  apex 0.934  det h(28) 0.939 mean 0.9392 (best 1.0958)  sps  9791  std [0.554 0.784]
up  880 steps  31.21M  ret  1.775  apex 0.942  det h(28) 0.951 mean 0.9510 (best 1.0958)  sps  9682  std [0.56  0.805]
up  920 steps  31.54M  ret  2.268  apex 0.952  det h(28) 0.958 mean 0.9580 (best 1.0958)  sps  9651  std [0.49  0.723]
up  960 steps  31.87M  ret  2.032  apex 0.955  det h(28) 0.958 mean 0.9579 (best 1.0958)  sps  9715  std [0.581 0.767]
up 1000 steps  32.19M  ret  2.325  apex 0.941  det h(28) 0.941 mean 0.9412 (best 1.0958)  sps  9718  std [0.512 0.715]
up 1040 steps  32.52M  ret  2.120  apex 0.937  det h(28) 0.953 mean 0.9526 (best 1.0958)  sps  9707  std [0.435 0.681]
up 1080 steps  32.85M  ret  1.817  apex 0.969  det h(28) 0.968 mean 0.9677 (best 1.0958)  sps  9511  std [0.412 0.746]
up 1120 steps  33.18M  ret  2.101  apex 0.972  det h(28) 0.975 mean 0.9749 (best 1.0958)  sps  9688  std [0.416 0.846]
up 1160 steps  33.51M  ret  1.698  apex 0.939  det h(28) 0.944 mean 0.9436 (best 1.0958)  sps  9681  std [0.402 0.779]
up 1200 steps  33.83M  ret  2.050  apex 0.958  det h(28) 0.959 mean 0.9585 (best 1.0958)  sps  9753  std [0.429 0.729]
up 1240 steps  34.16M  ret  2.120  apex 0.989  det h(28) 0.999 mean 0.9987 (best 1.0958)  sps  9823  std [0.372 0.64 ]
up 1280 steps  34.49M  ret  2.381  apex 1.005  det h(28) 1.018 mean 1.0180 (best 1.0958)  sps  9684  std [0.376 0.628]
up 1320 steps  34.82M  ret  2.196  apex 0.997  det h(28) 1.004 mean 1.0037 (best 1.0958)  sps  9736  std [0.428 0.656]
up 1360 steps  35.14M  ret  1.575  apex 0.999  det h(28) 1.002 mean 1.0023 (best 1.0958)  sps  9578  std [0.497 0.73 ]
up 1400 steps  35.47M  ret  2.087  apex 1.019  det h(28) 1.024 mean 1.0240 (best 1.0958)  sps  9632  std [0.519 0.756]
up 1440 steps  35.80M  ret  2.058  apex 1.012  det h(28) 1.018 mean 1.0178 (best 1.0958)  sps  9698  std [0.53  0.792]
up 1480 steps  36.13M  ret  1.824  apex 1.012  det h(28) 1.010 mean 1.0103 (best 1.0958)  sps  9732  std [0.54  0.737]
up 1520 steps  36.45M  ret  2.086  apex 0.999  det h(28) 1.003 mean 1.0029 (best 1.0958)  sps  9677  std [0.529 0.698]
up 1560 steps  36.78M  ret  1.995  apex 0.989  det h(28) 0.992 mean 0.9920 (best 1.0958)  sps  9662  std [0.582 0.734]
up 1600 steps  37.11M  ret  2.166  apex 0.999  det h(28) 1.006 mean 1.0063 (best 1.0958)  sps  9677  std [0.603 0.721]
up 1640 steps  37.44M  ret  2.308  apex 1.004  det h(28) 1.015 mean 1.0149 (best 1.0958)  sps  9668  std [0.523 0.614]
up 1680 steps  37.77M  ret  2.362  apex 1.005  det h(28) 1.007 mean 1.0067 (best 1.0958)  sps  9770  std [0.53  0.607]
up 1720 steps  38.09M  ret  2.000  apex 1.008  det h(28) 0.993 mean 0.9931 (best 1.0958)  sps  9791  std [0.443 0.598]
up 1760 steps  38.42M  ret  1.971  apex 0.995  det h(28) 1.002 mean 1.0023 (best 1.0958)  sps  9760  std [0.445 0.627]
up 1800 steps  38.75M  ret  2.404  apex 1.012  det h(28) 1.019 mean 1.0188 (best 1.0958)  sps  9775  std [0.397 0.541]
up 1840 steps  39.08M  ret  2.520  apex 1.029  det h(28) 1.033 mean 1.0332 (best 1.0958)  sps  9723  std [0.37  0.524]
up 1880 steps  39.40M  ret  2.274  apex 1.041  det h(28) 1.050 mean 1.0503 (best 1.0958)  sps  9928  std [0.419 0.601]
up 1920 steps  39.73M  ret  2.373  apex 1.043  det h(28) 1.044 mean 1.0439 (best 1.0958)  sps  9651  std [0.417 0.553]
up 1960 steps  40.06M  ret  2.540  apex 1.051  det h(28) 1.055 mean 1.0548 (best 1.0958)  sps  9782  std [0.419 0.484]
up 2000 steps  40.39M  ret  2.245  apex 1.062  det h(28) 1.060 mean 1.0601 (best 1.0958)  sps  9740  std [0.401 0.495]
up 2040 steps  40.71M  ret  2.377  apex 1.055  det h(28) 1.060 mean 1.0601 (best 1.0958)  sps  9683  std [0.435 0.524]
up 2080 steps  41.04M  ret  2.385  apex 1.031  det h(28) 1.012 mean 1.0122 (best 1.0958)  sps  9748  std [0.442 0.525]
up 2120 steps  41.37M  ret  2.025  apex 0.983  det h(28) 0.980 mean 0.9797 (best 1.0958)  sps  9789  std [0.504 0.665]
up 2160 steps  41.70M  ret  2.453  apex 0.978  det h(28) 0.955 mean 0.9548 (best 1.0958)  sps  9824  std [0.46  0.632]
up 2200 steps  42.02M  ret  1.786  apex 0.969  det h(28) 0.968 mean 0.9684 (best 1.0958)  sps  9661  std [0.446 0.642]
up 2240 steps  42.35M  ret  1.641  apex 0.974  det h(28) 0.972 mean 0.9720 (best 1.0958)  sps  9763  std [0.394 0.532]
up 2280 steps  42.68M  ret  2.218  apex 0.972  det h(28) 0.973 mean 0.9731 (best 1.0958)  sps  9783  std [0.4   0.537]
up 2320 steps  43.01M  ret  1.978  apex 0.966  det h(28) 0.961 mean 0.9610 (best 1.0958)  sps  9783  std [0.47  0.536]
up 2360 steps  43.34M  ret  2.023  apex 0.893  det h(28) 0.900 mean 0.8995 (best 1.0958)  sps  9699  std [0.513 0.619]
up 2400 steps  43.66M  ret  1.099  apex 0.896  det h(28) 0.894 mean 0.8941 (best 1.0958)  sps  9525  std [0.607 0.68 ]
up 2440 steps  43.99M  ret  1.353  apex 0.896  det h(28) 0.896 mean 0.8963 (best 1.0958)  sps  9796  std [0.619 0.723]
up 2480 steps  44.32M  ret  1.607  apex 0.898  det h(28) 0.911 mean 0.9111 (best 1.0958)  sps  9780  std [0.585 0.755]
up 2520 steps  44.65M  ret  1.175  apex 0.904  det h(28) 0.904 mean 0.9039 (best 1.0958)  sps  9776  std [0.576 0.733]
up 2560 steps  44.97M  ret  1.691  apex 0.901  det h(28) 0.905 mean 0.9053 (best 1.0958)  sps  9779  std [0.573 0.711]
up 2600 steps  45.30M  ret  1.946  apex 0.901  det h(28) 0.913 mean 0.9130 (best 1.0958)  sps  9793  std [0.547 0.675]
up 2640 steps  45.63M  ret  1.921  apex 0.908  det h(28) 0.915 mean 0.9150 (best 1.0958)  sps  9817  std [0.573 0.713]
up 2680 steps  45.96M  ret  1.754  apex 0.923  det h(28) 0.932 mean 0.9324 (best 1.0958)  sps  9621  std [0.652 0.777]
up 2720 steps  46.28M  ret  1.959  apex 0.948  det h(28) 0.955 mean 0.9550 (best 1.0958)  sps  9697  std [0.666 0.791]
up 2760 steps  46.61M  ret  2.162  apex 0.959  det h(28) 0.963 mean 0.9633 (best 1.0958)  sps  9718  std [0.569 0.808]
up 2800 steps  46.94M  ret  2.027  apex 0.962  det h(28) 0.964 mean 0.9637 (best 1.0958)  sps  9826  std [0.532 0.75 ]
up 2840 steps  47.27M  ret  2.306  apex 0.977  det h(28) 0.970 mean 0.9696 (best 1.0958)  sps  9788  std [0.539 0.752]
up 2880 steps  47.60M  ret  2.039  apex 0.983  det h(28) 0.989 mean 0.9885 (best 1.0958)  sps  9662  std [0.49  0.718]
up 2920 steps  47.92M  ret  2.037  apex 0.990  det h(28) 0.991 mean 0.9910 (best 1.0958)  sps  9714  std [0.492 0.803]
up 2960 steps  48.25M  ret  2.375  apex 0.990  det h(28) 0.993 mean 0.9929 (best 1.0958)  sps  9817  std [0.531 0.85 ]
up 3000 steps  48.58M  ret  2.066  apex 0.992  det h(28) 0.992 mean 0.9921 (best 1.0958)  sps  9783  std [0.563 0.871]
up 3040 steps  48.91M  ret  2.469  apex 0.974  det h(28) 0.973 mean 0.9730 (best 1.0958)  sps  9719  std [0.504 0.913]
up 3080 steps  49.23M  ret  2.451  apex 0.968  det h(28) 0.969 mean 0.9693 (best 1.0958)  sps  9519  std [0.472 0.865]
up 3120 steps  49.56M  ret  1.762  apex 0.963  det h(28) 0.975 mean 0.9754 (best 1.0958)  sps  9712  std [0.438 0.796]
up 3160 steps  49.89M  ret  2.383  apex 0.986  det h(28) 0.993 mean 0.9927 (best 1.0958)  sps  9943  std [0.37  0.674]
up 3200 steps  50.22M  ret  2.110  apex 0.971  det h(28) 0.975 mean 0.9753 (best 1.0958)  sps  9599  std [0.422 0.739]
up 3240 steps  50.54M  ret  2.243  apex 0.988  det h(28) 0.995 mean 0.9946 (best 1.0958)  sps  9637  std [0.529 0.808]
up 3280 steps  50.87M  ret  2.331  apex 1.007  det h(28) 1.018 mean 1.0175 (best 1.0958)  sps  9682  std [0.488 0.737]
up 3320 steps  51.20M  ret  2.606  apex 1.003  det h(28) 1.005 mean 1.0047 (best 1.0958)  sps  9795  std [0.527 0.808]
up 3360 steps  51.53M  ret  2.436  apex 1.001  det h(28) 1.011 mean 1.0106 (best 1.0958)  sps  9735  std [0.532 0.883]
up 3400 steps  51.86M  ret  2.081  apex 1.026  det h(28) 1.037 mean 1.0367 (best 1.0958)  sps  9581  std [0.537 0.922]
up 3440 steps  52.18M  ret  2.381  apex 1.023  det h(28) 1.035 mean 1.0350 (best 1.0958)  sps  9647  std [0.598 0.972]
up 3480 steps  52.51M  ret  2.452  apex 1.032  det h(28) 1.042 mean 1.0425 (best 1.0958)  sps  9780  std [0.579 1.017]
up 3520 steps  52.84M  ret  2.689  apex 1.040  det h(28) 1.050 mean 1.0500 (best 1.0958)  sps  9761  std [0.528 0.984]
up 3560 steps  53.17M  ret  2.349  apex 1.067  det h(28) 1.070 mean 1.0703 (best 1.0958)  sps  9860  std [0.443 0.922]
up 3600 steps  53.49M  ret  2.524  apex 1.051  det h(28) 1.052 mean 1.0523 (best 1.0958)  sps  9741  std [0.378 0.815]
up 3640 steps  53.82M  ret  2.512  apex 1.047  det h(28) 1.045 mean 1.0453 (best 1.0958)  sps  9724  std [0.383 0.815]
up 3680 steps  54.15M  ret  2.281  apex 1.046  det h(28) 1.051 mean 1.0514 (best 1.0958)  sps  9770  std [0.355 0.777]
up 3720 steps  54.48M  ret  2.099  apex 1.045  det h(28) 1.050 mean 1.0501 (best 1.0958)  sps  9746  std [0.385 0.826]
up 3760 steps  54.80M  ret  2.408  apex 1.033  det h(28) 1.046 mean 1.0463 (best 1.0958)  sps  9692  std [0.391 0.854]
up 3800 steps  55.13M  ret  2.531  apex 1.038  det h(28) 1.041 mean 1.0409 (best 1.0958)  sps  9806  std [0.395 0.887]
up 3840 steps  55.46M  ret  1.893  apex 1.042  det h(28) 1.053 mean 1.0527 (best 1.0958)  sps  9748  std [0.4  0.89]
up 3880 steps  55.79M  ret  1.273  apex 1.041  det h(28) 1.043 mean 1.0430 (best 1.0958)  sps  9741  std [0.422 0.985]
up 3920 steps  56.12M  ret  2.566  apex 1.036  det h(28) 1.031 mean 1.0308 (best 1.0958)  sps  9777  std [0.411 0.984]
up 3960 steps  56.44M  ret  2.173  apex 1.031  det h(28) 1.039 mean 1.0391 (best 1.0958)  sps  9757  std [0.459 1.051]
up 4000 steps  56.77M  ret  2.362  apex 1.020  det h(28) 1.024 mean 1.0239 (best 1.0958)  sps  9480  std [0.441 1.11 ]
up 4040 steps  57.10M  ret  2.322  apex 1.019  det h(28) 1.021 mean 1.0209 (best 1.0958)  sps  9623  std [0.402 1.044]
up 4080 steps  57.43M  ret  2.136  apex 0.997  det h(28) 1.000 mean 0.9996 (best 1.0958)  sps  9735  std [0.383 0.939]
up 4120 steps  57.75M  ret  2.032  apex 0.986  det h(28) 0.991 mean 0.9914 (best 1.0958)  sps  9698  std [0.36  0.906]
up 4160 steps  58.08M  ret  2.769  apex 1.008  det h(28) 1.016 mean 1.0160 (best 1.0958)  sps  9736  std [0.374 0.808]
up 4200 steps  58.41M  ret  2.615  apex 1.026  det h(28) 1.030 mean 1.0300 (best 1.0958)  sps  9785  std [0.348 0.726]
up 4240 steps  58.74M  ret  2.361  apex 1.032  det h(28) 1.041 mean 1.0410 (best 1.0958)  sps  9789  std [0.326 0.656]
up 4280 steps  59.06M  ret  2.275  apex 1.040  det h(28) 1.049 mean 1.0491 (best 1.0958)  sps  9564  std [0.303 0.646]
up 4320 steps  59.39M  ret  2.428  apex 1.052  det h(28) 1.059 mean 1.0592 (best 1.0958)  sps  9836  std [0.312 0.579]
up 4360 steps  59.72M  ret  2.078  apex 1.053  det h(28) 1.058 mean 1.0577 (best 1.0958)  sps  9700  std [0.307 0.573]
up 4400 steps  60.05M  ret  2.464  apex 1.047  det h(28) 1.052 mean 1.0520 (best 1.0958)  sps  9856  std [0.312 0.576]
up 4440 steps  60.38M  ret  2.694  apex 1.051  det h(28) 1.052 mean 1.0516 (best 1.0958)  sps  9723  std [0.329 0.605]
up 4480 steps  60.70M  ret  2.050  apex 1.043  det h(28) 1.047 mean 1.0470 (best 1.0958)  sps  9620  std [0.359 0.617]
up 4520 steps  61.03M  ret  2.412  apex 1.051  det h(28) 1.056 mean 1.0556 (best 1.0958)  sps  9747  std [0.362 0.613]
up 4560 steps  61.36M  ret  2.458  apex 1.047  det h(28) 1.050 mean 1.0502 (best 1.0958)  sps  9882  std [0.393 0.669]
up 4600 steps  61.69M  ret  2.336  apex 1.045  det h(28) 1.053 mean 1.0525 (best 1.0958)  sps  9803  std [0.418 0.69 ]
up 4640 steps  62.01M  ret  2.078  apex 1.049  det h(28) 1.054 mean 1.0542 (best 1.0958)  sps  9733  std [0.426 0.692]
up 4680 steps  62.34M  ret  2.204  apex 1.044  det h(28) 1.048 mean 1.0475 (best 1.0958)  sps  9682  std [0.417 0.657]
up 4720 steps  62.67M  ret  2.081  apex 1.038  det h(28) 1.042 mean 1.0423 (best 1.0958)  sps  9601  std [0.412 0.647]
up 4760 steps  63.00M  ret  2.318  apex 1.040  det h(28) 1.045 mean 1.0452 (best 1.0958)  sps  9769  std [0.388 0.598]
up 4800 steps  63.32M  ret  2.597  apex 1.052  det h(28) 1.055 mean 1.0545 (best 1.0958)  sps  9695  std [0.345 0.522]
up 4840 steps  63.65M  ret  2.111  apex 1.048  det h(28) 1.051 mean 1.0507 (best 1.0958)  sps  9555  std [0.342 0.505]
up 4880 steps  63.98M  ret  2.282  apex 1.048  det h(28) 1.051 mean 1.0514 (best 1.0958)  sps  9657  std [0.344 0.5  ]
up 4920 steps  64.31M  ret  2.475  apex 1.050  det h(28) 1.054 mean 1.0541 (best 1.0958)  sps  9711  std [0.342 0.504]
up 4960 steps  64.63M  ret  1.927  apex 1.048  det h(28) 1.049 mean 1.0486 (best 1.0958)  sps  9743  std [0.397 0.572]
up 5000 steps  64.96M  ret  2.177  apex 1.049  det h(28) 1.053 mean 1.0526 (best 1.0958)  sps  9633  std [0.375 0.528]
up 5040 steps  65.29M  ret  2.056  apex 1.050  det h(28) 1.050 mean 1.0500 (best 1.0958)  sps  9739  std [0.389 0.517]
up 5080 steps  65.62M  ret  2.229  apex 1.045  det h(28) 1.051 mean 1.0507 (best 1.0958)  sps  9696  std [0.371 0.467]
up 5120 steps  65.95M  ret  2.624  apex 1.043  det h(28) 1.043 mean 1.0431 (best 1.0958)  sps  9750  std [0.369 0.46 ]
up 5160 steps  66.27M  ret  2.334  apex 1.042  det h(28) 1.046 mean 1.0463 (best 1.0958)  sps  9787  std [0.36  0.479]
up 5200 steps  66.60M  ret  2.364  apex 1.038  det h(28) 1.040 mean 1.0397 (best 1.0958)  sps  9685  std [0.366 0.468]
up 5240 steps  66.93M  ret  2.372  apex 1.036  det h(28) 1.039 mean 1.0391 (best 1.0958)  sps  9772  std [0.347 0.473]
up 5280 steps  67.26M  ret  2.194  apex 1.035  det h(28) 1.040 mean 1.0400 (best 1.0958)  sps  9639  std [0.362 0.474]
up 5320 steps  67.58M  ret  2.346  apex 1.028  det h(28) 1.032 mean 1.0319 (best 1.0958)  sps  9746  std [0.363 0.478]
up 5360 steps  67.91M  ret  2.279  apex 1.042  det h(28) 1.046 mean 1.0465 (best 1.0958)  sps  9762  std [0.368 0.481]
up 5400 steps  68.24M  ret  2.018  apex 1.034  det h(28) 1.038 mean 1.0376 (best 1.0958)  sps  9758  std [0.377 0.456]
up 5440 steps  68.57M  ret  2.105  apex 1.040  det h(28) 1.046 mean 1.0463 (best 1.0958)  sps  9576  std [0.391 0.49 ]
up 5480 steps  68.89M  ret  2.061  apex 1.053  det h(28) 1.059 mean 1.0592 (best 1.0958)  sps  9765  std [0.368 0.465]
up 5520 steps  69.22M  ret  2.547  apex 1.057  det h(28) 1.059 mean 1.0593 (best 1.0958)  sps  9573  std [0.34  0.414]
up 5560 steps  69.55M  ret  2.214  apex 1.042  det h(28) 1.046 mean 1.0456 (best 1.0958)  sps  9772  std [0.367 0.461]
up 5600 steps  69.88M  ret  2.144  apex 1.056  det h(28) 1.063 mean 1.0627 (best 1.0958)  sps  9674  std [0.333 0.423]
up 5640 steps  70.21M  ret  2.387  apex 1.059  det h(28) 1.062 mean 1.0617 (best 1.0958)  sps  9676  std [0.296 0.389]
up 5680 steps  70.53M  ret  2.573  apex 1.059  det h(28) 1.065 mean 1.0652 (best 1.0958)  sps  9657  std [0.317 0.409]
up 5720 steps  70.86M  ret  2.321  apex 1.056  det h(28) 1.057 mean 1.0569 (best 1.0958)  sps  9809  std [0.32  0.405]
up 5760 steps  71.19M  ret  2.185  apex 1.050  det h(28) 1.052 mean 1.0523 (best 1.0958)  sps  9725  std [0.33  0.402]
up 5800 steps  71.52M  ret  2.566  apex 1.059  det h(28) 1.063 mean 1.0626 (best 1.0958)  sps  9860  std [0.316 0.384]
up 5840 steps  71.84M  ret  2.807  apex 1.063  det h(28) 1.072 mean 1.0717 (best 1.0958)  sps  9742  std [0.345 0.404]
up 5880 steps  72.17M  ret  2.112  apex 1.061  det h(28) 1.065 mean 1.0647 (best 1.0958)  sps  9763  std [0.348 0.375]
up 5920 steps  72.50M  ret  2.344  apex 1.061  det h(28) 1.063 mean 1.0635 (best 1.0958)  sps  9690  std [0.342 0.379]
up 5960 steps  72.83M  ret  2.470  apex 1.066  det h(28) 1.064 mean 1.0642 (best 1.0958)  sps  9630  std [0.354 0.403]
early stop: plateau (best 1.0703 이후 60회 미개선)
done — steps 72826880 wall 84.2min best_h 1.0958 (plateau (best 1.0703 이후 60회 미개선))
curve saved: t0wc_ppo_curve_lifix28_long_05ms.png
===== t0_rollout_long.py fix:28:0.5 (ext) =====
warm-start from previous mshoot best
warm-start from previous fourbar best
setup done [2s] — clip=25.581 law=(-0.3823, 0.6301, 7.2968) c_cvt=0.7926 k_rise=0.2656 tm=1.31ms n429=10
  golden A — 0429/60_0.75_60_2    : dq2 RMSE=1.8560
  golden A — 0429/60_1.5_60_1.5   : dq2 RMSE=2.1339
  golden A — 0429/90_0.75_90_2    : dq2 RMSE=2.3594
  golden A — 0429/90_1.5_90_2.5   : dq2 RMSE=2.3440
  golden A — 0429/120_2_120_2     : dq2 RMSE=2.4115
  golden A — 0429/120_2.2_150_2.5 : dq2 RMSE=2.4855
  golden A — 0429/120_2.2_200_2.8 : dq2 RMSE=2.3865
  golden A — 0429/150_2.2_250_3   : dq2 RMSE=3.3899
  golden A — 0429/150_2.2_350_3.5 : dq2 RMSE=3.7922
  golden A — 0429/150_2.2_500_4   : dq2 RMSE=2.8979
  golden A — session mean 2.6057 (canonical 2.6057) PASS
  golden B — 0429/60_0.75_60_2 env vs cl_run23(is_cvt, l_i=25.08, clip=25.581) max|Δ|=0.000e+00 PASS
GOLDEN PASS (A: 0429 재생 세션평균 / B: env CVT 스텝 비트일치, clip=25.581)
[final] l_i= 28.00mm  h=1.0642  audit=PASS  stance=0.133s  내삽
[best] l_i= 28.00mm  h=1.0958  audit=FAIL  stance=0.013s  내삽

l_i* = 28.00 mm (final ckpt)  h=1.0642 m  pass_all=True  extrapolated=False
saved: t0wc_ppo_lifix28_long_05ms.npz / t0wc_ppo_audit_lifix28_long_05ms.json [1s]
===== t0_train_long.py nc05 (ext) =====
warm-start from previous mshoot best
warm-start from previous fourbar best
setup done [2s] — dt=0.0005 law=(-0.3823, 0.6301, 7.2968) spr=(0.5637, 1.8775, 5.8838) k_rise=0.2656 tm=1.31ms clip=25.581 crouch(task0)=(-0.3200,-2.5000) Q1R=(-1.2566,-0.2967) Q2R=(-2.5482,-0.6283) w_tn=50.0 w_dq=50.0 w_tau=50.0 m_tn=0.0 m_tau=0.0
  golden A — 0602/60_0.75_60_2: dq2 RMSE=0.8903 h_sim=0.8966
  golden A — 0602/60_1.5_60_1.5: dq2 RMSE=0.7416 h_sim=0.8824
  golden A — 0602/90_0.75_90_2: dq2 RMSE=1.2248 h_sim=0.9510
  golden A — 0602/120_2_120_2: dq2 RMSE=1.5531 h_sim=0.9238
  golden A — 0602/150_2.2_250_3: dq2 RMSE=1.2513 h_sim=0.9002
  golden A — 0602/150_2.2_500_5: dq2 RMSE=2.0494 h_sim=0.7890
  golden A — session mean 1.2851 (canonical 1.2851) PASS
  golden B — 0602/60_0.75_60_2 env vs cl_run23 (clip=25.581) max|Δ|=0.000e+00 PASS
GOLDEN PASS (A: 0602 재생 세션평균 / B: env 스텝 비트 일치, clip=25.581)
[dev] NVIDIA GeForce RTX 5080 (hid 128): 400 mb-updates cpu 0.243s / gpu 0.265s → 2x128 넷이 작아 CPU가 빠름 (물리 스텝이 병목) — CPU 사용
[resume] t0nc_ppo_policy_long_05ms.pt: steps=None best=0.9614 — BC 스킵, 잔여 예산으로 재개
[bc] det-eval h: {'q0': 0.7831}
warm-start from previous mshoot best
warm-start from previous fourbar best
warm-start from previous mshoot best
warm-start from previous fourbar best
warm-start from previous mshoot best
warm-start from previous fourbar best
warm-start from previous mshoot best
warm-start from previous fourbar best
warm-start from previous mshoot best
warm-start from previous fourbar best
warm-start from previous mshoot best
warm-start from previous fourbar best
warm-start from previous mshoot best
warm-start from previous fourbar best
warm-start from previous mshoot best
warm-start from previous fourbar best
setup done [3s] — dt=0.0005 law=(-0.3823, 0.6301, 7.2968) spr=(0.5637, 1.8775, 5.8838) k_rise=0.2656 tm=1.31ms clip=25.581 crouch(task0)=(-0.3200,-2.5000) Q1R=(-1.2566,-0.2967) Q2R=(-2.5482,-0.6283) w_tn=50.0 w_dq=50.0 w_tau=50.0 m_tn=0.0 m_tau=0.0
setup done [3s] — dt=0.0005 law=(-0.3823, 0.6301, 7.2968) spr=(0.5637, 1.8775, 5.8838) k_rise=0.2656 tm=1.31ms clip=25.581 crouch(task0)=(-0.3200,-2.5000) Q1R=(-1.2566,-0.2967) Q2R=(-2.5482,-0.6283) w_tn=50.0 w_dq=50.0 w_tau=50.0 m_tn=0.0 m_tau=0.0
setup done [3s] — dt=0.0005 law=(-0.3823, 0.6301, 7.2968) spr=(0.5637, 1.8775, 5.8838) k_rise=0.2656 tm=1.31ms clip=25.581 crouch(task0)=(-0.3200,-2.5000) Q1R=(-1.2566,-0.2967) Q2R=(-2.5482,-0.6283) w_tn=50.0 w_dq=50.0 w_tau=50.0 m_tn=0.0 m_tau=0.0
setup done [3s] — dt=0.0005 law=(-0.3823, 0.6301, 7.2968) spr=(0.5637, 1.8775, 5.8838) k_rise=0.2656 tm=1.31ms clip=25.581 crouch(task0)=(-0.3200,-2.5000) Q1R=(-1.2566,-0.2967) Q2R=(-2.5482,-0.6283) w_tn=50.0 w_dq=50.0 w_tau=50.0 m_tn=0.0 m_tau=0.0
setup done [3s] — dt=0.0005 law=(-0.3823, 0.6301, 7.2968) spr=(0.5637, 1.8775, 5.8838) k_rise=0.2656 tm=1.31ms clip=25.581 crouch(task0)=(-0.3200,-2.5000) Q1R=(-1.2566,-0.2967) Q2R=(-2.5482,-0.6283) w_tn=50.0 w_dq=50.0 w_tau=50.0 m_tn=0.0 m_tau=0.0
setup done [3s] — dt=0.0005 law=(-0.3823, 0.6301, 7.2968) spr=(0.5637, 1.8775, 5.8838) k_rise=0.2656 tm=1.31ms clip=25.581 crouch(task0)=(-0.3200,-2.5000) Q1R=(-1.2566,-0.2967) Q2R=(-2.5482,-0.6283) w_tn=50.0 w_dq=50.0 w_tau=50.0 m_tn=0.0 m_tau=0.0
setup done [3s] — dt=0.0005 law=(-0.3823, 0.6301, 7.2968) spr=(0.5637, 1.8775, 5.8838) k_rise=0.2656 tm=1.31ms clip=25.581 crouch(task0)=(-0.3200,-2.5000) Q1R=(-1.2566,-0.2967) Q2R=(-2.5482,-0.6283) w_tn=50.0 w_dq=50.0 w_tau=50.0 m_tn=0.0 m_tau=0.0
setup done [3s] — dt=0.0005 law=(-0.3823, 0.6301, 7.2968) spr=(0.5637, 1.8775, 5.8838) k_rise=0.2656 tm=1.31ms clip=25.581 crouch(task0)=(-0.3200,-2.5000) Q1R=(-1.2566,-0.2967) Q2R=(-2.5482,-0.6283) w_tn=50.0 w_dq=50.0 w_tau=50.0 m_tn=0.0 m_tau=0.0
[mp] 8 workers × 2 envs = 16 — ready [10s]
PPO start — 11718 updates × batch 8192 (dev cpu, clip=25.581)
up   40 steps  24.33M  ret  1.956  apex 0.794  det h(q0) 0.794 mean 0.7945 (best 0.9614)  sps  9686  std [0.721 5.113]
up   80 steps  24.66M  ret  1.484  apex 0.805  det h(q0) 0.798 mean 0.7982 (best 0.9614)  sps  9706  std [0.657 4.84 ]
up  120 steps  24.99M  ret  1.796  apex 0.812  det h(q0) 0.808 mean 0.8080 (best 0.9614)  sps  9737  std [0.652 4.947]
up  160 steps  25.31M  ret  1.490  apex 0.809  det h(q0) 0.800 mean 0.7999 (best 0.9614)  sps  9873  std [0.707 5.418]
up  200 steps  25.64M  ret  1.639  apex 0.824  det h(q0) 0.825 mean 0.8251 (best 0.9614)  sps  9693  std [0.664 5.581]
up  240 steps  25.97M  ret  1.946  apex 0.827  det h(q0) 0.829 mean 0.8288 (best 0.9614)  sps  9828  std [0.679 6.047]
up  280 steps  26.30M  ret  2.180  apex 0.835  det h(q0) 0.842 mean 0.8423 (best 0.9614)  sps  9603  std [0.644 6.718]
up  320 steps  26.62M  ret  1.807  apex 0.853  det h(q0) 0.843 mean 0.8427 (best 0.9614)  sps  9740  std [0.66  7.882]
up  360 steps  26.95M  ret  1.814  apex 0.841  det h(q0) 0.843 mean 0.8428 (best 0.9614)  sps  9751  std [0.607 8.603]
up  400 steps  27.28M  ret  1.811  apex 0.840  det h(q0) 0.831 mean 0.8310 (best 0.9614)  sps  9657  std [0.599 8.724]
up  440 steps  27.61M  ret  1.904  apex 0.844  det h(q0) 0.835 mean 0.8351 (best 0.9614)  sps  9624  std [0.535 9.209]
up  480 steps  27.93M  ret  2.111  apex 0.860  det h(q0) 0.857 mean 0.8572 (best 0.9614)  sps  9830  std [ 0.554 10.706]
up  520 steps  28.26M  ret  1.872  apex 0.855  det h(q0) 0.847 mean 0.8467 (best 0.9614)  sps  9780  std [ 0.612 11.394]
up  560 steps  28.59M  ret  1.979  apex 0.856  det h(q0) 0.838 mean 0.8379 (best 0.9614)  sps  9617  std [ 0.672 11.276]
up  600 steps  28.92M  ret  2.019  apex 0.850  det h(q0) 0.845 mean 0.8446 (best 0.9614)  sps  9701  std [ 0.638 12.009]
up  640 steps  29.25M  ret  1.646  apex 0.846  det h(q0) 0.846 mean 0.8464 (best 0.9614)  sps  9721  std [ 0.589 11.722]
up  680 steps  29.57M  ret  1.877  apex 0.847  det h(q0) 0.840 mean 0.8401 (best 0.9614)  sps  9790  std [ 0.569 12.798]
up  720 steps  29.90M  ret  1.806  apex 0.846  det h(q0) 0.844 mean 0.8444 (best 0.9614)  sps  9731  std [ 0.549 13.115]
up  760 steps  30.23M  ret  1.977  apex 0.845  det h(q0) 0.850 mean 0.8503 (best 0.9614)  sps  9657  std [ 0.582 13.654]
up  800 steps  30.56M  ret  1.865  apex 0.842  det h(q0) 0.840 mean 0.8401 (best 0.9614)  sps  9761  std [ 0.666 14.683]
up  840 steps  30.88M  ret  1.886  apex 0.835  det h(q0) 0.825 mean 0.8252 (best 0.9614)  sps  9620  std [ 0.69  14.807]
up  880 steps  31.21M  ret  1.638  apex 0.838  det h(q0) 0.816 mean 0.8159 (best 0.9614)  sps  9740  std [ 0.741 14.272]
up  920 steps  31.54M  ret  1.872  apex 0.844  det h(q0) 0.840 mean 0.8398 (best 0.9614)  sps  9674  std [ 0.686 15.666]
up  960 steps  31.87M  ret  1.731  apex 0.837  det h(q0) 0.835 mean 0.8348 (best 0.9614)  sps  9766  std [ 0.696 16.03 ]
up 1000 steps  32.19M  ret  1.553  apex 0.850  det h(q0) 0.850 mean 0.8495 (best 0.9614)  sps  9698  std [ 0.706 17.533]
up 1040 steps  32.52M  ret  1.833  apex 0.846  det h(q0) 0.846 mean 0.8457 (best 0.9614)  sps  9936  std [ 0.758 19.541]
up 1080 steps  32.85M  ret  2.047  apex 0.847  det h(q0) 0.850 mean 0.8505 (best 0.9614)  sps  9676  std [ 0.728 18.544]
up 1120 steps  33.18M  ret  1.779  apex 0.845  det h(q0) 0.844 mean 0.8439 (best 0.9614)  sps  9768  std [ 0.732 19.162]
up 1160 steps  33.51M  ret  1.967  apex 0.835  det h(q0) 0.832 mean 0.8319 (best 0.9614)  sps  9679  std [ 0.783 18.089]
up 1200 steps  33.83M  ret  1.902  apex 0.842  det h(q0) 0.838 mean 0.8384 (best 0.9614)  sps  9822  std [ 0.772 18.97 ]
up 1240 steps  34.16M  ret  1.508  apex 0.827  det h(q0) 0.820 mean 0.8195 (best 0.9614)  sps  9745  std [ 0.82  19.397]
up 1280 steps  34.49M  ret  2.165  apex 0.823  det h(q0) 0.812 mean 0.8121 (best 0.9614)  sps  9660  std [ 0.833 20.758]
up 1320 steps  34.82M  ret  1.692  apex 0.832  det h(q0) 0.811 mean 0.8105 (best 0.9614)  sps  9732  std [ 0.742 23.729]
up 1360 steps  35.14M  ret  1.835  apex 0.836  det h(q0) 0.833 mean 0.8331 (best 0.9614)  sps  9741  std [ 0.668 24.128]
up 1400 steps  35.47M  ret  1.941  apex 0.829  det h(q0) 0.812 mean 0.8119 (best 0.9614)  sps  9772  std [ 0.708 24.035]
up 1440 steps  35.80M  ret  1.753  apex 0.832  det h(q0) 0.832 mean 0.8318 (best 0.9614)  sps  9857  std [ 0.609 23.752]
up 1480 steps  36.13M  ret  1.942  apex 0.826  det h(q0) 0.823 mean 0.8230 (best 0.9614)  sps  9736  std [ 0.63  27.764]
up 1520 steps  36.45M  ret  1.940  apex 0.835  det h(q0) 0.836 mean 0.8356 (best 0.9614)  sps  9771  std [ 0.616 28.512]
up 1560 steps  36.78M  ret  1.520  apex 0.831  det h(q0) 0.830 mean 0.8303 (best 0.9614)  sps  9802  std [ 0.681 32.334]
up 1600 steps  37.11M  ret  1.920  apex 0.832  det h(q0) 0.819 mean 0.8194 (best 0.9614)  sps  9822  std [ 0.641 33.383]
up 1640 steps  37.44M  ret  2.018  apex 0.835  det h(q0) 0.837 mean 0.8370 (best 0.9614)  sps  9584  std [ 0.692 39.647]
up 1680 steps  37.77M  ret  1.995  apex 0.845  det h(q0) 0.835 mean 0.8348 (best 0.9614)  sps  9811  std [ 0.701 40.661]
up 1720 steps  38.09M  ret  1.669  apex 0.841  det h(q0) 0.828 mean 0.8284 (best 0.9614)  sps  9660  std [ 0.751 47.727]
up 1760 steps  38.42M  ret  1.779  apex 0.838  det h(q0) 0.823 mean 0.8234 (best 0.9614)  sps  9844  std [ 0.723 46.995]
up 1800 steps  38.75M  ret  1.946  apex 0.830  det h(q0) 0.796 mean 0.7962 (best 0.9614)  sps  9822  std [ 0.707 47.159]
up 1840 steps  39.08M  ret  1.937  apex 0.838  det h(q0) 0.833 mean 0.8331 (best 0.9614)  sps  9643  std [ 0.568 46.527]
up 1880 steps  39.40M  ret  2.091  apex 0.831  det h(q0) 0.808 mean 0.8076 (best 0.9614)  sps  9564  std [ 0.569 53.901]
up 1920 steps  39.73M  ret  1.749  apex 0.833  det h(q0) 0.823 mean 0.8233 (best 0.9614)  sps  9675  std [ 0.543 55.31 ]
up 1960 steps  40.06M  ret  2.036  apex 0.829  det h(q0) 0.834 mean 0.8344 (best 0.9614)  sps  9633  std [ 0.519 62.444]
up 2000 steps  40.39M  ret  1.661  apex 0.836  det h(q0) 0.839 mean 0.8389 (best 0.9614)  sps  9668  std [ 0.562 68.29 ]
up 2040 steps  40.71M  ret  1.938  apex 0.837  det h(q0) 0.840 mean 0.8399 (best 0.9614)  sps  9620  std [ 0.516 65.339]
up 2080 steps  41.04M  ret  1.675  apex 0.828  det h(q0) 0.825 mean 0.8250 (best 0.9614)  sps  9747  std [ 0.55  66.216]
up 2120 steps  41.37M  ret  1.705  apex 0.828  det h(q0) 0.829 mean 0.8286 (best 0.9614)  sps  9763  std [ 0.544 68.267]
up 2160 steps  41.70M  ret  2.270  apex 0.844  det h(q0) 0.818 mean 0.8181 (best 0.9614)  sps  9810  std [ 0.533 71.047]
up 2200 steps  42.02M  ret  2.176  apex 0.851  det h(q0) 0.831 mean 0.8311 (best 0.9614)  sps  9695  std [ 0.598 73.058]
up 2240 steps  42.35M  ret  2.196  apex 0.859  det h(q0) 0.863 mean 0.8628 (best 0.9614)  sps  9599  std [ 0.569 72.73 ]
up 2280 steps  42.68M  ret  1.837  apex 0.870  det h(q0) 0.869 mean 0.8692 (best 0.9614)  sps  9810  std [ 0.541 78.779]
up 2320 steps  43.01M  ret  2.121  apex 0.875  det h(q0) 0.874 mean 0.8743 (best 0.9614)  sps  9759  std [ 0.534 82.575]
up 2360 steps  43.34M  ret  1.845  apex 0.874  det h(q0) 0.874 mean 0.8741 (best 0.9614)  sps  9790  std [ 0.482 89.258]
up 2400 steps  43.66M  ret  1.742  apex 0.872  det h(q0) 0.866 mean 0.8663 (best 0.9614)  sps  9786  std [ 0.518 89.706]
up 2440 steps  43.99M  ret  1.905  apex 0.865  det h(q0) 0.867 mean 0.8670 (best 0.9614)  sps  9857  std [ 0.526 95.156]
up 2480 steps  44.32M  ret  2.311  apex 0.863  det h(q0) 0.867 mean 0.8672 (best 0.9614)  sps  9715  std [  0.534 103.856]
up 2520 steps  44.65M  ret  2.196  apex 0.870  det h(q0) 0.870 mean 0.8704 (best 0.9614)  sps  9796  std [  0.537 101.579]
up 2560 steps  44.97M  ret  1.995  apex 0.869  det h(q0) 0.871 mean 0.8709 (best 0.9614)  sps  9714  std [  0.561 101.926]
up 2600 steps  45.30M  ret  2.153  apex 0.871  det h(q0) 0.876 mean 0.8759 (best 0.9614)  sps  9863  std [  0.565 105.697]
up 2640 steps  45.63M  ret  2.245  apex 0.870  det h(q0) 0.877 mean 0.8771 (best 0.9614)  sps  9811  std [  0.579 114.377]
up 2680 steps  45.96M  ret  1.982  apex 0.873  det h(q0) 0.876 mean 0.8758 (best 0.9614)  sps  9787  std [  0.574 107.223]
up 2720 steps  46.28M  ret  2.063  apex 0.869  det h(q0) 0.867 mean 0.8667 (best 0.9614)  sps  9816  std [  0.536 110.26 ]
up 2760 steps  46.61M  ret  1.957  apex 0.865  det h(q0) 0.865 mean 0.8653 (best 0.9614)  sps  9651  std [  0.502 118.738]
up 2800 steps  46.94M  ret  2.098  apex 0.861  det h(q0) 0.863 mean 0.8634 (best 0.9614)  sps  9804  std [  0.511 128.343]
up 2840 steps  47.27M  ret  1.593  apex 0.870  det h(q0) 0.870 mean 0.8695 (best 0.9614)  sps  9791  std [  0.528 134.786]
up 2880 steps  47.60M  ret  1.904  apex 0.866  det h(q0) 0.864 mean 0.8637 (best 0.9614)  sps  9813  std [  0.531 126.679]
up 2920 steps  47.92M  ret  1.789  apex 0.859  det h(q0) 0.855 mean 0.8553 (best 0.9614)  sps  9800  std [  0.555 130.198]
up 2960 steps  48.25M  ret  1.961  apex 0.858  det h(q0) 0.860 mean 0.8597 (best 0.9614)  sps  9775  std [  0.567 124.283]
up 3000 steps  48.58M  ret  1.932  apex 0.862  det h(q0) 0.871 mean 0.8709 (best 0.9614)  sps  9768  std [  0.564 141.153]
up 3040 steps  48.91M  ret  2.125  apex 0.863  det h(q0) 0.869 mean 0.8695 (best 0.9614)  sps  9660  std [  0.598 142.818]
up 3080 steps  49.23M  ret  1.731  apex 0.873  det h(q0) 0.872 mean 0.8722 (best 0.9614)  sps  9760  std [  0.593 153.543]
up 3120 steps  49.56M  ret  1.823  apex 0.878  det h(q0) 0.878 mean 0.8783 (best 0.9614)  sps  9727  std [  0.604 167.493]
up 3160 steps  49.89M  ret  2.216  apex 0.878  det h(q0) 0.883 mean 0.8833 (best 0.9614)  sps  9740  std [  0.625 162.989]
up 3200 steps  50.22M  ret  2.299  apex 0.885  det h(q0) 0.885 mean 0.8854 (best 0.9614)  sps  9578  std [  0.559 160.719]
up 3240 steps  50.54M  ret  2.383  apex 0.895  det h(q0) 0.898 mean 0.8982 (best 0.9614)  sps  9925  std [  0.538 165.838]
up 3280 steps  50.87M  ret  2.070  apex 0.895  det h(q0) 0.888 mean 0.8882 (best 0.9614)  sps  9708  std [  0.551 172.31 ]
up 3320 steps  51.20M  ret  2.028  apex 0.898  det h(q0) 0.905 mean 0.9050 (best 0.9614)  sps  9799  std [  0.529 179.408]
up 3360 steps  51.53M  ret  2.154  apex 0.897  det h(q0) 0.896 mean 0.8963 (best 0.9614)  sps  9823  std [  0.515 168.274]
up 3400 steps  51.86M  ret  2.001  apex 0.891  det h(q0) 0.894 mean 0.8937 (best 0.9614)  sps  9753  std [  0.51  175.953]
up 3440 steps  52.18M  ret  2.525  apex 0.893  det h(q0) 0.897 mean 0.8971 (best 0.9614)  sps  9690  std [  0.484 183.438]
up 3480 steps  52.51M  ret  1.727  apex 0.899  det h(q0) 0.903 mean 0.9032 (best 0.9614)  sps  9820  std [  0.524 187.096]
up 3520 steps  52.84M  ret  2.357  apex 0.905  det h(q0) 0.909 mean 0.9093 (best 0.9614)  sps  9630  std [  0.533 178.626]
up 3560 steps  53.17M  ret  1.773  apex 0.901  det h(q0) 0.905 mean 0.9053 (best 0.9614)  sps  9768  std [  0.557 197.371]
up 3600 steps  53.49M  ret  2.082  apex 0.903  det h(q0) 0.907 mean 0.9072 (best 0.9614)  sps  9618  std [  0.543 205.269]
up 3640 steps  53.82M  ret  1.790  apex 0.901  det h(q0) 0.912 mean 0.9118 (best 0.9614)  sps  9735  std [  0.569 212.252]
up 3680 steps  54.15M  ret  2.307  apex 0.905  det h(q0) 0.907 mean 0.9074 (best 0.9614)  sps  9679  std [  0.518 209.212]
up 3720 steps  54.48M  ret  2.248  apex 0.896  det h(q0) 0.897 mean 0.8965 (best 0.9614)  sps  9880  std [  0.558 203.099]
up 3760 steps  54.80M  ret  2.291  apex 0.895  det h(q0) 0.899 mean 0.8994 (best 0.9614)  sps  9770  std [  0.524 210.243]
up 3800 steps  55.13M  ret  2.309  apex 0.899  det h(q0) 0.904 mean 0.9038 (best 0.9614)  sps  9862  std [  0.517 218.757]
up 3840 steps  55.46M  ret  2.077  apex 0.890  det h(q0) 0.893 mean 0.8933 (best 0.9614)  sps  9795  std [  0.531 226.734]
up 3880 steps  55.79M  ret  2.237  apex 0.895  det h(q0) 0.902 mean 0.9015 (best 0.9614)  sps  9699  std [  0.488 223.694]
up 3920 steps  56.12M  ret  2.152  apex 0.897  det h(q0) 0.898 mean 0.8976 (best 0.9614)  sps  9777  std [  0.512 240.048]
up 3960 steps  56.44M  ret  2.316  apex 0.909  det h(q0) 0.908 mean 0.9077 (best 0.9614)  sps  9683  std [  0.502 225.547]
up 4000 steps  56.77M  ret  2.169  apex 0.905  det h(q0) 0.908 mean 0.9077 (best 0.9614)  sps  9772  std [  0.495 239.481]
up 4040 steps  57.10M  ret  2.163  apex 0.903  det h(q0) 0.903 mean 0.9034 (best 0.9614)  sps  9670  std [  0.508 243.804]
up 4080 steps  57.43M  ret  2.160  apex 0.901  det h(q0) 0.903 mean 0.9028 (best 0.9614)  sps  9715  std [  0.486 253.837]
up 4120 steps  57.75M  ret  2.393  apex 0.898  det h(q0) 0.902 mean 0.9021 (best 0.9614)  sps  9824  std [  0.485 250.728]
up 4160 steps  58.08M  ret  2.278  apex 0.897  det h(q0) 0.901 mean 0.9012 (best 0.9614)  sps  9707  std [  0.482 264.244]
up 4200 steps  58.41M  ret  2.209  apex 0.893  det h(q0) 0.900 mean 0.9002 (best 0.9614)  sps  9754  std [  0.475 263.775]
up 4240 steps  58.74M  ret  2.069  apex 0.893  det h(q0) 0.897 mean 0.8973 (best 0.9614)  sps  9869  std [  0.481 272.111]
up 4280 steps  59.06M  ret  1.928  apex 0.887  det h(q0) 0.894 mean 0.8943 (best 0.9614)  sps  9828  std [  0.513 280.033]
up 4320 steps  59.39M  ret  2.348  apex 0.885  det h(q0) 0.890 mean 0.8900 (best 0.9614)  sps  9715  std [  0.526 269.683]
up 4360 steps  59.72M  ret  2.011  apex 0.888  det h(q0) 0.898 mean 0.8979 (best 0.9614)  sps  9670  std [  0.519 286.174]
up 4400 steps  60.05M  ret  1.906  apex 0.893  det h(q0) 0.903 mean 0.9031 (best 0.9614)  sps  9790  std [  0.497 291.69 ]
up 4440 steps  60.38M  ret  2.280  apex 0.906  det h(q0) 0.888 mean 0.8880 (best 0.9614)  sps  9878  std [  0.503 282.046]
up 4480 steps  60.70M  ret  2.331  apex 0.908  det h(q0) 0.915 mean 0.9146 (best 0.9614)  sps  9802  std [  0.537 292.977]
up 4520 steps  61.03M  ret  2.441  apex 0.911  det h(q0) 0.913 mean 0.9128 (best 0.9614)  sps  9629  std [  0.472 286.52 ]
up 4560 steps  61.36M  ret  2.007  apex 0.911  det h(q0) 0.913 mean 0.9131 (best 0.9614)  sps  9694  std [  0.474 298.811]
up 4600 steps  61.69M  ret  1.915  apex 0.914  det h(q0) 0.916 mean 0.9164 (best 0.9614)  sps  9794  std [  0.511 291.19 ]
up 4640 steps  62.01M  ret  2.518  apex 0.917  det h(q0) 0.920 mean 0.9201 (best 0.9614)  sps  9695  std [  0.504 308.769]
up 4680 steps  62.34M  ret  1.879  apex 0.921  det h(q0) 0.925 mean 0.9251 (best 0.9614)  sps  9889  std [  0.491 311.285]
up 4720 steps  62.67M  ret  2.544  apex 0.913  det h(q0) 0.914 mean 0.9143 (best 0.9614)  sps  9686  std [  0.461 296.927]
up 4760 steps  63.00M  ret  2.165  apex 0.914  det h(q0) 0.914 mean 0.9140 (best 0.9614)  sps  9794  std [  0.462 310.823]
up 4800 steps  63.32M  ret  2.252  apex 0.912  det h(q0) 0.914 mean 0.9141 (best 0.9614)  sps  9773  std [  0.453 309.938]
up 4840 steps  63.65M  ret  2.425  apex 0.918  det h(q0) 0.919 mean 0.9189 (best 0.9614)  sps  9796  std [  0.442 280.936]
up 4880 steps  63.98M  ret  2.084  apex 0.921  det h(q0) 0.925 mean 0.9252 (best 0.9614)  sps  9743  std [  0.48  298.408]
up 4920 steps  64.31M  ret  1.856  apex 0.926  det h(q0) 0.924 mean 0.9242 (best 0.9614)  sps  9497  std [  0.467 309.209]
up 4960 steps  64.63M  ret  2.230  apex 0.926  det h(q0) 0.933 mean 0.9326 (best 0.9614)  sps  9813  std [  0.463 316.947]
up 5000 steps  64.96M  ret  2.319  apex 0.933  det h(q0) 0.931 mean 0.9315 (best 0.9614)  sps  9648  std [  0.448 317.161]
up 5040 steps  65.29M  ret  2.221  apex 0.930  det h(q0) 0.931 mean 0.9311 (best 0.9614)  sps  9676  std [  0.438 314.483]
up 5080 steps  65.62M  ret  2.367  apex 0.931  det h(q0) 0.933 mean 0.9331 (best 0.9614)  sps  9747  std [  0.476 333.778]
up 5120 steps  65.95M  ret  2.432  apex 0.926  det h(q0) 0.925 mean 0.9251 (best 0.9614)  sps  9772  std [  0.456 352.327]
up 5160 steps  66.27M  ret  2.254  apex 0.920  det h(q0) 0.924 mean 0.9244 (best 0.9614)  sps  9454  std [  0.472 333.398]
up 5200 steps  66.60M  ret  2.230  apex 0.921  det h(q0) 0.922 mean 0.9225 (best 0.9614)  sps  9666  std [  0.475 340.329]
up 5240 steps  66.93M  ret  2.168  apex 0.921  det h(q0) 0.925 mean 0.9249 (best 0.9614)  sps  9727  std [  0.471 350.994]
up 5280 steps  67.26M  ret  2.270  apex 0.923  det h(q0) 0.922 mean 0.9223 (best 0.9614)  sps  9760  std [  0.471 335.065]
up 5320 steps  67.58M  ret  2.259  apex 0.927  det h(q0) 0.922 mean 0.9222 (best 0.9614)  sps  9864  std [  0.472 350.038]
up 5360 steps  67.91M  ret  2.192  apex 0.927  det h(q0) 0.921 mean 0.9209 (best 0.9614)  sps  9711  std [  0.472 347.362]
up 5400 steps  68.24M  ret  2.065  apex 0.929  det h(q0) 0.931 mean 0.9310 (best 0.9614)  sps  9554  std [  0.488 351.398]
up 5440 steps  68.57M  ret  2.336  apex 0.929  det h(q0) 0.929 mean 0.9291 (best 0.9614)  sps  9154  std [  0.508 340.39 ]
up 5480 steps  68.89M  ret  2.350  apex 0.926  det h(q0) 0.927 mean 0.9275 (best 0.9614)  sps  9628  std [  0.514 350.101]
up 5520 steps  69.22M  ret  2.010  apex 0.926  det h(q0) 0.933 mean 0.9329 (best 0.9614)  sps  9726  std [  0.519 355.993]
up 5560 steps  69.55M  ret  2.054  apex 0.929  det h(q0) 0.930 mean 0.9304 (best 0.9614)  sps  9870  std [  0.557 367.467]
up 5600 steps  69.88M  ret  1.899  apex 0.929  det h(q0) 0.922 mean 0.9221 (best 0.9614)  sps  9772  std [  0.614 396.432]
up 5640 steps  70.21M  ret  2.177  apex 0.933  det h(q0) 0.937 mean 0.9368 (best 0.9614)  sps  9801  std [  0.554 386.093]
up 5680 steps  70.53M  ret  2.206  apex 0.929  det h(q0) 0.932 mean 0.9323 (best 0.9614)  sps  9791  std [  0.584 396.405]
up 5720 steps  70.86M  ret  1.981  apex 0.935  det h(q0) 0.937 mean 0.9367 (best 0.9614)  sps  9827  std [  0.599 376.213]
up 5760 steps  71.19M  ret  2.014  apex 0.928  det h(q0) 0.927 mean 0.9268 (best 0.9614)  sps  9625  std [  0.57  370.714]
up 5800 steps  71.52M  ret  2.370  apex 0.929  det h(q0) 0.930 mean 0.9302 (best 0.9614)  sps  9700  std [  0.546 361.494]
up 5840 steps  71.84M  ret  2.441  apex 0.935  det h(q0) 0.937 mean 0.9371 (best 0.9614)  sps  9669  std [  0.556 404.395]
up 5880 steps  72.17M  ret  2.256  apex 0.932  det h(q0) 0.939 mean 0.9393 (best 0.9614)  sps  9788  std [  0.579 413.467]
up 5920 steps  72.50M  ret  2.470  apex 0.933  det h(q0) 0.933 mean 0.9330 (best 0.9614)  sps  9728  std [  0.541 386.816]
up 5960 steps  72.83M  ret  2.311  apex 0.933  det h(q0) 0.934 mean 0.9343 (best 0.9614)  sps  9649  std [  0.578 390.454]
up 6000 steps  73.15M  ret  2.108  apex 0.926  det h(q0) 0.929 mean 0.9287 (best 0.9614)  sps  9844  std [  0.583 416.871]
up 6040 steps  73.48M  ret  2.152  apex 0.927  det h(q0) 0.932 mean 0.9316 (best 0.9614)  sps  9706  std [  0.605 416.541]
up 6080 steps  73.81M  ret  2.646  apex 0.929  det h(q0) 0.929 mean 0.9293 (best 0.9614)  sps  9895  std [  0.592 398.556]
up 6120 steps  74.14M  ret  2.200  apex 0.925  det h(q0) 0.923 mean 0.9234 (best 0.9614)  sps  9585  std [  0.559 429.495]
up 6160 steps  74.47M  ret  1.950  apex 0.923  det h(q0) 0.929 mean 0.9288 (best 0.9614)  sps  9770  std [  0.6   452.962]
up 6200 steps  74.79M  ret  2.257  apex 0.929  det h(q0) 0.933 mean 0.9327 (best 0.9614)  sps  9761  std [  0.611 404.01 ]
up 6240 steps  75.12M  ret  2.275  apex 0.931  det h(q0) 0.937 mean 0.9366 (best 0.9614)  sps  9686  std [  0.595 425.053]
up 6280 steps  75.45M  ret  2.393  apex 0.923  det h(q0) 0.926 mean 0.9261 (best 0.9614)  sps  9623  std [  0.617 408.998]
up 6320 steps  75.78M  ret  2.036  apex 0.923  det h(q0) 0.927 mean 0.9272 (best 0.9614)  sps  9694  std [  0.667 446.154]
up 6360 steps  76.10M  ret  2.104  apex 0.926  det h(q0) 0.930 mean 0.9295 (best 0.9614)  sps  9555  std [  0.655 442.18 ]
up 6400 steps  76.43M  ret  2.191  apex 0.923  det h(q0) 0.928 mean 0.9285 (best 0.9614)  sps  9675  std [  0.663 440.851]
up 6440 steps  76.76M  ret  2.295  apex 0.926  det h(q0) 0.929 mean 0.9293 (best 0.9614)  sps  9760  std [  0.635 421.344]
up 6480 steps  77.09M  ret  2.321  apex 0.927  det h(q0) 0.929 mean 0.9295 (best 0.9614)  sps  9611  std [  0.646 401.299]
up 6520 steps  77.41M  ret  2.405  apex 0.926  det h(q0) 0.931 mean 0.9310 (best 0.9614)  sps  9749  std [  0.642 428.504]
up 6560 steps  77.74M  ret  2.301  apex 0.924  det h(q0) 0.932 mean 0.9320 (best 0.9614)  sps  9757  std [  0.694 437.033]
up 6600 steps  78.07M  ret  2.566  apex 0.931  det h(q0) 0.930 mean 0.9298 (best 0.9614)  sps  9761  std [  0.69  436.732]
up 6640 steps  78.40M  ret  2.232  apex 0.924  det h(q0) 0.923 mean 0.9233 (best 0.9614)  sps  9715  std [  0.707 441.087]
up 6680 steps  78.73M  ret  1.860  apex 0.926  det h(q0) 0.926 mean 0.9255 (best 0.9614)  sps  9815  std [  0.722 448.369]
up 6720 steps  79.05M  ret  2.598  apex 0.931  det h(q0) 0.929 mean 0.9292 (best 0.9614)  sps  9649  std [  0.708 412.811]
up 6760 steps  79.38M  ret  2.060  apex 0.927  det h(q0) 0.930 mean 0.9301 (best 0.9614)  sps  9665  std [  0.705 432.969]
up 6800 steps  79.71M  ret  1.953  apex 0.926  det h(q0) 0.931 mean 0.9306 (best 0.9614)  sps  9647  std [  0.654 468.22 ]
up 6840 steps  80.04M  ret  1.971  apex 0.919  det h(q0) 0.922 mean 0.9223 (best 0.9614)  sps  9747  std [  0.605 440.904]
up 6880 steps  80.36M  ret  2.255  apex 0.918  det h(q0) 0.920 mean 0.9204 (best 0.9614)  sps  9640  std [  0.623 461.004]
up 6920 steps  80.69M  ret  2.183  apex 0.920  det h(q0) 0.924 mean 0.9240 (best 0.9614)  sps  9841  std [  0.586 445.512]
up 6960 steps  81.02M  ret  1.648  apex 0.921  det h(q0) 0.914 mean 0.9141 (best 0.9614)  sps  9681  std [  0.538 434.795]
up 7000 steps  81.35M  ret  1.984  apex 0.917  det h(q0) 0.919 mean 0.9189 (best 0.9614)  sps  9765  std [  0.54  449.826]
up 7040 steps  81.67M  ret  2.045  apex 0.918  det h(q0) 0.920 mean 0.9202 (best 0.9614)  sps  9686  std [  0.52  442.383]
up 7080 steps  82.00M  ret  2.315  apex 0.913  det h(q0) 0.916 mean 0.9158 (best 0.9614)  sps  9743  std [  0.48  438.541]
up 7120 steps  82.33M  ret  1.885  apex 0.911  det h(q0) 0.900 mean 0.8999 (best 0.9614)  sps  9632  std [  0.509 439.646]
up 7160 steps  82.66M  ret  1.896  apex 0.908  det h(q0) 0.910 mean 0.9103 (best 0.9614)  sps  9821  std [  0.535 423.572]
up 7200 steps  82.98M  ret  2.056  apex 0.909  det h(q0) 0.913 mean 0.9125 (best 0.9614)  sps  9808  std [  0.505 429.306]
up 7240 steps  83.31M  ret  2.318  apex 0.915  det h(q0) 0.916 mean 0.9163 (best 0.9614)  sps  9771  std [  0.501 463.739]
up 7280 steps  83.64M  ret  2.230  apex 0.909  det h(q0) 0.916 mean 0.9157 (best 0.9614)  sps  9731  std [  0.514 480.684]
up 7320 steps  83.97M  ret  2.147  apex 0.912  det h(q0) 0.913 mean 0.9133 (best 0.9614)  sps  9545  std [  0.523 467.089]
up 7360 steps  84.30M  ret  1.914  apex 0.911  det h(q0) 0.913 mean 0.9134 (best 0.9614)  sps  9413  std [  0.527 435.665]
up 7400 steps  84.62M  ret  1.953  apex 0.909  det h(q0) 0.912 mean 0.9122 (best 0.9614)  sps  9785  std [  0.51  445.805]
up 7440 steps  84.95M  ret  2.192  apex 0.910  det h(q0) 0.912 mean 0.9120 (best 0.9614)  sps  9633  std [  0.495 461.883]
up 7480 steps  85.28M  ret  2.197  apex 0.912  det h(q0) 0.913 mean 0.9126 (best 0.9614)  sps  9601  std [  0.501 442.432]
up 7520 steps  85.61M  ret  2.400  apex 0.915  det h(q0) 0.918 mean 0.9181 (best 0.9614)  sps  9676  std [  0.517 438.555]
up 7560 steps  85.93M  ret  1.937  apex 0.920  det h(q0) 0.923 mean 0.9229 (best 0.9614)  sps  9833  std [  0.509 457.551]
up 7600 steps  86.26M  ret  2.595  apex 0.925  det h(q0) 0.931 mean 0.9310 (best 0.9614)  sps  9752  std [  0.483 439.746]
up 7640 steps  86.59M  ret  2.003  apex 0.930  det h(q0) 0.932 mean 0.9324 (best 0.9614)  sps  9524  std [  0.498 475.269]
up 7680 steps  86.92M  ret  2.499  apex 0.929  det h(q0) 0.934 mean 0.9336 (best 0.9614)  sps  9797  std [  0.518 454.291]
up 7720 steps  87.24M  ret  2.136  apex 0.934  det h(q0) 0.936 mean 0.9355 (best 0.9614)  sps  9825  std [  0.549 473.828]
up 7760 steps  87.57M  ret  2.381  apex 0.932  det h(q0) 0.934 mean 0.9341 (best 0.9614)  sps  9756  std [  0.562 461.871]
up 7800 steps  87.90M  ret  2.068  apex 0.935  det h(q0) 0.938 mean 0.9383 (best 0.9614)  sps  9745  std [  0.613 460.93 ]
up 7840 steps  88.23M  ret  1.973  apex 0.936  det h(q0) 0.939 mean 0.9395 (best 0.9614)  sps  9767  std [  0.63  445.361]
up 7880 steps  88.56M  ret  2.246  apex 0.939  det h(q0) 0.945 mean 0.9449 (best 0.9614)  sps  9638  std [  0.577 456.392]
up 7920 steps  88.88M  ret  2.220  apex 0.945  det h(q0) 0.950 mean 0.9500 (best 0.9614)  sps  9797  std [  0.552 453.462]
up 7960 steps  89.21M  ret  2.298  apex 0.943  det h(q0) 0.944 mean 0.9440 (best 0.9614)  sps  9758  std [  0.562 475.077]
up 8000 steps  89.54M  ret  2.348  apex 0.942  det h(q0) 0.940 mean 0.9397 (best 0.9614)  sps  9663  std [  0.553 478.794]
up 8040 steps  89.87M  ret  2.551  apex 0.941  det h(q0) 0.944 mean 0.9440 (best 0.9614)  sps  9668  std [  0.563 468.239]
up 8080 steps  90.19M  ret  2.283  apex 0.938  det h(q0) 0.940 mean 0.9405 (best 0.9614)  sps  9727  std [  0.558 487.324]
up 8120 steps  90.52M  ret  2.043  apex 0.939  det h(q0) 0.942 mean 0.9416 (best 0.9614)  sps  9698  std [  0.537 472.501]
up 8160 steps  90.85M  ret  2.771  apex 0.945  det h(q0) 0.946 mean 0.9462 (best 0.9614)  sps  9709  std [  0.51  450.504]
up 8200 steps  91.18M  ret  2.315  apex 0.947  det h(q0) 0.945 mean 0.9449 (best 0.9614)  sps  9829  std [  0.529 464.637]
up 8240 steps  91.50M  ret  2.602  apex 0.942  det h(q0) 0.944 mean 0.9435 (best 0.9614)  sps  9812  std [  0.518 468.934]
up 8280 steps  91.83M  ret  2.431  apex 0.948  det h(q0) 0.948 mean 0.9476 (best 0.9614)  sps  9684  std [  0.532 463.324]
up 8320 steps  92.16M  ret  2.226  apex 0.949  det h(q0) 0.954 mean 0.9544 (best 0.9614)  sps  9664  std [  0.537 468.624]
up 8360 steps  92.49M  ret  2.125  apex 0.947  det h(q0) 0.948 mean 0.9479 (best 0.9614)  sps  9695  std [  0.562 464.602]
up 8400 steps  92.82M  ret  2.426  apex 0.944  det h(q0) 0.943 mean 0.9433 (best 0.9614)  sps  9769  std [  0.572 481.076]
up 8440 steps  93.14M  ret  2.251  apex 0.942  det h(q0) 0.944 mean 0.9437 (best 0.9614)  sps  9791  std [  0.54  475.277]
up 8480 steps  93.47M  ret  1.766  apex 0.944  det h(q0) 0.938 mean 0.9383 (best 0.9614)  sps  9674  std [  0.522 493.326]
up 8520 steps  93.80M  ret  2.222  apex 0.932  det h(q0) 0.927 mean 0.9270 (best 0.9614)  sps  9809  std [  0.495 485.225]
up 8560 steps  94.13M  ret  2.172  apex 0.931  det h(q0) 0.934 mean 0.9341 (best 0.9614)  sps  9768  std [  0.52  486.272]
up 8600 steps  94.45M  ret  2.153  apex 0.938  det h(q0) 0.943 mean 0.9427 (best 0.9614)  sps  9693  std [  0.503 498.772]
up 8640 steps  94.78M  ret  2.679  apex 0.945  det h(q0) 0.948 mean 0.9477 (best 0.9614)  sps  9581  std [4.80000e-01 4.98606e+02]
up 8680 steps  95.11M  ret  2.084  apex 0.947  det h(q0) 0.949 mean 0.9494 (best 0.9614)  sps  9792  std [  0.496 491.825]
up 8720 steps  95.44M  ret  2.129  apex 0.945  det h(q0) 0.946 mean 0.9457 (best 0.9614)  sps  9655  std [4.90000e-01 5.02062e+02]
up 8760 steps  95.76M  ret  2.384  apex 0.947  det h(q0) 0.949 mean 0.9488 (best 0.9614)  sps  9760  std [  0.508 501.302]
done — steps 96002048 wall 124.1min best_h 0.9614 (budget)
curve saved: t0nc_ppo_curve_long_05ms.png
===== t0_rollout_long.py nc05 (ext) =====
warm-start from previous mshoot best
warm-start from previous fourbar best
setup done [10s] — dt=0.0005 law=(-0.3823, 0.6301, 7.2968) spr=(0.5637, 1.8775, 5.8838) k_rise=0.2656 tm=1.31ms clip=25.581 crouch(task0)=(-0.3200,-2.5000) Q1R=(-1.2566,-0.2967) Q2R=(-2.5482,-0.6283) w_tn=50.0 w_dq=50.0 w_tau=50.0 m_tn=0.0 m_tau=0.0
  golden A — 0602/60_0.75_60_2: dq2 RMSE=0.8903 h_sim=0.8966
  golden A — 0602/60_1.5_60_1.5: dq2 RMSE=0.7416 h_sim=0.8824
  golden A — 0602/90_0.75_90_2: dq2 RMSE=1.2248 h_sim=0.9510
  golden A — 0602/120_2_120_2: dq2 RMSE=1.5531 h_sim=0.9238
  golden A — 0602/150_2.2_250_3: dq2 RMSE=1.2513 h_sim=0.9002
  golden A — 0602/150_2.2_500_5: dq2 RMSE=2.0494 h_sim=0.7890
  golden A — session mean 1.2851 (canonical 1.2851) PASS
  golden B — 0602/60_0.75_60_2 env vs cl_run23 (clip=25.581) max|Δ|=0.000e+00 PASS
GOLDEN PASS (A: 0602 재생 세션평균 / B: env 스텝 비트 일치, clip=25.581)
[final] h_plan=0.9490 liftoff=0.133s apex@0.449s hops=0 ceil(raw1/raw2)=0.18/0.20 audit_pass=True stance_ok=True range_viol=None
    audit tau_hip  = -0.0000  (OK)
    audit tau_knee = -0.0000  (OK)
    audit tn_hip   = -26.5249  (OK)
    audit tn_knee  = -16.1569  (OK)
    audit dq_hip   = -38.9524  (OK)
    audit dq_knee  = -28.6383  (OK)
    audit q1_lo    = -0.1544  (OK)
    audit q1_hi    = -0.0043  (OK)
    audit q2_lo    = -0.0053  (OK)
    audit q2_hi    = -0.2244  (OK)
[best] h_plan=0.9614 liftoff=0.255s apex@0.570s hops=0 ceil(raw1/raw2)=0.05/0.03 audit_pass=False stance_ok=True range_viol={'k_ctrl': 566, 't': 0.28350000000000003, 'q1': -1.2569158165938104, 'q2': -0.7525368683211272}
    audit tau_hip  = -0.0000  (OK)
    audit tau_knee = -0.0000  (OK)
    audit tn_hip   = -31.0043  (OK)
    audit tn_knee  = -16.0911  (OK)
    audit dq_hip   = -38.0101  (OK)
    audit dq_knee  = -25.6636  (OK)
    audit q1_lo    = +0.1070  (VIOL)
    audit q1_hi    = -0.0043  (OK)
    audit q2_lo    = -0.0051  (OK)
    audit q2_hi    = -0.0389  (OK)
saved: t0nc_ppo_long_05ms.npz / t0nc_ppo_best_long_05ms.npz / t0nc_ppo_audit_long_05ms.json / t0nc_ppo_traj_long_05ms.png [1s]
PASS(final)=True PASS(best)=False
fix:24:0.5       h=0.9562 pass=True steps=66355200
fix:25.08:0.5    h=1.0119 pass=True steps=70205440
fix:28:0.5       h=1.0642 pass=True steps=72826880
nc05             h=0.9490 pass=True steps=96002048
figure saved: C:\Users\junho\Documents\jump-opt-digital-twin\code\goal22\p25_task0\graphs\summary\li_ppo_05ms.png
DONE [347.5 min]
EXT-05MS-DONE
