warm-start from previous mshoot best
warm-start from previous fourbar best
[p25_d] setup done [2s] — p24a law=(-0.3823, 0.6301, 7.2968) spr=(0.5637, 1.8775, 5.8838) k_rise=0.2656 tm=1.31ms
saved gain_60_1.5_60_1.5.png
saved gain_90_1.5_90_2.5.png
saved gain_120_2_120_2.png
saved gain_120_2.2_150_2.5.png
saved gain_120_2.2_200_2.8.png
saved gain_150_2.2_250_3.png
saved gain_150_2.2_350_3.5.png
saved gain_150_2.2_500_4.png
[t0nc_cl|FF+PD] best gain 60_1.5_60_1.5 (F_τ 18.6%)
saved gain_60_1.5_60_1.5.png
saved gain_90_1.5_90_2.5.png
saved gain_120_2_120_2.png
saved gain_120_2.2_150_2.5.png
saved gain_120_2.2_200_2.8.png
saved gain_150_2.2_250_3.png
saved gain_150_2.2_350_3.5.png
saved gain_150_2.2_500_4.png
[t0nc_cl|PD단독] best gain 120_2.2_200_2.8 (F_τ 20.6%)
STD DONE
