warm-start from previous mshoot best
warm-start from previous fourbar best
setup done [2s] — clip=25.581 law=(-0.3823, 0.6301, 7.2968) c_cvt=0.7926 k_rise=0.2656 tm=1.31ms n429=10
  golden A — 0429/60_0.75_60_2    : dq2 RMSE=1.8560
  golden A — 0429/60_1.5_60_1.5   : dq2 RMSE=2.1339
  golden A — 0429/90_0.75_90_2    : dq2 RMSE=2.3594
  golden A — 0429/90_1.5_90_2.5   : dq2 RMSE=2.3440
  golden A — 0429/120_2_120_2     : dq2 RMSE=2.4115
  golden A — 0429/120_2.2_150_2.5 : dq2 RMSE=2.4855
  golden A — 0429/120_2.2_200_2.8 : dq2 RMSE=2.3865
  golden A — 0429/150_2.2_250_3   : dq2 RMSE=3.3899
  golden A — 0429/150_2.2_350_3.5 : dq2 RMSE=3.7922
  golden A — 0429/150_2.2_500_4   : dq2 RMSE=2.8979
  golden A — session mean 2.6057 (canonical 2.6057) PASS
  golden B — 0429/60_0.75_60_2 env vs cl_run23(is_cvt, l_i=25.08, clip=25.581) max|Δ|=0.000e+00 PASS
GOLDEN PASS (A: 0429 재생 세션평균 / B: env CVT 스텝 비트일치, clip=25.581)
[dev] NVIDIA GeForce RTX 5080 (hid 128): 400 mb-updates cpu 0.254s / gpu 0.284s → 2x128 넷이 작아 CPU가 빠름 (물리 스텝이 병목) — CPU 사용
[bc] teacher t0wc_cl_li15.npz (li=15.0): 300 pairs, replay apex=0.877 (teacher h=0.874)
[bc] teacher t0wc_cl_li20.npz (li=20.0): 300 pairs, replay apex=0.996 (teacher h=0.992)
[bc] teacher t0wc_cl_li2508.npz (li=25.08): 300 pairs, replay apex=1.084 (teacher h=1.104)
[bc] fit: MSE 0.2662 → 0.001691 (4000 iters)
[bc] det-eval h: {'15': 0.8759, '25.08': 1.0862, '26.25': 0.3124, '30': 0.1381}
warm-start from previous mshoot best
warm-start from previous fourbar best
warm-start from previous mshoot best
warm-start from previous fourbar best
warm-start from previous mshoot best
warm-start from previous fourbar best
warm-start from previous mshoot best
warm-start from previous fourbar best
warm-start from previous mshoot best
warm-start from previous fourbar best
warm-start from previous mshoot best
warm-start from previous fourbar best
warm-start from previous mshoot best
warm-start from previous fourbar best
warm-start from previous mshoot best
warm-start from previous fourbar best
setup done [3s] — clip=25.581 law=(-0.3823, 0.6301, 7.2968) c_cvt=0.7926 k_rise=0.2656 tm=1.31ms n429=10
setup done [3s] — clip=25.581 law=(-0.3823, 0.6301, 7.2968) c_cvt=0.7926 k_rise=0.2656 tm=1.31ms n429=10
setup done [3s] — clip=25.581 law=(-0.3823, 0.6301, 7.2968) c_cvt=0.7926 k_rise=0.2656 tm=1.31ms n429=10
setup done [3s] — clip=25.581 law=(-0.3823, 0.6301, 7.2968) c_cvt=0.7926 k_rise=0.2656 tm=1.31ms n429=10
setup done [3s] — clip=25.581 law=(-0.3823, 0.6301, 7.2968) c_cvt=0.7926 k_rise=0.2656 tm=1.31ms n429=10
setup done [3s] — clip=25.581 law=(-0.3823, 0.6301, 7.2968) c_cvt=0.7926 k_rise=0.2656 tm=1.31ms n429=10
setup done [3s] — clip=25.581 law=(-0.3823, 0.6301, 7.2968) c_cvt=0.7926 k_rise=0.2656 tm=1.31ms n429=10
setup done [3s] — clip=25.581 law=(-0.3823, 0.6301, 7.2968) c_cvt=0.7926 k_rise=0.2656 tm=1.31ms n429=10
[mp] 8 workers × 2 envs = 16 — ready [15s]
PPO start — 2929 updates × batch 8192 (dev cpu, clip=25.581)
up   10 steps   0.08M  ret -0.370  apex 0.591  det h(15/25.08/26.25/30) 0.876/1.086/0.312/0.138 mean 0.6032 (best 0.6032)  sps  2457  std [0.4 0.4]  [VF-warm]
up   20 steps   0.16M  ret -0.451  apex 0.532  det h(15/25.08/26.25/30) 0.876/1.086/0.312/0.138 mean 0.6032 (best 0.6032)  sps  3032  std [0.4 0.4]  [VF-warm]
up   30 steps   0.25M  ret -0.317  apex 0.532  det h(15/25.08/26.25/30) 0.339/0.295/0.352/0.142 mean 0.2820 (best 0.6032)  sps  2977  std [0.401 0.38 ]
up   40 steps   0.33M  ret  0.201  apex 0.532  det h(15/25.08/26.25/30) 0.783/0.388/0.452/0.174 mean 0.4493 (best 0.6032)  sps  4605  std [0.374 0.354]
up   50 steps   0.41M  ret  0.347  apex 0.532  det h(15/25.08/26.25/30) 0.730/0.421/0.480/0.209 mean 0.4600 (best 0.6032)  sps  5766  std [0.356 0.316]
up   60 steps   0.49M  ret  0.769  apex 0.532  det h(15/25.08/26.25/30) 0.760/0.453/0.514/0.214 mean 0.4854 (best 0.6032)  sps  5480  std [0.34  0.275]
up   70 steps   0.57M  ret  1.070  apex 0.532  det h(15/25.08/26.25/30) 0.763/0.517/0.572/0.498 mean 0.5876 (best 0.6032)  sps  5940  std [0.315 0.267]
up   80 steps   0.66M  ret  1.422  apex 0.532  det h(15/25.08/26.25/30) 0.757/0.517/0.572/0.519 mean 0.5913 (best 0.6032)  sps  6516  std [0.302 0.254]
up   90 steps   0.74M  ret  1.735  apex 0.835  det h(15/25.08/26.25/30) 0.763/0.545/0.599/0.508 mean 0.6037 (best 0.6037)  sps  7285  std [0.291 0.251]
up  100 steps   0.82M  ret  1.839  apex 0.873  det h(15/25.08/26.25/30) 0.793/0.530/0.584/0.563 mean 0.6175 (best 0.6175)  sps  7279  std [0.281 0.256]
up  110 steps   0.90M  ret  2.127  apex 0.882  det h(15/25.08/26.25/30) 0.795/0.551/0.606/0.566 mean 0.6294 (best 0.6294)  sps  7036  std [0.268 0.256]
up  120 steps   0.98M  ret  2.051  apex 0.885  det h(15/25.08/26.25/30) 0.794/0.565/0.620/0.565 mean 0.6360 (best 0.6360)  sps  7249  std [0.264 0.259]
up  130 steps   1.06M  ret  2.207  apex 0.883  det h(15/25.08/26.25/30) 0.800/0.570/0.617/0.581 mean 0.6417 (best 0.6417)  sps  7975  std [0.259 0.263]
up  140 steps   1.15M  ret  2.332  apex 0.891  det h(15/25.08/26.25/30) 0.806/0.599/0.648/0.636 mean 0.6724 (best 0.6724)  sps  7302  std [0.254 0.259]
up  150 steps   1.23M  ret  2.315  apex 0.908  det h(15/25.08/26.25/30) 0.813/0.817/0.665/0.660 mean 0.7386 (best 0.7386)  sps  8053  std [0.257 0.261]
up  160 steps   1.31M  ret  2.106  apex 0.924  det h(15/25.08/26.25/30) 0.820/1.006/0.948/0.680 mean 0.8633 (best 0.8633)  sps  8011  std [0.26  0.278]
up  170 steps   1.39M  ret  2.589  apex 0.915  det h(15/25.08/26.25/30) 0.816/1.015/0.970/0.687 mean 0.8720 (best 0.8720)  sps  7867  std [0.255 0.271]
up  180 steps   1.47M  ret  2.596  apex 0.927  det h(15/25.08/26.25/30) 0.821/1.019/0.894/0.680 mean 0.8531 (best 0.8720)  sps  6879  std [0.262 0.282]
up  190 steps   1.56M  ret  2.633  apex 0.919  det h(15/25.08/26.25/30) 0.809/1.020/0.941/0.663 mean 0.8583 (best 0.8720)  sps  6420  std [0.269 0.272]
up  200 steps   1.64M  ret  2.774  apex 0.937  det h(15/25.08/26.25/30) 0.816/1.011/0.737/0.664 mean 0.8070 (best 0.8720)  sps  7827  std [0.271 0.279]
up  210 steps   1.72M  ret  2.778  apex 0.918  det h(15/25.08/26.25/30) 0.818/1.000/0.704/0.656 mean 0.7947 (best 0.8720)  sps  7752  std [0.263 0.274]
up  220 steps   1.80M  ret  2.763  apex 0.896  det h(15/25.08/26.25/30) 0.808/0.970/0.695/0.620 mean 0.7735 (best 0.8720)  sps  8100  std [0.252 0.265]
up  230 steps   1.88M  ret  2.865  apex 0.912  det h(15/25.08/26.25/30) 0.810/0.997/0.879/0.649 mean 0.8336 (best 0.8720)  sps  8168  std [0.251 0.256]
up  240 steps   1.97M  ret  2.849  apex 0.929  det h(15/25.08/26.25/30) 0.813/0.953/0.945/0.651 mean 0.8403 (best 0.8720)  sps  8279  std [0.254 0.263]
up  250 steps   2.05M  ret  2.773  apex 0.906  det h(15/25.08/26.25/30) 0.819/0.957/0.922/0.626 mean 0.8309 (best 0.8720)  sps  8180  std [0.253 0.256]
up  260 steps   2.13M  ret  3.026  apex 0.917  det h(15/25.08/26.25/30) 0.820/0.986/0.988/0.652 mean 0.8615 (best 0.8720)  sps  8285  std [0.25  0.251]
up  270 steps   2.21M  ret  2.909  apex 0.909  det h(15/25.08/26.25/30) 0.822/0.979/0.972/0.647 mean 0.8551 (best 0.8720)  sps  8312  std [0.253 0.261]
up  280 steps   2.29M  ret  2.788  apex 0.909  det h(15/25.08/26.25/30) 0.829/0.923/0.685/0.613 mean 0.7624 (best 0.8720)  sps  7859  std [0.25  0.253]
up  290 steps   2.38M  ret  2.802  apex 0.906  det h(15/25.08/26.25/30) 0.827/0.960/0.930/0.631 mean 0.8369 (best 0.8720)  sps  8334  std [0.25 0.25]
up  300 steps   2.46M  ret  2.977  apex 0.920  det h(15/25.08/26.25/30) 0.827/0.965/0.963/0.616 mean 0.8429 (best 0.8720)  sps  8230  std [0.252 0.25 ]
up  310 steps   2.54M  ret  2.890  apex 0.911  det h(15/25.08/26.25/30) 0.824/0.953/0.959/0.616 mean 0.8383 (best 0.8720)  sps  7786  std [0.251 0.257]
up  320 steps   2.62M  ret  3.174  apex 0.897  det h(15/25.08/26.25/30) 0.829/0.973/0.988/0.633 mean 0.8556 (best 0.8720)  sps  8313  std [0.254 0.253]
up  330 steps   2.70M  ret  3.211  apex 0.903  det h(15/25.08/26.25/30) 0.829/0.984/1.008/0.181 mean 0.7502 (best 0.8720)  sps  7840  std [0.259 0.26 ]
up  340 steps   2.79M  ret  3.153  apex 0.891  det h(15/25.08/26.25/30) 0.821/0.991/1.020/0.628 mean 0.8652 (best 0.8720)  sps  8012  std [0.251 0.254]
up  350 steps   2.87M  ret  3.163  apex 0.905  det h(15/25.08/26.25/30) 0.822/0.992/1.017/0.687 mean 0.8798 (best 0.8798)  sps  8324  std [0.25  0.253]
up  360 steps   2.95M  ret  3.219  apex 0.907  det h(15/25.08/26.25/30) 0.824/0.988/1.015/0.669 mean 0.8741 (best 0.8798)  sps  8266  std [0.25  0.256]
up  370 steps   3.03M  ret  3.330  apex 0.920  det h(15/25.08/26.25/30) 0.820/0.982/1.014/0.854 mean 0.9175 (best 0.9175)  sps  7843  std [0.25  0.251]
up  380 steps   3.11M  ret  3.369  apex 0.931  det h(15/25.08/26.25/30) 0.822/0.997/1.032/0.865 mean 0.9289 (best 0.9289)  sps  7870  std [0.25  0.255]
up  390 steps   3.19M  ret  3.362  apex 0.926  det h(15/25.08/26.25/30) 0.817/0.992/1.027/0.848 mean 0.9208 (best 0.9289)  sps  8171  std [0.258 0.255]
up  400 steps   3.28M  ret  3.194  apex 0.909  det h(15/25.08/26.25/30) 0.817/0.992/1.026/0.874 mean 0.9273 (best 0.9289)  sps  8212  std [0.25 0.25]
up  410 steps   3.36M  ret  3.324  apex 0.936  det h(15/25.08/26.25/30) 0.811/0.998/1.027/0.873 mean 0.9271 (best 0.9289)  sps  8275  std [0.255 0.26 ]
up  420 steps   3.44M  ret  3.339  apex 0.932  det h(15/25.08/26.25/30) 0.816/0.995/1.028/0.867 mean 0.9265 (best 0.9289)  sps  8386  std [0.25 0.25]
up  430 steps   3.52M  ret  3.262  apex 0.933  det h(15/25.08/26.25/30) 0.816/1.001/1.039/0.889 mean 0.9363 (best 0.9363)  sps  8428  std [0.25  0.253]
up  440 steps   3.60M  ret  3.357  apex 0.943  det h(15/25.08/26.25/30) 0.812/0.992/1.027/0.889 mean 0.9300 (best 0.9363)  sps  8314  std [0.25 0.25]
up  450 steps   3.69M  ret  3.301  apex 0.923  det h(15/25.08/26.25/30) 0.807/0.982/1.018/0.880 mean 0.9218 (best 0.9363)  sps  8445  std [0.25  0.258]
up  460 steps   3.77M  ret  3.256  apex 0.924  det h(15/25.08/26.25/30) 0.806/0.993/1.032/0.914 mean 0.9363 (best 0.9363)  sps  8453  std [0.252 0.257]
up  470 steps   3.85M  ret  3.354  apex 0.941  det h(15/25.08/26.25/30) 0.822/0.995/1.034/0.916 mean 0.9420 (best 0.9420)  sps  8172  std [0.25  0.253]
up  480 steps   3.93M  ret  3.440  apex 0.945  det h(15/25.08/26.25/30) 0.800/0.994/1.034/0.907 mean 0.9338 (best 0.9420)  sps  8167  std [0.25  0.255]
up  490 steps   4.01M  ret  3.097  apex 0.941  det h(15/25.08/26.25/30) 0.810/0.992/1.032/0.925 mean 0.9399 (best 0.9420)  sps  8239  std [0.252 0.251]
up  500 steps   4.10M  ret  3.337  apex 0.928  det h(15/25.08/26.25/30) 0.825/0.990/1.030/0.942 mean 0.9468 (best 0.9468)  sps  8283  std [0.25 0.25]
up  510 steps   4.18M  ret  3.417  apex 0.959  det h(15/25.08/26.25/30) 0.830/1.004/1.048/0.959 mean 0.9600 (best 0.9600)  sps  8236  std [0.252 0.261]
up  520 steps   4.26M  ret  3.384  apex 0.960  det h(15/25.08/26.25/30) 0.824/0.997/1.041/0.970 mean 0.9581 (best 0.9600)  sps  8293  std [0.25  0.267]
up  530 steps   4.34M  ret  3.352  apex 0.941  det h(15/25.08/26.25/30) 0.811/0.991/1.033/0.963 mean 0.9495 (best 0.9600)  sps  7857  std [0.25  0.255]
up  540 steps   4.42M  ret  3.395  apex 0.946  det h(15/25.08/26.25/30) 0.815/0.994/1.037/0.948 mean 0.9485 (best 0.9600)  sps  8069  std [0.25  0.251]
up  550 steps   4.51M  ret  3.329  apex 0.929  det h(15/25.08/26.25/30) 0.822/0.995/1.036/0.967 mean 0.9551 (best 0.9600)  sps  8367  std [0.25 0.25]
up  560 steps   4.59M  ret  3.370  apex 0.939  det h(15/25.08/26.25/30) 0.823/0.993/1.035/0.949 mean 0.9499 (best 0.9600)  sps  8317  std [0.25  0.262]
up  570 steps   4.67M  ret  3.409  apex 0.946  det h(15/25.08/26.25/30) 0.823/0.994/1.036/0.956 mean 0.9520 (best 0.9600)  sps  8284  std [0.25  0.258]
up  580 steps   4.75M  ret  3.538  apex 0.963  det h(15/25.08/26.25/30) 0.828/1.002/1.045/0.954 mean 0.9571 (best 0.9600)  sps  8242  std [0.25  0.251]
up  590 steps   4.83M  ret  3.504  apex 0.957  det h(15/25.08/26.25/30) 0.829/1.002/1.047/0.980 mean 0.9647 (best 0.9647)  sps  8549  std [0.25  0.253]
up  600 steps   4.92M  ret  3.413  apex 0.942  det h(15/25.08/26.25/30) 0.830/0.996/1.038/0.952 mean 0.9539 (best 0.9647)  sps  8464  std [0.253 0.25 ]
up  610 steps   5.00M  ret  3.481  apex 0.955  det h(15/25.08/26.25/30) 0.826/0.995/1.042/0.951 mean 0.9533 (best 0.9647)  sps  8471  std [0.25  0.257]
up  620 steps   5.08M  ret  3.357  apex 0.939  det h(15/25.08/26.25/30) 0.827/0.995/1.043/0.959 mean 0.9562 (best 0.9647)  sps  8445  std [0.25  0.257]
up  630 steps   5.16M  ret  3.342  apex 0.955  det h(15/25.08/26.25/30) 0.816/0.986/1.031/0.945 mean 0.9443 (best 0.9647)  sps  8318  std [0.253 0.256]
up  640 steps   5.24M  ret  3.512  apex 0.959  det h(15/25.08/26.25/30) 0.822/0.990/1.035/0.974 mean 0.9551 (best 0.9647)  sps  8295  std [0.255 0.259]
up  650 steps   5.32M  ret  3.391  apex 0.945  det h(15/25.08/26.25/30) 0.822/0.990/1.036/0.971 mean 0.9549 (best 0.9647)  sps  8341  std [0.252 0.254]
up  660 steps   5.41M  ret  3.337  apex 0.937  det h(15/25.08/26.25/30) 0.821/0.990/1.037/0.971 mean 0.9548 (best 0.9647)  sps  8210  std [0.25  0.254]
up  670 steps   5.49M  ret  3.408  apex 0.949  det h(15/25.08/26.25/30) 0.817/0.995/1.041/0.956 mean 0.9523 (best 0.9647)  sps  8432  std [0.251 0.258]
up  680 steps   5.57M  ret  3.392  apex 0.943  det h(15/25.08/26.25/30) 0.808/0.988/1.033/0.955 mean 0.9458 (best 0.9647)  sps  8437  std [0.25  0.252]
up  690 steps   5.65M  ret  3.265  apex 0.920  det h(15/25.08/26.25/30) 0.815/0.979/1.025/0.948 mean 0.9416 (best 0.9647)  sps  8511  std [0.25  0.255]
up  700 steps   5.73M  ret  3.363  apex 0.940  det h(15/25.08/26.25/30) 0.816/0.979/1.024/0.960 mean 0.9451 (best 0.9647)  sps  8396  std [0.251 0.256]
up  710 steps   5.82M  ret  3.369  apex 0.938  det h(15/25.08/26.25/30) 0.823/0.976/1.019/0.951 mean 0.9422 (best 0.9647)  sps  8390  std [0.25  0.257]
up  720 steps   5.90M  ret  3.391  apex 0.940  det h(15/25.08/26.25/30) 0.817/0.980/1.022/0.963 mean 0.9454 (best 0.9647)  sps  8474  std [0.25  0.255]
up  730 steps   5.98M  ret  3.331  apex 0.927  det h(15/25.08/26.25/30) 0.818/0.979/1.019/0.967 mean 0.9458 (best 0.9647)  sps  8521  std [0.25  0.251]
up  740 steps   6.06M  ret  3.445  apex 0.951  det h(15/25.08/26.25/30) 0.812/0.977/1.020/0.986 mean 0.9489 (best 0.9647)  sps  8445  std [0.251 0.253]
up  750 steps   6.14M  ret  3.374  apex 0.938  det h(15/25.08/26.25/30) 0.816/0.976/1.015/0.981 mean 0.9469 (best 0.9647)  sps  8501  std [0.25  0.257]
up  760 steps   6.23M  ret  3.448  apex 0.950  det h(15/25.08/26.25/30) 0.823/0.984/1.025/0.996 mean 0.9570 (best 0.9647)  sps  8591  std [0.25 0.25]
up  770 steps   6.31M  ret  3.319  apex 0.929  det h(15/25.08/26.25/30) 0.817/0.981/1.020/0.974 mean 0.9481 (best 0.9647)  sps  8532  std [0.251 0.256]
up  780 steps   6.39M  ret  3.479  apex 0.946  det h(15/25.08/26.25/30) 0.822/0.985/1.024/0.994 mean 0.9562 (best 0.9647)  sps  8545  std [0.25 0.25]
up  790 steps   6.47M  ret  3.466  apex 0.952  det h(15/25.08/26.25/30) 0.826/0.988/1.026/0.978 mean 0.9547 (best 0.9647)  sps  8571  std [0.259 0.253]
up  800 steps   6.55M  ret  3.503  apex 0.950  det h(15/25.08/26.25/30) 0.829/0.985/1.024/0.983 mean 0.9550 (best 0.9647)  sps  8090  std [0.254 0.254]
up  810 steps   6.64M  ret  3.311  apex 0.933  det h(15/25.08/26.25/30) 0.833/0.995/1.034/0.982 mean 0.9609 (best 0.9647)  sps  8366  std [0.257 0.263]
up  820 steps   6.72M  ret  3.157  apex 0.931  det h(15/25.08/26.25/30) 0.840/1.006/1.045/1.021 mean 0.9780 (best 0.9780)  sps  8343  std [0.252 0.268]
up  830 steps   6.80M  ret  3.469  apex 0.961  det h(15/25.08/26.25/30) 0.834/0.997/1.038/1.025 mean 0.9735 (best 0.9780)  sps  8095  std [0.25  0.257]
up  840 steps   6.88M  ret  3.257  apex 0.944  det h(15/25.08/26.25/30) 0.835/1.002/1.042/1.025 mean 0.9760 (best 0.9780)  sps  8029  std [0.25  0.256]
up  850 steps   6.96M  ret  3.409  apex 0.978  det h(15/25.08/26.25/30) 0.837/1.007/1.051/1.019 mean 0.9786 (best 0.9786)  sps  8344  std [0.25  0.271]
up  860 steps   7.05M  ret  3.325  apex 0.957  det h(15/25.08/26.25/30) 0.836/1.004/1.047/1.011 mean 0.9743 (best 0.9786)  sps  8095  std [0.25  0.255]
