===== NC LONG =====
warm-start from previous mshoot best
warm-start from previous fourbar best
setup done [2s] — dt=0.0005 law=(-0.3823, 0.6301, 7.2968) spr=(0.5637, 1.8775, 5.8838) k_rise=0.2656 tm=1.31ms clip=25.581 crouch(task0)=(-0.3200,-2.5000) Q1R=(-1.2566,-0.2967) Q2R=(-2.5482,-0.6283) w_tn=50.0 w_dq=50.0 w_tau=50.0 m_tn=0.0 m_tau=0.0
  golden A — 0602/60_0.75_60_2: dq2 RMSE=0.8903 h_sim=0.8966
  golden A — 0602/60_1.5_60_1.5: dq2 RMSE=0.7416 h_sim=0.8824
  golden A — 0602/90_0.75_90_2: dq2 RMSE=1.2248 h_sim=0.9510
  golden A — 0602/120_2_120_2: dq2 RMSE=1.5531 h_sim=0.9238
  golden A — 0602/150_2.2_250_3: dq2 RMSE=1.2513 h_sim=0.9002
  golden A — 0602/150_2.2_500_5: dq2 RMSE=2.0494 h_sim=0.7890
  golden A — session mean 1.2851 (canonical 1.2851) PASS
  golden B — 0602/60_0.75_60_2 env vs cl_run23 (clip=25.581) max|Δ|=0.000e+00 PASS
GOLDEN PASS (A: 0602 재생 세션평균 / B: env 스텝 비트 일치, clip=25.581)
[dev] NVIDIA GeForce RTX 5080: 400 mb-updates cpu 0.195s / gpu 0.258s → 2x64 넷이 너무 작아 CPU가 빠름 (물리 스텝이 병목) — CPU 사용
[bc] teacher t0nc_cl.npz (li=None): 300 pairs, replay apex=0.982 (teacher h=0.977)
[bc] fit: MSE 0.2265 → 0.000127 (4000 iters)
[bc] det-eval h: {'q0': 0.9811}
warm-start from previous mshoot best
warm-start from previous fourbar best
warm-start from previous mshoot best
warm-start from previous fourbar best
warm-start from previous mshoot best
warm-start from previous fourbar best
warm-start from previous mshoot best
warm-start from previous fourbar best
warm-start from previous mshoot best
warm-start from previous fourbar best
warm-start from previous mshoot best
warm-start from previous fourbar best
warm-start from previous mshoot best
warm-start from previous fourbar best
warm-start from previous mshoot best
warm-start from previous fourbar best
setup done [3s] — dt=0.0005 law=(-0.3823, 0.6301, 7.2968) spr=(0.5637, 1.8775, 5.8838) k_rise=0.2656 tm=1.31ms clip=25.581 crouch(task0)=(-0.3200,-2.5000) Q1R=(-1.2566,-0.2967) Q2R=(-2.5482,-0.6283) w_tn=50.0 w_dq=50.0 w_tau=50.0 m_tn=0.0 m_tau=0.0
setup done [3s] — dt=0.0005 law=(-0.3823, 0.6301, 7.2968) spr=(0.5637, 1.8775, 5.8838) k_rise=0.2656 tm=1.31ms clip=25.581 crouch(task0)=(-0.3200,-2.5000) Q1R=(-1.2566,-0.2967) Q2R=(-2.5482,-0.6283) w_tn=50.0 w_dq=50.0 w_tau=50.0 m_tn=0.0 m_tau=0.0
setup done [3s] — dt=0.0005 law=(-0.3823, 0.6301, 7.2968) spr=(0.5637, 1.8775, 5.8838) k_rise=0.2656 tm=1.31ms clip=25.581 crouch(task0)=(-0.3200,-2.5000) Q1R=(-1.2566,-0.2967) Q2R=(-2.5482,-0.6283) w_tn=50.0 w_dq=50.0 w_tau=50.0 m_tn=0.0 m_tau=0.0
setup done [3s] — dt=0.0005 law=(-0.3823, 0.6301, 7.2968) spr=(0.5637, 1.8775, 5.8838) k_rise=0.2656 tm=1.31ms clip=25.581 crouch(task0)=(-0.3200,-2.5000) Q1R=(-1.2566,-0.2967) Q2R=(-2.5482,-0.6283) w_tn=50.0 w_dq=50.0 w_tau=50.0 m_tn=0.0 m_tau=0.0
setup done [3s] — dt=0.0005 law=(-0.3823, 0.6301, 7.2968) spr=(0.5637, 1.8775, 5.8838) k_rise=0.2656 tm=1.31ms clip=25.581 crouch(task0)=(-0.3200,-2.5000) Q1R=(-1.2566,-0.2967) Q2R=(-2.5482,-0.6283) w_tn=50.0 w_dq=50.0 w_tau=50.0 m_tn=0.0 m_tau=0.0
setup done [3s] — dt=0.0005 law=(-0.3823, 0.6301, 7.2968) spr=(0.5637, 1.8775, 5.8838) k_rise=0.2656 tm=1.31ms clip=25.581 crouch(task0)=(-0.3200,-2.5000) Q1R=(-1.2566,-0.2967) Q2R=(-2.5482,-0.6283) w_tn=50.0 w_dq=50.0 w_tau=50.0 m_tn=0.0 m_tau=0.0
setup done [3s] — dt=0.0005 law=(-0.3823, 0.6301, 7.2968) spr=(0.5637, 1.8775, 5.8838) k_rise=0.2656 tm=1.31ms clip=25.581 crouch(task0)=(-0.3200,-2.5000) Q1R=(-1.2566,-0.2967) Q2R=(-2.5482,-0.6283) w_tn=50.0 w_dq=50.0 w_tau=50.0 m_tn=0.0 m_tau=0.0
setup done [3s] — dt=0.0005 law=(-0.3823, 0.6301, 7.2968) spr=(0.5637, 1.8775, 5.8838) k_rise=0.2656 tm=1.31ms clip=25.581 crouch(task0)=(-0.3200,-2.5000) Q1R=(-1.2566,-0.2967) Q2R=(-2.5482,-0.6283) w_tn=50.0 w_dq=50.0 w_tau=50.0 m_tn=0.0 m_tau=0.0
[mp] 8 workers × 2 envs = 16 — ready [12s]
PPO start — 2929 updates × batch 8192 (dev cpu, clip=25.581)
up   10 steps   0.08M  ret -0.999  apex 0.766  det h(q0) 0.981 mean 0.9811 (best 0.9811)  sps 12938  std [0.4 0.4]  [VF-warm]
up   20 steps   0.16M  ret -0.687  apex 0.766  det h(q0) 0.981 mean 0.9811 (best 0.9811)  sps 13467  std [0.4 0.4]  [VF-warm]
up   30 steps   0.25M  ret -0.500  apex 0.764  det h(q0) 0.191 mean 0.1914 (best 0.9811)  sps  9520  std [0.4  0.38]
up   40 steps   0.33M  ret  0.494  apex 0.764  det h(q0) 0.820 mean 0.8205 (best 0.9811)  sps  9479  std [0.398 0.324]
up   50 steps   0.41M  ret  1.020  apex 0.764  det h(q0) 0.808 mean 0.8078 (best 0.9811)  sps  9686  std [0.38  0.314]
up   60 steps   0.49M  ret  1.637  apex 0.764  det h(q0) 0.863 mean 0.8626 (best 0.9811)  sps  9747  std [0.397 0.303]
up   70 steps   0.57M  ret  2.226  apex 0.823  det h(q0) 0.892 mean 0.8923 (best 0.9811)  sps  9708  std [0.362 0.326]
up   80 steps   0.66M  ret  2.540  apex 0.844  det h(q0) 0.898 mean 0.8982 (best 0.9811)  sps  9937  std [0.357 0.331]
up   90 steps   0.74M  ret  2.166  apex 0.868  det h(q0) 0.902 mean 0.9023 (best 0.9811)  sps  9928  std [0.329 0.33 ]
up  100 steps   0.82M  ret  2.175  apex 0.862  det h(q0) 0.889 mean 0.8895 (best 0.9811)  sps  9970  std [0.316 0.32 ]
up  110 steps   0.90M  ret  2.607  apex 0.876  det h(q0) 0.894 mean 0.8941 (best 0.9811)  sps  9748  std [0.311 0.323]
up  120 steps   0.98M  ret  2.289  apex 0.866  det h(q0) 0.883 mean 0.8834 (best 0.9811)  sps  9973  std [0.301 0.316]
up  130 steps   1.06M  ret  2.206  apex 0.880  det h(q0) 0.890 mean 0.8898 (best 0.9811)  sps 10088  std [0.292 0.315]
up  140 steps   1.15M  ret  2.185  apex 0.876  det h(q0) 0.889 mean 0.8887 (best 0.9811)  sps  9978  std [0.315 0.327]
up  150 steps   1.23M  ret  2.313  apex 0.881  det h(q0) 0.891 mean 0.8907 (best 0.9811)  sps  9964  std [0.293 0.32 ]
up  160 steps   1.31M  ret  2.159  apex 0.889  det h(q0) 0.904 mean 0.9039 (best 0.9811)  sps 10018  std [0.285 0.311]
up  170 steps   1.39M  ret  2.767  apex 0.911  det h(q0) 0.919 mean 0.9192 (best 0.9811)  sps 10028  std [0.288 0.32 ]
up  180 steps   1.47M  ret  2.919  apex 0.910  det h(q0) 0.911 mean 0.9110 (best 0.9811)  sps  9927  std [0.285 0.301]
up  190 steps   1.56M  ret  2.417  apex 0.911  det h(q0) 0.911 mean 0.9111 (best 0.9811)  sps  9955  std [0.292 0.326]
up  200 steps   1.64M  ret  2.664  apex 0.897  det h(q0) 0.907 mean 0.9070 (best 0.9811)  sps 10081  std [0.3  0.34]
up  210 steps   1.72M  ret  2.621  apex 0.891  det h(q0) 0.894 mean 0.8941 (best 0.9811)  sps  9962  std [0.306 0.338]
up  220 steps   1.80M  ret  2.329  apex 0.903  det h(q0) 0.919 mean 0.9188 (best 0.9811)  sps 10055  std [0.315 0.338]
up  230 steps   1.88M  ret  2.671  apex 0.906  det h(q0) 0.910 mean 0.9097 (best 0.9811)  sps 10051  std [0.329 0.327]
up  240 steps   1.97M  ret  2.327  apex 0.917  det h(q0) 0.925 mean 0.9249 (best 0.9811)  sps  9957  std [0.328 0.326]
up  250 steps   2.05M  ret  2.622  apex 0.916  det h(q0) 0.913 mean 0.9134 (best 0.9811)  sps 10124  std [0.322 0.305]
up  260 steps   2.13M  ret  2.384  apex 0.901  det h(q0) 0.906 mean 0.9060 (best 0.9811)  sps 10033  std [0.323 0.308]
up  270 steps   2.21M  ret  2.586  apex 0.902  det h(q0) 0.910 mean 0.9095 (best 0.9811)  sps 10086  std [0.313 0.303]
up  280 steps   2.29M  ret  2.922  apex 0.899  det h(q0) 0.914 mean 0.9135 (best 0.9811)  sps 10029  std [0.305 0.288]
up  290 steps   2.38M  ret  2.316  apex 0.916  det h(q0) 0.928 mean 0.9277 (best 0.9811)  sps 10018  std [0.297 0.313]
up  300 steps   2.46M  ret  2.715  apex 0.934  det h(q0) 0.943 mean 0.9428 (best 0.9811)  sps  9974  std [0.312 0.315]
up  310 steps   2.54M  ret  2.311  apex 0.945  det h(q0) 0.944 mean 0.9444 (best 0.9811)  sps 10082  std [0.306 0.324]
up  320 steps   2.62M  ret  2.726  apex 0.927  det h(q0) 0.941 mean 0.9406 (best 0.9811)  sps  9877  std [0.305 0.311]
up  330 steps   2.70M  ret  2.282  apex 0.936  det h(q0) 0.943 mean 0.9433 (best 0.9811)  sps  9999  std [0.313 0.307]
up  340 steps   2.79M  ret  2.528  apex 0.932  det h(q0) 0.941 mean 0.9413 (best 0.9811)  sps 10106  std [0.323 0.318]
up  350 steps   2.87M  ret  2.550  apex 0.926  det h(q0) 0.932 mean 0.9323 (best 0.9811)  sps 10081  std [0.327 0.323]
up  360 steps   2.95M  ret  2.644  apex 0.922  det h(q0) 0.937 mean 0.9374 (best 0.9811)  sps  9913  std [0.326 0.339]
up  370 steps   3.03M  ret  2.574  apex 0.930  det h(q0) 0.935 mean 0.9348 (best 0.9811)  sps  9961  std [0.317 0.337]
up  380 steps   3.11M  ret  2.559  apex 0.931  det h(q0) 0.939 mean 0.9386 (best 0.9811)  sps  9921  std [0.335 0.329]
up  390 steps   3.19M  ret  2.664  apex 0.916  det h(q0) 0.928 mean 0.9279 (best 0.9811)  sps  9985  std [0.339 0.33 ]
up  400 steps   3.28M  ret  2.621  apex 0.927  det h(q0) 0.939 mean 0.9385 (best 0.9811)  sps  9938  std [0.347 0.335]
up  410 steps   3.36M  ret  2.555  apex 0.945  det h(q0) 0.952 mean 0.9515 (best 0.9811)  sps  9947  std [0.345 0.323]
up  420 steps   3.44M  ret  2.604  apex 0.936  det h(q0) 0.944 mean 0.9440 (best 0.9811)  sps  9971  std [0.315 0.315]
up  430 steps   3.52M  ret  2.303  apex 0.938  det h(q0) 0.946 mean 0.9463 (best 0.9811)  sps 10097  std [0.311 0.303]
up  440 steps   3.60M  ret  2.663  apex 0.953  det h(q0) 0.960 mean 0.9597 (best 0.9811)  sps  9978  std [0.312 0.292]
up  450 steps   3.69M  ret  2.879  apex 0.959  det h(q0) 0.969 mean 0.9685 (best 0.9811)  sps  9936  std [0.304 0.305]
up  460 steps   3.77M  ret  2.753  apex 0.965  det h(q0) 0.970 mean 0.9702 (best 0.9811)  sps  9873  std [0.308 0.323]
up  470 steps   3.85M  ret  2.728  apex 0.971  det h(q0) 0.976 mean 0.9761 (best 0.9811)  sps  9892  std [0.308 0.325]
up  480 steps   3.93M  ret  2.849  apex 0.967  det h(q0) 0.973 mean 0.9733 (best 0.9811)  sps  9968  std [0.302 0.318]
up  490 steps   4.01M  ret  2.978  apex 0.973  det h(q0) 0.977 mean 0.9765 (best 0.9811)  sps  9926  std [0.317 0.323]
up  500 steps   4.10M  ret  2.830  apex 0.981  det h(q0) 0.987 mean 0.9875 (best 0.9875)  sps  9839  std [0.311 0.317]
up  510 steps   4.18M  ret  2.609  apex 0.984  det h(q0) 0.987 mean 0.9874 (best 0.9875)  sps  9933  std [0.325 0.32 ]
up  520 steps   4.26M  ret  2.407  apex 0.988  det h(q0) 0.991 mean 0.9909 (best 0.9909)  sps 10043  std [0.312 0.306]
up  530 steps   4.34M  ret  2.915  apex 0.993  det h(q0) 0.994 mean 0.9943 (best 0.9943)  sps  9810  std [0.305 0.297]
up  540 steps   4.42M  ret  2.984  apex 0.989  det h(q0) 0.995 mean 0.9946 (best 0.9946)  sps  9747  std [0.308 0.312]
up  550 steps   4.51M  ret  2.485  apex 0.987  det h(q0) 0.994 mean 0.9935 (best 0.9946)  sps  9882  std [0.307 0.311]
up  560 steps   4.59M  ret  2.691  apex 0.992  det h(q0) 0.994 mean 0.9943 (best 0.9946)  sps  9930  std [0.301 0.301]
up  570 steps   4.67M  ret  2.535  apex 0.987  det h(q0) 0.989 mean 0.9888 (best 0.9946)  sps 10015  std [0.311 0.311]
up  580 steps   4.75M  ret  2.549  apex 0.985  det h(q0) 0.989 mean 0.9891 (best 0.9946)  sps 10011  std [0.287 0.312]
up  590 steps   4.83M  ret  2.804  apex 0.981  det h(q0) 0.988 mean 0.9875 (best 0.9946)  sps  9860  std [0.295 0.321]
up  600 steps   4.92M  ret  2.609  apex 0.978  det h(q0) 0.983 mean 0.9827 (best 0.9946)  sps  9894  std [0.311 0.33 ]
up  610 steps   5.00M  ret  2.562  apex 0.978  det h(q0) 0.983 mean 0.9830 (best 0.9946)  sps  9769  std [0.313 0.332]
up  620 steps   5.08M  ret  2.707  apex 0.976  det h(q0) 0.981 mean 0.9809 (best 0.9946)  sps  9752  std [0.322 0.318]
up  630 steps   5.16M  ret  2.510  apex 0.977  det h(q0) 0.980 mean 0.9799 (best 0.9946)  sps  9962  std [0.312 0.324]
up  640 steps   5.24M  ret  3.155  apex 0.985  det h(q0) 0.986 mean 0.9859 (best 0.9946)  sps  9940  std [0.311 0.313]
up  650 steps   5.32M  ret  3.131  apex 0.989  det h(q0) 0.990 mean 0.9903 (best 0.9946)  sps  9845  std [0.313 0.314]
up  660 steps   5.41M  ret  2.737  apex 0.988  det h(q0) 0.988 mean 0.9879 (best 0.9946)  sps  9954  std [0.307 0.308]
up  670 steps   5.49M  ret  2.797  apex 0.987  det h(q0) 0.991 mean 0.9914 (best 0.9946)  sps  9986  std [0.307 0.322]
up  680 steps   5.57M  ret  2.794  apex 0.996  det h(q0) 0.992 mean 0.9917 (best 0.9946)  sps  9486  std [0.321 0.303]
up  690 steps   5.65M  ret  2.977  apex 0.984  det h(q0) 0.985 mean 0.9848 (best 0.9946)  sps  9820  std [0.319 0.301]
up  700 steps   5.73M  ret  2.661  apex 0.982  det h(q0) 0.988 mean 0.9880 (best 0.9946)  sps  9738  std [0.315 0.304]
up  710 steps   5.82M  ret  2.916  apex 0.991  det h(q0) 0.991 mean 0.9908 (best 0.9946)  sps  9413  std [0.306 0.301]
up  720 steps   5.90M  ret  3.011  apex 0.986  det h(q0) 0.986 mean 0.9859 (best 0.9946)  sps  9574  std [0.296 0.302]
up  730 steps   5.98M  ret  2.546  apex 0.983  det h(q0) 0.985 mean 0.9845 (best 0.9946)  sps  9608  std [0.297 0.305]
up  740 steps   6.06M  ret  2.537  apex 0.982  det h(q0) 0.982 mean 0.9821 (best 0.9946)  sps  9812  std [0.304 0.303]
up  750 steps   6.14M  ret  2.776  apex 0.987  det h(q0) 0.992 mean 0.9920 (best 0.9946)  sps  9880  std [0.298 0.307]
up  760 steps   6.23M  ret  2.837  apex 0.989  det h(q0) 0.996 mean 0.9960 (best 0.9960)  sps  9976  std [0.295 0.315]
up  770 steps   6.31M  ret  2.905  apex 0.998  det h(q0) 1.003 mean 1.0027 (best 1.0027)  sps  9809  std [0.291 0.315]
up  780 steps   6.39M  ret  2.746  apex 0.992  det h(q0) 0.994 mean 0.9943 (best 1.0027)  sps  9900  std [0.276 0.318]
up  790 steps   6.47M  ret  2.968  apex 0.995  det h(q0) 0.995 mean 0.9946 (best 1.0027)  sps  9941  std [0.274 0.32 ]
up  800 steps   6.55M  ret  2.774  apex 0.995  det h(q0) 0.997 mean 0.9970 (best 1.0027)  sps  9794  std [0.275 0.302]
up  810 steps   6.64M  ret  2.617  apex 0.991  det h(q0) 0.989 mean 0.9888 (best 1.0027)  sps 10035  std [0.271 0.307]
up  820 steps   6.72M  ret  2.712  apex 0.992  det h(q0) 0.996 mean 0.9957 (best 1.0027)  sps  9884  std [0.274 0.299]
up  830 steps   6.80M  ret  2.690  apex 0.998  det h(q0) 1.000 mean 1.0001 (best 1.0027)  sps 10008  std [0.282 0.296]
up  840 steps   6.88M  ret  2.888  apex 0.998  det h(q0) 0.998 mean 0.9982 (best 1.0027)  sps  9828  std [0.275 0.297]
up  850 steps   6.96M  ret  3.062  apex 1.003  det h(q0) 1.000 mean 1.0003 (best 1.0027)  sps  9906  std [0.281 0.297]
up  860 steps   7.05M  ret  2.738  apex 1.004  det h(q0) 1.005 mean 1.0048 (best 1.0048)  sps  9499  std [0.27  0.302]
up  870 steps   7.13M  ret  2.945  apex 1.006  det h(q0) 1.002 mean 1.0022 (best 1.0048)  sps  9808  std [0.285 0.298]
up  880 steps   7.21M  ret  3.038  apex 1.002  det h(q0) 1.004 mean 1.0042 (best 1.0048)  sps 10106  std [0.28  0.296]
up  890 steps   7.29M  ret  2.846  apex 1.004  det h(q0) 1.006 mean 1.0059 (best 1.0059)  sps  9914  std [0.284 0.312]
up  900 steps   7.37M  ret  3.185  apex 1.004  det h(q0) 1.004 mean 1.0039 (best 1.0059)  sps  9998  std [0.262 0.3  ]
up  910 steps   7.45M  ret  2.859  apex 1.003  det h(q0) 1.004 mean 1.0041 (best 1.0059)  sps  9896  std [0.271 0.3  ]
up  920 steps   7.54M  ret  2.309  apex 0.993  det h(q0) 0.992 mean 0.9923 (best 1.0059)  sps 10115  std [0.282 0.287]
up  930 steps   7.62M  ret  2.878  apex 0.999  det h(q0) 0.999 mean 0.9990 (best 1.0059)  sps  9859  std [0.29 0.28]
up  940 steps   7.70M  ret  3.165  apex 0.995  det h(q0) 0.996 mean 0.9965 (best 1.0059)  sps  9963  std [0.288 0.282]
up  950 steps   7.78M  ret  2.839  apex 0.996  det h(q0) 0.998 mean 0.9982 (best 1.0059)  sps 10064  std [0.282 0.28 ]
up  960 steps   7.86M  ret  2.665  apex 0.994  det h(q0) 1.000 mean 0.9999 (best 1.0059)  sps 10006  std [0.281 0.292]
up  970 steps   7.95M  ret  2.845  apex 0.987  det h(q0) 0.992 mean 0.9918 (best 1.0059)  sps 10038  std [0.28 0.29]
up  980 steps   8.03M  ret  3.116  apex 0.994  det h(q0) 0.998 mean 0.9982 (best 1.0059)  sps  9942  std [0.282 0.294]
up  990 steps   8.11M  ret  2.966  apex 0.997  det h(q0) 1.000 mean 0.9996 (best 1.0059)  sps 10066  std [0.29  0.305]
up 1000 steps   8.19M  ret  2.994  apex 1.000  det h(q0) 1.001 mean 1.0006 (best 1.0059)  sps 10253  std [0.291 0.314]
up 1010 steps   8.27M  ret  2.833  apex 1.003  det h(q0) 1.006 mean 1.0060 (best 1.0060)  sps 10035  std [0.287 0.32 ]
up 1020 steps   8.36M  ret  2.745  apex 1.002  det h(q0) 1.006 mean 1.0062 (best 1.0062)  sps  9944  std [0.283 0.31 ]
up 1030 steps   8.44M  ret  2.853  apex 1.010  det h(q0) 1.010 mean 1.0102 (best 1.0102)  sps 10173  std [0.279 0.314]
up 1040 steps   8.52M  ret  3.172  apex 1.014  det h(q0) 1.015 mean 1.0148 (best 1.0148)  sps  9877  std [0.275 0.304]
up 1050 steps   8.60M  ret  3.096  apex 1.015  det h(q0) 1.015 mean 1.0154 (best 1.0154)  sps  9952  std [0.265 0.312]
up 1060 steps   8.68M  ret  3.002  apex 1.013  det h(q0) 1.015 mean 1.0152 (best 1.0154)  sps 10084  std [0.257 0.301]
up 1070 steps   8.77M  ret  2.947  apex 1.011  det h(q0) 1.012 mean 1.0124 (best 1.0154)  sps 10092  std [0.26  0.296]
up 1080 steps   8.85M  ret  2.567  apex 1.006  det h(q0) 1.005 mean 1.0049 (best 1.0154)  sps  9910  std [0.26  0.305]
up 1090 steps   8.93M  ret  3.137  apex 1.008  det h(q0) 1.016 mean 1.0155 (best 1.0155)  sps  9883  std [0.252 0.29 ]
up 1100 steps   9.01M  ret  2.660  apex 1.010  det h(q0) 1.014 mean 1.0137 (best 1.0155)  sps 10146  std [0.251 0.284]
up 1110 steps   9.09M  ret  3.343  apex 1.009  det h(q0) 1.016 mean 1.0159 (best 1.0159)  sps 10028  std [0.253 0.278]
up 1120 steps   9.18M  ret  2.840  apex 1.013  det h(q0) 1.015 mean 1.0154 (best 1.0159)  sps 10066  std [0.25  0.285]
up 1130 steps   9.26M  ret  2.887  apex 1.016  det h(q0) 1.019 mean 1.0192 (best 1.0192)  sps  9958  std [0.266 0.295]
up 1140 steps   9.34M  ret  3.112  apex 1.021  det h(q0) 1.026 mean 1.0257 (best 1.0257)  sps 10130  std [0.269 0.298]
up 1150 steps   9.42M  ret  3.039  apex 1.024  det h(q0) 1.025 mean 1.0255 (best 1.0257)  sps  9910  std [0.265 0.302]
up 1160 steps   9.50M  ret  2.731  apex 1.025  det h(q0) 1.028 mean 1.0279 (best 1.0279)  sps  9984  std [0.264 0.296]
up 1170 steps   9.58M  ret  2.787  apex 1.021  det h(q0) 1.025 mean 1.0246 (best 1.0279)  sps  9954  std [0.254 0.283]
up 1180 steps   9.67M  ret  3.191  apex 1.021  det h(q0) 1.021 mean 1.0214 (best 1.0279)  sps 10042  std [0.255 0.271]
up 1190 steps   9.75M  ret  3.006  apex 1.025  det h(q0) 1.025 mean 1.0254 (best 1.0279)  sps  9677  std [0.26  0.273]
up 1200 steps   9.83M  ret  3.108  apex 1.023  det h(q0) 1.023 mean 1.0228 (best 1.0279)  sps  9910  std [0.255 0.272]
up 1210 steps   9.91M  ret  2.665  apex 1.020  det h(q0) 1.020 mean 1.0200 (best 1.0279)  sps  9874  std [0.253 0.273]
up 1220 steps   9.99M  ret  3.266  apex 1.021  det h(q0) 1.026 mean 1.0257 (best 1.0279)  sps 10069  std [0.253 0.269]
up 1230 steps  10.08M  ret  3.339  apex 1.033  det h(q0) 1.035 mean 1.0352 (best 1.0352)  sps  9891  std [0.24  0.263]
up 1240 steps  10.16M  ret  3.300  apex 1.034  det h(q0) 1.037 mean 1.0366 (best 1.0366)  sps  9881  std [0.24  0.267]
up 1250 steps  10.24M  ret  2.927  apex 1.031  det h(q0) 1.031 mean 1.0314 (best 1.0366)  sps  9898  std [0.248 0.271]
up 1260 steps  10.32M  ret  2.839  apex 1.028  det h(q0) 1.027 mean 1.0267 (best 1.0366)  sps  9934  std [0.244 0.274]
up 1270 steps  10.40M  ret  3.108  apex 1.030  det h(q0) 1.032 mean 1.0316 (best 1.0366)  sps 10072  std [0.251 0.27 ]
up 1280 steps  10.49M  ret  3.120  apex 1.028  det h(q0) 1.029 mean 1.0292 (best 1.0366)  sps 10066  std [0.251 0.265]
up 1290 steps  10.57M  ret  2.521  apex 1.028  det h(q0) 1.029 mean 1.0286 (best 1.0366)  sps  9929  std [0.256 0.273]
up 1300 steps  10.65M  ret  2.817  apex 1.027  det h(q0) 1.030 mean 1.0300 (best 1.0366)  sps 10018  std [0.255 0.278]
up 1310 steps  10.73M  ret  3.062  apex 1.032  det h(q0) 1.034 mean 1.0336 (best 1.0366)  sps  9979  std [0.24  0.272]
up 1320 steps  10.81M  ret  2.957  apex 1.030  det h(q0) 1.033 mean 1.0327 (best 1.0366)  sps  9952  std [0.247 0.275]
up 1330 steps  10.90M  ret  3.230  apex 1.026  det h(q0) 1.027 mean 1.0265 (best 1.0366)  sps  9737  std [0.24  0.277]
up 1340 steps  10.98M  ret  2.741  apex 1.025  det h(q0) 1.025 mean 1.0255 (best 1.0366)  sps  9998  std [0.244 0.281]
up 1350 steps  11.06M  ret  2.626  apex 1.020  det h(q0) 1.021 mean 1.0210 (best 1.0366)  sps 10052  std [0.251 0.282]
up 1360 steps  11.14M  ret  2.624  apex 1.027  det h(q0) 1.033 mean 1.0334 (best 1.0366)  sps 10155  std [0.249 0.278]
up 1370 steps  11.22M  ret  2.978  apex 1.026  det h(q0) 1.032 mean 1.0323 (best 1.0366)  sps  9956  std [0.25 0.28]
up 1380 steps  11.30M  ret  2.826  apex 1.028  det h(q0) 1.034 mean 1.0336 (best 1.0366)  sps  9909  std [0.254 0.281]
up 1390 steps  11.39M  ret  3.067  apex 1.030  det h(q0) 1.030 mean 1.0305 (best 1.0366)  sps 10052  std [0.247 0.272]
up 1400 steps  11.47M  ret  3.020  apex 1.030  det h(q0) 1.034 mean 1.0344 (best 1.0366)  sps  9973  std [0.258 0.271]
up 1410 steps  11.55M  ret  3.241  apex 1.028  det h(q0) 1.031 mean 1.0315 (best 1.0366)  sps 10010  std [0.263 0.279]
up 1420 steps  11.63M  ret  2.813  apex 1.031  det h(q0) 1.033 mean 1.0332 (best 1.0366)  sps  9952  std [0.266 0.279]
up 1430 steps  11.71M  ret  2.765  apex 1.030  det h(q0) 1.037 mean 1.0366 (best 1.0366)  sps 10006  std [0.25  0.276]
up 1440 steps  11.80M  ret  3.106  apex 1.029  det h(q0) 1.030 mean 1.0298 (best 1.0366)  sps 10010  std [0.236 0.269]
up 1450 steps  11.88M  ret  2.896  apex 1.027  det h(q0) 1.032 mean 1.0325 (best 1.0366)  sps 10054  std [0.242 0.268]
up 1460 steps  11.96M  ret  2.718  apex 1.028  det h(q0) 1.030 mean 1.0296 (best 1.0366)  sps  9984  std [0.237 0.272]
up 1470 steps  12.04M  ret  2.769  apex 1.026  det h(q0) 1.029 mean 1.0290 (best 1.0366)  sps  9962  std [0.247 0.276]
up 1480 steps  12.12M  ret  2.946  apex 1.024  det h(q0) 1.027 mean 1.0268 (best 1.0366)  sps  9961  std [0.247 0.279]
up 1490 steps  12.21M  ret  2.658  apex 1.027  det h(q0) 1.031 mean 1.0308 (best 1.0366)  sps  9933  std [0.254 0.29 ]
up 1500 steps  12.29M  ret  2.639  apex 1.027  det h(q0) 1.030 mean 1.0303 (best 1.0366)  sps 10003  std [0.269 0.288]
up 1510 steps  12.37M  ret  2.774  apex 1.028  det h(q0) 1.028 mean 1.0280 (best 1.0366)  sps  9993  std [0.264 0.275]
up 1520 steps  12.45M  ret  2.948  apex 1.027  det h(q0) 1.032 mean 1.0315 (best 1.0366)  sps  9972  std [0.255 0.268]
up 1530 steps  12.53M  ret  2.810  apex 1.034  det h(q0) 1.036 mean 1.0359 (best 1.0366)  sps 10071  std [0.254 0.261]
up 1540 steps  12.62M  ret  2.656  apex 1.029  det h(q0) 1.028 mean 1.0277 (best 1.0366)  sps 10030  std [0.247 0.261]
up 1550 steps  12.70M  ret  2.904  apex 1.026  det h(q0) 1.029 mean 1.0291 (best 1.0366)  sps 10093  std [0.246 0.257]
up 1560 steps  12.78M  ret  2.650  apex 1.028  det h(q0) 1.032 mean 1.0324 (best 1.0366)  sps 10065  std [0.241 0.251]
up 1570 steps  12.86M  ret  2.661  apex 1.030  det h(q0) 1.031 mean 1.0313 (best 1.0366)  sps  9938  std [0.239 0.259]
up 1580 steps  12.94M  ret  3.007  apex 1.035  det h(q0) 1.038 mean 1.0379 (best 1.0379)  sps  9892  std [0.234 0.252]
up 1590 steps  13.03M  ret  3.333  apex 1.035  det h(q0) 1.037 mean 1.0366 (best 1.0379)  sps 10017  std [0.223 0.25 ]
up 1600 steps  13.11M  ret  2.868  apex 1.035  det h(q0) 1.036 mean 1.0355 (best 1.0379)  sps 10072  std [0.225 0.259]
up 1610 steps  13.19M  ret  2.969  apex 1.032  det h(q0) 1.035 mean 1.0348 (best 1.0379)  sps  9982  std [0.218 0.254]
up 1620 steps  13.27M  ret  2.713  apex 1.035  det h(q0) 1.039 mean 1.0386 (best 1.0386)  sps  9965  std [0.216 0.261]
up 1630 steps  13.35M  ret  2.748  apex 1.039  det h(q0) 1.042 mean 1.0418 (best 1.0418)  sps 10005  std [0.221 0.255]
up 1640 steps  13.43M  ret  2.975  apex 1.039  det h(q0) 1.041 mean 1.0414 (best 1.0418)  sps  9797  std [0.224 0.258]
up 1650 steps  13.52M  ret  3.203  apex 1.040  det h(q0) 1.039 mean 1.0393 (best 1.0418)  sps  9909  std [0.22  0.259]
up 1660 steps  13.60M  ret  2.793  apex 1.034  det h(q0) 1.036 mean 1.0357 (best 1.0418)  sps 10007  std [0.222 0.269]
up 1670 steps  13.68M  ret  3.210  apex 1.034  det h(q0) 1.036 mean 1.0359 (best 1.0418)  sps  9972  std [0.225 0.266]
up 1680 steps  13.76M  ret  3.364  apex 1.031  det h(q0) 1.033 mean 1.0335 (best 1.0418)  sps  9991  std [0.222 0.262]
up 1690 steps  13.84M  ret  3.008  apex 1.025  det h(q0) 1.027 mean 1.0266 (best 1.0418)  sps  9896  std [0.218 0.269]
up 1700 steps  13.93M  ret  3.186  apex 1.031  det h(q0) 1.036 mean 1.0357 (best 1.0418)  sps 10042  std [0.211 0.268]
up 1710 steps  14.01M  ret  3.143  apex 1.033  det h(q0) 1.034 mean 1.0339 (best 1.0418)  sps 10060  std [0.215 0.26 ]
up 1720 steps  14.09M  ret  3.003  apex 1.027  det h(q0) 1.025 mean 1.0245 (best 1.0418)  sps  9961  std [0.223 0.266]
up 1730 steps  14.17M  ret  2.784  apex 1.028  det h(q0) 1.028 mean 1.0277 (best 1.0418)  sps  9938  std [0.221 0.273]
up 1740 steps  14.25M  ret  3.009  apex 1.029  det h(q0) 1.030 mean 1.0303 (best 1.0418)  sps 10041  std [0.223 0.274]
up 1750 steps  14.34M  ret  2.653  apex 1.030  det h(q0) 1.032 mean 1.0318 (best 1.0418)  sps  9973  std [0.221 0.269]
up 1760 steps  14.42M  ret  3.248  apex 1.030  det h(q0) 1.033 mean 1.0326 (best 1.0418)  sps  9943  std [0.224 0.262]
up 1770 steps  14.50M  ret  2.772  apex 1.032  det h(q0) 1.034 mean 1.0337 (best 1.0418)  sps  9990  std [0.232 0.261]
up 1780 steps  14.58M  ret  2.818  apex 1.025  det h(q0) 1.028 mean 1.0280 (best 1.0418)  sps 10078  std [0.229 0.257]
up 1790 steps  14.66M  ret  3.075  apex 1.027  det h(q0) 1.029 mean 1.0288 (best 1.0418)  sps 10036  std [0.23  0.256]
up 1800 steps  14.75M  ret  3.298  apex 1.027  det h(q0) 1.026 mean 1.0260 (best 1.0418)  sps  9989  std [0.234 0.254]
up 1810 steps  14.83M  ret  3.006  apex 1.028  det h(q0) 1.032 mean 1.0323 (best 1.0418)  sps  9918  std [0.238 0.255]
up 1820 steps  14.91M  ret  2.733  apex 1.033  det h(q0) 1.037 mean 1.0367 (best 1.0418)  sps  9894  std [0.241 0.261]
up 1830 steps  14.99M  ret  2.828  apex 1.032  det h(q0) 1.035 mean 1.0346 (best 1.0418)  sps 10060  std [0.235 0.267]
up 1840 steps  15.07M  ret  3.238  apex 1.033  det h(q0) 1.037 mean 1.0372 (best 1.0418)  sps  9813  std [0.232 0.274]
up 1850 steps  15.16M  ret  3.101  apex 1.033  det h(q0) 1.034 mean 1.0339 (best 1.0418)  sps 10007  std [0.229 0.269]
up 1860 steps  15.24M  ret  3.314  apex 1.029  det h(q0) 1.032 mean 1.0323 (best 1.0418)  sps 10006  std [0.225 0.259]
up 1870 steps  15.32M  ret  2.951  apex 1.029  det h(q0) 1.030 mean 1.0304 (best 1.0418)  sps 10024  std [0.235 0.26 ]
up 1880 steps  15.40M  ret  3.115  apex 1.027  det h(q0) 1.031 mean 1.0306 (best 1.0418)  sps 10013  std [0.235 0.262]
up 1890 steps  15.48M  ret  3.403  apex 1.027  det h(q0) 1.033 mean 1.0327 (best 1.0418)  sps  9908  std [0.242 0.262]
up 1900 steps  15.56M  ret  3.460  apex 1.026  det h(q0) 1.032 mean 1.0321 (best 1.0418)  sps 10057  std [0.238 0.266]
up 1910 steps  15.65M  ret  3.341  apex 1.027  det h(q0) 1.032 mean 1.0322 (best 1.0418)  sps  9969  std [0.236 0.279]
up 1920 steps  15.73M  ret  2.986  apex 1.024  det h(q0) 1.026 mean 1.0255 (best 1.0418)  sps 10034  std [0.243 0.277]
up 1930 steps  15.81M  ret  2.811  apex 1.024  det h(q0) 1.026 mean 1.0263 (best 1.0418)  sps  9989  std [0.246 0.283]
up 1940 steps  15.89M  ret  2.714  apex 1.021  det h(q0) 1.026 mean 1.0258 (best 1.0418)  sps  9885  std [0.255 0.282]
up 1950 steps  15.97M  ret  3.185  apex 1.023  det h(q0) 1.026 mean 1.0262 (best 1.0418)  sps  9751  std [0.251 0.274]
up 1960 steps  16.06M  ret  2.858  apex 1.022  det h(q0) 1.023 mean 1.0235 (best 1.0418)  sps  9805  std [0.246 0.273]
up 1970 steps  16.14M  ret  2.937  apex 1.016  det h(q0) 1.016 mean 1.0159 (best 1.0418)  sps  9824  std [0.243 0.27 ]
up 1980 steps  16.22M  ret  2.830  apex 1.015  det h(q0) 1.016 mean 1.0157 (best 1.0418)  sps  9746  std [0.242 0.279]
up 1990 steps  16.30M  ret  2.701  apex 1.022  det h(q0) 1.023 mean 1.0230 (best 1.0418)  sps 10032  std [0.239 0.279]
up 2000 steps  16.38M  ret  2.621  apex 1.018  det h(q0) 1.017 mean 1.0167 (best 1.0418)  sps 10007  std [0.248 0.275]
up 2010 steps  16.47M  ret  2.760  apex 1.019  det h(q0) 1.025 mean 1.0247 (best 1.0418)  sps  9911  std [0.251 0.284]
up 2020 steps  16.55M  ret  2.876  apex 1.022  det h(q0) 1.025 mean 1.0249 (best 1.0418)  sps  9956  std [0.255 0.29 ]
up 2030 steps  16.63M  ret  3.510  apex 1.029  det h(q0) 1.033 mean 1.0326 (best 1.0418)  sps  9892  std [0.252 0.285]
up 2040 steps  16.71M  ret  2.940  apex 1.026  det h(q0) 1.029 mean 1.0293 (best 1.0418)  sps 10014  std [0.252 0.287]
up 2050 steps  16.79M  ret  3.272  apex 1.027  det h(q0) 1.032 mean 1.0323 (best 1.0418)  sps 10055  std [0.254 0.285]
up 2060 steps  16.88M  ret  2.922  apex 1.033  det h(q0) 1.033 mean 1.0334 (best 1.0418)  sps  9835  std [0.256 0.291]
up 2070 steps  16.96M  ret  3.364  apex 1.034  det h(q0) 1.034 mean 1.0338 (best 1.0418)  sps  9958  std [0.239 0.287]
up 2080 steps  17.04M  ret  2.968  apex 1.034  det h(q0) 1.034 mean 1.0338 (best 1.0418)  sps 10014  std [0.233 0.279]
up 2090 steps  17.12M  ret  2.912  apex 1.034  det h(q0) 1.037 mean 1.0367 (best 1.0418)  sps  9755  std [0.232 0.28 ]
up 2100 steps  17.20M  ret  3.133  apex 1.038  det h(q0) 1.037 mean 1.0373 (best 1.0418)  sps  9911  std [0.224 0.277]
up 2110 steps  17.29M  ret  3.210  apex 1.043  det h(q0) 1.042 mean 1.0421 (best 1.0421)  sps  9730  std [0.224 0.269]
up 2120 steps  17.37M  ret  3.030  apex 1.039  det h(q0) 1.039 mean 1.0389 (best 1.0421)  sps  9774  std [0.214 0.274]
up 2130 steps  17.45M  ret  2.829  apex 1.037  det h(q0) 1.035 mean 1.0354 (best 1.0421)  sps  9744  std [0.217 0.279]
up 2140 steps  17.53M  ret  2.867  apex 1.040  det h(q0) 1.044 mean 1.0436 (best 1.0436)  sps  9725  std [0.219 0.289]
up 2150 steps  17.61M  ret  3.141  apex 1.046  det h(q0) 1.050 mean 1.0502 (best 1.0502)  sps  9992  std [0.218 0.288]
up 2160 steps  17.69M  ret  3.005  apex 1.049  det h(q0) 1.048 mean 1.0482 (best 1.0502)  sps 10096  std [0.211 0.278]
up 2170 steps  17.78M  ret  3.278  apex 1.052  det h(q0) 1.054 mean 1.0541 (best 1.0541)  sps 10042  std [0.211 0.273]
up 2180 steps  17.86M  ret  3.482  apex 1.051  det h(q0) 1.055 mean 1.0553 (best 1.0553)  sps 10071  std [0.211 0.274]
up 2190 steps  17.94M  ret  2.770  apex 1.051  det h(q0) 1.050 mean 1.0501 (best 1.0553)  sps 10004  std [0.213 0.282]
up 2200 steps  18.02M  ret  2.839  apex 1.051  det h(q0) 1.050 mean 1.0499 (best 1.0553)  sps  9983  std [0.208 0.278]
up 2210 steps  18.10M  ret  3.070  apex 1.054  det h(q0) 1.057 mean 1.0567 (best 1.0567)  sps  9920  std [0.202 0.279]
up 2220 steps  18.19M  ret  2.640  apex 1.056  det h(q0) 1.052 mean 1.0524 (best 1.0567)  sps  9966  std [0.203 0.272]
up 2230 steps  18.27M  ret  2.871  apex 1.049  det h(q0) 1.053 mean 1.0527 (best 1.0567)  sps  9979  std [0.203 0.26 ]
up 2240 steps  18.35M  ret  3.142  apex 1.053  det h(q0) 1.057 mean 1.0565 (best 1.0567)  sps 10028  std [0.2   0.256]
up 2250 steps  18.43M  ret  3.080  apex 1.050  det h(q0) 1.052 mean 1.0521 (best 1.0567)  sps  9830  std [0.19 0.26]
up 2260 steps  18.51M  ret  3.102  apex 1.048  det h(q0) 1.054 mean 1.0540 (best 1.0567)  sps 10028  std [0.19  0.264]
up 2270 steps  18.60M  ret  2.715  apex 1.048  det h(q0) 1.045 mean 1.0453 (best 1.0567)  sps 10076  std [0.19  0.263]
up 2280 steps  18.68M  ret  3.318  apex 1.045  det h(q0) 1.047 mean 1.0472 (best 1.0567)  sps 10036  std [0.192 0.264]
up 2290 steps  18.76M  ret  3.318  apex 1.043  det h(q0) 1.045 mean 1.0450 (best 1.0567)  sps 10053  std [0.196 0.265]
up 2300 steps  18.84M  ret  3.033  apex 1.044  det h(q0) 1.045 mean 1.0445 (best 1.0567)  sps  9891  std [0.191 0.266]
up 2310 steps  18.92M  ret  2.844  apex 1.044  det h(q0) 1.045 mean 1.0449 (best 1.0567)  sps 10029  std [0.196 0.267]
up 2320 steps  19.01M  ret  2.836  apex 1.043  det h(q0) 1.045 mean 1.0453 (best 1.0567)  sps  9964  std [0.202 0.278]
up 2330 steps  19.09M  ret  3.138  apex 1.047  det h(q0) 1.049 mean 1.0488 (best 1.0567)  sps  9877  std [0.2   0.277]
up 2340 steps  19.17M  ret  3.180  apex 1.046  det h(q0) 1.048 mean 1.0482 (best 1.0567)  sps 10001  std [0.197 0.269]
up 2350 steps  19.25M  ret  3.059  apex 1.047  det h(q0) 1.048 mean 1.0481 (best 1.0567)  sps 10043  std [0.196 0.274]
up 2360 steps  19.33M  ret  3.068  apex 1.045  det h(q0) 1.047 mean 1.0469 (best 1.0567)  sps 10110  std [0.192 0.267]
up 2370 steps  19.42M  ret  3.099  apex 1.044  det h(q0) 1.045 mean 1.0452 (best 1.0567)  sps 10075  std [0.199 0.264]
up 2380 steps  19.50M  ret  3.127  apex 1.045  det h(q0) 1.045 mean 1.0451 (best 1.0567)  sps  9959  std [0.193 0.26 ]
up 2390 steps  19.58M  ret  2.591  apex 1.042  det h(q0) 1.042 mean 1.0421 (best 1.0567)  sps  9991  std [0.194 0.265]
up 2400 steps  19.66M  ret  2.990  apex 1.042  det h(q0) 1.044 mean 1.0442 (best 1.0567)  sps  9981  std [0.195 0.264]
up 2410 steps  19.74M  ret  3.193  apex 1.044  det h(q0) 1.046 mean 1.0460 (best 1.0567)  sps  9962  std [0.191 0.251]
up 2420 steps  19.82M  ret  3.084  apex 1.046  det h(q0) 1.042 mean 1.0416 (best 1.0567)  sps 10094  std [0.198 0.249]
up 2430 steps  19.91M  ret  2.897  apex 1.044  det h(q0) 1.043 mean 1.0431 (best 1.0567)  sps  9885  std [0.201 0.254]
up 2440 steps  19.99M  ret  3.432  apex 1.047  det h(q0) 1.051 mean 1.0510 (best 1.0567)  sps  9910  std [0.2   0.251]
up 2450 steps  20.07M  ret  3.075  apex 1.053  det h(q0) 1.058 mean 1.0584 (best 1.0584)  sps 10044  std [0.2   0.256]
up 2460 steps  20.15M  ret  2.584  apex 1.054  det h(q0) 1.056 mean 1.0562 (best 1.0584)  sps  9905  std [0.194 0.254]
up 2470 steps  20.23M  ret  2.720  apex 1.054  det h(q0) 1.054 mean 1.0545 (best 1.0584)  sps 10020  std [0.196 0.25 ]
up 2480 steps  20.32M  ret  2.917  apex 1.056  det h(q0) 1.054 mean 1.0543 (best 1.0584)  sps 10063  std [0.188 0.244]
up 2490 steps  20.40M  ret  2.996  apex 1.055  det h(q0) 1.057 mean 1.0566 (best 1.0584)  sps  9947  std [0.184 0.25 ]
up 2500 steps  20.48M  ret  3.105  apex 1.056  det h(q0) 1.054 mean 1.0542 (best 1.0584)  sps 10064  std [0.192 0.254]
up 2510 steps  20.56M  ret  2.894  apex 1.054  det h(q0) 1.055 mean 1.0553 (best 1.0584)  sps  9936  std [0.188 0.251]
up 2520 steps  20.64M  ret  3.148  apex 1.052  det h(q0) 1.054 mean 1.0545 (best 1.0584)  sps 10010  std [0.189 0.246]
up 2530 steps  20.73M  ret  3.085  apex 1.052  det h(q0) 1.054 mean 1.0539 (best 1.0584)  sps  9979  std [0.193 0.254]
up 2540 steps  20.81M  ret  2.849  apex 1.049  det h(q0) 1.055 mean 1.0546 (best 1.0584)  sps 10092  std [0.191 0.262]
up 2550 steps  20.89M  ret  3.031  apex 1.050  det h(q0) 1.054 mean 1.0541 (best 1.0584)  sps  9966  std [0.192 0.258]
up 2560 steps  20.97M  ret  3.122  apex 1.050  det h(q0) 1.054 mean 1.0543 (best 1.0584)  sps  9926  std [0.188 0.253]
up 2570 steps  21.05M  ret  3.196  apex 1.049  det h(q0) 1.055 mean 1.0551 (best 1.0584)  sps 10015  std [0.188 0.258]
up 2580 steps  21.14M  ret  3.092  apex 1.051  det h(q0) 1.058 mean 1.0576 (best 1.0584)  sps  9984  std [0.187 0.26 ]
up 2590 steps  21.22M  ret  3.367  apex 1.050  det h(q0) 1.050 mean 1.0502 (best 1.0584)  sps  9941  std [0.185 0.258]
up 2600 steps  21.30M  ret  3.246  apex 1.049  det h(q0) 1.050 mean 1.0504 (best 1.0584)  sps  9867  std [0.185 0.255]
up 2610 steps  21.38M  ret  3.261  apex 1.051  det h(q0) 1.057 mean 1.0570 (best 1.0584)  sps  9846  std [0.187 0.254]
up 2620 steps  21.46M  ret  3.211  apex 1.050  det h(q0) 1.050 mean 1.0496 (best 1.0584)  sps  9960  std [0.181 0.255]
up 2630 steps  21.54M  ret  3.489  apex 1.048  det h(q0) 1.052 mean 1.0522 (best 1.0584)  sps  9970  std [0.178 0.248]
up 2640 steps  21.63M  ret  3.143  apex 1.048  det h(q0) 1.052 mean 1.0517 (best 1.0584)  sps 10068  std [0.18  0.247]
up 2650 steps  21.71M  ret  2.970  apex 1.047  det h(q0) 1.052 mean 1.0518 (best 1.0584)  sps 10056  std [0.18  0.242]
up 2660 steps  21.79M  ret  3.237  apex 1.049  det h(q0) 1.052 mean 1.0524 (best 1.0584)  sps  9920  std [0.179 0.246]
up 2670 steps  21.87M  ret  2.988  apex 1.046  det h(q0) 1.044 mean 1.0437 (best 1.0584)  sps 10011  std [0.179 0.247]
up 2680 steps  21.95M  ret  3.186  apex 1.045  det h(q0) 1.043 mean 1.0425 (best 1.0584)  sps  9959  std [0.183 0.248]
up 2690 steps  22.04M  ret  3.099  apex 1.047  det h(q0) 1.051 mean 1.0515 (best 1.0584)  sps  9974  std [0.186 0.252]
up 2700 steps  22.12M  ret  3.404  apex 1.048  det h(q0) 1.050 mean 1.0501 (best 1.0584)  sps 10101  std [0.189 0.246]
up 2710 steps  22.20M  ret  3.255  apex 1.048  det h(q0) 1.053 mean 1.0526 (best 1.0584)  sps  9947  std [0.194 0.246]
up 2720 steps  22.28M  ret  3.191  apex 1.046  det h(q0) 1.052 mean 1.0521 (best 1.0584)  sps 10093  std [0.191 0.25 ]
up 2730 steps  22.36M  ret  3.500  apex 1.048  det h(q0) 1.051 mean 1.0515 (best 1.0584)  sps 10019  std [0.191 0.253]
up 2740 steps  22.45M  ret  2.647  apex 1.049  det h(q0) 1.054 mean 1.0536 (best 1.0584)  sps 10061  std [0.188 0.254]
up 2750 steps  22.53M  ret  3.434  apex 1.049  det h(q0) 1.053 mean 1.0528 (best 1.0584)  sps 10109  std [0.187 0.257]
up 2760 steps  22.61M  ret  2.848  apex 1.046  det h(q0) 1.049 mean 1.0489 (best 1.0584)  sps 10061  std [0.186 0.258]
up 2770 steps  22.69M  ret  2.950  apex 1.046  det h(q0) 1.051 mean 1.0507 (best 1.0584)  sps 10069  std [0.192 0.259]
early stop: plateau (best 1.0541 이후 60회 미개선)
done — steps 22691840 wall 38.4min best_h 1.0584 (plateau (best 1.0541 이후 60회 미개선))
curve saved: t0nc_ppo_curve_long.png
===== WC LONG =====
warm-start from previous mshoot best
warm-start from previous fourbar best
setup done [2s] — clip=25.581 law=(-0.3823, 0.6301, 7.2968) c_cvt=0.7926 k_rise=0.2656 tm=1.31ms n429=10
  golden A — 0429/60_0.75_60_2    : dq2 RMSE=1.8560
  golden A — 0429/60_1.5_60_1.5   : dq2 RMSE=2.1339
  golden A — 0429/90_0.75_90_2    : dq2 RMSE=2.3594
  golden A — 0429/90_1.5_90_2.5   : dq2 RMSE=2.3440
  golden A — 0429/120_2_120_2     : dq2 RMSE=2.4115
  golden A — 0429/120_2.2_150_2.5 : dq2 RMSE=2.4855
  golden A — 0429/120_2.2_200_2.8 : dq2 RMSE=2.3865
  golden A — 0429/150_2.2_250_3   : dq2 RMSE=3.3899
  golden A — 0429/150_2.2_350_3.5 : dq2 RMSE=3.7922
  golden A — 0429/150_2.2_500_4   : dq2 RMSE=2.8979
  golden A — session mean 2.6057 (canonical 2.6057) PASS
  golden B — 0429/60_0.75_60_2 env vs cl_run23(is_cvt, l_i=25.08, clip=25.581) max|Δ|=0.000e+00 PASS
GOLDEN PASS (A: 0429 재생 세션평균 / B: env CVT 스텝 비트일치, clip=25.581)
[dev] NVIDIA GeForce RTX 5080: 400 mb-updates cpu 0.196s / gpu 0.255s → 2x64 넷이 너무 작아 CPU가 빠름 (물리 스텝이 병목) — CPU 사용
[bc] teacher t0wc_cl_li15.npz (li=15.0): 82 pairs, replay apex=0.332 (teacher h=0.874)
[bc] teacher t0wc_cl_li20.npz (li=20.0): 300 pairs, replay apex=0.996 (teacher h=0.992)
[bc] teacher t0wc_cl_li2508.npz (li=25.08): 300 pairs, replay apex=1.086 (teacher h=1.104)
[bc] fit: MSE 0.2806 → 0.000659 (4000 iters)
[bc] det-eval h: {'15': 0.332, '25.08': 1.0962, '30': 0.1507}
warm-start from previous mshoot best
warm-start from previous fourbar best
warm-start from previous mshoot best
warm-start from previous fourbar best
warm-start from previous mshoot best
warm-start from previous fourbar best
warm-start from previous mshoot best
warm-start from previous fourbar best
warm-start from previous mshoot best
warm-start from previous fourbar best
warm-start from previous mshoot best
warm-start from previous fourbar best
warm-start from previous mshoot best
warm-start from previous fourbar best
warm-start from previous mshoot best
warm-start from previous fourbar best
setup done [3s] — clip=25.581 law=(-0.3823, 0.6301, 7.2968) c_cvt=0.7926 k_rise=0.2656 tm=1.31ms n429=10
setup done [3s] — clip=25.581 law=(-0.3823, 0.6301, 7.2968) c_cvt=0.7926 k_rise=0.2656 tm=1.31ms n429=10
setup done [3s] — clip=25.581 law=(-0.3823, 0.6301, 7.2968) c_cvt=0.7926 k_rise=0.2656 tm=1.31ms n429=10
setup done [3s] — clip=25.581 law=(-0.3823, 0.6301, 7.2968) c_cvt=0.7926 k_rise=0.2656 tm=1.31ms n429=10
setup done [3s] — clip=25.581 law=(-0.3823, 0.6301, 7.2968) c_cvt=0.7926 k_rise=0.2656 tm=1.31ms n429=10
setup done [3s] — clip=25.581 law=(-0.3823, 0.6301, 7.2968) c_cvt=0.7926 k_rise=0.2656 tm=1.31ms n429=10
setup done [3s] — clip=25.581 law=(-0.3823, 0.6301, 7.2968) c_cvt=0.7926 k_rise=0.2656 tm=1.31ms n429=10
setup done [3s] — clip=25.581 law=(-0.3823, 0.6301, 7.2968) c_cvt=0.7926 k_rise=0.2656 tm=1.31ms n429=10
[mp] 8 workers × 2 envs = 16 — ready [13s]
PPO start — 2929 updates × batch 8192 (dev cpu, clip=25.581)
up   10 steps   0.08M  ret -0.558  apex 0.590  det h(15/25.08/30) 0.332/1.096/0.151 mean 0.5263 (best 0.5263)  sps  2520  std [0.4 0.4]  [VF-warm]
up   20 steps   0.16M  ret -0.394  apex 0.590  det h(15/25.08/30) 0.332/1.096/0.151 mean 0.5263 (best 0.5263)  sps  3638  std [0.4 0.4]  [VF-warm]
up   30 steps   0.25M  ret -0.421  apex 0.618  det h(15/25.08/30) 0.339/0.220/0.148 mean 0.2357 (best 0.5263)  sps  3737  std [0.386 0.383]
up   40 steps   0.33M  ret -0.281  apex 0.618  det h(15/25.08/30) 0.382/0.281/0.148 mean 0.2704 (best 0.5263)  sps  3967  std [0.382 0.367]
up   50 steps   0.41M  ret -0.146  apex 0.618  det h(15/25.08/30) 0.412/0.303/0.148 mean 0.2876 (best 0.5263)  sps  5856  std [0.36 0.33]
up   60 steps   0.49M  ret -0.049  apex 0.618  det h(15/25.08/30) 0.449/0.315/0.148 mean 0.3036 (best 0.5263)  sps  7723  std [0.349 0.312]
up   70 steps   0.57M  ret  0.070  apex 0.618  det h(15/25.08/30) 0.482/0.328/0.147 mean 0.3193 (best 0.5263)  sps  7825  std [0.35  0.293]
up   80 steps   0.66M  ret  0.074  apex 0.618  det h(15/25.08/30) 0.488/0.333/0.148 mean 0.3230 (best 0.5263)  sps  7493  std [0.333 0.261]
up   90 steps   0.74M  ret  0.087  apex 0.618  det h(15/25.08/30) 0.525/0.341/0.148 mean 0.3380 (best 0.5263)  sps  9587  std [0.311 0.251]
up  100 steps   0.82M  ret  0.201  apex 0.618  det h(15/25.08/30) 0.530/0.367/0.148 mean 0.3482 (best 0.5263)  sps  9250  std [0.294 0.235]
up  110 steps   0.90M  ret  0.351  apex 0.618  det h(15/25.08/30) 0.562/0.376/0.148 mean 0.3619 (best 0.5263)  sps  9776  std [0.295 0.231]
up  120 steps   0.98M  ret  0.348  apex 0.618  det h(15/25.08/30) 0.533/0.371/0.147 mean 0.3504 (best 0.5263)  sps  9095  std [0.284 0.209]
up  130 steps   1.06M  ret  0.358  apex 0.618  det h(15/25.08/30) 0.521/0.389/0.148 mean 0.3525 (best 0.5263)  sps  9691  std [0.275 0.213]
up  140 steps   1.15M  ret  0.370  apex 0.618  det h(15/25.08/30) 0.519/0.414/0.148 mean 0.3601 (best 0.5263)  sps  9636  std [0.276 0.198]
up  150 steps   1.23M  ret  0.445  apex 0.618  det h(15/25.08/30) 0.524/0.433/0.148 mean 0.3680 (best 0.5263)  sps  9727  std [0.259 0.183]
up  160 steps   1.31M  ret  0.556  apex 0.618  det h(15/25.08/30) 0.537/0.437/0.148 mean 0.3739 (best 0.5263)  sps  9634  std [0.262 0.18 ]
up  170 steps   1.39M  ret  0.655  apex 0.618  det h(15/25.08/30) 0.555/0.458/0.148 mean 0.3870 (best 0.5263)  sps  9665  std [0.264 0.171]
up  180 steps   1.47M  ret  0.644  apex 0.618  det h(15/25.08/30) 0.577/0.468/0.147 mean 0.3977 (best 0.5263)  sps  9703  std [0.255 0.167]
up  190 steps   1.56M  ret  0.733  apex 0.618  det h(15/25.08/30) 0.586/0.478/0.170 mean 0.4112 (best 0.5263)  sps  9775  std [0.244 0.166]
up  200 steps   1.64M  ret  0.730  apex 0.618  det h(15/25.08/30) 0.583/0.478/0.150 mean 0.4034 (best 0.5263)  sps  9755  std [0.232 0.166]
up  210 steps   1.72M  ret  0.771  apex 0.618  det h(15/25.08/30) 0.591/0.489/0.162 mean 0.4142 (best 0.5263)  sps  9771  std [0.227 0.166]
up  220 steps   1.80M  ret  0.768  apex 0.618  det h(15/25.08/30) 0.599/0.488/0.158 mean 0.4149 (best 0.5263)  sps  9689  std [0.226 0.172]
up  230 steps   1.88M  ret  0.806  apex 0.618  det h(15/25.08/30) 0.598/0.489/0.163 mean 0.4164 (best 0.5263)  sps  9691  std [0.216 0.163]
up  240 steps   1.97M  ret  0.814  apex 0.618  det h(15/25.08/30) 0.604/0.504/0.269 mean 0.4589 (best 0.5263)  sps  9773  std [0.209 0.156]
up  250 steps   2.05M  ret  0.732  apex 0.618  det h(15/25.08/30) 0.599/0.500/0.228 mean 0.4423 (best 0.5263)  sps  9576  std [0.207 0.16 ]
up  260 steps   2.13M  ret  0.874  apex 0.618  det h(15/25.08/30) 0.603/0.504/0.258 mean 0.4552 (best 0.5263)  sps  9696  std [0.21 0.16]
up  270 steps   2.21M  ret  0.904  apex 0.618  det h(15/25.08/30) 0.627/0.516/0.247 mean 0.4632 (best 0.5263)  sps  9772  std [0.207 0.158]
up  280 steps   2.29M  ret  0.932  apex 0.618  det h(15/25.08/30) 0.637/0.529/0.288 mean 0.4845 (best 0.5263)  sps  9776  std [0.197 0.152]
up  290 steps   2.38M  ret  1.023  apex 0.618  det h(15/25.08/30) 0.651/0.535/0.322 mean 0.5026 (best 0.5263)  sps  9768  std [0.194 0.157]
up  300 steps   2.46M  ret  0.995  apex 0.618  det h(15/25.08/30) 0.662/0.530/0.201 mean 0.4648 (best 0.5263)  sps  9775  std [0.193 0.163]
up  310 steps   2.54M  ret  0.988  apex 0.618  det h(15/25.08/30) 0.667/0.538/0.279 mean 0.4948 (best 0.5263)  sps  9824  std [0.194 0.16 ]
up  320 steps   2.62M  ret  1.033  apex 0.618  det h(15/25.08/30) 0.659/0.538/0.333 mean 0.5102 (best 0.5263)  sps  9723  std [0.187 0.159]
up  330 steps   2.70M  ret  1.099  apex 0.618  det h(15/25.08/30) 0.667/0.549/0.355 mean 0.5236 (best 0.5263)  sps  9790  std [0.188 0.161]
up  340 steps   2.79M  ret  1.092  apex 0.618  det h(15/25.08/30) 0.684/0.546/0.354 mean 0.5277 (best 0.5277)  sps  9750  std [0.183 0.152]
up  350 steps   2.87M  ret  1.065  apex 0.618  det h(15/25.08/30) 0.669/0.544/0.352 mean 0.5219 (best 0.5277)  sps  9748  std [0.176 0.151]
up  360 steps   2.95M  ret  1.092  apex 0.618  det h(15/25.08/30) 0.676/0.539/0.354 mean 0.5227 (best 0.5277)  sps  9813  std [0.163 0.142]
up  370 steps   3.03M  ret  1.181  apex 0.618  det h(15/25.08/30) 0.692/0.550/0.372 mean 0.5379 (best 0.5379)  sps  9681  std [0.159 0.145]
up  380 steps   3.11M  ret  1.159  apex 0.618  det h(15/25.08/30) 0.688/0.549/0.364 mean 0.5335 (best 0.5379)  sps  9834  std [0.152 0.147]
up  390 steps   3.19M  ret  1.128  apex 0.618  det h(15/25.08/30) 0.689/0.544/0.361 mean 0.5314 (best 0.5379)  sps  9717  std [0.155 0.155]
up  400 steps   3.28M  ret  1.171  apex 0.618  det h(15/25.08/30) 0.676/0.554/0.376 mean 0.5351 (best 0.5379)  sps  9743  std [0.159 0.16 ]
up  410 steps   3.36M  ret  1.139  apex 0.618  det h(15/25.08/30) 0.617/0.549/0.366 mean 0.5106 (best 0.5379)  sps  9653  std [0.16  0.164]
up  420 steps   3.44M  ret  1.017  apex 0.618  det h(15/25.08/30) 0.622/0.538/0.365 mean 0.5083 (best 0.5379)  sps  9727  std [0.154 0.171]
up  430 steps   3.52M  ret  1.065  apex 0.618  det h(15/25.08/30) 0.709/0.539/0.357 mean 0.5351 (best 0.5379)  sps  9814  std [0.151 0.171]
up  440 steps   3.60M  ret  1.085  apex 0.618  det h(15/25.08/30) 0.648/0.543/0.366 mean 0.5190 (best 0.5379)  sps  9741  std [0.151 0.171]
up  450 steps   3.69M  ret  1.124  apex 0.618  det h(15/25.08/30) 0.737/0.543/0.379 mean 0.5529 (best 0.5529)  sps  9807  std [0.149 0.171]
up  460 steps   3.77M  ret  1.124  apex 0.618  det h(15/25.08/30) 0.731/0.546/0.393 mean 0.5565 (best 0.5565)  sps  9470  std [0.145 0.169]
up  470 steps   3.85M  ret  1.217  apex 0.618  det h(15/25.08/30) 0.726/0.549/0.392 mean 0.5557 (best 0.5565)  sps  9924  std [0.146 0.169]
up  480 steps   3.93M  ret  1.140  apex 0.618  det h(15/25.08/30) 0.716/0.546/0.390 mean 0.5506 (best 0.5565)  sps  9659  std [0.146 0.169]
up  490 steps   4.01M  ret  1.254  apex 0.618  det h(15/25.08/30) 0.718/0.548/0.399 mean 0.5550 (best 0.5565)  sps  9675  std [0.146 0.167]
up  500 steps   4.10M  ret  1.245  apex 0.618  det h(15/25.08/30) 0.730/0.557/0.412 mean 0.5661 (best 0.5661)  sps  9695  std [0.141 0.171]
up  510 steps   4.18M  ret  1.267  apex 0.618  det h(15/25.08/30) 0.737/0.564/0.415 mean 0.5722 (best 0.5722)  sps  9753  std [0.14  0.167]
up  520 steps   4.26M  ret  1.210  apex 0.618  det h(15/25.08/30) 0.740/0.560/0.403 mean 0.5676 (best 0.5722)  sps  9795  std [0.138 0.168]
up  530 steps   4.34M  ret  1.280  apex 0.618  det h(15/25.08/30) 0.734/0.564/0.406 mean 0.5680 (best 0.5722)  sps  9854  std [0.132 0.164]
up  540 steps   4.42M  ret  1.274  apex 0.618  det h(15/25.08/30) 0.735/0.570/0.418 mean 0.5743 (best 0.5743)  sps  9934  std [0.128 0.162]
up  550 steps   4.51M  ret  1.249  apex 0.618  det h(15/25.08/30) 0.735/0.566/0.411 mean 0.5707 (best 0.5743)  sps  9696  std [0.128 0.164]
up  560 steps   4.59M  ret  1.228  apex 0.618  det h(15/25.08/30) 0.735/0.562/0.413 mean 0.5701 (best 0.5743)  sps  9734  std [0.13  0.165]
up  570 steps   4.67M  ret  1.288  apex 0.618  det h(15/25.08/30) 0.742/0.565/0.407 mean 0.5713 (best 0.5743)  sps  9740  std [0.133 0.17 ]
up  580 steps   4.75M  ret  1.321  apex 0.618  det h(15/25.08/30) 0.744/0.571/0.413 mean 0.5760 (best 0.5760)  sps  9775  std [0.138 0.179]
up  590 steps   4.83M  ret  1.295  apex 0.618  det h(15/25.08/30) 0.747/0.572/0.425 mean 0.5814 (best 0.5814)  sps  9801  std [0.134 0.172]
up  600 steps   4.92M  ret  1.318  apex 0.618  det h(15/25.08/30) 0.747/0.574/0.426 mean 0.5824 (best 0.5824)  sps  9712  std [0.133 0.166]
up  610 steps   5.00M  ret  1.326  apex 0.618  det h(15/25.08/30) 0.740/0.573/0.426 mean 0.5796 (best 0.5824)  sps  9569  std [0.134 0.167]
up  620 steps   5.08M  ret  1.330  apex 0.618  det h(15/25.08/30) 0.751/0.576/0.436 mean 0.5878 (best 0.5878)  sps  9824  std [0.133 0.165]
up  630 steps   5.16M  ret  1.316  apex 0.618  det h(15/25.08/30) 0.745/0.577/0.435 mean 0.5854 (best 0.5878)  sps  9687  std [0.131 0.16 ]
up  640 steps   5.24M  ret  1.334  apex 0.618  det h(15/25.08/30) 0.739/0.578/0.442 mean 0.5865 (best 0.5878)  sps  9843  std [0.135 0.152]
up  650 steps   5.32M  ret  1.354  apex 0.618  det h(15/25.08/30) 0.740/0.583/0.444 mean 0.5890 (best 0.5890)  sps  9700  std [0.134 0.151]
up  660 steps   5.41M  ret  1.318  apex 0.618  det h(15/25.08/30) 0.740/0.584/0.449 mean 0.5909 (best 0.5909)  sps  9809  std [0.138 0.159]
up  670 steps   5.49M  ret  1.382  apex 0.618  det h(15/25.08/30) 0.739/0.586/0.447 mean 0.5906 (best 0.5909)  sps  9732  std [0.134 0.156]
up  680 steps   5.57M  ret  1.377  apex 0.618  det h(15/25.08/30) 0.740/0.586/0.448 mean 0.5916 (best 0.5916)  sps  9899  std [0.134 0.156]
up  690 steps   5.65M  ret  1.463  apex 0.618  det h(15/25.08/30) 0.750/0.593/0.456 mean 0.5994 (best 0.5994)  sps  9756  std [0.137 0.15 ]
up  700 steps   5.73M  ret  1.400  apex 0.618  det h(15/25.08/30) 0.749/0.594/0.456 mean 0.5997 (best 0.5997)  sps  9729  std [0.139 0.154]
up  710 steps   5.82M  ret  1.468  apex 0.618  det h(15/25.08/30) 0.746/0.591/0.456 mean 0.5977 (best 0.5997)  sps  9795  std [0.142 0.155]
up  720 steps   5.90M  ret  1.418  apex 0.618  det h(15/25.08/30) 0.743/0.596/0.466 mean 0.6021 (best 0.6021)  sps  9686  std [0.139 0.151]
up  730 steps   5.98M  ret  1.408  apex 0.618  det h(15/25.08/30) 0.743/0.598/0.468 mean 0.6032 (best 0.6032)  sps  9693  std [0.138 0.148]
up  740 steps   6.06M  ret  1.408  apex 0.618  det h(15/25.08/30) 0.746/0.601/0.470 mean 0.6058 (best 0.6058)  sps  9755  std [0.14  0.145]
up  750 steps   6.14M  ret  1.399  apex 0.618  det h(15/25.08/30) 0.744/0.602/0.469 mean 0.6050 (best 0.6058)  sps  9817  std [0.14  0.144]
up  760 steps   6.23M  ret  1.471  apex 0.618  det h(15/25.08/30) 0.746/0.603/0.468 mean 0.6056 (best 0.6058)  sps  9748  std [0.146 0.15 ]
up  770 steps   6.31M  ret  1.491  apex 0.618  det h(15/25.08/30) 0.750/0.608/0.470 mean 0.6095 (best 0.6095)  sps  9805  std [0.145 0.154]
up  780 steps   6.39M  ret  1.488  apex 0.618  det h(15/25.08/30) 0.751/0.613/0.475 mean 0.6130 (best 0.6130)  sps  9777  std [0.151 0.157]
up  790 steps   6.47M  ret  1.490  apex 0.618  det h(15/25.08/30) 0.751/0.613/0.476 mean 0.6135 (best 0.6135)  sps  9819  std [0.145 0.157]
up  800 steps   6.55M  ret  1.485  apex 0.618  det h(15/25.08/30) 0.756/0.614/0.477 mean 0.6155 (best 0.6155)  sps  9741  std [0.144 0.163]
up  810 steps   6.64M  ret  1.493  apex 0.618  det h(15/25.08/30) 0.755/0.617/0.482 mean 0.6181 (best 0.6181)  sps  9812  std [0.142 0.169]
up  820 steps   6.72M  ret  1.545  apex 0.618  det h(15/25.08/30) 0.752/0.621/0.486 mean 0.6196 (best 0.6196)  sps  9914  std [0.14  0.163]
up  830 steps   6.80M  ret  1.531  apex 0.626  det h(15/25.08/30) 0.755/0.620/0.484 mean 0.6200 (best 0.6200)  sps  9767  std [0.136 0.164]
up  840 steps   6.88M  ret  1.556  apex 0.655  det h(15/25.08/30) 0.756/0.618/0.484 mean 0.6196 (best 0.6200)  sps  9759  std [0.137 0.172]
up  850 steps   6.96M  ret  1.678  apex 0.654  det h(15/25.08/30) 0.755/0.618/0.478 mean 0.6169 (best 0.6200)  sps  9779  std [0.139 0.18 ]
up  860 steps   7.05M  ret  1.764  apex 0.662  det h(15/25.08/30) 0.755/0.625/0.485 mean 0.6215 (best 0.6215)  sps  9796  std [0.136 0.181]
up  870 steps   7.13M  ret  1.815  apex 0.669  det h(15/25.08/30) 0.756/0.627/0.490 mean 0.6241 (best 0.6241)  sps  9852  std [0.134 0.18 ]
up  880 steps   7.21M  ret  1.853  apex 0.657  det h(15/25.08/30) 0.754/0.620/0.483 mean 0.6192 (best 0.6241)  sps  9751  std [0.131 0.18 ]
up  890 steps   7.29M  ret  1.852  apex 0.655  det h(15/25.08/30) 0.757/0.625/0.484 mean 0.6222 (best 0.6241)  sps  9815  std [0.133 0.169]
up  900 steps   7.37M  ret  2.001  apex 0.682  det h(15/25.08/30) 0.761/0.627/0.486 mean 0.6246 (best 0.6246)  sps  9854  std [0.131 0.161]
up  910 steps   7.45M  ret  2.024  apex 0.697  det h(15/25.08/30) 0.763/0.630/0.486 mean 0.6266 (best 0.6266)  sps  9796  std [0.134 0.165]
up  920 steps   7.54M  ret  1.920  apex 0.693  det h(15/25.08/30) 0.757/0.627/0.486 mean 0.6234 (best 0.6266)  sps  9771  std [0.13  0.168]
up  930 steps   7.62M  ret  1.942  apex 0.693  det h(15/25.08/30) 0.755/0.625/0.486 mean 0.6218 (best 0.6266)  sps  9676  std [0.131 0.171]
up  940 steps   7.70M  ret  1.933  apex 0.697  det h(15/25.08/30) 0.755/0.631/0.490 mean 0.6252 (best 0.6266)  sps  9731  std [0.13 0.18]
up  950 steps   7.78M  ret  1.945  apex 0.685  det h(15/25.08/30) 0.755/0.631/0.488 mean 0.6250 (best 0.6266)  sps  9873  std [0.135 0.184]
up  960 steps   7.86M  ret  2.091  apex 0.681  det h(15/25.08/30) 0.759/0.635/0.494 mean 0.6293 (best 0.6293)  sps  9749  std [0.136 0.19 ]
up  970 steps   7.95M  ret  2.083  apex 0.676  det h(15/25.08/30) 0.751/0.631/0.495 mean 0.6256 (best 0.6293)  sps  9773  std [0.139 0.193]
up  980 steps   8.03M  ret  2.058  apex 0.685  det h(15/25.08/30) 0.751/0.632/0.493 mean 0.6254 (best 0.6293)  sps  9763  std [0.138 0.197]
up  990 steps   8.11M  ret  1.972  apex 0.690  det h(15/25.08/30) 0.753/0.634/0.502 mean 0.6298 (best 0.6298)  sps  9820  std [0.138 0.195]
up 1000 steps   8.19M  ret  2.044  apex 0.677  det h(15/25.08/30) 0.754/0.636/0.501 mean 0.6301 (best 0.6301)  sps  9703  std [0.141 0.192]
up 1010 steps   8.27M  ret  2.045  apex 0.691  det h(15/25.08/30) 0.751/0.638/0.509 mean 0.6327 (best 0.6327)  sps  9855  std [0.143 0.195]
up 1020 steps   8.36M  ret  2.091  apex 0.687  det h(15/25.08/30) 0.755/0.641/0.517 mean 0.6378 (best 0.6378)  sps  9806  std [0.145 0.197]
up 1030 steps   8.44M  ret  2.075  apex 0.673  det h(15/25.08/30) 0.749/0.641/0.518 mean 0.6361 (best 0.6378)  sps  9899  std [0.142 0.195]
up 1040 steps   8.52M  ret  2.108  apex 0.672  det h(15/25.08/30) 0.745/0.640/0.509 mean 0.6315 (best 0.6378)  sps  9774  std [0.141 0.185]
up 1050 steps   8.60M  ret  2.077  apex 0.668  det h(15/25.08/30) 0.750/0.641/0.515 mean 0.6356 (best 0.6378)  sps  9763  std [0.139 0.186]
up 1060 steps   8.68M  ret  2.140  apex 0.686  det h(15/25.08/30) 0.752/0.644/0.519 mean 0.6382 (best 0.6382)  sps  9683  std [0.14  0.188]
up 1070 steps   8.77M  ret  2.131  apex 0.676  det h(15/25.08/30) 0.753/0.649/0.527 mean 0.6428 (best 0.6428)  sps  9772  std [0.141 0.186]
up 1080 steps   8.85M  ret  2.139  apex 0.684  det h(15/25.08/30) 0.760/0.654/0.525 mean 0.6465 (best 0.6465)  sps  9884  std [0.14  0.179]
up 1090 steps   8.93M  ret  2.175  apex 0.696  det h(15/25.08/30) 0.757/0.658/0.524 mean 0.6464 (best 0.6465)  sps  9805  std [0.142 0.183]
up 1100 steps   9.01M  ret  2.160  apex 0.701  det h(15/25.08/30) 0.755/0.658/0.488 mean 0.6335 (best 0.6465)  sps  9780  std [0.141 0.178]
up 1110 steps   9.09M  ret  2.176  apex 0.685  det h(15/25.08/30) 0.750/0.656/0.529 mean 0.6451 (best 0.6465)  sps  9801  std [0.147 0.184]
up 1120 steps   9.18M  ret  2.147  apex 0.680  det h(15/25.08/30) 0.756/0.657/0.531 mean 0.6482 (best 0.6482)  sps  9828  std [0.153 0.19 ]
up 1130 steps   9.26M  ret  2.110  apex 0.692  det h(15/25.08/30) 0.752/0.654/0.517 mean 0.6410 (best 0.6482)  sps  9934  std [0.163 0.199]
up 1140 steps   9.34M  ret  2.150  apex 0.682  det h(15/25.08/30) 0.751/0.657/0.521 mean 0.6428 (best 0.6482)  sps  9874  std [0.162 0.193]
up 1150 steps   9.42M  ret  2.194  apex 0.692  det h(15/25.08/30) 0.760/0.660/0.521 mean 0.6469 (best 0.6482)  sps  9877  std [0.156 0.18 ]
up 1160 steps   9.50M  ret  2.189  apex 0.695  det h(15/25.08/30) 0.757/0.664/0.530 mean 0.6501 (best 0.6501)  sps  9798  std [0.162 0.186]
up 1170 steps   9.58M  ret  2.207  apex 0.700  det h(15/25.08/30) 0.754/0.665/0.542 mean 0.6537 (best 0.6537)  sps  9806  std [0.166 0.181]
up 1180 steps   9.67M  ret  2.137  apex 0.685  det h(15/25.08/30) 0.757/0.663/0.550 mean 0.6567 (best 0.6567)  sps  9851  std [0.168 0.183]
up 1190 steps   9.75M  ret  2.152  apex 0.690  det h(15/25.08/30) 0.751/0.659/0.550 mean 0.6537 (best 0.6567)  sps  9746  std [0.168 0.184]
up 1200 steps   9.83M  ret  2.218  apex 0.699  det h(15/25.08/30) 0.753/0.664/0.561 mean 0.6593 (best 0.6593)  sps  9910  std [0.173 0.185]
up 1210 steps   9.91M  ret  2.213  apex 0.697  det h(15/25.08/30) 0.756/0.662/0.560 mean 0.6597 (best 0.6597)  sps  9581  std [0.167 0.172]
up 1220 steps   9.99M  ret  2.180  apex 0.696  det h(15/25.08/30) 0.757/0.668/0.565 mean 0.6633 (best 0.6633)  sps  9870  std [0.183 0.18 ]
up 1230 steps  10.08M  ret  2.209  apex 0.696  det h(15/25.08/30) 0.748/0.664/0.558 mean 0.6567 (best 0.6633)  sps  9898  std [0.184 0.178]
up 1240 steps  10.16M  ret  2.161  apex 0.693  det h(15/25.08/30) 0.750/0.660/0.566 mean 0.6589 (best 0.6633)  sps  9884  std [0.187 0.177]
up 1250 steps  10.24M  ret  2.168  apex 0.686  det h(15/25.08/30) 0.746/0.662/0.554 mean 0.6538 (best 0.6633)  sps  9890  std [0.193 0.182]
up 1260 steps  10.32M  ret  2.161  apex 0.684  det h(15/25.08/30) 0.743/0.655/0.549 mean 0.6492 (best 0.6633)  sps  9828  std [0.191 0.188]
up 1270 steps  10.40M  ret  2.141  apex 0.681  det h(15/25.08/30) 0.743/0.654/0.537 mean 0.6448 (best 0.6633)  sps  9887  std [0.184 0.185]
up 1280 steps  10.49M  ret  2.163  apex 0.686  det h(15/25.08/30) 0.741/0.650/0.543 mean 0.6445 (best 0.6633)  sps  9806  std [0.182 0.193]
up 1290 steps  10.57M  ret  2.152  apex 0.689  det h(15/25.08/30) 0.743/0.655/0.544 mean 0.6476 (best 0.6633)  sps  9859  std [0.185 0.194]
up 1300 steps  10.65M  ret  2.173  apex 0.690  det h(15/25.08/30) 0.746/0.658/0.543 mean 0.6492 (best 0.6633)  sps  9859  std [0.185 0.194]
up 1310 steps  10.73M  ret  2.121  apex 0.687  det h(15/25.08/30) 0.739/0.653/0.540 mean 0.6441 (best 0.6633)  sps  9812  std [0.184 0.196]
up 1320 steps  10.81M  ret  2.173  apex 0.688  det h(15/25.08/30) 0.742/0.658/0.544 mean 0.6483 (best 0.6633)  sps  9769  std [0.178 0.189]
up 1330 steps  10.90M  ret  2.164  apex 0.696  det h(15/25.08/30) 0.746/0.666/0.553 mean 0.6551 (best 0.6633)  sps  9772  std [0.173 0.188]
up 1340 steps  10.98M  ret  2.070  apex 0.701  det h(15/25.08/30) 0.746/0.664/0.546 mean 0.6521 (best 0.6633)  sps  9521  std [0.166 0.191]
up 1350 steps  11.06M  ret  2.167  apex 0.679  det h(15/25.08/30) 0.744/0.669/0.538 mean 0.6501 (best 0.6633)  sps  9800  std [0.166 0.192]
up 1360 steps  11.14M  ret  2.143  apex 0.673  det h(15/25.08/30) 0.738/0.669/0.543 mean 0.6499 (best 0.6633)  sps  9704  std [0.167 0.198]
up 1370 steps  11.22M  ret  2.187  apex 0.683  det h(15/25.08/30) 0.738/0.671/0.548 mean 0.6522 (best 0.6633)  sps  9918  std [0.169 0.191]
up 1380 steps  11.30M  ret  2.135  apex 0.692  det h(15/25.08/30) 0.741/0.667/0.549 mean 0.6525 (best 0.6633)  sps  9822  std [0.158 0.187]
