warm-start from previous mshoot best
warm-start from previous fourbar best
setup done [2s] — clip=25.581 law=(-0.3823, 0.6301, 7.2968) c_cvt=0.7926 k_rise=0.2656 tm=1.31ms n429=10
[0] ahat(RAW15=25.581, v=+5) = 14.999976 Nm (기대 ~15.00)
[1] 0429/60_0.75_60_2     dq2 RMSE=1.856
[1] 0429/60_1.5_60_1.5    dq2 RMSE=2.134
[1] 0429/90_0.75_90_2     dq2 RMSE=2.359
[1] 0429/90_1.5_90_2.5    dq2 RMSE=2.344
[1] 0429/120_2_120_2      dq2 RMSE=2.411
[1] 0429/120_2.2_150_2.5  dq2 RMSE=2.485
[1] 0429/120_2.2_200_2.8  dq2 RMSE=2.386
[1] 0429/150_2.2_250_3    dq2 RMSE=3.390
[1] 0429/150_2.2_350_3.5  dq2 RMSE=3.792
[1] 0429/150_2.2_500_4    dq2 RMSE=2.898
[1] session mean = 2.6057 (canonical 2.6057) PASS
[2] 0429/60_0.75_60_2     mirror max|Δ|=0.000e+00
[2] 0429/60_1.5_60_1.5    mirror max|Δ|=0.000e+00
[2] 0429/90_0.75_90_2     mirror max|Δ|=0.000e+00
GOLDEN PASS
[cl/li2508] round 0 esc=1 seed f=-0.6287
  cl/li2508 it   25  nfev   400  best f=-1.0084  [35s]
  cl/li2508 it   50  nfev   800  best f=-1.0701  [70s]
  cl/li2508 it   75  nfev  1200  best f=-1.0875  [105s]
  cl/li2508 it  100  nfev  1600  best f=-1.0975  [140s]
  cl/li2508 it  125  nfev  2000  best f=-1.1026  [175s]
  cl/li2508 it  150  nfev  2400  best f=-1.1056  [210s]
  cl/li2508 it  175  nfev  2800  best f=-1.1063  [245s]
  cl/li2508 it  200  nfev  3200  best f=-1.1073  [289s]
[cl/li2508] round 0 best f=-1.1073 audit_pass=False [291s]
[cl/li2508] round 1 esc=10 seed f=-1.0992
  cl/li2508 it   25  nfev   400  best f=-1.1011  [38s]
  cl/li2508 it   50  nfev   800  best f=-1.1011  [75s]
  cl/li2508 it   75  nfev  1200  best f=-1.1038  [113s]
[cl/li2508] round 1 best f=-1.1038 audit_pass=False [405s]
[cl/li2508] round 2 esc=100 seed f=-1.1024
  cl/li2508 it   25  nfev   400  best f=-1.1018  [37s]
  cl/li2508 it   50  nfev   800  best f=-1.1028  [74s]
  cl/li2508 it   75  nfev  1200  best f=-1.1045  [112s]
[cl/li2508] round 2 best f=-1.1045 audit_pass=True [519s]
[cl/li2508] h_plan=1.1045 m (rise 0.8842)  stance=0.102s  audit_pass=True  peak dq=(14.0,33.2)  peak tau=(15.00,15.00)  r=[-0.883,-0.166]
[ol/li2508] round 0 esc=1 seed f=516.8263
  ol/li2508 it   25  nfev   400  best f=-0.8933  [30s]
  ol/li2508 it   50  nfev   800  best f=-0.9607  [59s]
  ol/li2508 it   75  nfev  1200  best f=-0.9917  [86s]
  ol/li2508 it  100  nfev  1600  best f=-1.0214  [114s]
  ol/li2508 it  125  nfev  2000  best f=-1.0282  [141s]
  ol/li2508 it  150  nfev  2400  best f=-1.0323  [169s]
  ol/li2508 it  175  nfev  2800  best f=-1.0354  [196s]
  ol/li2508 it  200  nfev  3200  best f=-1.0368  [223s]
  ol/li2508 it  225  nfev  3600  best f=-1.0386  [250s]
  ol/li2508 it  250  nfev  4000  best f=-1.0414  [276s]
[ol/li2508] round 0 best f=-1.0417 audit_pass=False [277s]
[ol/li2508] round 1 esc=10 seed f=-0.9825
  ol/li2508 it   25  nfev   400  best f=-1.0126  [26s]
  ol/li2508 it   50  nfev   800  best f=-1.0249  [53s]
  ol/li2508 it   75  nfev  1200  best f=-1.0297  [80s]
[ol/li2508] round 1 best f=-1.0297 audit_pass=False [359s]
[ol/li2508] round 2 esc=100 seed f=-1.0121
  ol/li2508 it   25  nfev   400  best f=-1.0093  [29s]
  ol/li2508 it   50  nfev   800  best f=-1.0182  [58s]
  ol/li2508 it   75  nfev  1200  best f=-1.0222  [85s]
[ol/li2508] round 2 best f=-1.0222 audit_pass=False [446s]
[ol/li2508] h_plan=1.0222 m (rise 0.7924)  stance=0.043s  audit_pass=False  peak dq=(12.6,33.7)  peak tau=(15.00,15.00)  r=[-0.883,-0.253]
