warm-start from previous mshoot best
warm-start from previous fourbar best
setup done [2s] — clip=25.581 law=(-0.3823, 0.6301, 7.2968) c_cvt=0.7926 k_rise=0.2656 tm=1.31ms n429=10
  cl/liopt round 0 esc=1 K=0: h=1.1309 li=26.25 pass=False rg=-0.2153 [274s]
  cl/liopt round 1 esc=10 K=0: h=1.1176 li=26.60 pass=False rg=-0.3014 [377s]
  cl/liopt round 2 esc=100 K=0: h=1.1258 li=26.15 pass=False rg=-0.2311 [482s]
  cl/liopt round 3 esc=100 K=1000: h=1.1233 li=26.25 pass=True rg=-0.2721 [587s]
[cl/liopt] l_i*=26.25mm  h_plan=1.1233 m (rise 0.9303)  stance=0.044s  audit_pass=True  r_guard_ok=True  (interpolation)
  ol/liopt round 0 esc=1 K=0: h=1.0503 li=26.05 pass=False rg=-0.3095 [243s]
  ol/liopt round 1 esc=10 K=0: h=1.0342 li=26.05 pass=False rg=-0.3549 [317s]
  ol/liopt round 2 esc=100 K=0: h=1.0222 li=26.05 pass=False rg=-0.3679 [393s]
  ol/liopt round 3 esc=100 K=1000: h=1.0289 li=26.25 pass=True rg=-0.4204 [470s]
[ol/liopt] l_i*=26.25mm  h_plan=1.0289 m (rise 0.8035)  stance=0.052s  audit_pass=True  r_guard_ok=True  (interpolation)
  sweep/25.08 round 0 esc=1 K=0: h=1.1057 li=10.00 pass=False rg=-0.1601 [90s]
  sweep/25.08 round 1 esc=10 K=0: h=1.1048 li=10.00 pass=False rg=-0.1357 [145s]
  sweep/25.08 round 2 esc=100 K=1000: h=1.1032 li=10.00 pass=True rg=-0.1058 [199s]
[sweep] l_i=25.08mm  h=1.1032  pass=True  rg_ok=True  [199s]
  sweep/26 round 0 esc=1 K=0: h=1.1205 li=10.00 pass=False rg=-0.1834 [90s]
  sweep/26 round 1 esc=10 K=0: h=1.1201 li=10.00 pass=False rg=-0.1799 [144s]
  sweep/26 round 2 esc=100 K=1000: h=1.1134 li=10.00 pass=True rg=-0.1354 [196s]
[sweep] l_i=26mm  h=1.1134  pass=True  rg_ok=True  [395s]
  sweep/27 round 0 esc=1 K=0: h=1.1213 li=10.00 pass=False rg=-0.1925 [85s]
  sweep/27 round 1 esc=10 K=0: h=1.1133 li=10.00 pass=False rg=-0.2087 [137s]
  sweep/27 round 2 esc=100 K=1000: h=1.1106 li=10.00 pass=True rg=-0.1350 [189s]
[sweep] l_i=27mm  h=1.1106  pass=True  rg_ok=True  [584s]
  sweep/28 round 0 esc=1 K=0: h=1.1276 li=10.00 pass=False rg=-0.1118 [86s]
  sweep/28 round 1 esc=10 K=0: h=1.1192 li=10.00 pass=False rg=-0.1425 [137s]
  sweep/28 round 2 esc=100 K=1000: h=1.1175 li=10.00 pass=True rg=-0.1442 [189s]
[sweep] l_i=28mm  h=1.1175  pass=True  rg_ok=True  [773s]
  sweep/30 round 0 esc=1 K=0: h=0.8635 li=10.00 pass=False rg=-0.7383 [86s]
  sweep/30 round 1 esc=10 K=0: h=0.9542 li=10.00 pass=True rg=-0.7367 [139s]
[sweep] l_i=30mm  h=0.9542  pass=True  rg_ok=True  [911s]
  sweep/24 round 0 esc=1 K=0: h=1.0875 li=10.00 pass=False rg=+0.0027 [88s]
  sweep/24 round 1 esc=10 K=0: h=1.0851 li=10.00 pass=True rg=+0.0057 [141s]
  sweep/24 round 2 esc=100 K=1000: h=1.0850 li=10.00 pass=True rg=-0.0067 [194s]
[sweep] l_i=24mm  h=1.0850  pass=True  rg_ok=True  [1105s]
  sweep/23 round 0 esc=1 K=0: h=1.0629 li=10.00 pass=False rg=+0.0333 [87s]
  sweep/23 round 1 esc=10 K=0: h=1.0589 li=10.00 pass=True rg=+0.0073 [140s]
  sweep/23 round 2 esc=100 K=1000: h=1.0581 li=10.00 pass=True rg=-0.0023 [194s]
[sweep] l_i=23mm  h=1.0581  pass=True  rg_ok=True  [1299s]
  sweep/22 round 0 esc=1 K=0: h=1.0382 li=10.00 pass=False rg=+0.0375 [89s]
  sweep/22 round 1 esc=10 K=0: h=1.0326 li=10.00 pass=False rg=+0.0059 [143s]
  sweep/22 round 2 esc=100 K=1000: h=1.0322 li=10.00 pass=True rg=-0.0047 [196s]
[sweep] l_i=22mm  h=1.0322  pass=True  rg_ok=True  [1495s]
  sweep/20 round 0 esc=1 K=0: h=0.9823 li=10.00 pass=False rg=+0.0439 [89s]
  sweep/20 round 1 esc=10 K=0: h=0.9784 li=10.00 pass=False rg=+0.0161 [143s]
  sweep/20 round 2 esc=100 K=1000: h=0.9753 li=10.00 pass=True rg=-0.0003 [196s]
[sweep] l_i=20mm  h=0.9753  pass=True  rg_ok=True  [1691s]
  sweep/18 round 0 esc=1 K=0: h=0.9407 li=10.00 pass=False rg=+0.0190 [91s]
  sweep/18 round 1 esc=10 K=0: h=0.9408 li=10.00 pass=False rg=+0.0063 [144s]
  sweep/18 round 2 esc=100 K=1000: h=0.9410 li=10.00 pass=True rg=-0.0169 [197s]
[sweep] l_i=18mm  h=0.9410  pass=True  rg_ok=True  [1888s]
  sweep/15 round 0 esc=1 K=0: h=0.8367 li=10.00 pass=False rg=-0.0121 [89s]
  sweep/15 round 1 esc=10 K=0: h=0.8377 li=10.00 pass=False rg=-0.0158 [143s]
  sweep/15 round 2 esc=100 K=1000: h=0.8369 li=10.00 pass=True rg=-0.0190 [197s]
[sweep] l_i=15mm  h=0.8369  pass=True  rg_ok=True  [2085s]
  sweep/12 round 0 esc=1 K=0: h=0.7498 li=10.00 pass=False rg=+0.0205 [88s]
  sweep/12 round 1 esc=10 K=0: h=0.7504 li=10.00 pass=False rg=-0.0058 [142s]
  sweep/12 round 2 esc=100 K=1000: h=0.7500 li=10.00 pass=True rg=-0.0042 [196s]
[sweep] l_i=12mm  h=0.7500  pass=True  rg_ok=True  [2281s]
saved t0wc_li_curve.png
DONE [55.7 min]
