warm-start from previous mshoot best
warm-start from previous fourbar best
26.07.22/120_2_120_2: OK
26.07.22/150_2.2_250_3: OK
26.07.22/150_3.3_500_5: OK
26.07.22/60_0.75_60_2: OK
26.07.22/60_1.5_60_1.5: OK
26.07.23/150_2.2_250_3: OK
26.07.23/150_2.2_500_5: OK
26.07.23/60_0.75_60_2: OK
26.07.24/150_2.2_250_3: OK
26.07.24/150_2.2_350_3.5: OK
26.07.24/150_2.2_500_5: OK
26.07.25/100_1.5_250_3: OK
26.07.25/120_2_250_3: OK
26.07.25/150_2.2_250_3: OK
26.07.25/200_2.5_250_3: OK
26.07.27/100_1.5_250_3: OK
26.07.27/120_2_250_3: OK
26.07.27/150_2.2_250_3: OK
26.07.27/200_2.5_250_3: OK
26.07.27/250_3_250_3: OK
26.07.27/60_2_250_3: OK
26.07.27/80_2_250_3: OK
26.04.24/120_2.2_150_2.5: OK
26.04.24/120_2.2_200_2.8: OK
26.04.24/120_2_120_2: OK
26.04.24/150_2.2_250_3: OK
26.04.24/150_2.2_350_3.5: OK
26.04.24/150_2.2_500_4: OK
26.04.24/60_0.75_60_2: OK
26.04.24/60_1.5_60_1.5: OK
26.04.24/90_0.75_90_2: OK
26.06.02/120_2_120_2: OK
26.06.02/150_2.2_250_3: OK
26.06.02/150_2.2_500_5: OK
26.06.02/60_0.75_60_2: OK
26.06.02/60_1.5_60_1.5: OK
26.06.02/90_0.75_90_2: OK
26.04.21/P100_D0.75_P100_D2: OK
26.04.21/P200_D1.5_P200_D4: OK
26.04.21/P60_D0.75_P60_D2: OK
26.04.21/P70_D0.75_P70_D2: OK
26.04.21/P80_D0.75_P80_D2: OK
26.04.21/P90_D0.75_P90_D2: OK

=== fs3 CL score 창 세션 요약 ===
26.07.22: q1 0.83 q2 1.10 dq1 0.25 dq2 0.59 τ1 1.00 τ2 1.49
26.07.23: q1 0.88 q2 0.88 dq1 0.32 dq2 0.36 τ1 1.19 τ2 1.17
26.07.24: q1 0.61 q2 0.62 dq1 0.24 dq2 0.18 τ1 1.08 τ2 1.18
26.07.25: q1 1.80 q2 0.42 dq1 0.28 dq2 0.18 τ1 2.54 τ2 0.94
26.07.27: q1 1.15 q2 0.50 dq1 0.25 dq2 0.18 τ1 1.49 τ2 0.67
26.04.24: q1 0.83 q2 0.75 dq1 0.17 dq2 0.48 τ1 1.20 τ2 1.40
26.06.02: q1 0.66 q2 0.85 dq1 0.19 dq2 0.45 τ1 0.81 τ2 1.28
26.04.21: q1 1.14 q2 1.26 dq1 0.17 dq2 0.21 τ1 1.34 τ2 1.09

=== fs3 CL push 창 세션 요약 ===
26.07.22: q1 1.45 q2 4.81 dq1 1.10 dq2 2.69 τ1 1.57 τ2 6.66
26.07.23: q1 2.43 q2 3.39 dq1 1.31 dq2 1.47 τ1 3.36 τ2 4.53
26.07.24: q1 1.85 q2 2.54 dq1 0.98 dq2 0.73 τ1 2.58 τ2 4.23
26.07.25: q1 2.70 q2 1.80 dq1 1.35 dq2 0.81 τ1 2.98 τ2 2.72
26.07.27: q1 2.55 q2 2.24 dq1 1.10 dq2 0.76 τ1 2.67 τ2 2.28
26.04.24: q1 0.63 q2 2.04 dq1 0.56 dq2 1.70 τ1 1.52 τ2 4.26
26.06.02: q1 1.27 q2 3.48 dq1 0.81 dq2 2.02 τ1 1.04 τ2 5.54
26.04.21: q1 1.10 q2 2.71 dq1 0.50 dq2 0.66 τ1 1.74 τ2 2.07
done
