warm-start from previous mshoot best
warm-start from previous fourbar best
26.07.22/120_2_120_2: OK
26.07.22/150_2.2_250_3: OK
26.07.22/150_3.3_500_5: OK
26.07.22/60_0.75_60_2: OK
26.07.22/60_1.5_60_1.5: OK
26.07.23/150_2.2_250_3: OK
26.07.23/150_2.2_500_5: OK
26.07.23/60_0.75_60_2: OK
26.07.24/150_2.2_250_3: OK
26.07.24/150_2.2_350_3.5: OK
26.07.24/150_2.2_500_5: OK
26.07.25/100_1.5_250_3: OK
26.07.25/120_2_250_3: OK
26.07.25/150_2.2_250_3: OK
26.07.25/200_2.5_250_3: OK
26.07.27/100_1.5_250_3: OK
26.07.27/120_2_250_3: OK
26.07.27/150_2.2_250_3: OK
26.07.27/200_2.5_250_3: OK
26.07.27/250_3_250_3: OK
26.07.27/60_2_250_3: OK
26.07.27/80_2_250_3: OK
26.04.24/120_2.2_150_2.5: OK
26.04.24/120_2.2_200_2.8: OK
26.04.24/120_2_120_2: OK
26.04.24/150_2.2_250_3: OK
26.04.24/150_2.2_350_3.5: OK
26.04.24/150_2.2_500_4: OK
26.04.24/60_0.75_60_2: OK
26.04.24/60_1.5_60_1.5: OK
26.04.24/90_0.75_90_2: OK
26.06.02/120_2_120_2: OK
26.06.02/150_2.2_250_3: OK
26.06.02/150_2.2_500_5: OK
26.06.02/60_0.75_60_2: OK
26.06.02/60_1.5_60_1.5: OK
26.06.02/90_0.75_90_2: OK
26.04.21/P100_D0.75_P100_D2: OK
26.04.21/P200_D1.5_P200_D4: OK
26.04.21/P60_D0.75_P60_D2: OK
26.04.21/P70_D0.75_P70_D2: OK
26.04.21/P80_D0.75_P80_D2: OK
26.04.21/P90_D0.75_P90_D2: OK

=== fs3 CL score 창 세션 요약 ===
26.07.22: q1 0.83 q2 0.95 dq1 0.27 dq2 0.46 τ1 1.01 τ2 0.82
26.07.23: q1 1.21 q2 0.70 dq1 0.35 dq2 0.35 τ1 1.44 τ2 0.74
26.07.24: q1 0.56 q2 0.62 dq1 0.23 dq2 0.15 τ1 1.18 τ2 0.93
26.07.25: q1 1.54 q2 1.20 dq1 0.25 dq2 0.28 τ1 2.23 τ2 1.00
26.07.27: q1 0.91 q2 0.89 dq1 0.23 dq2 0.23 τ1 1.32 τ2 0.66
26.04.24: q1 1.16 q2 1.24 dq1 0.16 dq2 0.51 τ1 1.54 τ2 1.28
26.06.02: q1 0.85 q2 1.00 dq1 0.18 dq2 0.40 τ1 1.09 τ2 0.89
26.04.21: q1 1.43 q2 1.20 dq1 0.13 dq2 0.60 τ1 1.60 τ2 1.29

=== fs3 CL push 창 세션 요약 ===
26.07.22: q1 1.92 q2 3.25 dq1 1.19 dq2 2.04 τ1 2.52 τ2 3.18
26.07.23: q1 3.90 q2 2.19 dq1 1.43 dq2 1.40 τ1 4.43 τ2 2.27
26.07.24: q1 1.34 q2 1.48 dq1 0.94 dq2 0.57 τ1 3.30 τ2 2.97
26.07.25: q1 1.39 q2 3.74 dq1 1.16 dq2 1.33 τ1 3.10 τ2 3.64
26.07.27: q1 1.32 q2 2.82 dq1 1.01 dq2 0.99 τ1 2.94 τ2 2.24
26.04.24: q1 2.38 q2 4.08 dq1 0.49 dq2 1.79 τ1 2.90 τ2 3.56
26.06.02: q1 1.81 q2 3.93 dq1 0.73 dq2 1.78 τ1 2.37 τ2 3.41
26.04.21: q1 1.84 q2 2.37 dq1 0.33 dq2 2.03 τ1 1.76 τ2 2.72
done
