warm-start from previous mshoot best
warm-start from previous fourbar best
26.07.22/120_2_120_2: OK
26.07.22/150_2.2_250_3: OK
26.07.22/150_3.3_500_5: OK
26.07.22/60_0.75_60_2: OK
26.07.22/60_1.5_60_1.5: OK
26.07.23/150_2.2_250_3: OK
26.07.23/150_2.2_500_5: OK
26.07.23/60_0.75_60_2: OK
26.07.24/150_2.2_250_3: OK
26.07.24/150_2.2_350_3.5: OK
26.07.24/150_2.2_500_5: OK
26.07.25/100_1.5_250_3: OK
26.07.25/120_2_250_3: OK
26.07.25/150_2.2_250_3: OK
26.07.25/200_2.5_250_3: OK
26.07.27/100_1.5_250_3: OK
26.07.27/120_2_250_3: OK
26.07.27/150_2.2_250_3: OK
26.07.27/200_2.5_250_3: OK
26.07.27/250_3_250_3: OK
26.07.27/60_2_250_3: OK
26.07.27/80_2_250_3: OK
26.04.24/120_2.2_150_2.5: OK
26.04.24/120_2.2_200_2.8: OK
26.04.24/120_2_120_2: OK
26.04.24/150_2.2_250_3: OK
26.04.24/150_2.2_350_3.5: OK
26.04.24/150_2.2_500_4: OK
26.04.24/60_0.75_60_2: OK
26.04.24/60_1.5_60_1.5: OK
26.04.24/90_0.75_90_2: OK
26.06.02/120_2_120_2: OK
26.06.02/150_2.2_250_3: OK
26.06.02/150_2.2_500_5: OK
26.06.02/60_0.75_60_2: OK
26.06.02/60_1.5_60_1.5: OK
26.06.02/90_0.75_90_2: OK
26.04.21/P100_D0.75_P100_D2: OK
26.04.21/P200_D1.5_P200_D4: OK
26.04.21/P60_D0.75_P60_D2: OK
26.04.21/P70_D0.75_P70_D2: OK
26.04.21/P80_D0.75_P80_D2: OK
26.04.21/P90_D0.75_P90_D2: OK

=== fs3 CL score 창 세션 요약 ===
26.07.22: q1 0.74 q2 0.78 dq1 0.24 dq2 0.37 τ1 1.00 τ2 1.60
26.07.23: q1 0.95 q2 0.66 dq1 0.36 dq2 0.35 τ1 1.20 τ2 1.39
26.07.24: q1 0.55 q2 0.52 dq1 0.21 dq2 0.18 τ1 1.03 τ2 1.16
26.07.25: q1 1.56 q2 0.95 dq1 0.22 dq2 0.27 τ1 2.22 τ2 1.04
26.07.27: q1 0.95 q2 0.64 dq1 0.22 dq2 0.24 τ1 1.28 τ2 0.84
26.04.24: q1 0.95 q2 0.54 dq1 0.19 dq2 0.42 τ1 1.42 τ2 1.57
26.06.02: q1 0.72 q2 0.51 dq1 0.22 dq2 0.37 τ1 0.98 τ2 1.38
26.04.21: q1 1.52 q2 1.63 dq1 0.18 dq2 0.42 τ1 1.80 τ2 1.21

=== fs3 CL push 창 세션 요약 ===
26.07.22: q1 1.22 q2 2.85 dq1 1.01 dq2 1.62 τ1 2.43 τ2 7.16
26.07.23: q1 2.72 q2 2.30 dq1 1.49 dq2 1.44 τ1 3.41 τ2 5.47
26.07.24: q1 1.40 q2 1.64 dq1 0.87 dq2 0.71 τ1 2.05 τ2 4.07
26.07.25: q1 1.68 q2 1.98 dq1 0.99 dq2 1.27 τ1 1.94 τ2 3.90
26.07.27: q1 1.63 q2 1.56 dq1 0.93 dq2 1.05 τ1 2.03 τ2 3.40
26.04.24: q1 1.16 q2 1.36 dq1 0.62 dq2 1.46 τ1 2.55 τ2 4.91
26.06.02: q1 0.85 q2 1.65 dq1 0.94 dq2 1.63 τ1 1.77 τ2 5.98
26.04.21: q1 3.05 q2 4.81 dq1 0.54 dq2 1.42 τ1 3.90 τ2 2.40
done
