warm-start from previous mshoot best
warm-start from previous fourbar best
26.07.22/120_2_120_2: OK
26.07.22/150_2.2_250_3: OK
26.07.22/150_3.3_500_5: OK
26.07.22/60_0.75_60_2: OK
26.07.22/60_1.5_60_1.5: OK
26.07.23/150_2.2_250_3: OK
26.07.23/150_2.2_500_5: OK
26.07.23/60_0.75_60_2: OK
26.07.24/150_2.2_250_3: OK
26.07.24/150_2.2_350_3.5: OK
26.07.24/150_2.2_500_5: OK
26.07.25/100_1.5_250_3: OK
26.07.25/120_2_250_3: OK
26.07.25/150_2.2_250_3: OK
26.07.25/200_2.5_250_3: OK
26.07.27/100_1.5_250_3: OK
26.07.27/120_2_250_3: OK
26.07.27/150_2.2_250_3: OK
26.07.27/200_2.5_250_3: OK
26.07.27/250_3_250_3: OK
26.07.27/60_2_250_3: OK
26.07.27/80_2_250_3: OK
26.04.24/120_2.2_150_2.5: OK
26.04.24/120_2.2_200_2.8: OK
26.04.24/120_2_120_2: OK
26.04.24/150_2.2_250_3: OK
26.04.24/150_2.2_350_3.5: OK
26.04.24/150_2.2_500_4: OK
26.04.24/60_0.75_60_2: OK
26.04.24/60_1.5_60_1.5: OK
26.04.24/90_0.75_90_2: OK
26.06.02/120_2_120_2: OK
26.06.02/150_2.2_250_3: OK
26.06.02/150_2.2_500_5: OK
26.06.02/60_0.75_60_2: OK
26.06.02/60_1.5_60_1.5: OK
26.06.02/90_0.75_90_2: OK
26.04.21/P100_D0.75_P100_D2: OK
26.04.21/P200_D1.5_P200_D4: OK
26.04.21/P60_D0.75_P60_D2: OK
26.04.21/P70_D0.75_P70_D2: OK
26.04.21/P80_D0.75_P80_D2: OK
26.04.21/P90_D0.75_P90_D2: OK

=== fs3 CL score 창 세션 요약 ===
26.07.22: q1 0.76 q2 0.93 dq1 0.26 dq2 0.38 τ1 1.00 τ2 0.81
26.07.23: q1 1.08 q2 0.71 dq1 0.33 dq2 0.38 τ1 1.35 τ2 0.77
26.07.24: q1 0.54 q2 0.74 dq1 0.22 dq2 0.18 τ1 1.03 τ2 0.91
26.07.25: q1 1.54 q2 1.05 dq1 0.25 dq2 0.30 τ1 2.20 τ2 0.90
26.07.27: q1 0.92 q2 0.78 dq1 0.22 dq2 0.25 τ1 1.25 τ2 0.57
26.04.24: q1 1.03 q2 0.72 dq1 0.14 dq2 0.45 τ1 1.49 τ2 1.12
26.06.02: q1 0.77 q2 0.63 dq1 0.19 dq2 0.43 τ1 1.03 τ2 0.82
26.04.21: q1 1.35 q2 2.19 dq1 0.18 dq2 0.67 τ1 1.47 τ2 1.19

=== fs3 CL push 창 세션 요약 ===
26.07.22: q1 1.27 q2 2.99 dq1 1.14 dq2 1.68 τ1 2.38 τ2 3.11
26.07.23: q1 3.04 q2 1.96 dq1 1.36 dq2 1.57 τ1 3.83 τ2 2.45
26.07.24: q1 1.41 q2 1.72 dq1 0.88 dq2 0.69 τ1 2.24 τ2 2.87
26.07.25: q1 1.77 q2 2.11 dq1 1.18 dq2 1.43 τ1 2.33 τ2 2.89
26.07.27: q1 1.63 q2 1.71 dq1 0.93 dq2 1.10 τ1 2.21 τ2 1.70
26.04.24: q1 1.29 q2 1.62 dq1 0.40 dq2 1.56 τ1 2.64 τ2 2.82
26.06.02: q1 0.70 q2 1.79 dq1 0.77 dq2 1.94 τ1 1.89 τ2 3.00
26.04.21: q1 1.67 q2 7.00 dq1 0.53 dq2 2.29 τ1 1.30 τ2 2.27
done
