■ 3자 비교 그림 — 4 회차 승자 (H4_260813)
  출처: _GHB_sweep4.json · 점수 0.1944 (0 이 완벽) · 축 12 개
  모델 값 (탐색이 쓰던 것과 같은 함수로 만든 환경):
    무릎 건마찰                0.11772
    힙 건마찰                 0.31110
    무릎 속도비례               0.22807
    힙 속도비례                0.00711
    총질량                   3.29897
    허벅지 무게중심z             0.02239
    힙 스프링               166.33690
    힙 명령 지연               0.00451
    무릎 명령 지연              0.00072
    레일 마찰                 0.02995
    무릎 보정상한               4.12242
    힙 보정상한                2.37160
warm-start from previous mshoot best
warm-start from previous fourbar best

  대상: BOTH  ·  출력 → _compare_H4_260813

26.07.22/120_2_120_2: OK
26.07.22/150_2.2_250_3: OK
26.07.22/150_3.3_500_5: OK
26.07.22/60_0.75_60_2: OK
26.07.22/60_1.5_60_1.5: OK
26.07.23/150_2.2_250_3: OK
26.07.23/150_2.2_500_5: OK
26.07.23/60_0.75_60_2: OK
26.07.24/150_2.2_250_3: OK
26.07.24/150_2.2_350_3.5: OK
26.07.24/150_2.2_500_5: OK
26.07.25/100_1.5_250_3: OK
26.07.25/120_2_250_3: OK
26.07.25/150_2.2_250_3: OK
26.07.25/200_2.5_250_3: OK
26.07.27/100_1.5_250_3: OK
26.07.27/120_2_250_3: OK
26.07.27/150_2.2_250_3: OK
26.07.27/200_2.5_250_3: OK
26.07.27/250_3_250_3: OK
26.07.27/60_2_250_3: OK
26.07.27/80_2_250_3: OK
26.04.24/120_2.2_150_2.5: OK
26.04.24/120_2.2_200_2.8: OK
26.04.24/120_2_120_2: OK
26.04.24/150_2.2_250_3: OK
26.04.24/150_2.2_350_3.5: OK
26.04.24/150_2.2_500_4: OK
26.04.24/60_0.75_60_2: OK
26.04.24/60_1.5_60_1.5: OK
26.04.24/90_0.75_90_2: OK
26.06.02/120_2_120_2: OK
26.06.02/150_2.2_250_3: OK
26.06.02/150_2.2_500_5: OK
26.06.02/60_0.75_60_2: OK
26.06.02/60_1.5_60_1.5: OK
26.06.02/90_0.75_90_2: OK
26.04.21/P100_D0.75_P100_D2: OK
26.04.21/P200_D1.5_P200_D4: OK
26.04.21/P60_D0.75_P60_D2: OK
26.04.21/P70_D0.75_P70_D2: OK
26.04.21/P80_D0.75_P80_D2: OK
26.04.21/P90_D0.75_P90_D2: OK
26.03.24/P100_D3: OK
26.03.24/P40_D0.7: OK
26.03.24/P60_D1.5: OK
26.06.04/cvt/no_load (짐 0kg): OK
26.06.04/cvt/load_2.5 (짐 2.5kg): OK
26.06.04/cvt/load_5 (짐 5kg): OK
26.06.04/no_cvt/no_load (짐 0kg): OK

done → C:\Users\junho\Documents\jump-opt-digital-twin\code\goal23_fullspan\_compare_H4_260813 (18 세션·모드 조합)
