warm-start from previous mshoot best
warm-start from previous fourbar best
26.07.22/120_2_120_2: OK
26.07.22/150_2.2_250_3: OK
26.07.22/150_3.3_500_5: OK
26.07.22/60_0.75_60_2: OK
26.07.22/60_1.5_60_1.5: OK
26.07.23/150_2.2_250_3: OK
26.07.23/150_2.2_500_5: OK
26.07.23/60_0.75_60_2: OK
26.07.24/150_2.2_250_3: OK
26.07.24/150_2.2_350_3.5: OK
26.07.24/150_2.2_500_5: OK
26.07.25/100_1.5_250_3: OK
26.07.25/120_2_250_3: OK
26.07.25/150_2.2_250_3: OK
26.07.25/200_2.5_250_3: OK
26.07.27/100_1.5_250_3: OK
26.07.27/120_2_250_3: OK
26.07.27/150_2.2_250_3: OK
26.07.27/200_2.5_250_3: OK
26.07.27/250_3_250_3: OK
26.07.27/60_2_250_3: OK
26.07.27/80_2_250_3: OK
26.04.24/120_2.2_150_2.5: OK
26.04.24/120_2.2_200_2.8: OK
26.04.24/120_2_120_2: OK
26.04.24/150_2.2_250_3: OK
26.04.24/150_2.2_350_3.5: OK
26.04.24/150_2.2_500_4: OK
26.04.24/60_0.75_60_2: OK
26.04.24/60_1.5_60_1.5: OK
26.04.24/90_0.75_90_2: OK
26.06.02/120_2_120_2: OK
26.06.02/150_2.2_250_3: OK
26.06.02/150_2.2_500_5: OK
26.06.02/60_0.75_60_2: OK
26.06.02/60_1.5_60_1.5: OK
26.06.02/90_0.75_90_2: OK
26.04.21/P100_D0.75_P100_D2: OK
26.04.21/P200_D1.5_P200_D4: OK
26.04.21/P60_D0.75_P60_D2: OK
26.04.21/P70_D0.75_P70_D2: OK
26.04.21/P80_D0.75_P80_D2: OK
26.04.21/P90_D0.75_P90_D2: OK

=== fs3 CL score 창 세션 요약 ===
26.07.22: q1 0.88 q2 0.75 dq1 0.23 dq2 0.39 τ1 1.05 τ2 1.10
26.07.23: q1 1.21 q2 0.47 dq1 0.30 dq2 0.23 τ1 1.35 τ2 1.17
26.07.24: q1 1.07 q2 0.37 dq1 0.33 dq2 0.27 τ1 1.61 τ2 1.58
26.07.25: q1 1.59 q2 0.19 dq1 0.26 dq2 0.14 τ1 2.24 τ2 0.76
26.07.27: q1 1.19 q2 0.17 dq1 0.28 dq2 0.15 τ1 1.60 τ2 0.61
26.04.24: q1 0.62 q2 0.50 dq1 0.13 dq2 0.23 τ1 0.75 τ2 1.01
26.06.02: q1 0.84 q2 0.40 dq1 0.16 dq2 0.20 τ1 0.91 τ2 0.88
26.04.21: q1 0.60 q2 0.76 dq1 0.16 dq2 0.19 τ1 0.71 τ2 0.71

=== fs3 CL push 창 세션 요약 ===
26.07.22: q1 1.06 q2 2.90 dq1 0.98 dq2 1.74 τ1 1.55 τ2 4.68
26.07.23: q1 4.14 q2 1.49 dq1 1.24 dq2 0.92 τ1 4.61 τ2 4.44
26.07.24: q1 4.14 q2 1.47 dq1 1.38 dq2 1.15 τ1 5.78 τ2 6.06
26.07.25: q1 1.60 q2 0.63 dq1 1.22 dq2 0.56 τ1 3.02 τ2 1.97
26.07.27: q1 2.23 q2 0.71 dq1 1.22 dq2 0.58 τ1 3.30 τ2 1.89
26.04.24: q1 0.95 q2 1.32 dq1 0.38 dq2 0.77 τ1 1.22 τ2 3.13
26.06.02: q1 1.63 q2 1.09 dq1 0.62 dq2 0.81 τ1 1.97 τ2 3.38
26.04.21: q1 0.86 q2 1.36 dq1 0.46 dq2 0.59 τ1 1.27 τ2 1.46
done
26.07.22/120_2_120_2: OK
26.07.22/150_2.2_250_3: OK
26.07.22/150_3.3_500_5: OK
26.07.22/60_0.75_60_2: OK
26.07.22/60_1.5_60_1.5: OK
26.07.23/150_2.2_250_3: OK
26.07.23/150_2.2_500_5: OK
26.07.23/60_0.75_60_2: OK
26.07.24/150_2.2_250_3: OK
26.07.24/150_2.2_350_3.5: OK
26.07.24/150_2.2_500_5: OK
26.07.25/100_1.5_250_3: OK
26.07.25/120_2_250_3: OK
26.07.25/150_2.2_250_3: OK
26.07.25/200_2.5_250_3: OK
26.07.27/100_1.5_250_3: OK
26.07.27/120_2_250_3: OK
26.07.27/150_2.2_250_3: OK
26.07.27/200_2.5_250_3: OK
26.07.27/250_3_250_3: OK
26.07.27/60_2_250_3: OK
26.07.27/80_2_250_3: OK
26.04.24/120_2.2_150_2.5: OK
26.04.24/120_2.2_200_2.8: OK
26.04.24/120_2_120_2: OK
26.04.24/150_2.2_250_3: OK
26.04.24/150_2.2_350_3.5: OK
26.04.24/150_2.2_500_4: OK
26.04.24/60_0.75_60_2: OK
26.04.24/60_1.5_60_1.5: OK
26.04.24/90_0.75_90_2: OK
26.06.02/120_2_120_2: OK
26.06.02/150_2.2_250_3: OK
26.06.02/150_2.2_500_5: OK
26.06.02/60_0.75_60_2: OK
26.06.02/60_1.5_60_1.5: OK
26.06.02/90_0.75_90_2: OK
26.04.21/P100_D0.75_P100_D2: OK
26.04.21/P200_D1.5_P200_D4: OK
26.04.21/P60_D0.75_P60_D2: OK
26.04.21/P70_D0.75_P70_D2: OK
26.04.21/P80_D0.75_P80_D2: OK
26.04.21/P90_D0.75_P90_D2: OK
26.03.24/P100_D3: OK
26.03.24/P40_D0.7: OK
26.03.24/P60_D1.5: OK

=== fs3 ModeA 세션 요약 ===
26.07.22: q1 1.73 q2 2.48 dq1 0.40 dq2 0.60 τ1 0.22 τ2 0.57
26.07.23: q1 7.41 q2 4.80 dq1 1.36 dq2 1.47 τ1 0.43 τ2 0.53
26.07.24: q1 6.14 q2 5.81 dq1 1.13 dq2 1.14 τ1 0.58 τ2 0.45
26.07.25: q1 1.59 q2 1.77 dq1 0.24 dq2 0.20 τ1 0.44 τ2 0.67
26.07.27: q1 1.46 q2 2.29 dq1 0.33 dq2 0.32 τ1 0.27 τ2 0.55
26.04.24: q1 2.77 q2 2.69 dq1 0.36 dq2 0.44 τ1 0.32 τ2 0.64
26.06.02: q1 4.86 q2 2.86 dq1 0.53 dq2 0.41 τ1 0.35 τ2 0.48
26.04.21: q1 1.75 q2 2.60 dq1 0.26 dq2 0.37 τ1 0.25 τ2 0.59
26.03.24: q1 1.76 q2 3.16 dq1 0.27 dq2 0.41 τ1 0.29 τ2 0.62
done
