warm-start from previous mshoot best
warm-start from previous fourbar best
26.07.22/120_2_120_2: OK
26.07.22/150_2.2_250_3: OK
26.07.22/150_3.3_500_5: OK
26.07.22/60_0.75_60_2: OK
26.07.22/60_1.5_60_1.5: OK
26.07.23/150_2.2_250_3: OK
26.07.23/150_2.2_500_5: OK
26.07.23/60_0.75_60_2: OK
26.07.24/150_2.2_250_3: OK
26.07.24/150_2.2_350_3.5: OK
26.07.24/150_2.2_500_5: OK
26.07.25/100_1.5_250_3: OK
26.07.25/120_2_250_3: OK
26.07.25/150_2.2_250_3: OK
26.07.25/200_2.5_250_3: OK
26.07.27/100_1.5_250_3: OK
26.07.27/120_2_250_3: OK
26.07.27/150_2.2_250_3: OK
26.07.27/200_2.5_250_3: OK
26.07.27/250_3_250_3: OK
26.07.27/60_2_250_3: OK
26.07.27/80_2_250_3: OK
26.04.24/120_2.2_150_2.5: OK
26.04.24/120_2.2_200_2.8: OK
26.04.24/120_2_120_2: OK
26.04.24/150_2.2_250_3: OK
26.04.24/150_2.2_350_3.5: OK
26.04.24/150_2.2_500_4: OK
26.04.24/60_0.75_60_2: OK
26.04.24/60_1.5_60_1.5: OK
26.04.24/90_0.75_90_2: OK
26.06.02/120_2_120_2: OK
26.06.02/150_2.2_250_3: OK
26.06.02/150_2.2_500_5: OK
26.06.02/60_0.75_60_2: OK
26.06.02/60_1.5_60_1.5: OK
26.06.02/90_0.75_90_2: OK
26.04.21/P100_D0.75_P100_D2: OK
26.04.21/P200_D1.5_P200_D4: OK
26.04.21/P60_D0.75_P60_D2: OK
26.04.21/P70_D0.75_P70_D2: OK
26.04.21/P80_D0.75_P80_D2: OK
26.04.21/P90_D0.75_P90_D2: OK

=== fs3 CL score 창 세션 요약 ===
26.07.22: q1 0.73 q2 0.56 dq1 0.23 dq2 0.26 τ1 0.91 τ2 0.95
26.07.23: q1 1.09 q2 0.53 dq1 0.34 dq2 0.20 τ1 1.38 τ2 0.91
26.07.24: q1 0.58 q2 0.41 dq1 0.23 dq2 0.14 τ1 1.23 τ2 1.03
26.07.25: q1 1.57 q2 1.01 dq1 0.26 dq2 0.16 τ1 2.28 τ2 0.78
26.07.27: q1 0.95 q2 0.72 dq1 0.24 dq2 0.15 τ1 1.38 τ2 0.55
26.04.24: q1 1.02 q2 0.90 dq1 0.13 dq2 0.27 τ1 1.41 τ2 1.13
26.06.02: q1 0.73 q2 0.60 dq1 0.16 dq2 0.23 τ1 0.98 τ2 0.88
26.04.21: q1 1.61 q2 1.94 dq1 0.23 dq2 0.48 τ1 1.78 τ2 1.18

=== fs3 CL push 창 세션 요약 ===
26.07.22: q1 1.09 q2 1.52 dq1 1.00 dq2 1.09 τ1 1.69 τ2 3.94
26.07.23: q1 3.48 q2 1.76 dq1 1.39 dq2 0.76 τ1 4.26 τ2 3.29
26.07.24: q1 1.41 q2 1.22 dq1 0.96 dq2 0.49 τ1 3.49 τ2 3.46
26.07.25: q1 1.50 q2 2.91 dq1 1.20 dq2 0.70 τ1 3.27 τ2 2.03
26.07.27: q1 1.42 q2 2.33 dq1 1.04 dq2 0.58 τ1 3.18 τ2 1.76
26.04.24: q1 1.93 q2 2.91 dq1 0.39 dq2 0.91 τ1 2.50 τ2 2.97
26.06.02: q1 1.15 q2 2.05 dq1 0.62 dq2 0.94 τ1 1.90 τ2 3.41
26.04.21: q1 3.68 q2 6.03 dq1 0.73 dq2 1.64 τ1 3.82 τ2 2.34
done
