warm-start from previous mshoot best
warm-start from previous fourbar best
26.07.22/120_2_120_2: OK
26.07.22/150_2.2_250_3: OK
26.07.22/150_3.3_500_5: OK
26.07.22/60_0.75_60_2: OK
26.07.22/60_1.5_60_1.5: OK
26.07.23/150_2.2_250_3: OK
26.07.23/150_2.2_500_5: OK
26.07.23/60_0.75_60_2: OK
26.07.24/150_2.2_250_3: OK
26.07.24/150_2.2_350_3.5: OK
26.07.24/150_2.2_500_5: OK
26.07.25/100_1.5_250_3: OK
26.07.25/120_2_250_3: OK
26.07.25/150_2.2_250_3: OK
26.07.25/200_2.5_250_3: OK
26.07.27/100_1.5_250_3: OK
26.07.27/120_2_250_3: OK
26.07.27/150_2.2_250_3: OK
26.07.27/200_2.5_250_3: OK
26.07.27/250_3_250_3: OK
26.07.27/60_2_250_3: OK
26.07.27/80_2_250_3: OK
26.04.24/120_2.2_150_2.5: OK
26.04.24/120_2.2_200_2.8: OK
26.04.24/120_2_120_2: OK
26.04.24/150_2.2_250_3: OK
26.04.24/150_2.2_350_3.5: OK
26.04.24/150_2.2_500_4: OK
26.04.24/60_0.75_60_2: OK
26.04.24/60_1.5_60_1.5: OK
26.04.24/90_0.75_90_2: OK
26.06.02/120_2_120_2: OK
26.06.02/150_2.2_250_3: OK
26.06.02/150_2.2_500_5: OK
26.06.02/60_0.75_60_2: OK
26.06.02/60_1.5_60_1.5: OK
26.06.02/90_0.75_90_2: OK
26.04.21/P100_D0.75_P100_D2: OK
26.04.21/P200_D1.5_P200_D4: OK
26.04.21/P60_D0.75_P60_D2: OK
26.04.21/P70_D0.75_P70_D2: OK
26.04.21/P80_D0.75_P80_D2: OK
26.04.21/P90_D0.75_P90_D2: OK

=== fs3 CL score 창 세션 요약 ===
26.07.22: q1 0.60 q2 0.79 dq1 0.22 dq2 0.39 τ1 0.83 τ2 1.11
26.07.23: q1 1.10 q2 0.54 dq1 0.34 dq2 0.23 τ1 1.32 τ2 0.96
26.07.24: q1 0.67 q2 0.29 dq1 0.24 dq2 0.16 τ1 1.23 τ2 1.11
26.07.25: q1 1.59 q2 0.21 dq1 0.26 dq2 0.13 τ1 2.26 τ2 0.81
26.07.27: q1 0.82 q2 0.16 dq1 0.24 dq2 0.14 τ1 1.10 τ2 0.54
26.04.24: q1 1.16 q2 0.67 dq1 0.12 dq2 0.24 τ1 1.59 τ2 1.21
26.06.02: q1 0.87 q2 0.57 dq1 0.15 dq2 0.22 τ1 1.12 τ2 0.94
26.04.21: q1 1.51 q2 1.24 dq1 0.15 dq2 0.19 τ1 1.68 τ2 1.13

=== fs3 CL push 창 세션 요약 ===
26.07.22: q1 0.98 q2 2.93 dq1 0.93 dq2 1.75 τ1 1.91 τ2 4.71
26.07.23: q1 2.93 q2 1.59 dq1 1.39 dq2 0.90 τ1 2.98 τ2 3.50
26.07.24: q1 1.50 q2 1.05 dq1 0.99 dq2 0.60 τ1 2.06 τ2 3.92
26.07.25: q1 1.77 q2 0.72 dq1 1.21 dq2 0.53 τ1 2.52 τ2 2.08
26.07.27: q1 1.62 q2 0.68 dq1 1.07 dq2 0.55 τ1 2.14 τ2 1.84
26.04.24: q1 1.35 q2 1.21 dq1 0.35 dq2 0.80 τ1 1.67 τ2 3.13
26.06.02: q1 0.88 q2 1.57 dq1 0.61 dq2 0.93 τ1 1.29 τ2 3.61
26.04.21: q1 1.91 q2 1.78 dq1 0.42 dq2 0.58 τ1 1.86 τ2 1.72
done
26.07.22/120_2_120_2: OK
26.07.22/150_2.2_250_3: OK
26.07.22/150_3.3_500_5: OK
26.07.22/60_0.75_60_2: OK
26.07.22/60_1.5_60_1.5: OK
26.07.23/150_2.2_250_3: OK
26.07.23/150_2.2_500_5: OK
26.07.23/60_0.75_60_2: OK
26.07.24/150_2.2_250_3: OK
26.07.24/150_2.2_350_3.5: OK
26.07.24/150_2.2_500_5: OK
26.07.25/100_1.5_250_3: OK
26.07.25/120_2_250_3: OK
26.07.25/150_2.2_250_3: OK
26.07.25/200_2.5_250_3: OK
26.07.27/100_1.5_250_3: OK
26.07.27/120_2_250_3: OK
26.07.27/150_2.2_250_3: OK
26.07.27/200_2.5_250_3: OK
26.07.27/250_3_250_3: OK
26.07.27/60_2_250_3: OK
26.07.27/80_2_250_3: OK
26.04.24/120_2.2_150_2.5: OK
26.04.24/120_2.2_200_2.8: OK
26.04.24/120_2_120_2: OK
26.04.24/150_2.2_250_3: OK
26.04.24/150_2.2_350_3.5: OK
26.04.24/150_2.2_500_4: OK
26.04.24/60_0.75_60_2: OK
26.04.24/60_1.5_60_1.5: OK
26.04.24/90_0.75_90_2: OK
26.06.02/120_2_120_2: OK
26.06.02/150_2.2_250_3: OK
26.06.02/150_2.2_500_5: OK
26.06.02/60_0.75_60_2: OK
26.06.02/60_1.5_60_1.5: OK
26.06.02/90_0.75_90_2: OK
26.04.21/P100_D0.75_P100_D2: OK
26.04.21/P200_D1.5_P200_D4: OK
26.04.21/P60_D0.75_P60_D2: OK
26.04.21/P70_D0.75_P70_D2: OK
26.04.21/P80_D0.75_P80_D2: OK
26.04.21/P90_D0.75_P90_D2: OK
26.03.24/P100_D3: OK
26.03.24/P40_D0.7: OK
26.03.24/P60_D1.5: OK

=== fs3 ModeA 세션 요약 ===
26.07.22: q1 1.66 q2 2.48 dq1 0.41 dq2 0.59 τ1 0.21 τ2 0.57
26.07.23: q1 1.58 q2 2.49 dq1 0.40 dq2 0.41 τ1 0.34 τ2 0.49
26.07.24: q1 2.46 q2 5.45 dq1 0.51 dq2 0.84 τ1 0.46 τ2 0.38
26.07.25: q1 1.67 q2 1.78 dq1 0.23 dq2 0.20 τ1 0.43 τ2 0.67
26.07.27: q1 1.34 q2 2.31 dq1 0.32 dq2 0.32 τ1 0.26 τ2 0.55
26.04.24: q1 1.23 q2 2.61 dq1 0.24 dq2 0.41 τ1 0.28 τ2 0.64
26.06.02: q1 1.07 q2 2.12 dq1 0.20 dq2 0.30 τ1 0.26 τ2 0.44
26.04.21: q1 1.20 q2 2.74 dq1 0.23 dq2 0.37 τ1 0.23 τ2 0.60
26.03.24: q1 1.18 q2 3.28 dq1 0.27 dq2 0.41 τ1 0.27 τ2 0.62
done
