warm-start from previous mshoot best
warm-start from previous fourbar best
26.07.22/120_2_120_2: OK
26.07.22/150_2.2_250_3: OK
26.07.22/150_3.3_500_5: OK
26.07.22/60_0.75_60_2: OK
26.07.22/60_1.5_60_1.5: OK
26.07.23/150_2.2_250_3: OK
26.07.23/150_2.2_500_5: OK
26.07.23/60_0.75_60_2: OK
26.07.24/150_2.2_250_3: OK
26.07.24/150_2.2_350_3.5: OK
26.07.24/150_2.2_500_5: OK
26.07.25/100_1.5_250_3: OK
26.07.25/120_2_250_3: OK
26.07.25/150_2.2_250_3: OK
26.07.25/200_2.5_250_3: OK
26.07.27/100_1.5_250_3: OK
26.07.27/120_2_250_3: OK
26.07.27/150_2.2_250_3: OK
26.07.27/200_2.5_250_3: OK
26.07.27/250_3_250_3: OK
26.07.27/60_2_250_3: OK
26.07.27/80_2_250_3: OK
26.04.24/120_2.2_150_2.5: OK
26.04.24/120_2.2_200_2.8: OK
26.04.24/120_2_120_2: OK
26.04.24/150_2.2_250_3: OK
26.04.24/150_2.2_350_3.5: OK
26.04.24/150_2.2_500_4: OK
26.04.24/60_0.75_60_2: OK
26.04.24/60_1.5_60_1.5: OK
26.04.24/90_0.75_90_2: OK
26.06.02/120_2_120_2: OK
26.06.02/150_2.2_250_3: OK
26.06.02/150_2.2_500_5: OK
26.06.02/60_0.75_60_2: OK
26.06.02/60_1.5_60_1.5: OK
26.06.02/90_0.75_90_2: OK
26.04.21/P100_D0.75_P100_D2: OK
26.04.21/P200_D1.5_P200_D4: OK
26.04.21/P60_D0.75_P60_D2: OK
26.04.21/P70_D0.75_P70_D2: OK
26.04.21/P80_D0.75_P80_D2: OK
26.04.21/P90_D0.75_P90_D2: OK

=== fs3 CL score 창 세션 요약 ===
26.07.22: q1 0.53 q2 0.81 dq1 0.21 dq2 0.39 τ1 0.75 τ2 1.11
26.07.23: q1 1.17 q2 0.55 dq1 0.34 dq2 0.23 τ1 1.41 τ2 0.95
26.07.24: q1 0.73 q2 0.28 dq1 0.24 dq2 0.15 τ1 1.33 τ2 1.08
26.07.25: q1 1.48 q2 0.19 dq1 0.25 dq2 0.13 τ1 2.11 τ2 0.75
26.07.27: q1 0.66 q2 0.15 dq1 0.24 dq2 0.14 τ1 0.88 τ2 0.51
26.04.24: q1 1.27 q2 0.70 dq1 0.13 dq2 0.24 τ1 1.72 τ2 1.22
26.06.02: q1 1.00 q2 0.57 dq1 0.16 dq2 0.22 τ1 1.26 τ2 0.94
26.04.21: q1 1.66 q2 1.27 dq1 0.15 dq2 0.19 τ1 1.83 τ2 1.17

=== fs3 CL push 창 세션 요약 ===
26.07.22: q1 0.98 q2 2.90 dq1 0.91 dq2 1.74 τ1 1.91 τ2 4.68
26.07.23: q1 2.91 q2 1.53 dq1 1.41 dq2 0.89 τ1 3.01 τ2 3.41
26.07.24: q1 1.55 q2 1.00 dq1 1.01 dq2 0.58 τ1 2.14 τ2 3.75
26.07.25: q1 1.71 q2 0.71 dq1 1.20 dq2 0.52 τ1 2.46 τ2 2.03
26.07.27: q1 1.51 q2 0.66 dq1 1.06 dq2 0.54 τ1 2.01 τ2 1.78
26.04.24: q1 1.32 q2 1.23 dq1 0.37 dq2 0.80 τ1 1.60 τ2 3.13
26.06.02: q1 0.96 q2 1.46 dq1 0.64 dq2 0.91 τ1 1.36 τ2 3.54
26.04.21: q1 1.94 q2 1.79 dq1 0.44 dq2 0.58 τ1 1.85 τ2 1.72
done
