=== μ=0.90 ===
warm-start from previous mshoot best
warm-start from previous fourbar best
26.07.22/120_2_120_2: OK
26.07.22/150_2.2_250_3: OK
26.07.22/150_3.3_500_5: OK
26.07.22/60_0.75_60_2: OK
26.07.22/60_1.5_60_1.5: OK
26.07.23/150_2.2_250_3: OK
26.07.23/150_2.2_500_5: OK
26.07.23/60_0.75_60_2: OK
26.07.24/150_2.2_250_3: OK
26.07.24/150_2.2_350_3.5: OK
26.07.24/150_2.2_500_5: OK
26.07.25/100_1.5_250_3: OK
26.07.25/120_2_250_3: OK
26.07.25/150_2.2_250_3: OK
26.07.25/200_2.5_250_3: OK
26.07.27/100_1.5_250_3: OK
26.07.27/120_2_250_3: OK
26.07.27/150_2.2_250_3: OK
26.07.27/200_2.5_250_3: OK
26.07.27/250_3_250_3: OK
26.07.27/60_2_250_3: OK
26.07.27/80_2_250_3: OK
26.04.24/120_2.2_150_2.5: OK
26.04.24/120_2.2_200_2.8: OK
26.04.24/120_2_120_2: OK
26.04.24/150_2.2_250_3: OK
26.04.24/150_2.2_350_3.5: OK
26.04.24/150_2.2_500_4: OK
26.04.24/60_0.75_60_2: OK
26.04.24/60_1.5_60_1.5: OK
26.04.24/90_0.75_90_2: OK
26.06.02/120_2_120_2: OK
26.06.02/150_2.2_250_3: OK
26.06.02/150_2.2_500_5: OK
26.06.02/60_0.75_60_2: OK
26.06.02/60_1.5_60_1.5: OK
26.06.02/90_0.75_90_2: OK
26.04.21/P100_D0.75_P100_D2: OK
26.04.21/P200_D1.5_P200_D4: OK
26.04.21/P60_D0.75_P60_D2: OK
26.04.21/P70_D0.75_P70_D2: OK
26.04.21/P80_D0.75_P80_D2: OK
26.04.21/P90_D0.75_P90_D2: OK

=== fs3 CL score 창 세션 요약 ===
26.07.22: q1 0.82 q2 0.77 dq1 0.23 dq2 0.39 τ1 1.04 τ2 1.11
26.07.23: q1 0.84 q2 0.49 dq1 0.31 dq2 0.23 τ1 1.01 τ2 0.93
26.07.24: q1 0.55 q2 0.28 dq1 0.22 dq2 0.16 τ1 0.98 τ2 1.12
26.07.25: q1 1.76 q2 0.23 dq1 0.26 dq2 0.13 τ1 2.50 τ2 0.88
26.07.27: q1 1.11 q2 0.17 dq1 0.25 dq2 0.14 τ1 1.48 τ2 0.62
26.04.24: q1 0.78 q2 0.58 dq1 0.12 dq2 0.24 τ1 1.10 τ2 1.10
26.06.02: q1 0.53 q2 0.51 dq1 0.15 dq2 0.23 τ1 0.74 τ2 0.90
26.04.21: q1 1.08 q2 1.09 dq1 0.14 dq2 0.19 τ1 1.23 τ2 0.99

=== fs3 CL push 창 세션 요약 ===
26.07.22: q1 1.00 q2 2.94 dq1 0.97 dq2 1.76 τ1 1.90 τ2 4.73
26.07.23: q1 2.59 q2 1.53 dq1 1.26 dq2 0.88 τ1 2.73 τ2 3.46
26.07.24: q1 1.48 q2 1.03 dq1 0.92 dq2 0.61 τ1 2.10 τ2 3.90
26.07.25: q1 1.88 q2 0.74 dq1 1.24 dq2 0.53 τ1 2.63 τ2 2.17
26.07.27: q1 1.83 q2 0.71 dq1 1.10 dq2 0.56 τ1 2.39 τ2 1.93
26.04.24: q1 1.14 q2 1.14 dq1 0.34 dq2 0.80 τ1 1.47 τ2 3.09
26.06.02: q1 0.72 q2 1.56 dq1 0.56 dq2 0.95 τ1 1.18 τ2 3.64
26.04.21: q1 1.57 q2 1.63 dq1 0.40 dq2 0.57 τ1 1.57 τ2 1.60
done
26.07.22/120_2_120_2: OK
26.07.22/150_2.2_250_3: OK
26.07.22/150_3.3_500_5: OK
26.07.22/60_0.75_60_2: OK
26.07.22/60_1.5_60_1.5: OK
26.07.23/150_2.2_250_3: OK
26.07.23/150_2.2_500_5: OK
26.07.23/60_0.75_60_2: OK
26.07.24/150_2.2_250_3: OK
26.07.24/150_2.2_350_3.5: OK
26.07.24/150_2.2_500_5: OK
26.07.25/100_1.5_250_3: OK
26.07.25/120_2_250_3: OK
26.07.25/150_2.2_250_3: OK
26.07.25/200_2.5_250_3: OK
26.07.27/100_1.5_250_3: OK
26.07.27/120_2_250_3: OK
26.07.27/150_2.2_250_3: OK
26.07.27/200_2.5_250_3: OK
26.07.27/250_3_250_3: OK
26.07.27/60_2_250_3: OK
26.07.27/80_2_250_3: OK
26.04.24/120_2.2_150_2.5: OK
26.04.24/120_2.2_200_2.8: OK
26.04.24/120_2_120_2: OK
26.04.24/150_2.2_250_3: OK
26.04.24/150_2.2_350_3.5: OK
26.04.24/150_2.2_500_4: OK
26.04.24/60_0.75_60_2: OK
26.04.24/60_1.5_60_1.5: OK
26.04.24/90_0.75_90_2: OK
26.06.02/120_2_120_2: OK
26.06.02/150_2.2_250_3: OK
26.06.02/150_2.2_500_5: OK
26.06.02/60_0.75_60_2: OK
26.06.02/60_1.5_60_1.5: OK
26.06.02/90_0.75_90_2: OK
26.04.21/P100_D0.75_P100_D2: OK
26.04.21/P200_D1.5_P200_D4: OK
26.04.21/P60_D0.75_P60_D2: OK
26.04.21/P70_D0.75_P70_D2: OK
26.04.21/P80_D0.75_P80_D2: OK
26.04.21/P90_D0.75_P90_D2: OK
26.03.24/P100_D3: OK
26.03.24/P40_D0.7: OK
26.03.24/P60_D1.5: OK

=== fs3 ModeA 세션 요약 ===
26.07.22: q1 1.47 q2 2.50 dq1 0.40 dq2 0.61 τ1 0.22 τ2 0.57
26.07.23: q1 1.51 q2 2.45 dq1 0.37 dq2 0.44 τ1 0.34 τ2 0.50
26.07.24: q1 2.34 q2 5.21 dq1 0.51 dq2 0.85 τ1 0.47 τ2 0.38
26.07.25: q1 1.33 q2 1.78 dq1 0.24 dq2 0.20 τ1 0.45 τ2 0.67
26.07.27: q1 1.40 q2 2.29 dq1 0.32 dq2 0.32 τ1 0.27 τ2 0.55
26.04.24: q1 1.29 q2 2.60 dq1 0.23 dq2 0.41 τ1 0.28 τ2 0.64
26.06.02: q1 1.05 q2 2.08 dq1 0.19 dq2 0.31 τ1 0.27 τ2 0.45
26.04.21: q1 1.27 q2 2.70 dq1 0.22 dq2 0.37 τ1 0.24 τ2 0.60
26.03.24: q1 1.36 q2 3.29 dq1 0.26 dq2 0.42 τ1 0.27 τ2 0.62
done
=== μ=0.95 ===
warm-start from previous mshoot best
warm-start from previous fourbar best
26.07.22/120_2_120_2: OK
26.07.22/150_2.2_250_3: OK
26.07.22/150_3.3_500_5: OK
26.07.22/60_0.75_60_2: OK
26.07.22/60_1.5_60_1.5: OK
26.07.23/150_2.2_250_3: OK
26.07.23/150_2.2_500_5: OK
26.07.23/60_0.75_60_2: OK
26.07.24/150_2.2_250_3: OK
26.07.24/150_2.2_350_3.5: OK
26.07.24/150_2.2_500_5: OK
26.07.25/100_1.5_250_3: OK
26.07.25/120_2_250_3: OK
26.07.25/150_2.2_250_3: OK
26.07.25/200_2.5_250_3: OK
26.07.27/100_1.5_250_3: OK
26.07.27/120_2_250_3: OK
26.07.27/150_2.2_250_3: OK
26.07.27/200_2.5_250_3: OK
26.07.27/250_3_250_3: OK
26.07.27/60_2_250_3: OK
26.07.27/80_2_250_3: OK
26.04.24/120_2.2_150_2.5: OK
26.04.24/120_2.2_200_2.8: OK
26.04.24/120_2_120_2: OK
26.04.24/150_2.2_250_3: OK
26.04.24/150_2.2_350_3.5: OK
26.04.24/150_2.2_500_4: OK
26.04.24/60_0.75_60_2: OK
26.04.24/60_1.5_60_1.5: OK
26.04.24/90_0.75_90_2: OK
26.06.02/120_2_120_2: OK
26.06.02/150_2.2_250_3: OK
26.06.02/150_2.2_500_5: OK
26.06.02/60_0.75_60_2: OK
26.06.02/60_1.5_60_1.5: OK
26.06.02/90_0.75_90_2: OK
26.04.21/P100_D0.75_P100_D2: OK
26.04.21/P200_D1.5_P200_D4: OK
26.04.21/P60_D0.75_P60_D2: OK
26.04.21/P70_D0.75_P70_D2: OK
26.04.21/P80_D0.75_P80_D2: OK
26.04.21/P90_D0.75_P90_D2: OK

=== fs3 CL score 창 세션 요약 ===
26.07.22: q1 0.81 q2 0.77 dq1 0.23 dq2 0.39 τ1 1.03 τ2 1.12
26.07.23: q1 0.91 q2 0.51 dq1 0.32 dq2 0.23 τ1 1.08 τ2 0.96
26.07.24: q1 0.56 q2 0.29 dq1 0.23 dq2 0.16 τ1 1.00 τ2 1.14
26.07.25: q1 1.76 q2 0.23 dq1 0.26 dq2 0.13 τ1 2.51 τ2 0.87
26.07.27: q1 1.10 q2 0.18 dq1 0.25 dq2 0.14 τ1 1.47 τ2 0.61
26.04.24: q1 0.82 q2 0.59 dq1 0.12 dq2 0.24 τ1 1.15 τ2 1.11
26.06.02: q1 0.56 q2 0.52 dq1 0.15 dq2 0.23 τ1 0.78 τ2 0.90
26.04.21: q1 1.12 q2 1.11 dq1 0.14 dq2 0.19 τ1 1.28 τ2 1.01

=== fs3 CL push 창 세션 요약 ===
26.07.22: q1 1.00 q2 2.95 dq1 0.97 dq2 1.76 τ1 1.90 τ2 4.74
26.07.23: q1 2.82 q2 1.59 dq1 1.33 dq2 0.90 τ1 2.89 τ2 3.56
26.07.24: q1 1.50 q2 1.06 dq1 0.96 dq2 0.61 τ1 2.10 τ2 3.98
26.07.25: q1 1.88 q2 0.74 dq1 1.24 dq2 0.53 τ1 2.64 τ2 2.13
26.07.27: q1 1.82 q2 0.71 dq1 1.10 dq2 0.56 τ1 2.38 τ2 1.93
26.04.24: q1 1.19 q2 1.15 dq1 0.34 dq2 0.80 τ1 1.52 τ2 3.09
26.06.02: q1 0.72 q2 1.60 dq1 0.56 dq2 0.96 τ1 1.18 τ2 3.66
26.04.21: q1 1.64 q2 1.65 dq1 0.40 dq2 0.57 τ1 1.65 τ2 1.62
done
26.07.22/120_2_120_2: OK
26.07.22/150_2.2_250_3: OK
26.07.22/150_3.3_500_5: OK
26.07.22/60_0.75_60_2: OK
26.07.22/60_1.5_60_1.5: OK
26.07.23/150_2.2_250_3: OK
26.07.23/150_2.2_500_5: OK
26.07.23/60_0.75_60_2: OK
26.07.24/150_2.2_250_3: OK
26.07.24/150_2.2_350_3.5: OK
26.07.24/150_2.2_500_5: OK
26.07.25/100_1.5_250_3: OK
26.07.25/120_2_250_3: OK
26.07.25/150_2.2_250_3: OK
26.07.25/200_2.5_250_3: OK
26.07.27/100_1.5_250_3: OK
26.07.27/120_2_250_3: OK
26.07.27/150_2.2_250_3: OK
26.07.27/200_2.5_250_3: OK
26.07.27/250_3_250_3: OK
26.07.27/60_2_250_3: OK
26.07.27/80_2_250_3: OK
26.04.24/120_2.2_150_2.5: OK
26.04.24/120_2.2_200_2.8: OK
26.04.24/120_2_120_2: OK
26.04.24/150_2.2_250_3: OK
26.04.24/150_2.2_350_3.5: OK
26.04.24/150_2.2_500_4: OK
26.04.24/60_0.75_60_2: OK
26.04.24/60_1.5_60_1.5: OK
26.04.24/90_0.75_90_2: OK
26.06.02/120_2_120_2: OK
26.06.02/150_2.2_250_3: OK
26.06.02/150_2.2_500_5: OK
26.06.02/60_0.75_60_2: OK
26.06.02/60_1.5_60_1.5: OK
26.06.02/90_0.75_90_2: OK
26.04.21/P100_D0.75_P100_D2: OK
26.04.21/P200_D1.5_P200_D4: OK
26.04.21/P60_D0.75_P60_D2: OK
26.04.21/P70_D0.75_P70_D2: OK
26.04.21/P80_D0.75_P80_D2: OK
26.04.21/P90_D0.75_P90_D2: OK
26.03.24/P100_D3: OK
26.03.24/P40_D0.7: OK
26.03.24/P60_D1.5: OK

=== fs3 ModeA 세션 요약 ===
26.07.22: q1 1.47 q2 2.50 dq1 0.40 dq2 0.61 τ1 0.22 τ2 0.57
26.07.23: q1 1.56 q2 2.42 dq1 0.38 dq2 0.44 τ1 0.34 τ2 0.50
26.07.24: q1 2.61 q2 5.19 dq1 0.52 dq2 0.85 τ1 0.46 τ2 0.37
26.07.25: q1 1.33 q2 1.78 dq1 0.24 dq2 0.20 τ1 0.44 τ2 0.66
26.07.27: q1 1.40 q2 2.29 dq1 0.32 dq2 0.32 τ1 0.27 τ2 0.55
26.04.24: q1 1.29 q2 2.60 dq1 0.23 dq2 0.41 τ1 0.29 τ2 0.64
26.06.02: q1 1.06 q2 2.06 dq1 0.19 dq2 0.31 τ1 0.26 τ2 0.45
26.04.21: q1 1.27 q2 2.70 dq1 0.22 dq2 0.37 τ1 0.24 τ2 0.60
26.03.24: q1 1.35 q2 3.29 dq1 0.26 dq2 0.42 τ1 0.27 τ2 0.62
done
ALLDONE
