===== svg15 =====
warm-start from previous mshoot best
warm-start from previous fourbar best
26.07.22/120_2_120_2: OK
26.07.22/150_2.2_250_3: OK
26.07.22/150_3.3_500_5: OK
26.07.22/60_0.75_60_2: OK
26.07.22/60_1.5_60_1.5: OK
26.07.23/150_2.2_250_3: OK
26.07.23/150_2.2_500_5: OK
26.07.23/60_0.75_60_2: OK
26.07.24/150_2.2_250_3: OK
26.07.24/150_2.2_350_3.5: OK
26.07.24/150_2.2_500_5: OK
26.07.25/100_1.5_250_3: OK
26.07.25/120_2_250_3: OK
26.07.25/150_2.2_250_3: OK
26.07.25/200_2.5_250_3: OK
26.07.27/100_1.5_250_3: OK
26.07.27/120_2_250_3: OK
26.07.27/150_2.2_250_3: OK
26.07.27/200_2.5_250_3: OK
26.07.27/250_3_250_3: OK
26.07.27/60_2_250_3: OK
26.07.27/80_2_250_3: OK
26.04.24/120_2.2_150_2.5: OK
26.04.24/120_2.2_200_2.8: OK
26.04.24/120_2_120_2: OK
26.04.24/150_2.2_250_3: OK
26.04.24/150_2.2_350_3.5: OK
26.04.24/150_2.2_500_4: OK
26.04.24/60_0.75_60_2: OK
26.04.24/60_1.5_60_1.5: OK
26.04.24/90_0.75_90_2: OK
26.06.02/120_2_120_2: OK
26.06.02/150_2.2_250_3: OK
26.06.02/150_2.2_500_5: OK
26.06.02/60_0.75_60_2: OK
26.06.02/60_1.5_60_1.5: OK
26.06.02/90_0.75_90_2: OK
26.04.21/P100_D0.75_P100_D2: OK
26.04.21/P200_D1.5_P200_D4: OK
26.04.21/P60_D0.75_P60_D2: OK
26.04.21/P70_D0.75_P70_D2: OK
26.04.21/P80_D0.75_P80_D2: OK
26.04.21/P90_D0.75_P90_D2: OK

=== fs3 CL score 창 세션 요약 ===
26.07.22: q1 0.79 q2 0.63 dq1 0.23 dq2 0.33 τ1 1.01 τ2 0.87
26.07.23: q1 0.83 q2 0.43 dq1 0.27 dq2 0.19 τ1 0.97 τ2 0.80
26.07.24: q1 0.56 q2 0.27 dq1 0.20 dq2 0.17 τ1 1.02 τ2 1.06
26.07.25: q1 1.79 q2 0.29 dq1 0.26 dq2 0.14 τ1 2.55 τ2 0.95
26.07.27: q1 1.08 q2 0.23 dq1 0.25 dq2 0.16 τ1 1.45 τ2 0.69
26.04.24: q1 0.94 q2 0.75 dq1 0.14 dq2 0.30 τ1 1.27 τ2 1.19
26.06.02: q1 0.61 q2 0.50 dq1 0.16 dq2 0.28 τ1 0.80 τ2 0.79
26.04.21: q1 1.28 q2 1.19 dq1 0.16 dq2 0.25 τ1 1.39 τ2 1.08

=== fs3 CL push 창 세션 요약 ===
26.07.22: q1 1.01 q2 2.19 dq1 0.99 dq2 1.46 τ1 1.79 τ2 3.49
26.07.23: q1 2.34 q2 1.08 dq1 1.09 dq2 0.74 τ1 2.43 τ2 2.82
26.07.24: q1 1.31 q2 0.94 dq1 0.81 dq2 0.65 τ1 1.88 τ2 3.56
26.07.25: q1 1.85 q2 1.10 dq1 1.25 dq2 0.58 τ1 2.57 τ2 2.69
26.07.27: q1 1.71 q2 0.95 dq1 1.09 dq2 0.65 τ1 2.32 τ2 2.36
26.04.24: q1 1.52 q2 1.89 dq1 0.41 dq2 1.03 τ1 1.84 τ2 3.31
26.06.02: q1 0.85 q2 1.25 dq1 0.63 dq2 1.19 τ1 1.17 τ2 2.92
26.04.21: q1 2.01 q2 1.99 dq1 0.49 dq2 0.82 τ1 1.98 τ2 1.89
done
26.07.22/120_2_120_2: OK
26.07.22/150_2.2_250_3: OK
26.07.22/150_3.3_500_5: OK
26.07.22/60_0.75_60_2: OK
26.07.22/60_1.5_60_1.5: OK
26.07.23/150_2.2_250_3: OK
26.07.23/150_2.2_500_5: OK
26.07.23/60_0.75_60_2: OK
26.07.24/150_2.2_250_3: OK
26.07.24/150_2.2_350_3.5: OK
26.07.24/150_2.2_500_5: OK
26.07.25/100_1.5_250_3: OK
26.07.25/120_2_250_3: OK
26.07.25/150_2.2_250_3: OK
26.07.25/200_2.5_250_3: OK
26.07.27/100_1.5_250_3: OK
26.07.27/120_2_250_3: OK
26.07.27/150_2.2_250_3: OK
26.07.27/200_2.5_250_3: OK
26.07.27/250_3_250_3: OK
26.07.27/60_2_250_3: OK
26.07.27/80_2_250_3: OK
26.04.24/120_2.2_150_2.5: OK
26.04.24/120_2.2_200_2.8: OK
26.04.24/120_2_120_2: OK
26.04.24/150_2.2_250_3: OK
26.04.24/150_2.2_350_3.5: OK
26.04.24/150_2.2_500_4: OK
26.04.24/60_0.75_60_2: OK
26.04.24/60_1.5_60_1.5: OK
26.04.24/90_0.75_90_2: OK
26.06.02/120_2_120_2: OK
26.06.02/150_2.2_250_3: OK
26.06.02/150_2.2_500_5: OK
26.06.02/60_0.75_60_2: OK
26.06.02/60_1.5_60_1.5: OK
26.06.02/90_0.75_90_2: OK
26.04.21/P100_D0.75_P100_D2: OK
26.04.21/P200_D1.5_P200_D4: OK
26.04.21/P60_D0.75_P60_D2: OK
26.04.21/P70_D0.75_P70_D2: OK
26.04.21/P80_D0.75_P80_D2: OK
26.04.21/P90_D0.75_P90_D2: OK
26.03.24/P100_D3: OK
26.03.24/P40_D0.7: OK
26.03.24/P60_D1.5: OK

=== fs3 ModeA 세션 요약 ===
26.07.22: q1 1.42 q2 2.27 dq1 0.37 dq2 0.39 τ1 0.22 τ2 0.57
26.07.23: q1 1.53 q2 2.18 dq1 0.34 dq2 0.35 τ1 0.34 τ2 0.50
26.07.24: q1 2.60 q2 4.86 dq1 0.46 dq2 0.64 τ1 0.46 τ2 0.38
26.07.25: q1 1.35 q2 1.85 dq1 0.25 dq2 0.24 τ1 0.44 τ2 0.67
26.07.27: q1 1.32 q2 2.08 dq1 0.31 dq2 0.29 τ1 0.27 τ2 0.54
26.04.24: q1 1.28 q2 2.53 dq1 0.26 dq2 0.48 τ1 0.28 τ2 0.64
26.06.02: q1 1.05 q2 1.97 dq1 0.19 dq2 0.28 τ1 0.26 τ2 0.45
26.04.21: q1 1.21 q2 2.53 dq1 0.25 dq2 0.39 τ1 0.24 τ2 0.60
26.03.24: q1 1.30 q2 3.07 dq1 0.28 dq2 0.54 τ1 0.28 τ2 0.62
done
warm-start from previous mshoot best
warm-start from previous fourbar best
세션           |Δh| 중앙    h예 (sim/real)  슬립 sim(무슬립일 기준선 대비)
26.04.21         nan                —                  6.5
26.04.24        21.3        48.4/27.1                  5.9
26.06.02         nan                —                  5.3
26.07.22        12.0        50.4/33.9                  6.5
26.07.23        12.1        43.2/31.1                  4.6
26.07.24         5.2        34.6/29.4                  7.0
26.07.25         9.3        36.1/26.6                  5.7
26.07.27        10.7        43.3/31.4                  6.8
done → _D_secondary.json
warm-start from previous mshoot best
warm-start from previous fourbar best
26.07.22/120_2_120_2: OK
26.07.22/150_2.2_250_3: OK
26.07.22/150_3.3_500_5: OK
26.07.22/60_0.75_60_2: OK
26.07.22/60_1.5_60_1.5: OK
26.07.23/150_2.2_250_3: OK
26.07.23/150_2.2_500_5: OK
26.07.23/60_0.75_60_2: OK
26.07.24/150_2.2_250_3: OK
26.07.24/150_2.2_350_3.5: OK
26.07.24/150_2.2_500_5: OK
26.07.25/100_1.5_250_3: OK
26.07.25/120_2_250_3: OK
26.07.25/150_2.2_250_3: OK
26.07.25/200_2.5_250_3: OK
26.07.27/100_1.5_250_3: OK
26.07.27/120_2_250_3: OK
26.07.27/150_2.2_250_3: OK
26.07.27/200_2.5_250_3: OK
26.07.27/250_3_250_3: OK
26.07.27/60_2_250_3: OK
26.07.27/80_2_250_3: OK
26.04.24/120_2.2_150_2.5: OK
26.04.24/120_2.2_200_2.8: OK
26.04.24/120_2_120_2: OK
26.04.24/150_2.2_250_3: OK
26.04.24/150_2.2_350_3.5: OK
26.04.24/150_2.2_500_4: OK
26.04.24/60_0.75_60_2: OK
26.04.24/60_1.5_60_1.5: OK
26.04.24/90_0.75_90_2: OK
26.06.02/120_2_120_2: OK
26.06.02/150_2.2_250_3: OK
26.06.02/150_2.2_500_5: OK
26.06.02/60_0.75_60_2: OK
26.06.02/60_1.5_60_1.5: OK
26.06.02/90_0.75_90_2: OK
26.04.21/P100_D0.75_P100_D2: OK
26.04.21/P200_D1.5_P200_D4: OK
26.04.21/P60_D0.75_P60_D2: OK
26.04.21/P70_D0.75_P70_D2: OK
26.04.21/P80_D0.75_P80_D2: OK
26.04.21/P90_D0.75_P90_D2: OK
26.03.24/P100_D3: OK
26.03.24/P40_D0.7: OK
26.03.24/P60_D1.5: OK

=== U-보드 CL (세션 평균) ===
26.04.21: q1 1.43 q2 1.85 dq1 0.62 dq2 0.82 t1 1.36 t2 1.80
26.04.24: q1 1.24 q2 2.18 dq1 0.70 dq2 1.17 t1 1.56 t2 3.45
26.06.02: q1 0.83 q2 1.39 dq1 0.74 dq2 1.28 t1 1.21 t2 2.88
26.07.22: q1 1.29 q2 2.70 dq1 1.11 dq2 1.81 t1 2.21 t2 3.93
26.07.23: q1 2.19 q2 0.86 dq1 1.12 dq2 0.80 t1 2.33 t2 2.61
26.07.24: q1 1.43 q2 0.84 dq1 0.85 dq2 0.62 t1 2.32 t2 3.26
26.07.25: q1 1.27 q2 0.70 dq1 1.32 dq2 0.74 t1 2.62 t2 1.95
26.07.27: q1 0.93 q2 0.93 dq1 1.04 dq2 0.73 t1 1.67 t2 2.57
세션합: 10.62 11.46 7.50 7.94 15.28 22.44

=== U-보드 MA (세션 평균) ===
26.03.24: q1 2.47 q2 7.10 dq1 1.04 dq2 2.04 t1 0.68 t2 0.82
26.04.21: q1 3.21 q2 4.88 dq1 1.15 dq2 1.97 t1 0.40 t2 0.59
26.04.24: q1 4.96 q2 8.73 dq1 1.55 dq2 3.19 t1 0.68 t2 1.65
26.06.02: q1 2.23 q2 3.72 dq1 1.08 dq2 1.46 t1 0.69 t2 1.19
26.07.22: q1 4.00 q2 2.11 dq1 1.93 dq2 1.23 t1 0.29 t2 0.70
26.07.23: q1 4.21 q2 3.77 dq1 1.41 dq2 1.37 t1 0.69 t2 0.63
26.07.24: q1 2.78 q2 2.54 dq1 1.51 dq2 1.03 t1 1.27 t2 0.65
26.07.25: q1 4.02 q2 4.50 dq1 2.11 dq2 1.79 t1 0.52 t2 0.46
26.07.27: q1 1.64 q2 1.63 dq1 1.60 dq2 1.19 t1 0.67 t2 1.30
세션합: 29.52 38.98 13.38 15.26 5.88 8.00

=== MA 가드 (상대 max(+5%, +0.05)) ===
  ★위반 26.04.21 q1: 2.22→3.21
  ★위반 26.04.21 q2: 3.75→4.88
  ★위반 26.04.24 q1: 3.36→4.96
  ★위반 26.04.24 q2: 5.62→8.73
  ★위반 26.06.02 q1: 1.02→2.23
  ★위반 26.06.02 q2: 2.29→3.72
  ★위반 26.07.22 q1: 3.53→4.00
  ★위반 26.07.23 q1: 3.60→4.21
  ★위반 26.07.23 q2: 2.28→3.77
  ★위반 26.07.25 q1: 3.34→4.02
  ★위반 26.07.25 q2: 2.62→4.50
done
===== svg20 =====
warm-start from previous mshoot best
warm-start from previous fourbar best
26.07.22/120_2_120_2: OK
26.07.22/150_2.2_250_3: OK
26.07.22/150_3.3_500_5: OK
26.07.22/60_0.75_60_2: OK
26.07.22/60_1.5_60_1.5: OK
26.07.23/150_2.2_250_3: OK
26.07.23/150_2.2_500_5: OK
26.07.23/60_0.75_60_2: OK
26.07.24/150_2.2_250_3: OK
26.07.24/150_2.2_350_3.5: OK
26.07.24/150_2.2_500_5: OK
26.07.25/100_1.5_250_3: OK
26.07.25/120_2_250_3: OK
26.07.25/150_2.2_250_3: OK
26.07.25/200_2.5_250_3: OK
26.07.27/100_1.5_250_3: OK
26.07.27/120_2_250_3: OK
26.07.27/150_2.2_250_3: OK
26.07.27/200_2.5_250_3: OK
26.07.27/250_3_250_3: OK
26.07.27/60_2_250_3: OK
26.07.27/80_2_250_3: OK
26.04.24/120_2.2_150_2.5: OK
26.04.24/120_2.2_200_2.8: OK
26.04.24/120_2_120_2: OK
26.04.24/150_2.2_250_3: OK
26.04.24/150_2.2_350_3.5: OK
26.04.24/150_2.2_500_4: OK
26.04.24/60_0.75_60_2: OK
26.04.24/60_1.5_60_1.5: OK
26.04.24/90_0.75_90_2: OK
26.06.02/120_2_120_2: OK
26.06.02/150_2.2_250_3: OK
26.06.02/150_2.2_500_5: OK
26.06.02/60_0.75_60_2: OK
26.06.02/60_1.5_60_1.5: OK
26.06.02/90_0.75_90_2: OK
26.04.21/P100_D0.75_P100_D2: OK
26.04.21/P200_D1.5_P200_D4: OK
26.04.21/P60_D0.75_P60_D2: OK
26.04.21/P70_D0.75_P70_D2: OK
26.04.21/P80_D0.75_P80_D2: OK
26.04.21/P90_D0.75_P90_D2: OK

=== fs3 CL score 창 세션 요약 ===
26.07.22: q1 0.79 q2 0.66 dq1 0.23 dq2 0.35 τ1 1.01 τ2 0.92
26.07.23: q1 0.82 q2 0.44 dq1 0.27 dq2 0.20 τ1 0.96 τ2 0.81
26.07.24: q1 0.56 q2 0.27 dq1 0.20 dq2 0.16 τ1 1.02 τ2 1.06
26.07.25: q1 1.79 q2 0.28 dq1 0.26 dq2 0.14 τ1 2.55 τ2 0.95
26.07.27: q1 1.08 q2 0.21 dq1 0.25 dq2 0.16 τ1 1.45 τ2 0.66
26.04.24: q1 0.93 q2 0.72 dq1 0.13 dq2 0.29 τ1 1.26 τ2 1.16
26.06.02: q1 0.61 q2 0.50 dq1 0.15 dq2 0.27 τ1 0.80 τ2 0.81
26.04.21: q1 1.27 q2 1.18 dq1 0.16 dq2 0.24 τ1 1.39 τ2 1.06

=== fs3 CL push 창 세션 요약 ===
26.07.22: q1 1.00 q2 2.35 dq1 0.98 dq2 1.53 τ1 1.80 τ2 3.75
26.07.23: q1 2.33 q2 1.15 dq1 1.09 dq2 0.77 τ1 2.41 τ2 2.88
26.07.24: q1 1.31 q2 0.95 dq1 0.81 dq2 0.63 τ1 1.88 τ2 3.59
26.07.25: q1 1.86 q2 1.00 dq1 1.25 dq2 0.56 τ1 2.58 τ2 2.53
26.07.27: q1 1.72 q2 0.88 dq1 1.09 dq2 0.64 τ1 2.32 τ2 2.20
26.04.24: q1 1.46 q2 1.72 dq1 0.40 dq2 1.01 τ1 1.78 τ2 3.20
26.06.02: q1 0.80 q2 1.28 dq1 0.62 dq2 1.19 τ1 1.13 τ2 3.04
26.04.21: q1 1.95 q2 1.90 dq1 0.47 dq2 0.78 τ1 1.93 τ2 1.76
done
26.07.22/120_2_120_2: OK
26.07.22/150_2.2_250_3: OK
26.07.22/150_3.3_500_5: OK
26.07.22/60_0.75_60_2: OK
26.07.22/60_1.5_60_1.5: OK
26.07.23/150_2.2_250_3: OK
26.07.23/150_2.2_500_5: OK
26.07.23/60_0.75_60_2: OK
26.07.24/150_2.2_250_3: OK
26.07.24/150_2.2_350_3.5: OK
26.07.24/150_2.2_500_5: OK
26.07.25/100_1.5_250_3: OK
26.07.25/120_2_250_3: OK
26.07.25/150_2.2_250_3: OK
26.07.25/200_2.5_250_3: OK
26.07.27/100_1.5_250_3: OK
26.07.27/120_2_250_3: OK
26.07.27/150_2.2_250_3: OK
26.07.27/200_2.5_250_3: OK
26.07.27/250_3_250_3: OK
26.07.27/60_2_250_3: OK
26.07.27/80_2_250_3: OK
26.04.24/120_2.2_150_2.5: OK
26.04.24/120_2.2_200_2.8: OK
26.04.24/120_2_120_2: OK
26.04.24/150_2.2_250_3: OK
26.04.24/150_2.2_350_3.5: OK
26.04.24/150_2.2_500_4: OK
26.04.24/60_0.75_60_2: OK
26.04.24/60_1.5_60_1.5: OK
26.04.24/90_0.75_90_2: OK
26.06.02/120_2_120_2: OK
26.06.02/150_2.2_250_3: OK
26.06.02/150_2.2_500_5: OK
26.06.02/60_0.75_60_2: OK
26.06.02/60_1.5_60_1.5: OK
26.06.02/90_0.75_90_2: OK
26.04.21/P100_D0.75_P100_D2: OK
26.04.21/P200_D1.5_P200_D4: OK
26.04.21/P60_D0.75_P60_D2: OK
26.04.21/P70_D0.75_P70_D2: OK
26.04.21/P80_D0.75_P80_D2: OK
26.04.21/P90_D0.75_P90_D2: OK
26.03.24/P100_D3: OK
26.03.24/P40_D0.7: OK
26.03.24/P60_D1.5: OK

=== fs3 ModeA 세션 요약 ===
26.07.22: q1 1.42 q2 2.29 dq1 0.37 dq2 0.42 τ1 0.22 τ2 0.57
26.07.23: q1 1.52 q2 2.18 dq1 0.34 dq2 0.34 τ1 0.34 τ2 0.50
26.07.24: q1 2.59 q2 4.88 dq1 0.46 dq2 0.65 τ1 0.46 τ2 0.38
26.07.25: q1 1.34 q2 1.83 dq1 0.25 dq2 0.23 τ1 0.45 τ2 0.67
26.07.27: q1 1.32 q2 2.08 dq1 0.31 dq2 0.28 τ1 0.27 τ2 0.55
26.04.24: q1 1.26 q2 2.50 dq1 0.25 dq2 0.45 τ1 0.29 τ2 0.64
26.06.02: q1 1.04 q2 1.93 dq1 0.19 dq2 0.27 τ1 0.26 τ2 0.45
26.04.21: q1 1.20 q2 2.54 dq1 0.24 dq2 0.37 τ1 0.24 τ2 0.60
26.03.24: q1 1.27 q2 3.05 dq1 0.27 dq2 0.50 τ1 0.27 τ2 0.62
done
warm-start from previous mshoot best
warm-start from previous fourbar best
세션           |Δh| 중앙    h예 (sim/real)  슬립 sim(무슬립일 기준선 대비)
26.04.21         nan                —                  6.5
26.04.24        21.5        48.6/27.1                  5.9
26.06.02         nan                —                  5.3
26.07.22        13.0        51.6/33.9                  6.5
26.07.23        12.3        43.4/31.1                  4.6
26.07.24         5.7        35.1/29.4                  7.0
26.07.25         9.6        36.4/26.6                  5.7
26.07.27        10.9        43.5/31.4                  6.8
done → _D_secondary.json
warm-start from previous mshoot best
warm-start from previous fourbar best
26.07.22/120_2_120_2: OK
26.07.22/150_2.2_250_3: OK
26.07.22/150_3.3_500_5: OK
26.07.22/60_0.75_60_2: OK
26.07.22/60_1.5_60_1.5: OK
26.07.23/150_2.2_250_3: OK
26.07.23/150_2.2_500_5: OK
26.07.23/60_0.75_60_2: OK
26.07.24/150_2.2_250_3: OK
26.07.24/150_2.2_350_3.5: OK
26.07.24/150_2.2_500_5: OK
26.07.25/100_1.5_250_3: OK
26.07.25/120_2_250_3: OK
26.07.25/150_2.2_250_3: OK
26.07.25/200_2.5_250_3: OK
26.07.27/100_1.5_250_3: OK
26.07.27/120_2_250_3: OK
26.07.27/150_2.2_250_3: OK
26.07.27/200_2.5_250_3: OK
26.07.27/250_3_250_3: OK
26.07.27/60_2_250_3: OK
26.07.27/80_2_250_3: OK
26.04.24/120_2.2_150_2.5: OK
26.04.24/120_2.2_200_2.8: OK
26.04.24/120_2_120_2: OK
26.04.24/150_2.2_250_3: OK
26.04.24/150_2.2_350_3.5: OK
26.04.24/150_2.2_500_4: OK
26.04.24/60_0.75_60_2: OK
26.04.24/60_1.5_60_1.5: OK
26.04.24/90_0.75_90_2: OK
26.06.02/120_2_120_2: OK
26.06.02/150_2.2_250_3: OK
26.06.02/150_2.2_500_5: OK
26.06.02/60_0.75_60_2: OK
26.06.02/60_1.5_60_1.5: OK
26.06.02/90_0.75_90_2: OK
26.04.21/P100_D0.75_P100_D2: OK
26.04.21/P200_D1.5_P200_D4: OK
26.04.21/P60_D0.75_P60_D2: OK
26.04.21/P70_D0.75_P70_D2: OK
26.04.21/P80_D0.75_P80_D2: OK
26.04.21/P90_D0.75_P90_D2: OK
26.03.24/P100_D3: OK
26.03.24/P40_D0.7: OK
26.03.24/P60_D1.5: OK

=== U-보드 CL (세션 평균) ===
26.04.21: q1 1.36 q2 1.67 dq1 0.61 dq2 0.78 t1 1.29 t2 1.60
26.04.24: q1 1.17 q2 1.97 dq1 0.68 dq2 1.15 t1 1.49 t2 3.33
26.06.02: q1 0.79 q2 1.37 dq1 0.72 dq2 1.27 t1 1.19 t2 2.96
26.07.22: q1 1.26 q2 2.86 dq1 1.10 dq2 1.88 t1 2.21 t2 4.17
26.07.23: q1 2.20 q2 0.93 dq1 1.13 dq2 0.83 t1 2.34 t2 2.67
26.07.24: q1 1.44 q2 0.85 dq1 0.86 dq2 0.62 t1 2.33 t2 3.30
26.07.25: q1 1.24 q2 0.64 dq1 1.32 dq2 0.72 t1 2.59 t2 1.88
26.07.27: q1 0.92 q2 0.89 dq1 1.04 dq2 0.71 t1 1.66 t2 2.51
세션합: 10.38 11.18 7.46 7.96 15.11 22.43

=== U-보드 MA (세션 평균) ===
26.03.24: q1 2.70 q2 8.04 dq1 1.03 dq2 1.76 t1 0.68 t2 0.82
26.04.21: q1 2.88 q2 4.43 dq1 1.05 dq2 1.69 t1 0.40 t2 0.59
26.04.24: q1 4.60 q2 7.92 dq1 1.46 dq2 2.92 t1 0.68 t2 1.65
26.06.02: q1 1.92 q2 3.07 dq1 1.03 dq2 1.31 t1 0.68 t2 1.19
26.07.22: q1 3.87 q2 1.90 dq1 1.95 dq2 1.36 t1 0.29 t2 0.70
26.07.23: q1 3.98 q2 3.28 dq1 1.45 dq2 1.34 t1 0.69 t2 0.63
26.07.24: q1 2.78 q2 3.12 dq1 1.57 dq2 1.18 t1 1.27 t2 0.65
26.07.25: q1 3.85 q2 4.05 dq1 2.06 dq2 1.49 t1 0.52 t2 0.46
26.07.27: q1 1.56 q2 1.43 dq1 1.61 dq2 1.02 t1 0.67 t2 1.30
세션합: 28.14 37.24 13.21 14.05 5.88 8.00

=== MA 가드 (상대 max(+5%, +0.05)) ===
  ★위반 26.04.21 q1: 2.22→2.88
  ★위반 26.04.21 q2: 3.75→4.43
  ★위반 26.04.24 q1: 3.36→4.60
  ★위반 26.04.24 q2: 5.62→7.92
  ★위반 26.06.02 q1: 1.02→1.92
  ★위반 26.06.02 q2: 2.29→3.07
  ★위반 26.07.22 q1: 3.53→3.87
  ★위반 26.07.23 q1: 3.60→3.98
  ★위반 26.07.23 q2: 2.28→3.28
  ★위반 26.07.25 q1: 3.34→3.85
  ★위반 26.07.25 q2: 2.62→4.05
done
===== svg25 =====
warm-start from previous mshoot best
warm-start from previous fourbar best
26.07.22/120_2_120_2: OK
26.07.22/150_2.2_250_3: OK
26.07.22/150_3.3_500_5: OK
26.07.22/60_0.75_60_2: OK
26.07.22/60_1.5_60_1.5: OK
26.07.23/150_2.2_250_3: OK
26.07.23/150_2.2_500_5: OK
26.07.23/60_0.75_60_2: OK
26.07.24/150_2.2_250_3: OK
26.07.24/150_2.2_350_3.5: OK
26.07.24/150_2.2_500_5: OK
26.07.25/100_1.5_250_3: OK
26.07.25/120_2_250_3: OK
26.07.25/150_2.2_250_3: OK
26.07.25/200_2.5_250_3: OK
26.07.27/100_1.5_250_3: OK
26.07.27/120_2_250_3: OK
26.07.27/150_2.2_250_3: OK
26.07.27/200_2.5_250_3: OK
26.07.27/250_3_250_3: OK
26.07.27/60_2_250_3: OK
26.07.27/80_2_250_3: OK
26.04.24/120_2.2_150_2.5: OK
26.04.24/120_2.2_200_2.8: OK
26.04.24/120_2_120_2: OK
26.04.24/150_2.2_250_3: OK
26.04.24/150_2.2_350_3.5: OK
26.04.24/150_2.2_500_4: OK
26.04.24/60_0.75_60_2: OK
26.04.24/60_1.5_60_1.5: OK
26.04.24/90_0.75_90_2: OK
26.06.02/120_2_120_2: OK
26.06.02/150_2.2_250_3: OK
26.06.02/150_2.2_500_5: OK
26.06.02/60_0.75_60_2: OK
26.06.02/60_1.5_60_1.5: OK
26.06.02/90_0.75_90_2: OK
26.04.21/P100_D0.75_P100_D2: OK
26.04.21/P200_D1.5_P200_D4: OK
26.04.21/P60_D0.75_P60_D2: OK
26.04.21/P70_D0.75_P70_D2: OK
26.04.21/P80_D0.75_P80_D2: OK
26.04.21/P90_D0.75_P90_D2: OK

=== fs3 CL score 창 세션 요약 ===
26.07.22: q1 0.79 q2 0.68 dq1 0.23 dq2 0.36 τ1 1.01 τ2 0.97
26.07.23: q1 0.83 q2 0.45 dq1 0.27 dq2 0.20 τ1 0.97 τ2 0.82
26.07.24: q1 0.56 q2 0.27 dq1 0.20 dq2 0.16 τ1 1.02 τ2 1.07
26.07.25: q1 1.79 q2 0.27 dq1 0.26 dq2 0.14 τ1 2.55 τ2 0.91
26.07.27: q1 1.08 q2 0.20 dq1 0.25 dq2 0.15 τ1 1.45 τ2 0.66
26.04.24: q1 0.93 q2 0.70 dq1 0.13 dq2 0.28 τ1 1.26 τ2 1.15
26.06.02: q1 0.61 q2 0.50 dq1 0.15 dq2 0.27 τ1 0.80 τ2 0.82
26.04.21: q1 1.27 q2 1.17 dq1 0.16 dq2 0.23 τ1 1.38 τ2 1.05

=== fs3 CL push 창 세션 요약 ===
26.07.22: q1 1.00 q2 2.46 dq1 0.98 dq2 1.58 τ1 1.82 τ2 3.96
26.07.23: q1 2.34 q2 1.21 dq1 1.11 dq2 0.78 τ1 2.43 τ2 2.92
26.07.24: q1 1.32 q2 0.96 dq1 0.81 dq2 0.62 τ1 1.89 τ2 3.62
26.07.25: q1 1.86 q2 0.94 dq1 1.25 dq2 0.55 τ1 2.59 τ2 2.34
26.07.27: q1 1.72 q2 0.84 dq1 1.09 dq2 0.62 τ1 2.32 τ2 2.08
26.04.24: q1 1.42 q2 1.60 dq1 0.38 dq2 0.98 τ1 1.73 τ2 3.13
26.06.02: q1 0.77 q2 1.31 dq1 0.60 dq2 1.16 τ1 1.12 τ2 3.15
26.04.21: q1 1.92 q2 1.84 dq1 0.46 dq2 0.73 τ1 1.89 τ2 1.68
done
26.07.22/120_2_120_2: OK
26.07.22/150_2.2_250_3: OK
26.07.22/150_3.3_500_5: OK
26.07.22/60_0.75_60_2: OK
26.07.22/60_1.5_60_1.5: OK
26.07.23/150_2.2_250_3: OK
26.07.23/150_2.2_500_5: OK
26.07.23/60_0.75_60_2: OK
26.07.24/150_2.2_250_3: OK
26.07.24/150_2.2_350_3.5: OK
26.07.24/150_2.2_500_5: OK
26.07.25/100_1.5_250_3: OK
26.07.25/120_2_250_3: OK
26.07.25/150_2.2_250_3: OK
26.07.25/200_2.5_250_3: OK
26.07.27/100_1.5_250_3: OK
26.07.27/120_2_250_3: OK
26.07.27/150_2.2_250_3: OK
26.07.27/200_2.5_250_3: OK
26.07.27/250_3_250_3: OK
26.07.27/60_2_250_3: OK
26.07.27/80_2_250_3: OK
26.04.24/120_2.2_150_2.5: OK
26.04.24/120_2.2_200_2.8: OK
26.04.24/120_2_120_2: OK
26.04.24/150_2.2_250_3: OK
26.04.24/150_2.2_350_3.5: OK
26.04.24/150_2.2_500_4: OK
26.04.24/60_0.75_60_2: OK
26.04.24/60_1.5_60_1.5: OK
26.04.24/90_0.75_90_2: OK
26.06.02/120_2_120_2: OK
26.06.02/150_2.2_250_3: OK
26.06.02/150_2.2_500_5: OK
26.06.02/60_0.75_60_2: OK
26.06.02/60_1.5_60_1.5: OK
26.06.02/90_0.75_90_2: OK
26.04.21/P100_D0.75_P100_D2: OK
26.04.21/P200_D1.5_P200_D4: OK
26.04.21/P60_D0.75_P60_D2: OK
26.04.21/P70_D0.75_P70_D2: OK
26.04.21/P80_D0.75_P80_D2: OK
26.04.21/P90_D0.75_P90_D2: OK
26.03.24/P100_D3: OK
26.03.24/P40_D0.7: OK
26.03.24/P60_D1.5: OK

=== fs3 ModeA 세션 요약 ===
26.07.22: q1 1.42 q2 2.31 dq1 0.38 dq2 0.45 τ1 0.22 τ2 0.57
26.07.23: q1 1.52 q2 2.18 dq1 0.35 dq2 0.34 τ1 0.34 τ2 0.50
26.07.24: q1 2.58 q2 4.90 dq1 0.47 dq2 0.68 τ1 0.46 τ2 0.38
26.07.25: q1 1.34 q2 1.82 dq1 0.24 dq2 0.22 τ1 0.44 τ2 0.67
26.07.27: q1 1.32 q2 2.09 dq1 0.31 dq2 0.27 τ1 0.27 τ2 0.54
26.04.24: q1 1.25 q2 2.48 dq1 0.24 dq2 0.43 τ1 0.28 τ2 0.64
26.06.02: q1 1.03 q2 1.91 dq1 0.19 dq2 0.27 τ1 0.26 τ2 0.45
26.04.21: q1 1.20 q2 2.55 dq1 0.23 dq2 0.35 τ1 0.24 τ2 0.60
26.03.24: q1 1.26 q2 3.06 dq1 0.26 dq2 0.47 τ1 0.27 τ2 0.62
done
warm-start from previous mshoot best
warm-start from previous fourbar best
세션           |Δh| 중앙    h예 (sim/real)  슬립 sim(무슬립일 기준선 대비)
26.04.21         nan                —                  6.5
26.04.24        22.1        49.2/27.1                  5.9
26.06.02         nan                —                  5.3
26.07.22        13.7        52.6/33.9                  6.5
26.07.23        12.5        43.6/31.1                  4.6
26.07.24         5.9        35.3/29.4                  7.0
26.07.25         9.8        36.7/26.6                  5.7
26.07.27        11.2        43.7/31.4                  6.8
done → _D_secondary.json
warm-start from previous mshoot best
warm-start from previous fourbar best
26.07.22/120_2_120_2: OK
26.07.22/150_2.2_250_3: OK
26.07.22/150_3.3_500_5: OK
26.07.22/60_0.75_60_2: OK
26.07.22/60_1.5_60_1.5: OK
26.07.23/150_2.2_250_3: OK
26.07.23/150_2.2_500_5: OK
26.07.23/60_0.75_60_2: OK
26.07.24/150_2.2_250_3: OK
26.07.24/150_2.2_350_3.5: OK
26.07.24/150_2.2_500_5: OK
26.07.25/100_1.5_250_3: OK
26.07.25/120_2_250_3: OK
26.07.25/150_2.2_250_3: OK
26.07.25/200_2.5_250_3: OK
26.07.27/100_1.5_250_3: OK
26.07.27/120_2_250_3: OK
26.07.27/150_2.2_250_3: OK
26.07.27/200_2.5_250_3: OK
26.07.27/250_3_250_3: OK
26.07.27/60_2_250_3: OK
26.07.27/80_2_250_3: OK
26.04.24/120_2.2_150_2.5: OK
26.04.24/120_2.2_200_2.8: OK
26.04.24/120_2_120_2: OK
26.04.24/150_2.2_250_3: OK
26.04.24/150_2.2_350_3.5: OK
26.04.24/150_2.2_500_4: OK
26.04.24/60_0.75_60_2: OK
26.04.24/60_1.5_60_1.5: OK
26.04.24/90_0.75_90_2: OK
26.06.02/120_2_120_2: OK
26.06.02/150_2.2_250_3: OK
26.06.02/150_2.2_500_5: OK
26.06.02/60_0.75_60_2: OK
26.06.02/60_1.5_60_1.5: OK
26.06.02/90_0.75_90_2: OK
26.04.21/P100_D0.75_P100_D2: OK
26.04.21/P200_D1.5_P200_D4: OK
26.04.21/P60_D0.75_P60_D2: OK
26.04.21/P70_D0.75_P70_D2: OK
26.04.21/P80_D0.75_P80_D2: OK
26.04.21/P90_D0.75_P90_D2: OK
26.03.24/P100_D3: OK
26.03.24/P40_D0.7: OK
26.03.24/P60_D1.5: OK

=== U-보드 CL (세션 평균) ===
26.04.21: q1 1.31 q2 1.53 dq1 0.60 dq2 0.73 t1 1.24 t2 1.46
26.04.24: q1 1.12 q2 1.81 dq1 0.67 dq2 1.13 t1 1.46 t2 3.25
26.06.02: q1 0.76 q2 1.37 dq1 0.71 dq2 1.24 t1 1.19 t2 3.05
26.07.22: q1 1.25 q2 2.99 dq1 1.10 dq2 1.93 t1 2.23 t2 4.37
26.07.23: q1 2.20 q2 0.98 dq1 1.14 dq2 0.84 t1 2.34 t2 2.71
26.07.24: q1 1.44 q2 0.85 dq1 0.86 dq2 0.61 t1 2.32 t2 3.32
26.07.25: q1 1.22 q2 0.60 dq1 1.32 dq2 0.71 t1 2.57 t2 1.88
26.07.27: q1 0.91 q2 0.85 dq1 1.04 dq2 0.69 t1 1.65 t2 2.46
세션합: 10.20 10.99 7.43 7.88 15.01 22.51

=== U-보드 MA (세션 평균) ===
26.03.24: q1 2.96 q2 8.83 dq1 1.08 dq2 1.61 t1 0.68 t2 0.82
26.04.21: q1 2.69 q2 4.22 dq1 0.98 dq2 1.50 t1 0.40 t2 0.59
26.04.24: q1 4.36 q2 7.40 dq1 1.40 dq2 2.73 t1 0.68 t2 1.65
26.06.02: q1 1.71 q2 2.65 dq1 1.01 dq2 1.26 t1 0.68 t2 1.19
26.07.22: q1 3.80 q2 1.86 dq1 1.98 dq2 1.51 t1 0.29 t2 0.70
26.07.23: q1 3.85 q2 3.00 dq1 1.47 dq2 1.33 t1 0.69 t2 0.63
26.07.24: q1 2.80 q2 3.57 dq1 1.62 dq2 1.38 t1 1.27 t2 0.65
26.07.25: q1 3.75 q2 3.77 dq1 2.04 dq2 1.30 t1 0.52 t2 0.46
26.07.27: q1 1.53 q2 1.44 dq1 1.63 dq2 0.94 t1 0.67 t2 1.30
세션합: 27.45 36.73 13.21 13.56 5.88 7.99

=== MA 가드 (상대 max(+5%, +0.05)) ===
  ★위반 26.04.21 q1: 2.22→2.69
  ★위반 26.04.21 q2: 3.75→4.22
  ★위반 26.04.24 q1: 3.36→4.36
  ★위반 26.04.24 q2: 5.62→7.40
  ★위반 26.06.02 q1: 1.02→1.71
  ★위반 26.06.02 q2: 2.29→2.65
  ★위반 26.07.22 q1: 3.53→3.80
  ★위반 26.07.23 q1: 3.60→3.85
  ★위반 26.07.23 q2: 2.28→3.00
  ★위반 26.07.25 q1: 3.34→3.75
  ★위반 26.07.25 q2: 2.62→3.77
done
ALLDONE
