===== svgp1228 (12,28) =====
warm-start from previous mshoot best
warm-start from previous fourbar best
26.07.22/120_2_120_2: OK
26.07.22/150_2.2_250_3: OK
26.07.22/150_3.3_500_5: OK
26.07.22/60_0.75_60_2: OK
26.07.22/60_1.5_60_1.5: OK
26.07.23/150_2.2_250_3: OK
26.07.23/150_2.2_500_5: OK
26.07.23/60_0.75_60_2: OK
26.07.24/150_2.2_250_3: OK
26.07.24/150_2.2_350_3.5: OK
26.07.24/150_2.2_500_5: OK
26.07.25/100_1.5_250_3: OK
26.07.25/120_2_250_3: OK
26.07.25/150_2.2_250_3: OK
26.07.25/200_2.5_250_3: OK
26.07.27/100_1.5_250_3: OK
26.07.27/120_2_250_3: OK
26.07.27/150_2.2_250_3: OK
26.07.27/200_2.5_250_3: OK
26.07.27/250_3_250_3: OK
26.07.27/60_2_250_3: OK
26.07.27/80_2_250_3: OK
26.04.24/120_2.2_150_2.5: OK
26.04.24/120_2.2_200_2.8: OK
26.04.24/120_2_120_2: OK
26.04.24/150_2.2_250_3: OK
26.04.24/150_2.2_350_3.5: OK
26.04.24/150_2.2_500_4: OK
26.04.24/60_0.75_60_2: OK
26.04.24/60_1.5_60_1.5: OK
26.04.24/90_0.75_90_2: OK
26.06.02/120_2_120_2: OK
26.06.02/150_2.2_250_3: OK
26.06.02/150_2.2_500_5: OK
26.06.02/60_0.75_60_2: OK
26.06.02/60_1.5_60_1.5: OK
26.06.02/90_0.75_90_2: OK
26.04.21/P100_D0.75_P100_D2: OK
26.04.21/P200_D1.5_P200_D4: OK
26.04.21/P60_D0.75_P60_D2: OK
26.04.21/P70_D0.75_P70_D2: OK
26.04.21/P80_D0.75_P80_D2: OK
26.04.21/P90_D0.75_P90_D2: OK
26.03.24/P100_D3: OK
26.03.24/P40_D0.7: OK
26.03.24/P60_D1.5: OK

=== U-보드 CL (세션 평균) ===
26.04.21: q1 1.13 q2 1.18 dq1 0.56 dq2 0.63 t1 1.07 t2 1.19
26.04.24: q1 0.96 q2 1.37 dq1 0.64 dq2 1.08 t1 1.34 t2 3.06
26.06.02: q1 0.71 q2 1.59 dq1 0.68 dq2 1.23 t1 1.23 t2 3.32
26.07.22: q1 1.20 q2 3.53 dq1 1.09 dq2 2.10 t1 2.27 t2 4.99
26.07.23: q1 2.20 q2 1.26 dq1 1.17 dq2 0.91 t1 2.37 t2 3.01
26.07.24: q1 1.46 q2 0.91 dq1 0.87 dq2 0.61 t1 2.34 t2 3.55
26.07.25: q1 1.16 q2 0.61 dq1 1.32 dq2 0.70 t1 2.51 t2 2.18
26.07.27: q1 0.88 q2 0.82 dq1 1.04 dq2 0.67 t1 1.64 t2 2.55
세션합: 9.69 11.26 7.37 7.93 14.78 23.87

=== U-보드 MA (세션 평균) ===
26.03.24: q1 4.62 q2 13.09 dq1 1.40 dq2 2.12 t1 0.68 t2 0.82
26.04.21: q1 2.20 q2 3.61 dq1 0.79 dq2 1.18 t1 0.40 t2 0.59
26.04.24: q1 3.41 q2 5.60 dq1 1.22 dq2 2.17 t1 0.68 t2 1.65
26.06.02: q1 1.03 q2 1.90 dq1 1.01 dq2 1.44 t1 0.69 t2 1.19
26.07.22: q1 3.54 q2 2.24 dq1 2.07 dq2 2.09 t1 0.29 t2 0.70
26.07.23: q1 3.63 q2 2.21 dq1 1.57 dq2 1.50 t1 0.69 t2 0.63
26.07.24: q1 3.15 q2 5.14 dq1 1.85 dq2 2.07 t1 1.27 t2 0.65
26.07.25: q1 3.37 q2 2.74 dq1 1.95 dq2 0.79 t1 0.52 t2 0.46
26.07.27: q1 1.60 q2 1.92 dq1 1.71 dq2 1.12 t1 0.67 t2 1.30
세션합: 26.55 38.44 13.57 14.49 5.88 7.99

=== MA 가드 (상대 max(+5%, +0.05)) ===
  전 세션 통과
done
===== svgp1530 (15,30) =====
warm-start from previous mshoot best
warm-start from previous fourbar best
26.07.22/120_2_120_2: OK
26.07.22/150_2.2_250_3: OK
26.07.22/150_3.3_500_5: OK
26.07.22/60_0.75_60_2: OK
26.07.22/60_1.5_60_1.5: OK
26.07.23/150_2.2_250_3: OK
26.07.23/150_2.2_500_5: OK
26.07.23/60_0.75_60_2: OK
26.07.24/150_2.2_250_3: OK
26.07.24/150_2.2_350_3.5: OK
26.07.24/150_2.2_500_5: OK
26.07.25/100_1.5_250_3: OK
26.07.25/120_2_250_3: OK
26.07.25/150_2.2_250_3: OK
26.07.25/200_2.5_250_3: OK
26.07.27/100_1.5_250_3: OK
26.07.27/120_2_250_3: OK
26.07.27/150_2.2_250_3: OK
26.07.27/200_2.5_250_3: OK
26.07.27/250_3_250_3: OK
26.07.27/60_2_250_3: OK
26.07.27/80_2_250_3: OK
26.04.24/120_2.2_150_2.5: OK
26.04.24/120_2.2_200_2.8: OK
26.04.24/120_2_120_2: OK
26.04.24/150_2.2_250_3: OK
26.04.24/150_2.2_350_3.5: OK
26.04.24/150_2.2_500_4: OK
26.04.24/60_0.75_60_2: OK
26.04.24/60_1.5_60_1.5: OK
26.04.24/90_0.75_90_2: OK
26.06.02/120_2_120_2: OK
26.06.02/150_2.2_250_3: OK
26.06.02/150_2.2_500_5: OK
26.06.02/60_0.75_60_2: OK
26.06.02/60_1.5_60_1.5: OK
26.06.02/90_0.75_90_2: OK
26.04.21/P100_D0.75_P100_D2: OK
26.04.21/P200_D1.5_P200_D4: OK
26.04.21/P60_D0.75_P60_D2: OK
26.04.21/P70_D0.75_P70_D2: OK
26.04.21/P80_D0.75_P80_D2: OK
26.04.21/P90_D0.75_P90_D2: OK
26.03.24/P100_D3: OK
26.03.24/P40_D0.7: OK
26.03.24/P60_D1.5: OK

=== U-보드 CL (세션 평균) ===
26.04.21: q1 1.11 q2 1.12 dq1 0.55 dq2 0.60 t1 1.05 t2 1.21
26.04.24: q1 0.94 q2 1.28 dq1 0.64 dq2 1.04 t1 1.34 t2 3.07
26.06.02: q1 0.70 q2 1.59 dq1 0.67 dq2 1.19 t1 1.26 t2 3.38
26.07.22: q1 1.20 q2 3.60 dq1 1.09 dq2 2.12 t1 2.28 t2 5.14
26.07.23: q1 2.19 q2 1.30 dq1 1.17 dq2 0.92 t1 2.37 t2 3.08
26.07.24: q1 1.46 q2 0.91 dq1 0.87 dq2 0.60 t1 2.34 t2 3.57
26.07.25: q1 1.15 q2 0.59 dq1 1.32 dq2 0.67 t1 2.50 t2 2.24
26.07.27: q1 0.87 q2 0.80 dq1 1.04 dq2 0.64 t1 1.65 t2 2.56
세션합: 9.61 11.19 7.35 7.79 14.79 24.25

=== U-보드 MA (세션 평균) ===
26.03.24: q1 4.72 q2 13.39 dq1 1.48 dq2 2.31 t1 0.68 t2 0.82
26.04.21: q1 2.19 q2 3.60 dq1 0.78 dq2 1.24 t1 0.40 t2 0.59
26.04.24: q1 3.38 q2 5.53 dq1 1.23 dq2 2.15 t1 0.68 t2 1.65
26.06.02: q1 1.01 q2 1.97 dq1 1.04 dq2 1.61 t1 0.69 t2 1.20
26.07.22: q1 3.53 q2 2.38 dq1 2.10 dq2 2.29 t1 0.29 t2 0.70
26.07.23: q1 3.62 q2 2.22 dq1 1.60 dq2 1.63 t1 0.69 t2 0.63
26.07.24: q1 3.20 q2 5.39 dq1 1.91 dq2 2.31 t1 1.27 t2 0.65
26.07.25: q1 3.34 q2 2.65 dq1 1.94 dq2 0.79 t1 0.52 t2 0.46
26.07.27: q1 1.63 q2 2.13 dq1 1.74 dq2 1.32 t1 0.67 t2 1.30
세션합: 26.61 39.27 13.83 15.64 5.88 7.99

=== MA 가드 (상대 max(+5%, +0.05)) ===
  전 세션 통과
done
===== svgp1835 (18,35) =====
warm-start from previous mshoot best
warm-start from previous fourbar best
26.07.22/120_2_120_2: OK
26.07.22/150_2.2_250_3: OK
26.07.22/150_3.3_500_5: OK
26.07.22/60_0.75_60_2: OK
26.07.22/60_1.5_60_1.5: OK
26.07.23/150_2.2_250_3: OK
26.07.23/150_2.2_500_5: OK
26.07.23/60_0.75_60_2: OK
26.07.24/150_2.2_250_3: OK
26.07.24/150_2.2_350_3.5: OK
26.07.24/150_2.2_500_5: OK
26.07.25/100_1.5_250_3: OK
26.07.25/120_2_250_3: OK
26.07.25/150_2.2_250_3: OK
26.07.25/200_2.5_250_3: OK
26.07.27/100_1.5_250_3: OK
26.07.27/120_2_250_3: OK
26.07.27/150_2.2_250_3: OK
26.07.27/200_2.5_250_3: OK
26.07.27/250_3_250_3: OK
26.07.27/60_2_250_3: OK
26.07.27/80_2_250_3: OK
26.04.24/120_2.2_150_2.5: OK
26.04.24/120_2.2_200_2.8: OK
26.04.24/120_2_120_2: OK
26.04.24/150_2.2_250_3: OK
26.04.24/150_2.2_350_3.5: OK
26.04.24/150_2.2_500_4: OK
26.04.24/60_0.75_60_2: OK
26.04.24/60_1.5_60_1.5: OK
26.04.24/90_0.75_90_2: OK
26.06.02/120_2_120_2: OK
26.06.02/150_2.2_250_3: OK
26.06.02/150_2.2_500_5: OK
26.06.02/60_0.75_60_2: OK
26.06.02/60_1.5_60_1.5: OK
26.06.02/90_0.75_90_2: OK
26.04.21/P100_D0.75_P100_D2: OK
26.04.21/P200_D1.5_P200_D4: OK
26.04.21/P60_D0.75_P60_D2: OK
26.04.21/P70_D0.75_P70_D2: OK
26.04.21/P80_D0.75_P80_D2: OK
26.04.21/P90_D0.75_P90_D2: OK
26.03.24/P100_D3: OK
26.03.24/P40_D0.7: OK
26.03.24/P60_D1.5: OK

=== U-보드 CL (세션 평균) ===
26.04.21: q1 1.09 q2 1.07 dq1 0.53 dq2 0.58 t1 1.04 t2 1.27
26.04.24: q1 0.92 q2 1.20 dq1 0.64 dq2 0.99 t1 1.35 t2 3.10
26.06.02: q1 0.70 q2 1.58 dq1 0.67 dq2 1.13 t1 1.29 t2 3.44
26.07.22: q1 1.20 q2 3.63 dq1 1.09 dq2 2.13 t1 2.30 t2 5.24
26.07.23: q1 2.19 q2 1.33 dq1 1.18 dq2 0.93 t1 2.37 t2 3.16
26.07.24: q1 1.46 q2 0.91 dq1 0.87 dq2 0.60 t1 2.35 t2 3.57
26.07.25: q1 1.15 q2 0.59 dq1 1.32 dq2 0.67 t1 2.49 t2 2.27
26.07.27: q1 0.87 q2 0.78 dq1 1.05 dq2 0.63 t1 1.66 t2 2.57
세션합: 9.56 11.08 7.34 7.65 14.84 24.62

=== U-보드 MA (세션 평균) ===
26.03.24: q1 4.82 q2 13.75 dq1 1.59 dq2 2.67 t1 0.68 t2 0.82
26.04.21: q1 2.20 q2 3.65 dq1 0.79 dq2 1.37 t1 0.40 t2 0.59
26.04.24: q1 3.36 q2 5.52 dq1 1.25 dq2 2.20 t1 0.68 t2 1.65
26.06.02: q1 1.00 q2 2.10 dq1 1.11 dq2 1.85 t1 0.69 t2 1.19
26.07.22: q1 3.53 q2 2.49 dq1 2.13 dq2 2.44 t1 0.29 t2 0.70
26.07.23: q1 3.61 q2 2.27 dq1 1.63 dq2 1.80 t1 0.69 t2 0.63
26.07.24: q1 3.25 q2 5.62 dq1 1.98 dq2 2.61 t1 1.27 t2 0.65
26.07.25: q1 3.34 q2 2.62 dq1 1.94 dq2 0.81 t1 0.52 t2 0.46
26.07.27: q1 1.67 q2 2.37 dq1 1.79 dq2 1.59 t1 0.67 t2 1.30
세션합: 26.78 40.39 14.20 17.34 5.88 7.98

=== MA 가드 (상대 max(+5%, +0.05)) ===
  전 세션 통과
done
ALLDONE
