===== 질량 3.26 kg =====
26.03.24: q1 1.10 q2 2.93 dq1 0.24 dq2 0.39 τ1 0.27 τ2 0.61
done
26.04.21         nan                —                  6.8
26.04.24        25.1        52.2/27.1                  6.1
26.06.02         nan                —                  5.6
26.07.22        15.2        55.8/33.9                  6.5
26.07.23        14.1        45.2/31.1                  4.8
26.07.24         7.4        36.8/29.4                  7.2
26.07.25        11.2        38.1/26.6                  5.7
26.07.27        12.8        45.4/31.4                  6.8
done → _D_secondary.json
  ★위반 26.07.25 q1: 3.34→3.71
  ★위반 26.07.25 q2: 2.62→3.49
done
===== 질량 3.30 kg =====
26.03.24: q1 1.09 q2 2.90 dq1 0.24 dq2 0.42 τ1 0.27 τ2 0.61
done
26.04.21         nan                —                  6.9
26.04.24        25.2        52.4/27.1                  6.3
26.06.02         nan                —                  5.8
26.07.22        14.4        55.1/33.9                  6.5
26.07.23        14.4        45.5/31.1                  5.0
26.07.24         7.9        37.3/29.4                  7.4
26.07.25        11.6        38.5/26.6                  5.6
26.07.27        13.1        45.7/31.4                  6.8
done → _D_secondary.json
  ★위반 26.07.25 q1: 3.34→3.96
  ★위반 26.07.25 q2: 2.62→4.07
done
ALLDONE
