warm-start from previous mshoot best
warm-start from previous fourbar best
26.07.22/120_2_120_2: OK
26.07.22/150_2.2_250_3: OK
26.07.22/150_3.3_500_5: OK
26.07.22/60_0.75_60_2: OK
26.07.22/60_1.5_60_1.5: OK
26.07.23/150_2.2_250_3: OK
26.07.23/150_2.2_500_5: OK
26.07.23/60_0.75_60_2: OK
26.07.24/150_2.2_250_3: OK
26.07.24/150_2.2_350_3.5: OK
26.07.24/150_2.2_500_5: OK
26.07.25/100_1.5_250_3: OK
26.07.25/120_2_250_3: OK
26.07.25/150_2.2_250_3: OK
26.07.25/200_2.5_250_3: OK
26.07.27/100_1.5_250_3: OK
26.07.27/120_2_250_3: OK
26.07.27/150_2.2_250_3: OK
26.07.27/200_2.5_250_3: OK
26.07.27/250_3_250_3: OK
26.07.27/60_2_250_3: OK
26.07.27/80_2_250_3: OK
26.04.24/120_2.2_150_2.5: OK
26.04.24/120_2.2_200_2.8: OK
26.04.24/120_2_120_2: OK
26.04.24/150_2.2_250_3: OK
26.04.24/150_2.2_350_3.5: OK
26.04.24/150_2.2_500_4: OK
26.04.24/60_0.75_60_2: OK
26.04.24/60_1.5_60_1.5: OK
26.04.24/90_0.75_90_2: OK
26.06.02/120_2_120_2: OK
26.06.02/150_2.2_250_3: OK
26.06.02/150_2.2_500_5: OK
26.06.02/60_0.75_60_2: OK
26.06.02/60_1.5_60_1.5: OK
26.06.02/90_0.75_90_2: OK
26.04.21/P100_D0.75_P100_D2: OK
26.04.21/P200_D1.5_P200_D4: OK
26.04.21/P60_D0.75_P60_D2: OK
26.04.21/P70_D0.75_P70_D2: OK
26.04.21/P80_D0.75_P80_D2: OK
26.04.21/P90_D0.75_P90_D2: OK

=== fs3 CL score 창 세션 요약 ===
26.07.22: q1 0.73 q2 0.95 dq1 0.26 dq2 0.39 τ1 0.93 τ2 0.84
26.07.23: q1 1.04 q2 0.73 dq1 0.33 dq2 0.39 τ1 0.84 τ2 0.80
26.07.24: q1 0.55 q2 0.73 dq1 0.21 dq2 0.18 τ1 0.92 τ2 1.14
26.07.25: q1 1.24 q2 0.94 dq1 0.24 dq2 0.30 τ1 1.75 τ2 0.79
26.07.27: q1 0.79 q2 0.79 dq1 0.21 dq2 0.25 τ1 1.05 τ2 0.59
26.04.24: q1 1.05 q2 0.76 dq1 0.14 dq2 0.45 τ1 0.81 τ2 1.10
26.06.02: q1 0.75 q2 0.82 dq1 0.19 dq2 0.44 τ1 0.61 τ2 1.01
26.04.21: q1 1.72 q2 2.68 dq1 0.27 dq2 0.75 τ1 1.16 τ2 1.13

=== fs3 CL push 창 세션 요약 ===
26.07.22: q1 1.18 q2 3.10 dq1 1.10 dq2 1.72 τ1 2.05 τ2 3.17
26.07.23: q1 2.78 q2 2.05 dq1 1.33 dq2 1.59 τ1 2.75 τ2 2.50
26.07.24: q1 1.57 q2 1.91 dq1 0.87 dq2 0.73 τ1 2.42 τ2 3.24
26.07.25: q1 1.74 q2 2.02 dq1 1.13 dq2 1.44 τ1 2.12 τ2 2.65
26.07.27: q1 1.68 q2 1.75 dq1 0.90 dq2 1.09 τ1 2.03 τ2 1.57
26.04.24: q1 1.22 q2 1.88 dq1 0.41 dq2 1.58 τ1 2.16 τ2 2.87
26.06.02: q1 0.73 q2 1.99 dq1 0.79 dq2 1.95 τ1 1.85 τ2 3.27
26.04.21: q1 3.07 q2 8.85 dq1 0.88 dq2 2.57 τ1 1.70 τ2 2.71
done
