warm-start from previous mshoot best
warm-start from previous fourbar best
26.07.22/120_2_120_2: OK
26.07.22/150_2.2_250_3: OK
26.07.22/150_3.3_500_5: OK
26.07.22/60_0.75_60_2: OK
26.07.22/60_1.5_60_1.5: OK
26.07.23/150_2.2_250_3: OK
26.07.23/150_2.2_500_5: OK
26.07.23/60_0.75_60_2: OK
26.07.24/150_2.2_250_3: OK
26.07.24/150_2.2_350_3.5: OK
26.07.24/150_2.2_500_5: OK
26.07.25/100_1.5_250_3: OK
26.07.25/120_2_250_3: OK
26.07.25/150_2.2_250_3: OK
26.07.25/200_2.5_250_3: OK
26.07.27/100_1.5_250_3: OK
26.07.27/120_2_250_3: OK
26.07.27/150_2.2_250_3: OK
26.07.27/200_2.5_250_3: OK
26.07.27/250_3_250_3: OK
26.07.27/60_2_250_3: OK
26.07.27/80_2_250_3: OK
26.04.24/120_2.2_150_2.5: OK
26.04.24/120_2.2_200_2.8: OK
26.04.24/120_2_120_2: OK
26.04.24/150_2.2_250_3: OK
26.04.24/150_2.2_350_3.5: OK
26.04.24/150_2.2_500_4: OK
26.04.24/60_0.75_60_2: OK
26.04.24/60_1.5_60_1.5: OK
26.04.24/90_0.75_90_2: OK
26.06.02/120_2_120_2: OK
26.06.02/150_2.2_250_3: OK
26.06.02/150_2.2_500_5: OK
26.06.02/60_0.75_60_2: OK
26.06.02/60_1.5_60_1.5: OK
26.06.02/90_0.75_90_2: OK
26.04.21/P100_D0.75_P100_D2: OK
26.04.21/P200_D1.5_P200_D4: OK
26.04.21/P60_D0.75_P60_D2: OK
26.04.21/P70_D0.75_P70_D2: OK
26.04.21/P80_D0.75_P80_D2: OK
26.04.21/P90_D0.75_P90_D2: OK

=== fs3 CL score 창 세션 요약 ===
26.07.22: q1 0.72 q2 0.96 dq1 0.27 dq2 0.38 τ1 0.94 τ2 0.85
26.07.23: q1 1.08 q2 0.71 dq1 0.33 dq2 0.38 τ1 0.83 τ2 0.79
26.07.24: q1 0.56 q2 0.71 dq1 0.22 dq2 0.18 τ1 0.90 τ2 1.12
26.07.25: q1 1.21 q2 0.95 dq1 0.28 dq2 0.30 τ1 1.78 τ2 0.83
26.07.27: q1 0.77 q2 0.79 dq1 0.22 dq2 0.24 τ1 1.08 τ2 0.63
26.04.24: q1 1.07 q2 0.76 dq1 0.17 dq2 0.44 τ1 0.78 τ2 1.10
26.06.02: q1 0.76 q2 0.81 dq1 0.23 dq2 0.43 τ1 0.61 τ2 1.01
26.04.21: q1 1.70 q2 2.63 dq1 0.28 dq2 0.73 τ1 1.14 τ2 1.12

=== fs3 CL push 창 세션 요약 ===
26.07.22: q1 1.20 q2 3.10 dq1 1.18 dq2 1.68 τ1 2.07 τ2 3.15
26.07.23: q1 2.96 q2 1.96 dq1 1.33 dq2 1.56 τ1 2.69 τ2 2.49
26.07.24: q1 1.58 q2 1.80 dq1 0.90 dq2 0.70 τ1 2.36 τ2 3.17
26.07.25: q1 1.69 q2 2.04 dq1 1.33 dq2 1.42 τ1 2.31 τ2 2.84
26.07.27: q1 1.65 q2 1.68 dq1 0.94 dq2 1.05 τ1 2.17 τ2 1.70
26.04.24: q1 1.31 q2 1.93 dq1 0.55 dq2 1.55 τ1 2.04 τ2 2.92
26.06.02: q1 0.82 q2 1.99 dq1 0.98 dq2 1.93 τ1 1.70 τ2 3.29
26.04.21: q1 2.84 q2 8.69 dq1 0.92 dq2 2.50 τ1 1.69 τ2 2.65
done
