The frame size for reading (720, 1280) is different from the source frame size (1280, 720).
The frame size for reading (720, 1280) is different from the source frame size (1280, 720).
The frame size for reading (720, 1280) is different from the source frame size (1280, 720).
100_1.5_250_3: n=19 정렬상관 0.97 | pred 스팬 0.7° | α=nan β=+nan | defl 범위 -2.8~+0.1°
The frame size for reading (720, 1280) is different from the source frame size (1280, 720).
The frame size for reading (720, 1280) is different from the source frame size (1280, 720).
120_2_250_3: n=19 정렬상관 0.97 | pred 스팬 0.9° | α=nan β=+nan | defl 범위 -3.4~+0.2°
The frame size for reading (720, 1280) is different from the source frame size (1280, 720).
The frame size for reading (720, 1280) is different from the source frame size (1280, 720).
150_2.2_250_3: n=19 정렬상관 0.95 | pred 스팬 0.9° | α=nan β=+nan | defl 범위 -3.9~+0.3°
The frame size for reading (720, 1280) is different from the source frame size (1280, 720).
The frame size for reading (720, 1280) is different from the source frame size (1280, 720).
200_2.5_250_3: n=19 정렬상관 0.98 | pred 스팬 0.8° | α=nan β=+nan | defl 범위 -3.9~+0.1°
The frame size for reading (720, 1280) is different from the source frame size (1280, 720).
The frame size for reading (720, 1280) is different from the source frame size (1280, 720).
250_3_250_3: n=19 정렬상관 0.98 | pred 스팬 0.8° | α=nan β=+nan | defl 범위 -4.4~+0.1°
The frame size for reading (720, 1280) is different from the source frame size (1280, 720).
The frame size for reading (720, 1280) is different from the source frame size (1280, 720).
60_2_250_3: n=19 정렬상관 0.97 | pred 스팬 0.6° | α=nan β=+nan | defl 범위 -3.4~+0.2°
The frame size for reading (720, 1280) is different from the source frame size (1280, 720).
The frame size for reading (720, 1280) is different from the source frame size (1280, 720).
80_2_250_3: n=19 정렬상관 0.96 | pred 스팬 0.5° | α=nan β=+nan | defl 범위 -3.4~+0.2°
The frame size for reading (2160, 3840) is different from the source frame size (3840, 2160).
The frame size for reading (2160, 3840) is different from the source frame size (3840, 2160).
The frame size for reading (2160, 3840) is different from the source frame size (3840, 2160).
The frame size for reading (2160, 3840) is different from the source frame size (3840, 2160).
The frame size for reading (720, 1280) is different from the source frame size (1280, 720).
The frame size for reading (720, 1280) is different from the source frame size (1280, 720).
The frame size for reading (2160, 3840) is different from the source frame size (3840, 2160).
The frame size for reading (2160, 3840) is different from the source frame size (3840, 2160).
The frame size for reading (2160, 3840) is different from the source frame size (3840, 2160).
The frame size for reading (2160, 3840) is different from the source frame size (3840, 2160).
The frame size for reading (2160, 3840) is different from the source frame size (3840, 2160).
The frame size for reading (2160, 3840) is different from the source frame size (3840, 2160).
The frame size for reading (2160, 3840) is different from the source frame size (3840, 2160).
The frame size for reading (2160, 3840) is different from the source frame size (3840, 2160).
The frame size for reading (2160, 3840) is different from the source frame size (3840, 2160).
The frame size for reading (2160, 3840) is different from the source frame size (3840, 2160).
The frame size for reading (2160, 3840) is different from the source frame size (3840, 2160).
The frame size for reading (2160, 3840) is different from the source frame size (3840, 2160).
The frame size for reading (2160, 3840) is different from the source frame size (3840, 2160).
The frame size for reading (2160, 3840) is different from the source frame size (3840, 2160).
The frame size for reading (2160, 3840) is different from the source frame size (3840, 2160).
The frame size for reading (2160, 3840) is different from the source frame size (3840, 2160).
The frame size for reading (2160, 3840) is different from the source frame size (3840, 2160).
The frame size for reading (2160, 3840) is different from the source frame size (3840, 2160).
The frame size for reading (2160, 3840) is different from the source frame size (3840, 2160).
The frame size for reading (2160, 3840) is different from the source frame size (3840, 2160).
The frame size for reading (2160, 3840) is different from the source frame size (3840, 2160).
The frame size for reading (2160, 3840) is different from the source frame size (3840, 2160).
The frame size for reading (2160, 3840) is different from the source frame size (3840, 2160).
The frame size for reading (2160, 3840) is different from the source frame size (3840, 2160).
The frame size for reading (2160, 3840) is different from the source frame size (3840, 2160).
The frame size for reading (2160, 3840) is different from the source frame size (3840, 2160).
The frame size for reading (2160, 3840) is different from the source frame size (3840, 2160).
The frame size for reading (2160, 3840) is different from the source frame size (3840, 2160).
The frame size for reading (2160, 3840) is different from the source frame size (3840, 2160).
The frame size for reading (2160, 3840) is different from the source frame size (3840, 2160).
The frame size for reading (2160, 3840) is different from the source frame size (3840, 2160).
The frame size for reading (2160, 3840) is different from the source frame size (3840, 2160).
The frame size for reading (2160, 3840) is different from the source frame size (3840, 2160).
The frame size for reading (2160, 3840) is different from the source frame size (3840, 2160).
The frame size for reading (2160, 3840) is different from the source frame size (3840, 2160).
The frame size for reading (2160, 3840) is different from the source frame size (3840, 2160).
The frame size for reading (2160, 3840) is different from the source frame size (3840, 2160).
The frame size for reading (2160, 3840) is different from the source frame size (3840, 2160).
The frame size for reading (2160, 3840) is different from the source frame size (3840, 2160).
The frame size for reading (2160, 3840) is different from the source frame size (3840, 2160).
The frame size for reading (2160, 3840) is different from the source frame size (3840, 2160).
The frame size for reading (2160, 3840) is different from the source frame size (3840, 2160).
The frame size for reading (2160, 3840) is different from the source frame size (3840, 2160).
The frame size for reading (2160, 3840) is different from the source frame size (3840, 2160).
The frame size for reading (2160, 3840) is different from the source frame size (3840, 2160).
The frame size for reading (2160, 3840) is different from the source frame size (3840, 2160).
The frame size for reading (2160, 3840) is different from the source frame size (3840, 2160).
The frame size for reading (2160, 3840) is different from the source frame size (3840, 2160).
The frame size for reading (720, 1280) is different from the source frame size (1280, 720).
The frame size for reading (720, 1280) is different from the source frame size (1280, 720).
The frame size for reading (720, 1280) is different from the source frame size (1280, 720).
The frame size for reading (720, 1280) is different from the source frame size (1280, 720).
The frame size for reading (720, 1280) is different from the source frame size (1280, 720).
The frame size for reading (720, 1280) is different from the source frame size (1280, 720).
The frame size for reading (720, 1280) is different from the source frame size (1280, 720).
The frame size for reading (720, 1280) is different from the source frame size (1280, 720).
The frame size for reading (720, 1280) is different from the source frame size (1280, 720).
The frame size for reading (720, 1280) is different from the source frame size (1280, 720).
The frame size for reading (720, 1280) is different from the source frame size (1280, 720).
The frame size for reading (720, 1280) is different from the source frame size (1280, 720).
The frame size for reading (1080, 1920) is different from the source frame size (1920, 1080).
The frame size for reading (1080, 1920) is different from the source frame size (1920, 1080).
The frame size for reading (1080, 1920) is different from the source frame size (1920, 1080).
The frame size for reading (1080, 1920) is different from the source frame size (1920, 1080).
The frame size for reading (1080, 1920) is different from the source frame size (1920, 1080).
The frame size for reading (1080, 1920) is different from the source frame size (1920, 1080).
The frame size for reading (1080, 1920) is different from the source frame size (1920, 1080).
The frame size for reading (1080, 1920) is different from the source frame size (1920, 1080).
The frame size for reading (1080, 1920) is different from the source frame size (1920, 1080).
The frame size for reading (1080, 1920) is different from the source frame size (1920, 1080).
The frame size for reading (720, 1280) is different from the source frame size (1280, 720).
The frame size for reading (720, 1280) is different from the source frame size (1280, 720).
The frame size for reading (720, 1280) is different from the source frame size (1280, 720).
The frame size for reading (720, 1280) is different from the source frame size (1280, 720).
The frame size for reading (720, 1280) is different from the source frame size (1280, 720).
The frame size for reading (720, 1280) is different from the source frame size (1280, 720).
The frame size for reading (720, 1280) is different from the source frame size (1280, 720).
The frame size for reading (720, 1280) is different from the source frame size (1280, 720).
The frame size for reading (720, 1280) is different from the source frame size (1280, 720).
The frame size for reading (720, 1280) is different from the source frame size (1280, 720).
The frame size for reading (720, 1280) is different from the source frame size (1280, 720).
The frame size for reading (720, 1280) is different from the source frame size (1280, 720).
The frame size for reading (720, 1280) is different from the source frame size (1280, 720).
The frame size for reading (720, 1280) is different from the source frame size (1280, 720).
The frame size for reading (720, 1280) is different from the source frame size (1280, 720).
The frame size for reading (720, 1280) is different from the source frame size (1280, 720).
The frame size for reading (720, 1280) is different from the source frame size (1280, 720).
The frame size for reading (720, 1280) is different from the source frame size (1280, 720).
The frame size for reading (720, 1280) is different from the source frame size (1280, 720).
The frame size for reading (720, 1280) is different from the source frame size (1280, 720).
The frame size for reading (720, 1280) is different from the source frame size (1280, 720).
The frame size for reading (720, 1280) is different from the source frame size (1280, 720).
The frame size for reading (720, 1280) is different from the source frame size (1280, 720).
The frame size for reading (720, 1280) is different from the source frame size (1280, 720).
The frame size for reading (720, 1280) is different from the source frame size (1280, 720).
The frame size for reading (720, 1280) is different from the source frame size (1280, 720).
The frame size for reading (720, 1280) is different from the source frame size (1280, 720).
The frame size for reading (720, 1280) is different from the source frame size (1280, 720).
The frame size for reading (720, 1280) is different from the source frame size (1280, 720).
The frame size for reading (720, 1280) is different from the source frame size (1280, 720).
The frame size for reading (720, 1280) is different from the source frame size (1280, 720).
The frame size for reading (720, 1280) is different from the source frame size (1280, 720).
The frame size for reading (720, 1280) is different from the source frame size (1280, 720).
The frame size for reading (720, 1280) is different from the source frame size (1280, 720).
done → C:\Users\junho\Documents\jump-opt-digital-twin\code\goal23_fullspan\_fs_video_desc_260727.json

=== 세션별 발볼트 상대위치 (레일 간격 단위) ===
done
