warm-start from previous mshoot best
warm-start from previous fourbar best
26.07.22/120_2_120_2: OK
26.07.22/150_2.2_250_3: OK
26.07.22/150_3.3_500_5: OK
26.07.22/60_0.75_60_2: OK
26.07.22/60_1.5_60_1.5: OK
26.07.23/150_2.2_250_3: OK
26.07.23/150_2.2_500_5: OK
26.07.23/60_0.75_60_2: OK
26.07.24/150_2.2_250_3: OK
26.07.24/150_2.2_350_3.5: OK
26.07.24/150_2.2_500_5: OK
26.07.25/100_1.5_250_3: OK
26.07.25/120_2_250_3: OK
26.07.25/150_2.2_250_3: OK
26.07.25/200_2.5_250_3: OK
26.07.27/100_1.5_250_3: OK
26.07.27/120_2_250_3: OK
26.07.27/150_2.2_250_3: OK
26.07.27/200_2.5_250_3: OK
26.07.27/250_3_250_3: OK
26.07.27/60_2_250_3: OK
26.07.27/80_2_250_3: OK
26.04.24/120_2.2_150_2.5: OK
26.04.24/120_2.2_200_2.8: OK
26.04.24/120_2_120_2: OK
26.04.24/150_2.2_250_3: OK
26.04.24/150_2.2_350_3.5: OK
26.04.24/150_2.2_500_4: OK
26.04.24/60_0.75_60_2: OK
26.04.24/60_1.5_60_1.5: OK
26.04.24/90_0.75_90_2: OK
26.06.02/120_2_120_2: OK
26.06.02/150_2.2_250_3: OK
26.06.02/150_2.2_500_5: OK
26.06.02/60_0.75_60_2: OK
26.06.02/60_1.5_60_1.5: OK
26.06.02/90_0.75_90_2: OK
26.04.21/P100_D0.75_P100_D2: OK
26.04.21/P200_D1.5_P200_D4: OK
26.04.21/P60_D0.75_P60_D2: OK
26.04.21/P70_D0.75_P70_D2: OK
26.04.21/P80_D0.75_P80_D2: OK
26.04.21/P90_D0.75_P90_D2: OK

=== fs3 CL score 창 세션 요약 ===
26.07.22: q1 0.75 q2 0.92 dq1 0.27 dq2 0.38 τ1 0.93 τ2 0.82
26.07.23: q1 1.14 q2 0.68 dq1 0.36 dq2 0.39 τ1 0.92 τ2 0.82
26.07.24: q1 0.55 q2 0.71 dq1 0.22 dq2 0.18 τ1 0.93 τ2 1.09
26.07.25: q1 1.23 q2 0.95 dq1 0.25 dq2 0.31 τ1 1.76 τ2 0.85
26.07.27: q1 0.77 q2 0.77 dq1 0.21 dq2 0.25 τ1 1.07 τ2 0.61
26.04.24: q1 1.07 q2 0.79 dq1 0.14 dq2 0.45 τ1 0.77 τ2 1.11
26.06.02: q1 0.75 q2 0.85 dq1 0.19 dq2 0.43 τ1 0.61 τ2 1.02
26.04.21: q1 1.64 q2 2.54 dq1 0.21 dq2 0.71 τ1 1.16 τ2 1.12

=== fs3 CL push 창 세션 요약 ===
26.07.22: q1 1.39 q2 2.89 dq1 1.16 dq2 1.67 τ1 2.13 τ2 3.04
26.07.23: q1 3.44 q2 1.78 dq1 1.50 dq2 1.59 τ1 3.26 τ2 2.58
26.07.24: q1 1.52 q2 1.80 dq1 0.89 dq2 0.71 τ1 2.49 τ2 2.93
26.07.25: q1 1.59 q2 2.10 dq1 1.16 dq2 1.45 τ1 2.24 τ2 3.03
26.07.27: q1 1.48 q2 1.67 dq1 0.90 dq2 1.10 τ1 2.21 τ2 1.74
26.04.24: q1 1.43 q2 2.05 dq1 0.42 dq2 1.57 τ1 1.97 τ2 2.96
26.06.02: q1 0.93 q2 2.24 dq1 0.81 dq2 1.92 τ1 1.78 τ2 3.32
26.04.21: q1 2.52 q2 8.34 dq1 0.66 dq2 2.43 τ1 1.68 τ2 2.61
done
26.07.22/120_2_120_2: OK
26.07.22/150_2.2_250_3: OK
26.07.22/150_3.3_500_5: OK
26.07.22/60_0.75_60_2: OK
26.07.22/60_1.5_60_1.5: OK
26.07.23/150_2.2_250_3: OK
26.07.23/150_2.2_500_5: OK
26.07.23/60_0.75_60_2: OK
26.07.24/150_2.2_250_3: OK
26.07.24/150_2.2_350_3.5: OK
26.07.24/150_2.2_500_5: OK
26.07.25/100_1.5_250_3: OK
26.07.25/120_2_250_3: OK
26.07.25/150_2.2_250_3: OK
26.07.25/200_2.5_250_3: OK
26.07.27/100_1.5_250_3: OK
26.07.27/120_2_250_3: OK
26.07.27/150_2.2_250_3: OK
26.07.27/200_2.5_250_3: OK
26.07.27/250_3_250_3: OK
26.07.27/60_2_250_3: OK
26.07.27/80_2_250_3: OK
26.04.24/120_2.2_150_2.5: OK
26.04.24/120_2.2_200_2.8: OK
26.04.24/120_2_120_2: OK
26.04.24/150_2.2_250_3: OK
26.04.24/150_2.2_350_3.5: OK
26.04.24/150_2.2_500_4: OK
26.04.24/60_0.75_60_2: OK
26.04.24/60_1.5_60_1.5: OK
26.04.24/90_0.75_90_2: OK
26.06.02/120_2_120_2: OK
26.06.02/150_2.2_250_3: OK
26.06.02/150_2.2_500_5: OK
26.06.02/60_0.75_60_2: OK
26.06.02/60_1.5_60_1.5: OK
26.06.02/90_0.75_90_2: OK
26.04.21/P100_D0.75_P100_D2: OK
26.04.21/P200_D1.5_P200_D4: OK
26.04.21/P60_D0.75_P60_D2: OK
26.04.21/P70_D0.75_P70_D2: OK
26.04.21/P80_D0.75_P80_D2: OK
26.04.21/P90_D0.75_P90_D2: OK
26.03.24/P100_D3: OK
26.03.24/P40_D0.7: OK
26.03.24/P60_D1.5: OK

=== fs3 ModeA 세션 요약 ===
26.07.22: q1 1.59 q2 2.48 dq1 0.41 dq2 0.59 τ1 0.21 τ2 0.57
26.07.23: q1 1.76 q2 2.36 dq1 0.39 dq2 0.39 τ1 0.34 τ2 0.50
26.07.24: q1 2.52 q2 4.59 dq1 0.46 dq2 0.73 τ1 0.47 τ2 0.41
26.07.25: q1 1.69 q2 1.79 dq1 0.23 dq2 0.20 τ1 0.43 τ2 0.67
26.07.27: q1 1.23 q2 2.29 dq1 0.32 dq2 0.32 τ1 0.26 τ2 0.54
26.04.24: q1 1.51 q2 2.45 dq1 0.23 dq2 0.41 τ1 0.28 τ2 0.64
26.06.02: q1 1.46 q2 2.14 dq1 0.19 dq2 0.30 τ1 0.27 τ2 0.47
26.04.21: q1 1.30 q2 2.22 dq1 0.21 dq2 0.34 τ1 0.23 τ2 0.57
26.03.24: q1 1.03 q2 1.99 dq1 0.24 dq2 0.36 τ1 0.26 τ2 0.56
done
