warm-start from previous mshoot best
warm-start from previous fourbar best
26.07.22/120_2_120_2: MA q1 1.56 q2 2.46 dq1 0.39 dq2 0.51
26.07.22/150_2.2_250_3: MA q1 1.62 q2 2.53 dq1 0.51 dq2 0.77
26.07.22/150_3.3_500_5: MA q1 1.67 q2 2.75 dq1 0.58 dq2 0.93
26.07.22/60_0.75_60_2: MA q1 1.47 q2 2.45 dq1 0.27 dq2 0.45
26.07.22/60_1.5_60_1.5: MA q1 1.50 q2 2.25 dq1 0.30 dq2 0.32
26.07.23/150_2.2_250_3: MA q1 1.94 q2 5.64 dq1 0.59 dq2 0.72
26.07.23/150_2.2_500_5: MA q1 1.89 q2 7.58 dq1 0.60 dq2 0.83
26.07.23/60_0.75_60_2: MA q1 1.49 q2 5.24 dq1 0.45 dq2 0.78
26.07.24/150_2.2_250_3: MA q1 2.28 q2 5.64 dq1 0.54 dq2 0.85
26.07.24/150_2.2_350_3.5: MA q1 3.49 q2 13.35 dq1 0.86 dq2 1.73
26.07.24/150_2.2_500_5: MA q1 1.96 q2 7.86 dq1 0.52 dq2 0.87
26.07.25/100_1.5_250_3: MA q1 1.64 q2 1.86 dq1 0.23 dq2 0.19
26.07.25/120_2_250_3: MA q1 1.65 q2 1.83 dq1 0.24 dq2 0.20
26.07.25/150_2.2_250_3: MA q1 1.74 q2 1.75 dq1 0.25 dq2 0.19
26.07.25/200_2.5_250_3: MA q1 1.88 q2 1.70 dq1 0.26 dq2 0.20
26.07.27/100_1.5_250_3: MA q1 1.14 q2 2.12 dq1 0.29 dq2 0.28
26.07.27/120_2_250_3: MA q1 1.15 q2 2.14 dq1 0.32 dq2 0.25
26.07.27/150_2.2_250_3: MA q1 1.23 q2 2.37 dq1 0.32 dq2 0.35
26.07.27/200_2.5_250_3: MA q1 1.27 q2 2.52 dq1 0.34 dq2 0.39
26.07.27/250_3_250_3: MA q1 1.33 q2 2.60 dq1 0.38 dq2 0.44
26.07.27/60_2_250_3: MA q1 1.28 q2 2.22 dq1 0.33 dq2 0.26
26.07.27/80_2_250_3: MA q1 1.29 q2 2.12 dq1 0.33 dq2 0.25
26.04.24/120_2.2_150_2.5: MA q1 1.57 q2 6.74 dq1 0.44 dq2 0.90
26.04.24/120_2.2_200_2.8: MA q1 1.42 q2 2.68 dq1 0.25 dq2 0.43
26.04.24/120_2_120_2: MA q1 1.83 q2 5.40 dq1 0.37 dq2 0.70
26.04.24/150_2.2_250_3: MA q1 1.46 q2 2.63 dq1 0.24 dq2 0.42
26.04.24/150_2.2_350_3.5: MA q1 1.34 q2 2.47 dq1 0.24 dq2 0.40
26.04.24/150_2.2_500_4: MA q1 1.46 q2 2.66 dq1 0.25 dq2 0.43
26.04.24/60_0.75_60_2: MA q1 1.30 q2 4.77 dq1 0.26 dq2 0.69
26.04.24/60_1.5_60_1.5: MA q1 1.42 q2 5.13 dq1 0.33 dq2 0.67
26.04.24/90_0.75_90_2: MA q1 1.50 q2 3.26 dq1 0.25 dq2 0.57
26.06.02/120_2_120_2: MA q1 1.87 q2 8.64 dq1 0.47 dq2 0.90
26.06.02/150_2.2_250_3: MA q1 1.69 q2 5.82 dq1 0.36 dq2 0.64
26.06.02/150_2.2_500_5: MA q1 1.53 q2 6.38 dq1 0.36 dq2 0.71
26.06.02/60_0.75_60_2: MA q1 1.39 q2 5.28 dq1 0.27 dq2 0.61
26.06.02/60_1.5_60_1.5: MA q1 1.42 q2 6.61 dq1 0.34 dq2 0.68
26.06.02/90_0.75_90_2: MA q1 1.54 q2 6.21 dq1 0.32 dq2 0.67
26.04.21/P100_D0.75_P100_D2: MA q1 1.22 q2 2.15 dq1 0.22 dq2 0.35
26.04.21/P200_D1.5_P200_D4: MA q1 1.86 q2 3.88 dq1 0.31 dq2 0.55
26.04.21/P60_D0.75_P60_D2: MA q1 0.95 q2 1.60 dq1 0.17 dq2 0.27
26.04.21/P70_D0.75_P70_D2: MA q1 1.35 q2 2.52 dq1 0.25 dq2 0.39
26.04.21/P80_D0.75_P80_D2: MA q1 1.47 q2 3.03 dq1 0.21 dq2 0.45
26.04.21/P90_D0.75_P90_D2: MA q1 1.17 q2 1.90 dq1 0.22 dq2 0.32
