warm-start from previous mshoot best
warm-start from previous fourbar best
G5 fs(k150) 전구간: q1 1.18° q2 0.96° dq1 0.25 dq2 0.25 τ1 1.92 τ2 0.69
   변형 C 기록치     : q1 0.87° q2 0.81° dq1 0.22 dq2 0.25 τ1 1.19 τ2 0.63 (베이스라인 JSON)
G5 근접
26.07.22/120_2_120_2: q1 0.67 q2 1.06 dq1 0.33 dq2 0.48 τ1 1.20 τ2 0.62
26.07.22/150_2.2_250_3: q1 1.07 q2 1.14 dq1 0.31 dq2 0.38 τ1 1.92 τ2 1.08
26.07.22/150_3.3_500_5: q1 1.10 q2 1.27 dq1 0.29 dq2 0.39 τ1 2.03 τ2 1.35
26.07.22/60_0.75_60_2: q1 1.00 q2 1.00 dq1 0.27 dq2 0.41 τ1 0.81 τ2 0.80
26.07.22/60_1.5_60_1.5: q1 0.90 q2 1.01 dq1 0.23 dq2 0.30 τ1 0.77 τ2 0.74
26.07.23/150_2.2_250_3: q1 0.94 q2 0.75 dq1 0.46 dq2 0.29 τ1 1.55 τ2 0.88
26.07.23/150_2.2_500_5: q1 0.42 q2 0.77 dq1 0.15 dq2 0.22 τ1 0.88 τ2 0.76
26.07.23/60_0.75_60_2: q1 1.82 q2 1.00 dq1 0.33 dq2 0.62 τ1 1.37 τ2 0.70
26.07.24/150_2.2_250_3: q1 0.68 q2 0.79 dq1 0.29 dq2 0.21 τ1 1.29 τ2 0.94
26.07.24/150_2.2_350_3.5: q1 0.72 q2 0.81 dq1 0.24 dq2 0.18 τ1 1.40 τ2 1.36
26.07.24/150_2.2_500_5: q1 0.40 q2 0.80 dq1 0.21 dq2 0.17 τ1 0.78 τ2 0.78
26.07.25/100_1.5_250_3: q1 2.35 q2 1.08 dq1 0.27 dq2 0.30 τ1 2.43 τ2 0.91
26.07.25/120_2_250_3: q1 2.40 q2 1.16 dq1 0.28 dq2 0.30 τ1 2.99 τ2 1.01
26.07.25/150_2.2_250_3: q1 2.26 q2 1.29 dq1 0.29 dq2 0.29 τ1 3.52 τ2 1.20
26.07.25/200_2.5_250_3: q1 2.00 q2 1.46 dq1 0.29 dq2 0.29 τ1 4.10 τ2 1.39
26.07.27/100_1.5_250_3: q1 1.35 q2 0.87 dq1 0.24 dq2 0.27 τ1 1.47 τ2 0.76
26.07.27/120_2_250_3: q1 1.17 q2 0.88 dq1 0.25 dq2 0.26 τ1 1.55 τ2 0.67
26.07.27/150_2.2_250_3: q1 1.18 q2 0.96 dq1 0.25 dq2 0.25 τ1 1.92 τ2 0.69
26.07.27/200_2.5_250_3: q1 1.03 q2 1.05 dq1 0.25 dq2 0.24 τ1 2.27 τ2 0.85
26.07.27/250_3_250_3: q1 0.91 q2 1.11 dq1 0.25 dq2 0.24 τ1 2.50 τ2 0.93
26.07.27/60_2_250_3: q1 1.40 q2 0.75 dq1 0.27 dq2 0.24 τ1 1.05 τ2 0.54
26.07.27/80_2_250_3: q1 1.43 q2 0.81 dq1 0.28 dq2 0.23 τ1 1.33 τ2 0.62
26.04.24/120_2.2_150_2.5: q1 0.87 q2 1.05 dq1 0.11 dq2 0.32 τ1 1.53 τ2 0.74
26.04.24/120_2.2_200_2.8: q1 1.03 q2 0.65 dq1 0.09 dq2 0.37 τ1 1.69 τ2 0.93
26.04.24/120_2_120_2: q1 0.92 q2 0.59 dq1 0.14 dq2 0.30 τ1 1.63 τ2 0.64
26.04.24/150_2.2_250_3: q1 0.89 q2 0.51 dq1 0.11 dq2 0.39 τ1 1.89 τ2 1.14
26.04.24/150_2.2_350_3.5: q1 0.86 q2 0.47 dq1 0.11 dq2 0.40 τ1 1.85 τ2 1.33
26.04.24/150_2.2_500_4: q1 0.92 q2 0.75 dq1 0.11 dq2 0.39 τ1 1.94 τ2 1.26
26.04.24/60_0.75_60_2: q1 1.62 q2 1.00 dq1 0.16 dq2 0.75 τ1 1.32 τ2 0.89
26.04.24/60_1.5_60_1.5: q1 1.46 q2 1.10 dq1 0.23 dq2 0.51 τ1 1.23 τ2 0.81
26.04.24/90_0.75_90_2: q1 1.91 q2 1.20 dq1 0.19 dq2 0.51 τ1 2.24 τ2 1.18
26.06.02/120_2_120_2: q1 0.53 q2 0.94 dq1 0.29 dq2 0.53 τ1 1.11 τ2 0.68
26.06.02/150_2.2_250_3: q1 0.63 q2 0.50 dq1 0.21 dq2 0.20 τ1 1.34 τ2 0.92
26.06.02/150_2.2_500_5: q1 0.51 q2 0.75 dq1 0.21 dq2 0.34 τ1 1.23 τ2 1.30
26.06.02/60_0.75_60_2: q1 1.30 q2 0.95 dq1 0.13 dq2 0.51 τ1 1.09 τ2 0.76
26.06.02/60_1.5_60_1.5: q1 0.96 q2 1.18 dq1 0.18 dq2 0.43 τ1 0.91 τ2 0.74
26.06.02/90_0.75_90_2: q1 1.15 q2 1.52 dq1 0.17 dq2 0.60 τ1 1.40 τ2 0.88
26.04.21/P100_D0.75_P100_D2: q1 1.37 q2 2.21 dq1 0.21 dq2 0.61 τ1 1.80 τ2 0.88
26.04.21/P200_D1.5_P200_D4: q1 0.99 q2 2.71 dq1 0.33 dq2 0.86 τ1 1.90 τ2 1.49
26.04.21/P60_D0.75_P60_D2: q1 2.35 q2 4.20 dq1 0.31 dq2 0.95 τ1 1.81 τ2 1.07
26.04.21/P70_D0.75_P70_D2: q1 1.67 q2 2.40 dq1 0.18 dq2 0.71 τ1 1.60 τ2 0.73
26.04.21/P80_D0.75_P80_D2: q1 1.92 q2 2.56 dq1 0.22 dq2 0.68 τ1 2.07 τ2 1.00
26.04.21/P90_D0.75_P90_D2: q1 1.52 q2 2.21 dq1 0.19 dq2 0.65 τ1 1.89 τ2 0.83

=== fs(k150) 세션 요약 ===
26.07.22: q1 0.95 q2 1.10 dq1 0.29 dq2 0.39 τ1 1.35 τ2 0.92
26.07.23: q1 1.06 q2 0.84 dq1 0.31 dq2 0.38 τ1 1.27 τ2 0.78
26.07.24: q1 0.60 q2 0.80 dq1 0.25 dq2 0.19 τ1 1.16 τ2 1.03
26.07.25: q1 2.25 q2 1.25 dq1 0.28 dq2 0.29 τ1 3.26 τ2 1.13
26.07.27: q1 1.21 q2 0.92 dq1 0.25 dq2 0.25 τ1 1.73 τ2 0.72
26.04.24: q1 1.16 q2 0.81 dq1 0.14 dq2 0.44 τ1 1.70 τ2 0.99
26.06.02: q1 0.85 q2 0.97 dq1 0.20 dq2 0.44 τ1 1.18 τ2 0.88
26.04.21: q1 1.64 q2 2.72 dq1 0.24 dq2 0.74 τ1 1.84 τ2 1.00
done
