--- k_d = 0.0 ---
warm-start from previous mshoot best
warm-start from previous fourbar best
0kg: off-stop 창 17개 q1 1.07 q2 2.11 || on-stop(착좌) 창 0개 q1 — q2 —
5kg: off-stop 창 13개 q1 3.3 q2 6.21 || on-stop(착좌) 창 6개 q1 7.58 q2 220.15
7.5kg: off-stop 창 11개 q1 5.82 q2 11.23 || on-stop(착좌) 창 7개 q1 8.53 q2 266.99
--- k_d = 2.5 ---
0kg: off-stop 창 17개 q1 1.04 q2 2.11 || on-stop(착좌) 창 0개 q1 — q2 —
5kg: off-stop 창 13개 q1 3.29 q2 6.08 || on-stop(착좌) 창 6개 q1 10.06 q2 199.3
7.5kg: off-stop 창 11개 q1 5.86 q2 11.16 || on-stop(착좌) 창 7개 q1 9.56 q2 148.05
--- k_d = 5.0 ---
0kg: off-stop 창 17개 q1 1.09 q2 2.25 || on-stop(착좌) 창 0개 q1 — q2 —
5kg: off-stop 창 13개 q1 3.24 q2 5.94 || on-stop(착좌) 창 6개 q1 11.71 q2 67.39
7.5kg: off-stop 창 11개 q1 5.87 q2 11.08 || on-stop(착좌) 창 7개 q1 12.7 q2 48.84
--- k_d = 10.0 ---
0kg: off-stop 창 17개 q1 1.41 q2 2.82 || on-stop(착좌) 창 0개 q1 — q2 —
5kg: off-stop 창 13개 q1 3.04 q2 5.55 || on-stop(착좌) 창 6개 q1 12.18 q2 21.24
7.5kg: off-stop 창 11개 q1 5.86 q2 10.93 || on-stop(착좌) 창 7개 q1 13.54 q2 11.4
--- k_d = 15.0 ---
0kg: off-stop 창 17개 q1 1.6 q2 3.16 || on-stop(착좌) 창 0개 q1 — q2 —
5kg: off-stop 창 13개 q1 2.64 q2 5.0 || on-stop(착좌) 창 6개 q1 12.25 q2 2.55
7.5kg: off-stop 창 11개 q1 5.79 q2 10.75 || on-stop(착좌) 창 7개 q1 13.55 q2 1.05
