warm-start from previous mshoot best
warm-start from previous fourbar best
26.07.22/120_2_120_2: 표본 32 (수렴 32) | 잔차 r1 평균 +1.75±0.72 | r2 +0.54±0.52 Nm
26.07.22/150_2.2_250_3: 표본 32 (수렴 32) | 잔차 r1 평균 +1.60±0.43 | r2 +0.47±0.28 Nm
26.07.22/150_3.3_500_5: 표본 32 (수렴 32) | 잔차 r1 평균 +1.61±0.55 | r2 +0.58±0.38 Nm
26.07.22/60_0.75_60_2: 표본 32 (수렴 32) | 잔차 r1 평균 +1.30±0.32 | r2 +0.32±0.32 Nm
26.07.22/60_1.5_60_1.5: 표본 32 (수렴 32) | 잔차 r1 평균 +1.29±0.31 | r2 +0.31±0.21 Nm
26.07.23/150_2.2_250_3: 표본 33 (수렴 33) | 잔차 r1 평균 +0.44±0.69 | r2 -0.40±0.65 Nm
26.07.23/150_2.2_500_5: 표본 33 (수렴 33) | 잔차 r1 평균 -0.07±0.73 | r2 -0.78±0.65 Nm
26.07.23/60_0.75_60_2: 표본 33 (수렴 33) | 잔차 r1 평균 +0.71±0.56 | r2 -0.23±0.45 Nm
26.07.24/150_2.2_250_3: 표본 33 (수렴 33) | 잔차 r1 평균 +0.36±0.69 | r2 -0.31±0.49 Nm
26.07.24/150_2.2_350_3.5: 표본 33 (수렴 33) | 잔차 r1 평균 -0.88±0.69 | r2 -1.43±0.53 Nm
26.07.24/150_2.2_500_5: 표본 33 (수렴 33) | 잔차 r1 평균 +0.01±0.65 | r2 -0.76±0.65 Nm
26.07.25/100_1.5_250_3: 표본 32 (수렴 32) | 잔차 r1 평균 +3.25±1.67 | r2 +1.18±0.82 Nm
26.07.25/120_2_250_3: 표본 32 (수렴 32) | 잔차 r1 평균 +3.30±1.72 | r2 +1.16±1.02 Nm
26.07.25/150_2.2_250_3: 표본 32 (수렴 32) | 잔차 r1 평균 +3.43±1.76 | r2 +1.29±1.03 Nm
26.07.25/200_2.5_250_3: 표본 32 (수렴 32) | 잔차 r1 평균 +3.72±2.28 | r2 +1.41±1.25 Nm
26.07.27/100_1.5_250_3: 표본 33 (수렴 33) | 잔차 r1 평균 +1.57±0.56 | r2 +0.35±0.41 Nm
26.07.27/120_2_250_3: 표본 33 (수렴 33) | 잔차 r1 평균 +1.69±0.66 | r2 +0.45±0.45 Nm
26.07.27/150_2.2_250_3: 표본 33 (수렴 33) | 잔차 r1 평균 +1.52±0.70 | r2 +0.44±0.48 Nm
26.07.27/200_2.5_250_3: 표본 33 (수렴 33) | 잔차 r1 평균 +1.59±0.65 | r2 +0.50±0.47 Nm
26.07.27/250_3_250_3: 표본 33 (수렴 33) | 잔차 r1 평균 +1.67±0.67 | r2 +0.51±0.43 Nm
26.07.27/60_2_250_3: 표본 32 (수렴 32) | 잔차 r1 평균 +1.47±0.57 | r2 +0.38±0.43 Nm
26.07.27/80_2_250_3: 표본 33 (수렴 33) | 잔차 r1 평균 +1.49±0.44 | r2 +0.39±0.34 Nm
26.04.24/120_2.2_150_2.5: 표본 25 (수렴 25) | 잔차 r1 평균 +0.65±0.67 | r2 -0.36±0.62 Nm
26.04.24/120_2.2_200_2.8: 표본 25 (수렴 25) | 잔차 r1 평균 +0.96±0.45 | r2 +0.08±0.33 Nm
26.04.24/120_2_120_2: 표본 24 (수렴 24) | 잔차 r1 평균 +0.74±0.52 | r2 -0.18±0.41 Nm
26.04.24/150_2.2_250_3: 표본 25 (수렴 25) | 잔차 r1 평균 +0.92±0.29 | r2 -0.04±0.45 Nm
26.04.24/150_2.2_350_3.5: 표본 25 (수렴 25) | 잔차 r1 평균 +0.91±0.28 | r2 +0.02±0.32 Nm
26.04.24/150_2.2_500_4: 표본 24 (수렴 24) | 잔차 r1 평균 +1.01±0.28 | r2 +0.10±0.34 Nm
26.04.24/60_0.75_60_2: 표본 25 (수렴 25) | 잔차 r1 평균 +0.71±0.51 | r2 -0.16±0.41 Nm
26.04.24/60_1.5_60_1.5: 표본 24 (수렴 24) | 잔차 r1 평균 +0.59±0.59 | r2 -0.46±0.54 Nm
26.04.24/90_0.75_90_2: 표본 24 (수렴 24) | 잔차 r1 평균 +1.12±0.26 | r2 +0.04±0.44 Nm
26.06.02/120_2_120_2: 표본 40 (수렴 40) | 잔차 r1 평균 +0.16±0.76 | r2 -0.73±0.72 Nm
26.06.02/150_2.2_250_3: 표본 40 (수렴 40) | 잔차 r1 평균 +0.68±0.60 | r2 -0.24±0.66 Nm
26.06.02/150_2.2_500_5: 표본 40 (수렴 40) | 잔차 r1 평균 +0.52±0.60 | r2 -0.24±0.70 Nm
26.06.02/60_0.75_60_2: 표본 40 (수렴 40) | 잔차 r1 평균 +0.56±0.50 | r2 -0.29±0.57 Nm
26.06.02/60_1.5_60_1.5: 표본 41 (수렴 41) | 잔차 r1 평균 +0.13±0.46 | r2 -0.47±0.51 Nm
26.06.02/90_0.75_90_2: 표본 41 (수렴 41) | 잔차 r1 평균 +0.59±0.58 | r2 -0.25±0.59 Nm
26.04.21/P100_D0.75_P100_D2: 표본 24 (수렴 24) | 잔차 r1 평균 +0.92±0.36 | r2 -0.04±0.39 Nm
26.04.21/P200_D1.5_P200_D4: 표본 24 (수렴 24) | 잔차 r1 평균 +0.85±0.47 | r2 -0.08±0.35 Nm
26.04.21/P60_D0.75_P60_D2: 표본 25 (수렴 25) | 잔차 r1 평균 +0.95±0.42 | r2 +0.01±0.39 Nm
26.04.21/P70_D0.75_P70_D2: 표본 24 (수렴 24) | 잔차 r1 평균 +0.94±0.51 | r2 -0.08±0.39 Nm
26.04.21/P80_D0.75_P80_D2: 표본 25 (수렴 25) | 잔차 r1 평균 +0.98±0.32 | r2 +0.11±0.44 Nm
26.04.21/P90_D0.75_P90_D2: 표본 25 (수렴 25) | 잔차 r1 평균 +0.98±0.45 | r2 -0.11±0.36 Nm
26.03.24/P100_D3: 표본 25 (수렴 25) | 잔차 r1 평균 +0.56±0.20 | r2 -0.24±0.46 Nm
26.03.24/P40_D0.7: 표본 25 (수렴 25) | 잔차 r1 평균 +0.67±0.38 | r2 -0.28±0.49 Nm
26.03.24/P60_D1.5: 표본 25 (수렴 25) | 잔차 r1 평균 +0.70±0.43 | r2 -0.21±0.44 Nm

=== 세션 요약 (정적 잔차 실측−트윈 [Nm]) ===
26.07.22: r1 +1.51±0.52 | r2 +0.44±0.38 (n=160)
26.07.23: r1 +0.36±0.74 | r2 -0.47±0.63 (n=99)
26.07.24: r1 -0.17±0.85 | r2 -0.83±0.72 (n=99)
26.07.25: r1 +3.42±1.88 | r2 +1.26±1.05 (n=128)
26.07.27: r1 +1.57±0.62 | r2 +0.43±0.44 (n=230)
26.04.24: r1 +0.84±0.48 | r2 -0.11±0.48 (n=221)
26.06.02: r1 +0.44±0.63 | r2 -0.37±0.65 (n=242)
26.04.21: r1 +0.93±0.43 | r2 -0.03±0.40 (n=147)
26.03.24: r1 +0.64±0.36 | r2 -0.24±0.46 (n=75)
done → C:\Users\junho\Documents\jump-opt-digital-twin\code\goal23_fullspan\_fs_static_audit.json
