warm-start from previous mshoot best
warm-start from previous fourbar best
26.07.22/150_2.2_250_3: 복귀 잔차 r1 +1.10±0.46 | r2 -0.08 (n=5)
26.07.22/150_3.3_500_5: 복귀 잔차 r1 +1.38±0.24 | r2 +0.10 (n=6)
26.07.23/150_2.2_250_3: 복귀 잔차 r1 +0.93±0.77 | r2 +0.69 (n=7)
26.07.23/150_2.2_500_5: 복귀 잔차 r1 +1.83±1.78 | r2 +1.67 (n=8)
26.07.24/150_2.2_250_3: 복귀 잔차 r1 +0.45±0.09 | r2 +0.03 (n=5)
26.07.24/150_2.2_350_3.5: 복귀 잔차 r1 +0.39±0.53 | r2 -0.09 (n=5)
26.07.24/150_2.2_500_5: 복귀 잔차 r1 +1.35±0.33 | r2 +0.16 (n=5)
26.07.25/100_1.5_250_3: 복귀 잔차 r1 +1.44±0.58 | r2 -0.46 (n=5)
26.07.25/120_2_250_3: 복귀 잔차 r1 +0.95±1.04 | r2 -0.50 (n=5)
26.07.25/150_2.2_250_3: 복귀 잔차 r1 +1.51±0.89 | r2 +0.19 (n=5)
26.07.25/200_2.5_250_3: 복귀 잔차 r1 +1.12±0.88 | r2 -0.13 (n=5)
26.07.27/120_2_250_3: 복귀 잔차 r1 +1.44±0.65 | r2 -0.27 (n=5)
26.07.27/150_2.2_250_3: 복귀 잔차 r1 +1.24±0.25 | r2 +0.05 (n=5)
26.07.27/200_2.5_250_3: 복귀 잔차 r1 +1.40±0.36 | r2 +0.03 (n=5)
26.07.27/250_3_250_3: 복귀 잔차 r1 +1.63±0.19 | r2 -0.28 (n=5)
26.07.27/60_2_250_3: 복귀 잔차 r1 +1.43±0.35 | r2 +0.42 (n=6)
26.04.24/120_2.2_150_2.5: 복귀 잔차 r1 +0.48±0.49 | r2 -0.22 (n=8)
26.04.24/120_2.2_200_2.8: 복귀 잔차 r1 +0.83±0.55 | r2 +0.02 (n=8)
26.04.24/120_2_120_2: 복귀 잔차 r1 +0.40±0.70 | r2 -0.45 (n=8)
26.04.24/150_2.2_250_3: 복귀 잔차 r1 +0.97±0.42 | r2 -0.18 (n=9)
26.04.24/150_2.2_350_3.5: 복귀 잔차 r1 +1.05±0.44 | r2 -0.36 (n=10)
26.04.24/150_2.2_500_4: 복귀 잔차 r1 +1.24±0.62 | r2 +0.18 (n=10)
26.04.24/60_0.75_60_2: 복귀 잔차 r1 +0.89±0.25 | r2 -0.26 (n=8)
26.04.24/60_1.5_60_1.5: 복귀 잔차 r1 +0.69±0.47 | r2 -0.22 (n=8)
26.06.02/120_2_120_2: 복귀 잔차 r1 +0.94±0.68 | r2 -0.27 (n=5)
26.06.02/150_2.2_250_3: 복귀 잔차 r1 +0.92±0.30 | r2 -0.55 (n=5)
26.06.02/150_2.2_500_5: 복귀 잔차 r1 +1.46±0.99 | r2 +0.17 (n=6)
26.06.02/60_0.75_60_2: 복귀 잔차 r1 +0.95±0.38 | r2 -0.11 (n=6)
26.06.02/60_1.5_60_1.5: 복귀 잔차 r1 +1.31±0.59 | r2 +0.01 (n=6)
26.06.02/90_0.75_90_2: 복귀 잔차 r1 +1.22±0.45 | r2 +0.37 (n=6)
26.03.24/P100_D3: 복귀 잔차 r1 +0.58±0.48 | r2 -0.21 (n=5)
26.03.24/P60_D1.5: 복귀 잔차 r1 +1.04±0.75 | r2 -0.27 (n=5)

=== 세션별 성분 분리: 마찰 = (하강−복귀)/2 · 중력/오프셋 = (하강+복귀)/2 [Nm] ===
26.07.22: hip 마찰성 +0.14 | hip 중력/오프셋 +1.38 || knee 마찰성 +0.22 | 중력/오프셋 +0.23
26.07.23: hip 마찰성 -0.51 | hip 중력/오프셋 +0.87 || knee 마찰성 -0.83 | 중력/오프셋 +0.36
26.07.24: hip 마찰성 -0.45 | hip 중력/오프셋 +0.28 || knee 마찰성 -0.43 | 중력/오프셋 -0.40
26.07.25: hip 마찰성 +1.09 | hip 중력/오프셋 +2.34 || knee 마찰성 +0.74 | 중력/오프셋 +0.52
26.07.27: hip 마찰성 +0.07 | hip 중력/오프셋 +1.50 || knee 마찰성 +0.22 | 중력/오프셋 +0.21
26.04.24: hip 마찰성 +0.01 | hip 중력/오프셋 +0.83 || knee 마찰성 +0.04 | 중력/오프셋 -0.15
26.06.02: hip 마찰성 -0.35 | hip 중력/오프셋 +0.79 || knee 마찰성 -0.15 | 중력/오프셋 -0.22
26.03.24: hip 마찰성 -0.08 | hip 중력/오프셋 +0.73 || knee 마찰성 -0.00 | 중력/오프셋 -0.24
done
