G21 joint sweep start 
[1/27] knee 3.1 / hip 2.6 / comz 0.0 
warm-start from previous mshoot best
warm-start from previous fourbar best
보드 실행: tag=Q_k3p1_h2p6_c0p0
  26.07.22/120_2_120_2: q1 4.225 q2 1.297 h 0.832/0.82 slip -2.4/-19.0
  26.07.22/150_2.2_250_3: q1 3.541 q2 1.381 h 0.885/0.85 slip -10.7/-18.8
  26.07.22/150_3.3_500_5: q1 4.933 q2 2.015 h 0.873/0.85 slip -15.1/-21.5
  26.07.22/60_0.75_60_2: q1 2.615 q2 1.265 h 0.729/0.74 slip -4.6/-47.2
  26.07.22/60_1.5_60_1.5: q1 1.928 q2 2.745 h 0.715/0.76 slip -2.3/-23.1
  26.07.23/150_2.2_250_3: q1 5.119 q2 0.608 h 0.809/0.81 slip 4.7/-16.8
  26.07.23/150_2.2_500_5: q1 0.891 q2 1.348 h 0.784/0.8 slip -14.4/-30.0
  26.07.23/60_0.75_60_2: q1 4.602 q2 3.178 h 0.898/0.83 slip -5.5/-73.8
  26.07.24/150_2.2_250_3: q1 3.065 q2 1.976 h 0.828/0.76 slip 9.7/17.2
  26.07.24/150_2.2_350_3.5: q1 1.995 q2 2.974 h 0.872/0.79 slip -0.1/28.5
  26.07.24/150_2.2_500_5: q1 1.403 q2 1.873 h 0.762/0.72 slip -6.9/-0.5
  26.07.25/100_1.5_250_3: q1 3.396 q2 3.849 h 0.718/0.76 slip -3.9/-34.8
  26.07.25/120_2_250_3: q1 3.629 q2 3.956 h 0.706/0.75 slip -5.2/-36.0
  26.07.25/150_2.2_250_3: q1 2.958 q2 2.980 h 0.726/0.76 slip -5.6/-45.0
  26.07.25/200_2.5_250_3: q1 2.901 q2 2.487 h 0.737/0.74 slip -6.7/-50.7
  26.07.27/100_1.5_250_3: q1 2.681 q2 4.738 h 0.755/0.82 slip -5.2/-18.7
  26.07.27/120_2_250_3: q1 2.028 q2 4.072 h 0.766/0.81 slip -5.9/-13.4
  26.07.27/150_2.2_250_3: q1 1.460 q2 2.560 h 0.830/0.84 slip -6.7/-15.7
  26.07.27/200_2.5_250_3: q1 2.327 q2 2.078 h 0.841/0.84 slip -7.1/-22.6
  26.07.27/250_3_250_3: q1 2.027 q2 1.789 h 0.863/0.86 slip -8.6/-21.3
  26.07.27/60_2_250_3: q1 2.240 q2 2.768 h 0.788/0.84 slip -0.3/14.9
  26.07.27/80_2_250_3: q1 3.137 q2 4.007 h 0.751/0.83 slip -1.5/-6.7
  26.04.24/120_2.2_150_2.5: q1 4.377 q2 6.349 h 0.733/0.81 slip -2.4/13.1
  26.04.24/120_2.2_200_2.8: q1 4.395 q2 7.903 h 0.693/0.795 slip -2.0/14.9
  26.04.24/120_2_120_2: q1 3.346 q2 4.397 h 0.789/0.84 slip -2.9/6.6
  26.04.24/150_2.2_250_3: q1 3.421 q2 6.107 h 0.687/0.77 slip -2.6/18.2
  26.04.24/150_2.2_350_3.5: q1 4.342 q2 8.134 h 0.656/0.77 slip -3.5/18.6
  26.04.24/150_2.2_500_4: q1 5.190 q2 10.511 h 0.649/0.775 slip -7.5/18.9
  26.04.24/60_0.75_60_2: q1 1.168 q2 2.849 h 0.926/0.9 slip -17.6/-39.7
  26.04.24/60_1.5_60_1.5: q1 1.549 q2 1.754 h 0.886/0.91 slip -10.6/-5.4
  26.04.24/90_0.75_90_2: q1 1.157 q2 1.031 h 0.904/0.894 slip -3.2/-18.6
  26.06.02/120_2_120_2: q1 2.092 q2 2.950 h 0.947/0.94 slip -15.5/3.0
  26.06.02/150_2.2_250_3: q1 1.165 q2 1.287 h 0.857/0.9 slip 6.5/34.3
  26.06.02/150_2.2_500_5: q1 2.070 q2 4.113 h 0.751/None slip 0.3/38.2
  26.06.02/60_0.75_60_2: q1 0.991 q2 1.555 h 0.925/0.94 slip -9.6/-39.2
  26.06.02/60_1.5_60_1.5: q1 1.041 q2 1.177 h 0.936/0.96 slip -5.3/-7.7
  26.06.02/90_0.75_90_2: q1 1.155 q2 1.354 h 0.969/0.98 slip -16.0/-35.2
  26.04.21/P100_D0.75_P100_D2: q1 0.754 q2 1.555 h 0.841/0.85 slip -13.9/-28.3
  26.04.21/P200_D1.5_P200_D4: q1 2.558 q2 3.939 h 0.713/0.79 slip -15.7/-25.6
  26.04.21/P60_D0.75_P60_D2: q1 1.065 q2 2.416 h 0.849/0.86 slip -10.1/-39.3
  26.04.21/P70_D0.75_P70_D2: q1 1.856 q2 2.602 h 0.782/0.85 slip -9.4/-37.5
  26.04.21/P80_D0.75_P80_D2: q1 1.176 q2 3.787 h 0.893/0.89 slip -12.9/-33.9
  26.04.21/P90_D0.75_P90_D2: q1 1.254 q2 1.598 h 0.820/0.86 slip -12.0/-33.7
  26.03.24/P100_D3: q1 3.785 q2 6.295 h 0.652/0.74 slip -2.0/16.4
  26.03.24/P40_D0.7: q1 3.125 q2 8.265 h 0.776/0.8 slip 9.4/-21.4
  26.03.24/P60_D1.5: q1 1.507 q2 2.995 h 0.712/0.77 slip -0.7/-7.8

============================================================================================================
세션            n    q1[°]    q2[°]      dq1      dq2  |h/h_v−1|  slip_sim   slip_기하
26.03.24      3    2.805    5.852    0.910    2.293      0.075       2.2      -4.2   ← held-out/gate
26.04.21      6    1.444    2.650    0.644    1.338      0.042     -12.3     -33.1   ← held-out/gate
26.04.24      9    3.216    5.448    1.050    2.401      0.085      -5.8       3.0
26.06.02      6    1.419    2.073    0.791    1.048      0.021      -6.6      -1.1
26.07.22      5    3.448    1.741    1.772    1.126      0.032      -7.0     -25.9
26.07.23      3    3.537    1.711    1.566    1.130      0.034      -5.1     -40.2
26.07.24      3    2.154    2.274    1.220    1.150      0.084       0.9      15.1
26.07.25      4    3.221    3.318    1.849    1.333      0.041      -5.4     -41.6
26.07.27      7    2.271    3.144    1.458    1.274      0.044      -5.1     -11.9
전체           46    2.613    3.135    1.251    1.455      0.052                24.6

============================================================================================================
  Ê_MA 0.7716 · Ê_h 0.8965 · Ê_slip 0.8078   →   **J_G = 0.8163**  (p24 = 1.0000)
  게이트(0324·0421 MA q1·q2): PASS
[2/27] knee 3.1 / hip 2.6 / comz 0.015 
warm-start from previous mshoot best
warm-start from previous fourbar best
보드 실행: tag=Q_k3p1_h2p6_c0p015
  26.07.22/120_2_120_2: q1 4.424 q2 1.501 h 0.823/0.82 slip -2.0/-19.0
  26.07.22/150_2.2_250_3: q1 3.747 q2 1.713 h 0.877/0.85 slip -9.8/-18.8
  26.07.22/150_3.3_500_5: q1 5.187 q2 2.539 h 0.864/0.85 slip -13.9/-21.5
  26.07.22/60_0.75_60_2: q1 2.941 q2 1.449 h 0.718/0.74 slip -4.5/-47.2
  26.07.22/60_1.5_60_1.5: q1 2.239 q2 3.363 h 0.704/0.76 slip -2.2/-23.1
  26.07.23/150_2.2_250_3: q1 5.608 q2 1.167 h 0.801/0.81 slip 2.7/-16.8
  26.07.23/150_2.2_500_5: q1 1.165 q2 1.963 h 0.775/0.8 slip -13.8/-30.0
  26.07.23/60_0.75_60_2: q1 5.101 q2 2.237 h 0.884/0.83 slip -4.9/-73.8
  26.07.24/150_2.2_250_3: q1 3.475 q2 1.753 h 0.817/0.76 slip 8.8/17.2
  26.07.24/150_2.2_350_3.5: q1 1.528 q2 2.416 h 0.862/0.79 slip -0.7/28.5
  26.07.24/150_2.2_500_5: q1 0.974 q2 1.971 h 0.751/0.72 slip -6.6/-0.5
  26.07.25/100_1.5_250_3: q1 3.692 q2 4.512 h 0.711/0.76 slip -3.8/-34.8
  26.07.25/120_2_250_3: q1 3.935 q2 4.632 h 0.699/0.75 slip -5.0/-36.0
  26.07.25/150_2.2_250_3: q1 3.233 q2 3.624 h 0.719/0.76 slip -5.4/-45.0
  26.07.25/200_2.5_250_3: q1 3.158 q2 3.107 h 0.730/0.74 slip -6.4/-50.7
  26.07.27/100_1.5_250_3: q1 3.122 q2 5.623 h 0.743/0.82 slip -5.0/-18.7
  26.07.27/120_2_250_3: q1 2.448 q2 4.969 h 0.755/0.81 slip -5.7/-13.4
  26.07.27/150_2.2_250_3: q1 1.832 q2 3.611 h 0.819/0.84 slip -6.4/-15.7
  26.07.27/200_2.5_250_3: q1 2.683 q2 2.906 h 0.830/0.84 slip -6.8/-22.6
  26.07.27/250_3_250_3: q1 2.305 q2 2.632 h 0.853/0.86 slip -8.1/-21.3
  26.07.27/60_2_250_3: q1 2.621 q2 3.664 h 0.777/0.84 slip -0.2/14.9
  26.07.27/80_2_250_3: q1 3.534 q2 4.841 h 0.740/0.83 slip -1.2/-6.7
  26.04.24/120_2.2_150_2.5: q1 5.032 q2 7.651 h 0.720/0.81 slip -2.2/13.1
  26.04.24/120_2.2_200_2.8: q1 5.074 q2 9.243 h 0.681/0.795 slip -1.8/14.9
  26.04.24/120_2_120_2: q1 4.019 q2 5.741 h 0.777/0.84 slip -3.0/6.6
  26.04.24/150_2.2_250_3: q1 4.074 q2 7.370 h 0.675/0.77 slip -2.4/18.2
  26.04.24/150_2.2_350_3.5: q1 4.981 q2 9.380 h 0.644/0.77 slip -3.1/18.6
  26.04.24/150_2.2_500_4: q1 5.863 q2 11.830 h 0.636/0.775 slip -6.9/18.9
  26.04.24/60_0.75_60_2: q1 1.078 q2 1.402 h 0.919/0.9 slip -18.3/-39.7
  26.04.24/60_1.5_60_1.5: q1 1.852 q2 2.822 h 0.873/0.91 slip -10.0/-5.4
  26.04.24/90_0.75_90_2: q1 1.910 q2 1.768 h 0.900/0.894 slip -5.7/-18.6
  26.06.02/120_2_120_2: q1 2.657 q2 4.169 h 0.935/0.94 slip -14.2/3.0
  26.06.02/150_2.2_250_3: q1 1.627 q2 2.553 h 0.855/0.9 slip 2.5/34.3
  26.06.02/150_2.2_500_5: q1 2.797 q2 5.715 h 0.746/None slip -1.1/38.2
  26.06.02/60_0.75_60_2: q1 0.919 q2 1.352 h 0.912/0.94 slip -9.3/-39.2
  26.06.02/60_1.5_60_1.5: q1 0.707 q2 1.088 h 0.922/0.96 slip -5.1/-7.7
  26.06.02/90_0.75_90_2: q1 1.733 q2 2.195 h 0.957/0.98 slip -15.4/-35.2
  26.04.21/P100_D0.75_P100_D2: q1 1.112 q2 1.409 h 0.831/0.85 slip -13.4/-28.3
  26.04.21/P200_D1.5_P200_D4: q1 3.227 q2 5.251 h 0.700/0.79 slip -15.0/-25.6
  26.04.21/P60_D0.75_P60_D2: q1 0.804 q2 1.264 h 0.836/0.86 slip -9.8/-39.3
  26.04.21/P70_D0.75_P70_D2: q1 2.355 q2 3.672 h 0.769/0.85 slip -9.0/-37.5
  26.04.21/P80_D0.75_P80_D2: q1 0.451 q2 2.294 h 0.884/0.89 slip -12.7/-33.9
  26.04.21/P90_D0.75_P90_D2: q1 1.838 q2 2.385 h 0.808/0.86 slip -11.5/-33.7
  26.03.24/P100_D3: q1 4.505 q2 7.600 h 0.641/0.74 slip -1.6/16.4
  26.03.24/P40_D0.7: q1 2.289 q2 6.444 h 0.777/0.8 slip 4.8/-21.4
  26.03.24/P60_D1.5: q1 2.248 q2 3.572 h 0.707/0.77 slip -1.8/-7.8

============================================================================================================
세션            n    q1[°]    q2[°]      dq1      dq2  |h/h_v−1|  slip_sim   slip_기하
26.03.24      3    3.014    5.872    0.934    2.412      0.082       0.5      -4.2   ← held-out/gate
26.04.21      6    1.631    2.713    0.759    1.552      0.054     -11.9     -33.1   ← held-out/gate
26.04.24      9    3.765    6.356    1.170    2.701      0.096      -5.9       3.0
26.06.02      6    1.740    2.845    0.822    1.204      0.030      -7.1      -1.1
26.07.22      5    3.708    2.113    1.747    1.053      0.031      -6.5     -25.9
26.07.23      3    3.958    1.789    1.581    1.056      0.036      -5.3     -40.2
26.07.24      3    1.992    2.047    1.168    0.957      0.070       0.5      15.1
26.07.25      4    3.504    3.969    1.889    1.521      0.050      -5.1     -41.6
26.07.27      7    2.649    4.035    1.481    1.477      0.056      -4.8     -11.9
전체           46    2.885    3.527    1.283    1.548      0.059                24.6

============================================================================================================
  Ê_MA 0.8536 · Ê_h 1.0161 · Ê_slip 0.8097   →   **J_G = 0.8936**  (p24 = 1.0000)
  게이트(0324·0421 MA q1·q2): PASS
[3/27] knee 3.1 / hip 2.6 / comz 0.027 
warm-start from previous mshoot best
warm-start from previous fourbar best
보드 실행: tag=Q_k3p1_h2p6_c0p027
  26.07.22/120_2_120_2: q1 4.600 q2 1.868 h 0.814/0.82 slip -1.8/-19.0
  26.07.22/150_2.2_250_3: q1 3.940 q2 2.180 h 0.869/0.85 slip -9.0/-18.8
  26.07.22/150_3.3_500_5: q1 5.408 q2 3.061 h 0.856/0.85 slip -12.9/-21.5
  26.07.22/60_0.75_60_2: q1 3.221 q2 1.869 h 0.710/0.74 slip -4.4/-47.2
  26.07.22/60_1.5_60_1.5: q1 2.498 q2 3.877 h 0.696/0.76 slip -2.0/-23.1
  26.07.23/150_2.2_250_3: q1 6.013 q2 2.085 h 0.794/0.81 slip 1.0/-16.8
  26.07.23/150_2.2_500_5: q1 1.476 q2 2.617 h 0.766/0.8 slip -13.3/-30.0
  26.07.23/60_0.75_60_2: q1 5.514 q2 1.709 h 0.872/0.83 slip -4.6/-73.8
  26.07.24/150_2.2_250_3: q1 3.824 q2 2.012 h 0.809/0.76 slip 7.8/17.2
  26.07.24/150_2.2_350_3.5: q1 1.199 q2 2.226 h 0.852/0.79 slip -1.0/28.5
  26.07.24/150_2.2_500_5: q1 0.699 q2 2.342 h 0.742/0.72 slip -6.4/-0.5
  26.07.25/100_1.5_250_3: q1 3.941 q2 5.057 h 0.705/0.76 slip -3.6/-34.8
  26.07.25/120_2_250_3: q1 4.193 q2 5.187 h 0.692/0.75 slip -4.8/-36.0
  26.07.25/150_2.2_250_3: q1 3.469 q2 4.157 h 0.713/0.76 slip -5.2/-45.0
  26.07.25/200_2.5_250_3: q1 3.383 q2 3.627 h 0.724/0.74 slip -6.2/-50.7
  26.07.27/100_1.5_250_3: q1 3.467 q2 6.308 h 0.734/0.82 slip -4.8/-18.7
  26.07.27/120_2_250_3: q1 2.799 q2 5.689 h 0.745/0.81 slip -5.4/-13.4
  26.07.27/150_2.2_250_3: q1 2.205 q2 4.474 h 0.810/0.84 slip -6.2/-15.7
  26.07.27/200_2.5_250_3: q1 2.997 q2 3.609 h 0.821/0.84 slip -6.5/-22.6
  26.07.27/250_3_250_3: q1 2.592 q2 3.385 h 0.844/0.86 slip -7.7/-21.3
  26.07.27/60_2_250_3: q1 2.945 q2 4.385 h 0.767/0.84 slip -0.1/14.9
  26.07.27/80_2_250_3: q1 3.852 q2 5.497 h 0.730/0.83 slip -1.1/-6.7
  26.04.24/120_2.2_150_2.5: q1 5.555 q2 8.691 h 0.709/0.81 slip -2.0/13.1
  26.04.24/120_2.2_200_2.8: q1 5.615 q2 10.313 h 0.670/0.795 slip -1.6/14.9
  26.04.24/120_2_120_2: q1 4.562 q2 6.827 h 0.766/0.84 slip -2.9/6.6
  26.04.24/150_2.2_250_3: q1 4.598 q2 8.393 h 0.665/0.77 slip -2.2/18.2
  26.04.24/150_2.2_350_3.5: q1 5.490 q2 10.378 h 0.634/0.77 slip -2.9/18.6
  26.04.24/150_2.2_500_4: q1 6.398 q2 12.878 h 0.626/0.775 slip -6.4/18.9
  26.04.24/60_0.75_60_2: q1 1.405 q2 1.092 h 0.909/0.9 slip -17.8/-39.7
  26.04.24/60_1.5_60_1.5: q1 2.282 q2 3.947 h 0.861/0.91 slip -9.5/-5.4
  26.04.24/90_0.75_90_2: q1 2.535 q2 3.011 h 0.893/0.894 slip -6.7/-18.6
  26.06.02/120_2_120_2: q1 3.120 q2 5.142 h 0.923/0.94 slip -13.3/3.0
  26.06.02/150_2.2_250_3: q1 2.095 q2 3.709 h 0.851/0.9 slip 0.6/34.3
  26.06.02/150_2.2_500_5: q1 3.391 q2 6.992 h 0.739/None slip -2.0/38.2
  26.06.02/60_0.75_60_2: q1 1.094 q2 1.768 h 0.900/0.94 slip -9.1/-39.2
  26.06.02/60_1.5_60_1.5: q1 0.727 q2 1.705 h 0.909/0.96 slip -5.0/-7.7
  26.06.02/90_0.75_90_2: q1 2.227 q2 3.108 h 0.946/0.98 slip -14.9/-35.2
  26.04.21/P100_D0.75_P100_D2: q1 1.608 q2 2.230 h 0.821/0.85 slip -13.0/-28.3
  26.04.21/P200_D1.5_P200_D4: q1 3.760 q2 6.307 h 0.689/0.79 slip -14.5/-25.6
  26.04.21/P60_D0.75_P60_D2: q1 0.972 q2 1.030 h 0.824/0.86 slip -9.6/-39.3
  26.04.21/P70_D0.75_P70_D2: q1 2.798 q2 4.604 h 0.757/0.85 slip -8.7/-37.5
  26.04.21/P80_D0.75_P80_D2: q1 0.533 q2 1.510 h 0.874/0.89 slip -12.4/-33.9
  26.04.21/P90_D0.75_P90_D2: q1 2.355 q2 3.344 h 0.797/0.86 slip -11.2/-33.7
  26.03.24/P100_D3: q1 5.079 q2 8.678 h 0.630/0.74 slip -1.3/16.4
  26.03.24/P40_D0.7: q1 1.653 q2 5.072 h 0.778/0.8 slip 1.5/-21.4
  26.03.24/P60_D1.5: q1 2.825 q2 4.365 h 0.700/0.77 slip -2.1/-7.8

============================================================================================================
세션            n    q1[°]    q2[°]      dq1      dq2  |h/h_v−1|  slip_sim   slip_기하
26.03.24      3    3.186    6.038    0.981    2.553      0.089      -0.6      -4.2   ← held-out/gate
26.04.21      6    2.004    3.171    0.870    1.755      0.067     -11.6     -33.1   ← held-out/gate
26.04.24      9    4.271    7.281    1.283    2.956      0.105      -5.8       3.0
26.06.02      6    2.109    3.737    0.879    1.379      0.041      -7.3      -1.1
26.07.22      5    3.933    2.571    1.736    1.036      0.032      -6.0     -25.9
26.07.23      3    4.334    2.137    1.606    1.067      0.038      -5.6     -40.2
26.07.24      3    1.907    2.193    1.138    0.847      0.058       0.1      15.1
26.07.25      4    3.746    4.507    1.927    1.685      0.058      -5.0     -41.6
26.07.27      7    2.980    4.764    1.509    1.656      0.067      -4.6     -11.9
전체           46    3.163    4.044    1.325    1.659      0.066                24.6

============================================================================================================
  Ê_MA 0.9424 · Ê_h 1.1383 · Ê_slip 0.8123   →   **J_G = 0.9751**  (p24 = 1.0000)
  게이트(0324·0421 MA q1·q2): PASS
[4/27] knee 3.1 / hip 2.8 / comz 0.0 
warm-start from previous mshoot best
warm-start from previous fourbar best
보드 실행: tag=Q_k3p1_h2p8_c0p0
  26.07.22/120_2_120_2: q1 4.145 q2 1.320 h 0.836/0.82 slip -2.4/-19.0
  26.07.22/150_2.2_250_3: q1 3.461 q2 1.379 h 0.890/0.85 slip -10.8/-18.8
  26.07.22/150_3.3_500_5: q1 4.841 q2 1.963 h 0.876/0.85 slip -15.1/-21.5
  26.07.22/60_0.75_60_2: q1 2.474 q2 1.319 h 0.733/0.74 slip -4.7/-47.2
  26.07.22/60_1.5_60_1.5: q1 1.788 q2 2.556 h 0.720/0.76 slip -2.4/-23.1
  26.07.23/150_2.2_250_3: q1 4.925 q2 0.877 h 0.815/0.81 slip 5.6/-16.8
  26.07.23/150_2.2_500_5: q1 0.877 q2 1.249 h 0.790/0.8 slip -14.9/-30.0
  26.07.23/60_0.75_60_2: q1 4.388 q2 3.561 h 0.906/0.83 slip -5.7/-73.8
  26.07.24/150_2.2_250_3: q1 2.960 q2 2.094 h 0.833/0.76 slip 9.8/17.2
  26.07.24/150_2.2_350_3.5: q1 2.102 q2 3.123 h 0.877/0.79 slip -0.2/28.5
  26.07.24/150_2.2_500_5: q1 1.513 q2 1.935 h 0.767/0.72 slip -7.0/-0.5
  26.07.25/100_1.5_250_3: q1 3.288 q2 3.701 h 0.722/0.76 slip -4.0/-34.8
  26.07.25/120_2_250_3: q1 3.519 q2 3.798 h 0.709/0.75 slip -5.3/-36.0
  26.07.25/150_2.2_250_3: q1 2.856 q2 2.825 h 0.729/0.76 slip -5.7/-45.0
  26.07.25/200_2.5_250_3: q1 2.800 q2 2.332 h 0.741/0.74 slip -6.8/-50.7
  26.07.27/100_1.5_250_3: q1 2.586 q2 4.597 h 0.758/0.82 slip -5.3/-18.7
  26.07.27/120_2_250_3: q1 1.933 q2 3.924 h 0.770/0.81 slip -6.0/-13.4
  26.07.27/150_2.2_250_3: q1 1.394 q2 2.397 h 0.834/0.84 slip -6.8/-15.7
  26.07.27/200_2.5_250_3: q1 2.255 q2 1.972 h 0.845/0.84 slip -7.2/-22.6
  26.07.27/250_3_250_3: q1 1.979 q2 1.694 h 0.867/0.86 slip -8.7/-21.3
  26.07.27/60_2_250_3: q1 2.162 q2 2.649 h 0.792/0.84 slip -0.3/14.9
  26.07.27/80_2_250_3: q1 3.051 q2 3.888 h 0.755/0.83 slip -1.5/-6.7
  26.04.24/120_2.2_150_2.5: q1 4.078 q2 5.743 h 0.739/0.81 slip -2.4/13.1
  26.04.24/120_2.2_200_2.8: q1 4.398 q2 7.902 h 0.692/0.795 slip -2.0/14.9
  26.04.24/120_2_120_2: q1 3.141 q2 3.995 h 0.793/0.84 slip -2.7/6.6
  26.04.24/150_2.2_250_3: q1 3.422 q2 6.107 h 0.687/0.77 slip -2.6/18.2
  26.04.24/150_2.2_350_3.5: q1 4.343 q2 8.134 h 0.656/0.77 slip -3.5/18.6
  26.04.24/150_2.2_500_4: q1 5.194 q2 10.511 h 0.649/0.775 slip -7.5/18.9
  26.04.24/60_0.75_60_2: q1 1.391 q2 3.437 h 0.931/0.9 slip -16.4/-39.7
  26.04.24/60_1.5_60_1.5: q1 1.581 q2 1.575 h 0.895/0.91 slip -10.8/-5.4
  26.04.24/90_0.75_90_2: q1 1.018 q2 1.111 h 0.907/0.894 slip -2.5/-18.6
  26.06.02/120_2_120_2: q1 1.838 q2 2.477 h 0.957/0.94 slip -15.7/3.0
  26.06.02/150_2.2_250_3: q1 1.119 q2 1.087 h 0.860/0.9 slip 7.9/34.3
  26.06.02/150_2.2_500_5: q1 1.898 q2 3.652 h 0.753/None slip 1.1/38.2
  26.06.02/60_0.75_60_2: q1 1.173 q2 1.844 h 0.934/0.94 slip -9.9/-39.2
  26.06.02/60_1.5_60_1.5: q1 1.332 q2 1.535 h 0.946/0.96 slip -5.4/-7.7
  26.06.02/90_0.75_90_2: q1 0.925 q2 1.283 h 0.978/0.98 slip -16.2/-35.2
  26.04.21/P100_D0.75_P100_D2: q1 0.811 q2 1.849 h 0.848/0.85 slip -14.1/-28.3
  26.04.21/P200_D1.5_P200_D4: q1 2.277 q2 3.460 h 0.720/0.79 slip -16.0/-25.6
  26.04.21/P60_D0.75_P60_D2: q1 1.263 q2 2.758 h 0.857/0.86 slip -10.3/-39.3
  26.04.21/P70_D0.75_P70_D2: q1 1.640 q2 2.184 h 0.790/0.85 slip -9.6/-37.5
  26.04.21/P80_D0.75_P80_D2: q1 1.401 q2 4.093 h 0.898/0.89 slip -13.0/-33.9
  26.04.21/P90_D0.75_P90_D2: q1 1.092 q2 1.502 h 0.827/0.86 slip -12.2/-33.7
  26.03.24/P100_D3: q1 3.769 q2 6.285 h 0.652/0.74 slip -2.0/16.4
  26.03.24/P40_D0.7: q1 3.239 q2 8.403 h 0.777/0.8 slip 9.7/-21.4
  26.03.24/P60_D1.5: q1 1.464 q2 2.976 h 0.713/0.77 slip -0.8/-7.8

============================================================================================================
세션            n    q1[°]    q2[°]      dq1      dq2  |h/h_v−1|  slip_sim   slip_기하
26.03.24      3    2.824    5.888    0.910    2.306      0.074       2.3      -4.2   ← held-out/gate
26.04.21      6    1.414    2.641    0.618    1.267      0.036     -12.5     -33.1   ← held-out/gate
26.04.24      9    3.174    5.391    1.032    2.360      0.084      -5.6       3.0
26.06.02      6    1.381    1.980    0.791    1.031      0.017      -6.4      -1.1
26.07.22      5    3.342    1.708    1.778    1.151      0.032      -7.1     -25.9
26.07.23      3    3.396    1.896    1.562    1.177      0.037      -5.0     -40.2
26.07.24      3    2.192    2.384    1.216    1.194      0.090       0.9      15.1
26.07.25      4    3.116    3.164    1.832    1.284      0.036      -5.4     -41.6
26.07.27      7    2.194    3.017    1.448    1.239      0.042      -5.1     -11.9
전체           46    2.559    3.119    1.243    1.445      0.050                24.6

============================================================================================================
  Ê_MA 0.7594 · Ê_h 0.8677 · Ê_slip 0.8057   →   **J_G = 0.8012**  (p24 = 1.0000)
  게이트(0324·0421 MA q1·q2): PASS
[5/27] knee 3.1 / hip 2.8 / comz 0.015 
warm-start from previous mshoot best
warm-start from previous fourbar best
보드 실행: tag=Q_k3p1_h2p8_c0p015
  26.07.22/120_2_120_2: q1 4.338 q2 1.444 h 0.827/0.82 slip -2.1/-19.0
  26.07.22/150_2.2_250_3: q1 3.659 q2 1.630 h 0.881/0.85 slip -9.8/-18.8
  26.07.22/150_3.3_500_5: q1 5.091 q2 2.454 h 0.868/0.85 slip -13.8/-21.5
  26.07.22/60_0.75_60_2: q1 2.792 q2 1.369 h 0.723/0.74 slip -4.6/-47.2
  26.07.22/60_1.5_60_1.5: q1 2.096 q2 3.167 h 0.709/0.76 slip -2.2/-23.1
  26.07.23/150_2.2_250_3: q1 5.412 q2 0.831 h 0.807/0.81 slip 3.4/-16.8
  26.07.23/150_2.2_500_5: q1 1.058 q2 1.714 h 0.782/0.8 slip -14.2/-30.0
  26.07.23/60_0.75_60_2: q1 4.880 q2 2.556 h 0.893/0.83 slip -5.1/-73.8
  26.07.24/150_2.2_250_3: q1 3.367 q2 1.764 h 0.823/0.76 slip 8.9/17.2
  26.07.24/150_2.2_350_3.5: q1 1.625 q2 2.524 h 0.866/0.79 slip -0.5/28.5
  26.07.24/150_2.2_500_5: q1 1.070 q2 1.938 h 0.756/0.72 slip -6.8/-0.5
  26.07.25/100_1.5_250_3: q1 3.582 q2 4.365 h 0.714/0.76 slip -3.8/-34.8
  26.07.25/120_2_250_3: q1 3.824 q2 4.476 h 0.702/0.75 slip -5.1/-36.0
  26.07.25/150_2.2_250_3: q1 3.128 q2 3.468 h 0.723/0.76 slip -5.4/-45.0
  26.07.25/200_2.5_250_3: q1 3.053 q2 2.948 h 0.734/0.74 slip -6.5/-50.7
  26.07.27/100_1.5_250_3: q1 3.026 q2 5.484 h 0.747/0.82 slip -5.1/-18.7
  26.07.27/120_2_250_3: q1 2.350 q2 4.822 h 0.759/0.81 slip -5.8/-13.4
  26.07.27/150_2.2_250_3: q1 1.738 q2 3.437 h 0.823/0.84 slip -6.5/-15.7
  26.07.27/200_2.5_250_3: q1 2.602 q2 2.782 h 0.835/0.84 slip -6.8/-22.6
  26.07.27/250_3_250_3: q1 2.238 q2 2.504 h 0.857/0.86 slip -8.2/-21.3
  26.07.27/60_2_250_3: q1 2.538 q2 3.544 h 0.780/0.84 slip -0.2/14.9
  26.07.27/80_2_250_3: q1 3.449 q2 4.724 h 0.743/0.83 slip -1.3/-6.7
  26.04.24/120_2.2_150_2.5: q1 4.734 q2 7.052 h 0.726/0.81 slip -2.2/13.1
  26.04.24/120_2.2_200_2.8: q1 5.077 q2 9.243 h 0.680/0.795 slip -1.8/14.9
  26.04.24/120_2_120_2: q1 3.814 q2 5.341 h 0.781/0.84 slip -3.0/6.6
  26.04.24/150_2.2_250_3: q1 4.075 q2 7.370 h 0.675/0.77 slip -2.4/18.2
  26.04.24/150_2.2_350_3.5: q1 4.982 q2 9.380 h 0.643/0.77 slip -3.1/18.6
  26.04.24/150_2.2_500_4: q1 5.866 q2 11.830 h 0.636/0.775 slip -6.9/18.9
  26.04.24/60_0.75_60_2: q1 1.070 q2 1.823 h 0.927/0.9 slip -18.2/-39.7
  26.04.24/60_1.5_60_1.5: q1 1.697 q2 2.287 h 0.883/0.91 slip -10.1/-5.4
  26.04.24/90_0.75_90_2: q1 1.762 q2 1.532 h 0.903/0.894 slip -5.2/-18.6
  26.06.02/120_2_120_2: q1 2.387 q2 3.693 h 0.944/0.94 slip -14.4/3.0
  26.06.02/150_2.2_250_3: q1 1.487 q2 2.119 h 0.858/0.9 slip 3.6/34.3
  26.06.02/150_2.2_500_5: q1 2.607 q2 5.273 h 0.748/None slip -0.9/38.2
  26.06.02/60_0.75_60_2: q1 0.951 q2 1.339 h 0.921/0.94 slip -9.6/-39.2
  26.06.02/60_1.5_60_1.5: q1 0.895 q2 0.981 h 0.932/0.96 slip -5.2/-7.7
  26.06.02/90_0.75_90_2: q1 1.452 q2 1.802 h 0.967/0.98 slip -15.6/-35.2
  26.04.21/P100_D0.75_P100_D2: q1 0.931 q2 1.220 h 0.839/0.85 slip -13.7/-28.3
  26.04.21/P200_D1.5_P200_D4: q1 2.940 q2 4.768 h 0.708/0.79 slip -15.2/-25.6
  26.04.21/P60_D0.75_P60_D2: q1 0.864 q2 1.502 h 0.844/0.86 slip -10.1/-39.3
  26.04.21/P70_D0.75_P70_D2: q1 2.118 q2 3.245 h 0.777/0.85 slip -9.2/-37.5
  26.04.21/P80_D0.75_P80_D2: q1 0.623 q2 2.528 h 0.890/0.89 slip -12.9/-33.9
  26.04.21/P90_D0.75_P90_D2: q1 1.623 q2 2.062 h 0.816/0.86 slip -11.7/-33.7
  26.03.24/P100_D3: q1 4.489 q2 7.591 h 0.641/0.74 slip -1.6/16.4
  26.03.24/P40_D0.7: q1 2.397 q2 6.571 h 0.778/0.8 slip 5.1/-21.4
  26.03.24/P60_D1.5: q1 2.206 q2 3.547 h 0.708/0.77 slip -1.9/-7.8

============================================================================================================
세션            n    q1[°]    q2[°]      dq1      dq2  |h/h_v−1|  slip_sim   slip_기하
26.03.24      3    3.031    5.903    0.933    2.415      0.081       0.5      -4.2   ← held-out/gate
26.04.21      6    1.516    2.554    0.725    1.466      0.046     -12.1     -33.1   ← held-out/gate
26.04.24      9    3.675    6.206    1.146    2.643      0.095      -5.9       3.0
26.06.02      6    1.630    2.534    0.807    1.156      0.023      -7.0      -1.1
26.07.22      5    3.595    2.013    1.752    1.065      0.031      -6.5     -25.9
26.07.23      3    3.783    1.700    1.571    1.066      0.034      -5.3     -40.2
26.07.24      3    2.020    2.075    1.159    0.994      0.076       0.5      15.1
26.07.25      4    3.397    3.814    1.870    1.467      0.045      -5.2     -41.6
26.07.27      7    2.563    3.900    1.468    1.436      0.051      -4.9     -11.9
전체           46    2.801    3.411    1.270    1.523      0.056                24.6

============================================================================================================
  Ê_MA 0.8304 · Ê_h 0.9644 · Ê_slip 0.8070   →   **J_G = 0.8659**  (p24 = 1.0000)
  게이트(0324·0421 MA q1·q2): PASS
[6/27] knee 3.1 / hip 2.8 / comz 0.027 
warm-start from previous mshoot best
warm-start from previous fourbar best
보드 실행: tag=Q_k3p1_h2p8_c0p027
  26.07.22/120_2_120_2: q1 4.510 q2 1.774 h 0.818/0.82 slip -1.8/-19.0
  26.07.22/150_2.2_250_3: q1 3.847 q2 2.065 h 0.873/0.85 slip -9.0/-18.8
  26.07.22/150_3.3_500_5: q1 5.309 q2 2.964 h 0.860/0.85 slip -12.9/-21.5
  26.07.22/60_0.75_60_2: q1 3.069 q2 1.728 h 0.715/0.74 slip -4.4/-47.2
  26.07.22/60_1.5_60_1.5: q1 2.354 q2 3.679 h 0.701/0.76 slip -2.1/-23.1
  26.07.23/150_2.2_250_3: q1 5.815 q2 1.698 h 0.800/0.81 slip 1.6/-16.8
  26.07.23/150_2.2_500_5: q1 1.332 q2 2.331 h 0.773/0.8 slip -13.7/-30.0
  26.07.23/60_0.75_60_2: q1 5.292 q2 1.908 h 0.880/0.83 slip -4.7/-73.8
  26.07.24/150_2.2_250_3: q1 3.718 q2 1.935 h 0.813/0.76 slip 8.6/17.2
  26.07.24/150_2.2_350_3.5: q1 1.284 q2 2.274 h 0.857/0.79 slip -0.8/28.5
  26.07.24/150_2.2_500_5: q1 0.768 q2 2.254 h 0.747/0.72 slip -6.6/-0.5
  26.07.25/100_1.5_250_3: q1 3.830 q2 4.911 h 0.708/0.76 slip -3.7/-34.8
  26.07.25/120_2_250_3: q1 4.081 q2 5.032 h 0.696/0.75 slip -4.9/-36.0
  26.07.25/150_2.2_250_3: q1 3.362 q2 4.002 h 0.717/0.76 slip -5.3/-45.0
  26.07.25/200_2.5_250_3: q1 3.275 q2 3.466 h 0.728/0.74 slip -6.3/-50.7
  26.07.27/100_1.5_250_3: q1 3.372 q2 6.172 h 0.738/0.82 slip -4.9/-18.7
  26.07.27/120_2_250_3: q1 2.700 q2 5.544 h 0.749/0.81 slip -5.5/-13.4
  26.07.27/150_2.2_250_3: q1 2.101 q2 4.298 h 0.814/0.84 slip -6.3/-15.7
  26.07.27/200_2.5_250_3: q1 2.912 q2 3.481 h 0.826/0.84 slip -6.6/-22.6
  26.07.27/250_3_250_3: q1 2.515 q2 3.249 h 0.849/0.86 slip -7.8/-21.3
  26.07.27/60_2_250_3: q1 2.861 q2 4.267 h 0.771/0.84 slip -0.1/14.9
  26.07.27/80_2_250_3: q1 3.767 q2 5.382 h 0.734/0.83 slip -1.1/-6.7
  26.04.24/120_2.2_150_2.5: q1 5.260 q2 8.101 h 0.715/0.81 slip -2.1/13.1
  26.04.24/120_2.2_200_2.8: q1 5.618 q2 10.313 h 0.669/0.795 slip -1.6/14.9
  26.04.24/120_2_120_2: q1 4.358 q2 6.433 h 0.770/0.84 slip -2.9/6.6
  26.04.24/150_2.2_250_3: q1 4.599 q2 8.393 h 0.665/0.77 slip -2.2/18.2
  26.04.24/150_2.2_350_3.5: q1 5.491 q2 10.378 h 0.633/0.77 slip -2.9/18.6
  26.04.24/150_2.2_500_4: q1 6.400 q2 12.878 h 0.625/0.775 slip -6.4/18.9
  26.04.24/60_0.75_60_2: q1 1.230 q2 1.008 h 0.918/0.9 slip -18.0/-39.7
  26.04.24/60_1.5_60_1.5: q1 2.042 q2 3.358 h 0.871/0.91 slip -9.6/-5.4
  26.04.24/90_0.75_90_2: q1 2.388 q2 2.768 h 0.897/0.894 slip -6.4/-18.6
  26.06.02/120_2_120_2: q1 2.845 q2 4.673 h 0.933/0.94 slip -13.4/3.0
  26.06.02/150_2.2_250_3: q1 1.922 q2 3.274 h 0.855/0.9 slip 0.7/34.3
  26.06.02/150_2.2_500_5: q1 3.205 q2 6.584 h 0.743/None slip -2.0/38.2
  26.06.02/60_0.75_60_2: q1 1.007 q2 1.536 h 0.910/0.94 slip -9.3/-39.2
  26.06.02/60_1.5_60_1.5: q1 0.733 q2 1.343 h 0.920/0.96 slip -5.1/-7.7
  26.06.02/90_0.75_90_2: q1 1.936 q2 2.655 h 0.955/0.98 slip -15.1/-35.2
  26.04.21/P100_D0.75_P100_D2: q1 1.366 q2 1.835 h 0.829/0.85 slip -13.2/-28.3
  26.04.21/P200_D1.5_P200_D4: q1 3.475 q2 5.832 h 0.697/0.79 slip -14.7/-25.6
  26.04.21/P60_D0.75_P60_D2: q1 0.880 q2 0.948 h 0.832/0.86 slip -9.8/-39.3
  26.04.21/P70_D0.75_P70_D2: q1 2.552 q2 4.182 h 0.766/0.85 slip -8.9/-37.5
  26.04.21/P80_D0.75_P80_D2: q1 0.418 q2 1.587 h 0.880/0.89 slip -12.7/-33.9
  26.04.21/P90_D0.75_P90_D2: q1 2.127 q2 2.983 h 0.805/0.86 slip -11.4/-33.7
  26.03.24/P100_D3: q1 5.064 q2 8.670 h 0.630/0.74 slip -1.3/16.4
  26.03.24/P40_D0.7: q1 1.749 q2 5.173 h 0.779/0.8 slip 1.7/-21.4
  26.03.24/P60_D1.5: q1 2.784 q2 4.339 h 0.701/0.77 slip -2.2/-7.8

============================================================================================================
세션            n    q1[°]    q2[°]      dq1      dq2  |h/h_v−1|  slip_sim   slip_기하
26.03.24      3    3.199    6.061    0.975    2.542      0.088      -0.6      -4.2   ← held-out/gate
26.04.21      6    1.803    2.894    0.833    1.663      0.058     -11.8     -33.1   ← held-out/gate
26.04.24      9    4.154    7.070    1.257    2.896      0.104      -5.8       3.0
26.06.02      6    1.942    3.344    0.855    1.319      0.031      -7.4      -1.1
26.07.22      5    3.818    2.442    1.739    1.035      0.030      -6.1     -25.9
26.07.23      3    4.146    1.979    1.592    1.052      0.036      -5.6     -40.2
26.07.24      3    1.923    2.154    1.129    0.877      0.064       0.4      15.1
26.07.25      4    3.637    4.353    1.907    1.629      0.054      -5.0     -41.6
26.07.27      7    2.890    4.627    1.495    1.613      0.062      -4.6     -11.9
전체           46    3.057    3.881    1.309    1.625      0.062                24.6

============================================================================================================
  Ê_MA 0.9129 · Ê_h 1.0771 · Ê_slip 0.8095   →   **J_G = 0.9415**  (p24 = 1.0000)
  게이트(0324·0421 MA q1·q2): PASS
[7/27] knee 3.1 / hip 3.0 / comz 0.0 
warm-start from previous mshoot best
warm-start from previous fourbar best
보드 실행: tag=Q_k3p1_h3p0_c0p0
  26.07.22/120_2_120_2: q1 4.068 q2 1.362 h 0.841/0.82 slip -2.4/-19.0
  26.07.22/150_2.2_250_3: q1 3.387 q2 1.399 h 0.894/0.85 slip -10.8/-18.8
  26.07.22/150_3.3_500_5: q1 4.754 q2 1.920 h 0.880/0.85 slip -15.1/-21.5
  26.07.22/60_0.75_60_2: q1 2.339 q2 1.407 h 0.738/0.74 slip -4.8/-47.2
  26.07.22/60_1.5_60_1.5: q1 1.655 q2 2.374 h 0.725/0.76 slip -2.4/-23.1
  26.07.23/150_2.2_250_3: q1 4.740 q2 1.243 h 0.820/0.81 slip 6.5/-16.8
  26.07.23/150_2.2_500_5: q1 0.913 q2 1.248 h 0.796/0.8 slip -15.3/-30.0
  26.07.23/60_0.75_60_2: q1 4.185 q2 3.930 h 0.914/0.83 slip -5.9/-73.8
  26.07.24/150_2.2_250_3: q1 2.859 q2 2.252 h 0.837/0.76 slip 10.7/17.2
  26.07.24/150_2.2_350_3.5: q1 2.209 q2 3.288 h 0.882/0.79 slip 0.1/28.5
  26.07.24/150_2.2_500_5: q1 1.626 q2 2.013 h 0.771/0.72 slip -7.2/-0.5
  26.07.25/100_1.5_250_3: q1 3.185 q2 3.557 h 0.725/0.76 slip -4.0/-34.8
  26.07.25/120_2_250_3: q1 3.415 q2 3.646 h 0.713/0.75 slip -5.4/-36.0
  26.07.25/150_2.2_250_3: q1 2.765 q2 2.683 h 0.733/0.76 slip -5.8/-45.0
  26.07.25/200_2.5_250_3: q1 2.705 q2 2.185 h 0.744/0.74 slip -6.9/-50.7
  26.07.27/100_1.5_250_3: q1 2.495 q2 4.461 h 0.762/0.82 slip -5.4/-18.7
  26.07.27/120_2_250_3: q1 1.842 q2 3.780 h 0.774/0.81 slip -6.1/-13.4
  26.07.27/150_2.2_250_3: q1 1.336 q2 2.242 h 0.838/0.84 slip -6.9/-15.7
  26.07.27/200_2.5_250_3: q1 2.189 q2 1.875 h 0.850/0.84 slip -7.3/-22.6
  26.07.27/250_3_250_3: q1 1.936 q2 1.611 h 0.872/0.86 slip -8.9/-21.3
  26.07.27/60_2_250_3: q1 2.090 q2 2.536 h 0.795/0.84 slip -0.3/14.9
  26.07.27/80_2_250_3: q1 2.969 q2 3.772 h 0.758/0.83 slip -1.5/-6.7
  26.04.24/120_2.2_150_2.5: q1 3.862 q2 5.301 h 0.743/0.81 slip -2.4/13.1
  26.04.24/120_2.2_200_2.8: q1 4.401 q2 7.902 h 0.692/0.795 slip -2.0/14.9
  26.04.24/120_2_120_2: q1 2.986 q2 3.681 h 0.795/0.84 slip -2.4/6.6
  26.04.24/150_2.2_250_3: q1 3.423 q2 6.107 h 0.686/0.77 slip -2.6/18.2
  26.04.24/150_2.2_350_3.5: q1 4.344 q2 8.134 h 0.655/0.77 slip -3.5/18.6
  26.04.24/150_2.2_500_4: q1 5.197 q2 10.511 h 0.648/0.775 slip -7.5/18.9
  26.04.24/60_0.75_60_2: q1 1.619 q2 3.928 h 0.937/0.9 slip -15.9/-39.7
  26.04.24/60_1.5_60_1.5: q1 1.694 q2 1.645 h 0.903/0.91 slip -10.5/-5.4
  26.04.24/90_0.75_90_2: q1 0.915 q2 1.202 h 0.911/0.894 slip -2.6/-18.6
  26.06.02/120_2_120_2: q1 1.614 q2 2.038 h 0.966/0.94 slip -15.8/3.0
  26.06.02/150_2.2_250_3: q1 1.127 q2 1.112 h 0.862/0.9 slip 9.5/34.3
  26.06.02/150_2.2_500_5: q1 1.762 q2 3.219 h 0.754/None slip 2.3/38.2
  26.06.02/60_0.75_60_2: q1 1.379 q2 2.164 h 0.943/0.94 slip -10.1/-39.2
  26.06.02/60_1.5_60_1.5: q1 1.620 q2 1.936 h 0.955/0.96 slip -5.5/-7.7
  26.06.02/90_0.75_90_2: q1 0.781 q2 1.421 h 0.987/0.98 slip -16.5/-35.2
  26.04.21/P100_D0.75_P100_D2: q1 0.949 q2 2.166 h 0.855/0.85 slip -14.3/-28.3
  26.04.21/P200_D1.5_P200_D4: q1 2.037 q2 3.049 h 0.726/0.79 slip -16.2/-25.6
  26.04.21/P60_D0.75_P60_D2: q1 1.450 q2 3.054 h 0.863/0.86 slip -10.6/-39.3
  26.04.21/P70_D0.75_P70_D2: q1 1.465 q2 1.817 h 0.798/0.85 slip -9.8/-37.5
  26.04.21/P80_D0.75_P80_D2: q1 1.624 q2 4.399 h 0.903/0.89 slip -13.1/-33.9
  26.04.21/P90_D0.75_P90_D2: q1 0.986 q2 1.498 h 0.833/0.86 slip -12.4/-33.7
  26.03.24/P100_D3: q1 3.754 q2 6.276 h 0.652/0.74 slip -2.0/16.4
  26.03.24/P40_D0.7: q1 3.339 q2 8.502 h 0.779/0.8 slip 9.5/-21.4
  26.03.24/P60_D1.5: q1 1.424 q2 2.970 h 0.715/0.77 slip -1.1/-7.8

============================================================================================================
세션            n    q1[°]    q2[°]      dq1      dq2  |h/h_v−1|  slip_sim   slip_기하
26.03.24      3    2.839    5.916    0.911    2.317      0.072       2.1      -4.2   ← held-out/gate
26.04.21      6    1.419    2.664    0.599    1.209      0.033     -12.7     -33.1   ← held-out/gate
26.04.24      9    3.160    5.379    1.022    2.332      0.084      -5.5       3.0
26.06.02      6    1.380    1.982    0.797    1.024      0.017      -6.0      -1.1
26.07.22      5    3.241    1.693    1.786    1.179      0.032      -7.1     -25.9
26.07.23      3    3.279    2.140    1.560    1.234      0.039      -4.9     -40.2
26.07.24      3    2.231    2.517    1.212    1.255      0.096       1.2      15.1
26.07.25      4    3.017    3.018    1.818    1.238      0.034      -5.5     -41.6
26.07.27      7    2.122    2.897    1.440    1.207      0.040      -5.2     -11.9
전체           46    2.521    3.134    1.238    1.444      0.050                24.6

============================================================================================================
  Ê_MA 0.7520 · Ê_h 0.8611 · Ê_slip 0.7998   →   **J_G = 0.7943**  (p24 = 1.0000)
  게이트(0324·0421 MA q1·q2): PASS
[8/27] knee 3.1 / hip 3.0 / comz 0.015 
warm-start from previous mshoot best
warm-start from previous fourbar best
보드 실행: tag=Q_k3p1_h3p0_c0p015
  26.07.22/120_2_120_2: q1 4.255 q2 1.402 h 0.831/0.82 slip -2.1/-19.0
  26.07.22/150_2.2_250_3: q1 3.575 q2 1.561 h 0.885/0.85 slip -9.8/-18.8
  26.07.22/150_3.3_500_5: q1 4.999 q2 2.377 h 0.871/0.85 slip -13.8/-21.5
  26.07.22/60_0.75_60_2: q1 2.648 q2 1.322 h 0.728/0.74 slip -4.6/-47.2
  26.07.22/60_1.5_60_1.5: q1 1.959 q2 2.975 h 0.714/0.76 slip -2.2/-23.1
  26.07.23/150_2.2_250_3: q1 5.222 q2 0.619 h 0.813/0.81 slip 4.2/-16.8
  26.07.23/150_2.2_500_5: q1 0.987 q2 1.514 h 0.788/0.8 slip -14.7/-30.0
  26.07.23/60_0.75_60_2: q1 4.672 q2 2.882 h 0.900/0.83 slip -5.4/-73.8
  26.07.24/150_2.2_250_3: q1 3.263 q2 1.813 h 0.827/0.76 slip 9.7/17.2
  26.07.24/150_2.2_350_3.5: q1 1.726 q2 2.633 h 0.871/0.79 slip -0.6/28.5
  26.07.24/150_2.2_500_5: q1 1.171 q2 1.924 h 0.760/0.72 slip -6.9/-0.5
  26.07.25/100_1.5_250_3: q1 3.477 q2 4.222 h 0.718/0.76 slip -3.9/-34.8
  26.07.25/120_2_250_3: q1 3.718 q2 4.325 h 0.705/0.75 slip -5.1/-36.0
  26.07.25/150_2.2_250_3: q1 3.033 q2 3.325 h 0.726/0.76 slip -5.5/-45.0
  26.07.25/200_2.5_250_3: q1 2.945 q2 2.782 h 0.738/0.74 slip -6.6/-50.7
  26.07.27/100_1.5_250_3: q1 2.934 q2 5.350 h 0.751/0.82 slip -5.2/-18.7
  26.07.27/120_2_250_3: q1 2.254 q2 4.679 h 0.763/0.81 slip -5.8/-13.4
  26.07.27/150_2.2_250_3: q1 1.649 q2 3.266 h 0.828/0.84 slip -6.6/-15.7
  26.07.27/200_2.5_250_3: q1 2.526 q2 2.665 h 0.839/0.84 slip -6.9/-22.6
  26.07.27/250_3_250_3: q1 2.175 q2 2.382 h 0.862/0.86 slip -8.3/-21.3
  26.07.27/60_2_250_3: q1 2.461 q2 3.430 h 0.784/0.84 slip -0.2/14.9
  26.07.27/80_2_250_3: q1 3.365 q2 4.609 h 0.747/0.83 slip -1.3/-6.7
  26.04.24/120_2.2_150_2.5: q1 4.518 q2 6.613 h 0.731/0.81 slip -2.2/13.1
  26.04.24/120_2.2_200_2.8: q1 5.080 q2 9.243 h 0.679/0.795 slip -1.8/14.9
  26.04.24/120_2_120_2: q1 3.658 q2 5.026 h 0.784/0.84 slip -2.9/6.6
  26.04.24/150_2.2_250_3: q1 4.076 q2 7.370 h 0.674/0.77 slip -2.4/18.2
  26.04.24/150_2.2_350_3.5: q1 4.983 q2 9.381 h 0.643/0.77 slip -3.1/18.6
  26.04.24/150_2.2_500_4: q1 5.869 q2 11.831 h 0.635/0.775 slip -6.9/18.9
  26.04.24/60_0.75_60_2: q1 1.145 q2 2.232 h 0.933/0.9 slip -17.9/-39.7
  26.04.24/60_1.5_60_1.5: q1 1.623 q2 1.860 h 0.892/0.91 slip -10.3/-5.4
  26.04.24/90_0.75_90_2: q1 1.649 q2 1.385 h 0.907/0.894 slip -5.2/-18.6
  26.06.02/120_2_120_2: q1 2.134 q2 3.238 h 0.954/0.94 slip -14.5/3.0
  26.06.02/150_2.2_250_3: q1 1.383 q2 1.726 h 0.860/0.9 slip 4.9/34.3
  26.06.02/150_2.2_500_5: q1 2.447 q2 4.834 h 0.750/None slip 0.0/38.2
  26.06.02/60_0.75_60_2: q1 1.052 q2 1.450 h 0.930/0.94 slip -9.8/-39.2
  26.06.02/60_1.5_60_1.5: q1 1.129 q2 1.103 h 0.942/0.96 slip -5.4/-7.7
  26.06.02/90_0.75_90_2: q1 1.209 q2 1.518 h 0.976/0.98 slip -15.9/-35.2
  26.04.21/P100_D0.75_P100_D2: q1 0.827 q2 1.187 h 0.846/0.85 slip -13.9/-28.3
  26.04.21/P200_D1.5_P200_D4: q1 2.691 q2 4.348 h 0.714/0.79 slip -15.4/-25.6
  26.04.21/P60_D0.75_P60_D2: q1 0.967 q2 1.737 h 0.850/0.86 slip -10.3/-39.3
  26.04.21/P70_D0.75_P70_D2: q1 1.909 q2 2.860 h 0.785/0.85 slip -9.4/-37.5
  26.04.21/P80_D0.75_P80_D2: q1 0.816 q2 2.776 h 0.896/0.89 slip -13.2/-33.9
  26.04.21/P90_D0.75_P90_D2: q1 1.445 q2 1.804 h 0.822/0.86 slip -11.9/-33.7
  26.03.24/P100_D3: q1 4.475 q2 7.583 h 0.640/0.74 slip -1.6/16.4
  26.03.24/P40_D0.7: q1 2.491 q2 6.656 h 0.781/0.8 slip 4.8/-21.4
  26.03.24/P60_D1.5: q1 2.166 q2 3.523 h 0.708/0.77 slip -2.0/-7.8

============================================================================================================
세션            n    q1[°]    q2[°]      dq1      dq2  |h/h_v−1|  slip_sim   slip_기하
26.03.24      3    3.044    5.921    0.931    2.415      0.079       0.4      -4.2   ← held-out/gate
26.04.21      6    1.442    2.452    0.698    1.392      0.040     -12.4     -33.1   ← held-out/gate
26.04.24      9    3.622    6.104    1.128    2.602      0.095      -5.9       3.0
26.06.02      6    1.559    2.312    0.798    1.112      0.019      -6.8      -1.1
26.07.22      5    3.487    1.927    1.758    1.079      0.031      -6.5     -25.9
26.07.23      3    3.627    1.672    1.563    1.088      0.034      -5.3     -40.2
26.07.24      3    2.053    2.123    1.154    1.039      0.082       0.7      15.1
26.07.25      4    3.293    3.663    1.854    1.415      0.041      -5.3     -41.6
26.07.27      7    2.481    3.769    1.458    1.397      0.047      -4.9     -11.9
전체           46    2.734    3.327    1.260    1.504      0.054                24.6

============================================================================================================
  Ê_MA 0.8118 · Ê_h 0.9291 · Ê_slip 0.8023   →   **J_G = 0.8451**  (p24 = 1.0000)
  게이트(0324·0421 MA q1·q2): PASS
[9/27] knee 3.1 / hip 3.0 / comz 0.027 
warm-start from previous mshoot best
warm-start from previous fourbar best
보드 실행: tag=Q_k3p1_h3p0_c0p027
  26.07.22/120_2_120_2: q1 4.424 q2 1.688 h 0.822/0.82 slip -1.8/-19.0
  26.07.22/150_2.2_250_3: q1 3.757 q2 1.958 h 0.877/0.85 slip -9.1/-18.8
  26.07.22/150_3.3_500_5: q1 5.214 q2 2.872 h 0.863/0.85 slip -12.9/-21.5
  26.07.22/60_0.75_60_2: q1 2.920 q2 1.605 h 0.719/0.74 slip -4.5/-47.2
  26.07.22/60_1.5_60_1.5: q1 2.216 q2 3.484 h 0.706/0.76 slip -2.1/-23.1
  26.07.23/150_2.2_250_3: q1 5.623 q2 1.331 h 0.806/0.81 slip 2.2/-16.8
  26.07.23/150_2.2_500_5: q1 1.212 q2 2.072 h 0.779/0.8 slip -14.1/-30.0
  26.07.23/60_0.75_60_2: q1 5.081 q2 2.155 h 0.888/0.83 slip -4.9/-73.8
  26.07.24/150_2.2_250_3: q1 3.612 q2 1.878 h 0.818/0.76 slip 8.7/17.2
  26.07.24/150_2.2_350_3.5: q1 1.376 q2 2.332 h 0.862/0.79 slip -0.9/28.5
  26.07.24/150_2.2_500_5: q1 0.848 q2 2.180 h 0.751/0.72 slip -6.7/-0.5
  26.07.25/100_1.5_250_3: q1 3.724 q2 4.769 h 0.712/0.76 slip -3.7/-34.8
  26.07.25/120_2_250_3: q1 3.975 q2 4.883 h 0.699/0.75 slip -4.9/-36.0
  26.07.25/150_2.2_250_3: q1 3.265 q2 3.859 h 0.720/0.76 slip -5.3/-45.0
  26.07.25/200_2.5_250_3: q1 3.164 q2 3.299 h 0.732/0.74 slip -6.4/-50.7
  26.07.27/100_1.5_250_3: q1 3.280 q2 6.039 h 0.742/0.82 slip -5.0/-18.7
  26.07.27/120_2_250_3: q1 2.603 q2 5.403 h 0.753/0.81 slip -5.6/-13.4
  26.07.27/150_2.2_250_3: q1 2.000 q2 4.125 h 0.818/0.84 slip -6.4/-15.7
  26.07.27/200_2.5_250_3: q1 2.832 q2 3.358 h 0.830/0.84 slip -6.6/-22.6
  26.07.27/250_3_250_3: q1 2.442 q2 3.115 h 0.853/0.86 slip -7.9/-21.3
  26.07.27/60_2_250_3: q1 2.782 q2 4.154 h 0.774/0.84 slip -0.1/14.9
  26.07.27/80_2_250_3: q1 3.683 q2 5.268 h 0.738/0.83 slip -1.1/-6.7
  26.04.24/120_2.2_150_2.5: q1 5.045 q2 7.669 h 0.719/0.81 slip -2.1/13.1
  26.04.24/120_2.2_200_2.8: q1 5.621 q2 10.314 h 0.668/0.795 slip -1.6/14.9
  26.04.24/120_2_120_2: q1 4.203 q2 6.123 h 0.773/0.84 slip -2.9/6.6
  26.04.24/150_2.2_250_3: q1 4.600 q2 8.393 h 0.664/0.77 slip -2.2/18.2
  26.04.24/150_2.2_350_3.5: q1 5.492 q2 10.378 h 0.632/0.77 slip -2.9/18.6
  26.04.24/150_2.2_500_4: q1 6.404 q2 12.879 h 0.624/0.775 slip -6.4/18.9
  26.04.24/60_0.75_60_2: q1 1.135 q2 1.147 h 0.926/0.9 slip -18.3/-39.7
  26.04.24/60_1.5_60_1.5: q1 1.862 q2 2.835 h 0.880/0.91 slip -9.8/-5.4
  26.04.24/90_0.75_90_2: q1 2.276 q2 2.603 h 0.900/0.894 slip -6.5/-18.6
  26.06.02/120_2_120_2: q1 2.585 q2 4.223 h 0.942/0.94 slip -13.5/3.0
  26.06.02/150_2.2_250_3: q1 1.778 q2 2.825 h 0.856/0.9 slip 2.7/34.3
  26.06.02/150_2.2_500_5: q1 3.036 q2 6.149 h 0.745/None slip -1.3/38.2
  26.06.02/60_0.75_60_2: q1 0.992 q2 1.404 h 0.918/0.94 slip -9.5/-39.2
  26.06.02/60_1.5_60_1.5: q1 0.854 q2 1.100 h 0.930/0.96 slip -5.2/-7.7
  26.06.02/90_0.75_90_2: q1 1.673 q2 2.262 h 0.965/0.98 slip -15.4/-35.2
  26.04.21/P100_D0.75_P100_D2: q1 1.167 q2 1.512 h 0.836/0.85 slip -13.5/-28.3
  26.04.21/P200_D1.5_P200_D4: q1 3.225 q2 5.417 h 0.704/0.79 slip -14.9/-25.6
  26.04.21/P60_D0.75_P60_D2: q1 0.850 q2 0.976 h 0.839/0.86 slip -10.0/-39.3
  26.04.21/P70_D0.75_P70_D2: q1 2.331 q2 3.800 h 0.774/0.85 slip -9.1/-37.5
  26.04.21/P80_D0.75_P80_D2: q1 0.402 q2 1.717 h 0.886/0.89 slip -12.9/-33.9
  26.04.21/P90_D0.75_P90_D2: q1 1.932 q2 2.678 h 0.812/0.86 slip -11.5/-33.7
  26.03.24/P100_D3: q1 5.050 q2 8.662 h 0.630/0.74 slip -1.3/16.4
  26.03.24/P40_D0.7: q1 1.834 q2 5.246 h 0.782/0.8 slip 1.4/-21.4
  26.03.24/P60_D1.5: q1 2.746 q2 4.315 h 0.701/0.77 slip -2.2/-7.8

============================================================================================================
세션            n    q1[°]    q2[°]      dq1      dq2  |h/h_v−1|  slip_sim   slip_기하
26.03.24      3    3.210    6.074    0.972    2.534      0.087      -0.7      -4.2   ← held-out/gate
26.04.21      6    1.651    2.683    0.802    1.582      0.050     -12.0     -33.1   ← held-out/gate
26.04.24      9    4.071    6.927    1.237    2.849      0.103      -5.8       3.0
26.06.02      6    1.819    2.994    0.835    1.248      0.024      -7.0      -1.1
26.07.22      5    3.706    2.321    1.744    1.038      0.030      -6.1     -25.9
26.07.23      3    3.972    1.853    1.580    1.045      0.034      -5.6     -40.2
26.07.24      3    1.945    2.130    1.123    0.904      0.071       0.4      15.1
26.07.25      4    3.532    4.203    1.890    1.575      0.049      -5.1     -41.6
26.07.27      7    2.803    4.495    1.484    1.571      0.057      -4.7     -11.9
전체           46    2.968    3.742    1.296    1.594      0.059                24.6

============================================================================================================
  Ê_MA 0.8877 · Ê_h 1.0259 · Ê_slip 0.8047   →   **J_G = 0.9126**  (p24 = 1.0000)
  게이트(0324·0421 MA q1·q2): PASS
[10/27] knee 3.3 / hip 2.6 / comz 0.0 
warm-start from previous mshoot best
warm-start from previous fourbar best
보드 실행: tag=Q_k3p3_h2p6_c0p0
  26.07.22/120_2_120_2: q1 4.074 q2 1.384 h 0.845/0.82 slip -2.4/-19.0
  26.07.22/150_2.2_250_3: q1 3.408 q2 1.377 h 0.897/0.85 slip -11.0/-18.8
  26.07.22/150_3.3_500_5: q1 4.769 q2 1.771 h 0.884/0.85 slip -15.5/-21.5
  26.07.22/60_0.75_60_2: q1 2.362 q2 1.470 h 0.741/0.74 slip -4.7/-47.2
  26.07.22/60_1.5_60_1.5: q1 1.678 q2 2.233 h 0.727/0.76 slip -2.3/-23.1
  26.07.23/150_2.2_250_3: q1 4.718 q2 1.462 h 0.823/0.81 slip 7.1/-16.8
  26.07.23/150_2.2_500_5: q1 0.855 q2 1.212 h 0.798/0.8 slip -14.3/-30.0
  26.07.23/60_0.75_60_2: q1 4.184 q2 4.217 h 0.918/0.83 slip -5.2/-73.8
  26.07.24/150_2.2_250_3: q1 2.701 q2 2.565 h 0.844/0.76 slip 10.8/17.2
  26.07.24/150_2.2_350_3.5: q1 2.375 q2 3.572 h 0.888/0.79 slip 0.5/28.5
  26.07.24/150_2.2_500_5: q1 1.809 q2 2.146 h 0.777/0.72 slip -6.6/-0.5
  26.07.25/100_1.5_250_3: q1 3.192 q2 3.373 h 0.728/0.76 slip -3.9/-34.8
  26.07.25/120_2_250_3: q1 3.422 q2 3.484 h 0.715/0.75 slip -5.2/-36.0
  26.07.25/150_2.2_250_3: q1 2.775 q2 2.529 h 0.735/0.76 slip -5.6/-45.0
  26.07.25/200_2.5_250_3: q1 2.737 q2 2.074 h 0.745/0.74 slip -6.8/-50.7
  26.07.27/100_1.5_250_3: q1 2.232 q2 3.813 h 0.770/0.82 slip -5.3/-18.7
  26.07.27/120_2_250_3: q1 1.625 q2 3.132 h 0.781/0.81 slip -6.0/-13.4
  26.07.27/150_2.2_250_3: q1 1.247 q2 1.571 h 0.846/0.84 slip -6.8/-15.7
  26.07.27/200_2.5_250_3: q1 1.990 q2 1.322 h 0.857/0.84 slip -7.2/-22.6
  26.07.27/250_3_250_3: q1 1.820 q2 1.175 h 0.879/0.86 slip -8.8/-21.3
  26.07.27/60_2_250_3: q1 1.849 q2 1.786 h 0.805/0.84 slip -0.2/14.9
  26.07.27/80_2_250_3: q1 2.728 q2 3.129 h 0.767/0.83 slip -1.4/-6.7
  26.04.24/120_2.2_150_2.5: q1 3.659 q2 4.896 h 0.754/0.81 slip -2.2/13.1
  26.04.24/120_2.2_200_2.8: q1 3.574 q2 6.258 h 0.714/0.795 slip -1.9/14.9
  26.04.24/120_2_120_2: q1 2.621 q2 2.942 h 0.808/0.84 slip -1.7/6.6
  26.04.24/150_2.2_250_3: q1 2.637 q2 4.599 h 0.707/0.77 slip -2.5/18.2
  26.04.24/150_2.2_350_3.5: q1 3.557 q2 6.588 h 0.677/0.77 slip -3.5/18.6
  26.04.24/150_2.2_500_4: q1 4.351 q2 8.844 h 0.671/0.775 slip -7.7/18.9
  26.04.24/60_0.75_60_2: q1 1.768 q2 4.720 h 0.940/0.9 slip -14.6/-39.7
  26.04.24/60_1.5_60_1.5: q1 1.681 q2 2.020 h 0.906/0.91 slip -9.7/-5.4
  26.04.24/90_0.75_90_2: q1 0.572 q2 2.936 h 0.918/0.894 slip 2.2/-18.6
  26.06.02/120_2_120_2: q1 1.653 q2 1.953 h 0.966/0.94 slip -15.9/3.0
  26.06.02/150_2.2_250_3: q1 1.015 q2 1.216 h 0.867/0.9 slip 10.7/34.3
  26.06.02/150_2.2_500_5: q1 1.519 q2 2.776 h 0.761/None slip 2.8/38.2
  26.06.02/60_0.75_60_2: q1 1.277 q2 2.271 h 0.945/0.94 slip -9.7/-39.2
  26.06.02/60_1.5_60_1.5: q1 1.443 q2 1.934 h 0.955/0.96 slip -5.2/-7.7
  26.06.02/90_0.75_90_2: q1 0.775 q2 1.398 h 0.987/0.98 slip -16.2/-35.2
  26.04.21/P100_D0.75_P100_D2: q1 1.139 q2 3.079 h 0.860/0.85 slip -13.5/-28.3
  26.04.21/P200_D1.5_P200_D4: q1 1.811 q2 2.510 h 0.733/0.79 slip -16.3/-25.6
  26.04.21/P60_D0.75_P60_D2: q1 1.814 q2 4.229 h 0.873/0.86 slip -10.1/-39.3
  26.04.21/P70_D0.75_P70_D2: q1 1.304 q2 1.372 h 0.804/0.85 slip -9.6/-37.5
  26.04.21/P80_D0.75_P80_D2: q1 2.286 q2 6.049 h 0.913/0.89 slip -12.1/-33.9
  26.04.21/P90_D0.75_P90_D2: q1 0.884 q2 2.180 h 0.842/0.86 slip -12.1/-33.7
  26.03.24/P100_D3: q1 2.749 q2 4.549 h 0.674/0.74 slip -1.8/16.4
  26.03.24/P40_D0.7: q1 4.371 q2 11.028 h 0.785/0.8 slip 15.6/-21.4
  26.03.24/P60_D1.5: q1 0.594 q2 3.529 h 0.723/0.77 slip 3.0/-7.8

============================================================================================================
세션            n    q1[°]    q2[°]      dq1      dq2  |h/h_v−1|  slip_sim   slip_기하
26.03.24      3    2.571    6.369    0.931    2.184      0.056       5.6      -4.2   ← held-out/gate
26.04.21      6    1.540    3.237    0.556    1.200      0.033     -12.3     -33.1   ← held-out/gate
26.04.24      9    2.713    4.867    0.935    2.139      0.069      -4.6       3.0
26.06.02      6    1.280    1.925    0.798    0.998      0.016      -5.6      -1.1
26.07.22      5    3.258    1.647    1.784    1.194      0.034      -7.2     -25.9
26.07.23      3    3.253    2.297    1.575    1.267      0.042      -4.2     -40.2
26.07.24      3    2.295    2.761    1.274    1.339      0.105       1.6      15.1
26.07.25      4    3.031    2.865    1.824    1.217      0.033      -5.4     -41.6
26.07.27      7    1.927    2.275    1.444    1.135      0.038      -5.1     -11.9
전체           46    2.430    3.138    1.236    1.408      0.046                24.6

============================================================================================================
  Ê_MA 0.7294 · Ê_h 0.7965 · Ê_slip 0.8155   →   **J_G = 0.7668**  (p24 = 1.0000)
  게이트(0324·0421 MA q1·q2): PASS
[11/27] knee 3.3 / hip 2.6 / comz 0.015 
warm-start from previous mshoot best
warm-start from previous fourbar best
보드 실행: tag=Q_k3p3_h2p6_c0p015
  26.07.22/120_2_120_2: q1 4.257 q2 1.281 h 0.836/0.82 slip -2.0/-19.0
  26.07.22/150_2.2_250_3: q1 3.590 q2 1.412 h 0.889/0.85 slip -10.0/-18.8
  26.07.22/150_3.3_500_5: q1 5.011 q2 2.156 h 0.876/0.85 slip -14.2/-21.5
  26.07.22/60_0.75_60_2: q1 2.668 q2 1.229 h 0.731/0.74 slip -4.5/-47.2
  26.07.22/60_1.5_60_1.5: q1 1.982 q2 2.834 h 0.717/0.76 slip -2.2/-23.1
  26.07.23/150_2.2_250_3: q1 5.199 q2 0.546 h 0.816/0.81 slip 4.7/-16.8
  26.07.23/150_2.2_500_5: q1 0.948 q2 1.382 h 0.790/0.8 slip -13.7/-30.0
  26.07.23/60_0.75_60_2: q1 4.663 q2 3.120 h 0.905/0.83 slip -4.8/-73.8
  26.07.24/150_2.2_250_3: q1 3.096 q2 1.873 h 0.834/0.76 slip 9.7/17.2
  26.07.24/150_2.2_350_3.5: q1 1.878 q2 2.814 h 0.877/0.79 slip 0.2/28.5
  26.07.24/150_2.2_500_5: q1 1.335 q2 1.806 h 0.766/0.72 slip -6.4/-0.5
  26.07.25/100_1.5_250_3: q1 3.482 q2 4.041 h 0.721/0.76 slip -3.8/-34.8
  26.07.25/120_2_250_3: q1 3.725 q2 4.166 h 0.708/0.75 slip -5.0/-36.0
  26.07.25/150_2.2_250_3: q1 3.040 q2 3.174 h 0.728/0.76 slip -5.4/-45.0
  26.07.25/200_2.5_250_3: q1 2.983 q2 2.685 h 0.739/0.74 slip -6.6/-50.7
  26.07.27/100_1.5_250_3: q1 2.678 q2 4.732 h 0.759/0.82 slip -5.0/-18.7
  26.07.27/120_2_250_3: q1 2.026 q2 4.059 h 0.770/0.81 slip -5.7/-13.4
  26.07.27/150_2.2_250_3: q1 1.444 q2 2.560 h 0.835/0.84 slip -6.5/-15.7
  26.07.27/200_2.5_250_3: q1 2.302 q2 2.041 h 0.847/0.84 slip -6.8/-22.6
  26.07.27/250_3_250_3: q1 1.983 q2 1.723 h 0.870/0.86 slip -8.3/-21.3
  26.07.27/60_2_250_3: q1 2.201 q2 2.701 h 0.794/0.84 slip -0.1/14.9
  26.07.27/80_2_250_3: q1 3.116 q2 3.970 h 0.756/0.83 slip -1.2/-6.7
  26.04.24/120_2.2_150_2.5: q1 4.330 q2 6.228 h 0.742/0.81 slip -2.1/13.1
  26.04.24/120_2.2_200_2.8: q1 4.268 q2 7.624 h 0.702/0.795 slip -1.7/14.9
  26.04.24/120_2_120_2: q1 3.303 q2 4.283 h 0.798/0.84 slip -2.6/6.6
  26.04.24/150_2.2_250_3: q1 3.300 q2 5.847 h 0.696/0.77 slip -2.3/18.2
  26.04.24/150_2.2_350_3.5: q1 4.214 q2 7.859 h 0.665/0.77 slip -3.2/18.6
  26.04.24/150_2.2_500_4: q1 5.046 q2 10.204 h 0.659/0.775 slip -7.1/18.9
  26.04.24/60_0.75_60_2: q1 1.190 q2 2.965 h 0.938/0.9 slip -17.1/-39.7
  26.04.24/60_1.5_60_1.5: q1 1.538 q2 1.722 h 0.897/0.91 slip -10.1/-5.4
  26.04.24/90_0.75_90_2: q1 0.979 q2 1.304 h 0.917/0.894 slip -2.0/-18.6
  26.06.02/120_2_120_2: q1 2.199 q2 3.166 h 0.954/0.94 slip -14.6/3.0
  26.06.02/150_2.2_250_3: q1 1.233 q2 1.461 h 0.867/0.9 slip 5.3/34.3
  26.06.02/150_2.2_500_5: q1 2.216 q2 4.388 h 0.757/None slip 0.6/38.2
  26.06.02/60_0.75_60_2: q1 0.947 q2 1.456 h 0.932/0.94 slip -9.4/-39.2
  26.06.02/60_1.5_60_1.5: q1 0.947 q2 1.069 h 0.942/0.96 slip -5.1/-7.7
  26.06.02/90_0.75_90_2: q1 1.272 q2 1.465 h 0.976/0.98 slip -15.6/-35.2
  26.04.21/P100_D0.75_P100_D2: q1 0.757 q2 1.737 h 0.853/0.85 slip -13.6/-28.3
  26.04.21/P200_D1.5_P200_D4: q1 2.470 q2 3.748 h 0.721/0.79 slip -15.5/-25.6
  26.04.21/P60_D0.75_P60_D2: q1 1.207 q2 2.802 h 0.861/0.86 slip -9.9/-39.3
  26.04.21/P70_D0.75_P70_D2: q1 1.777 q2 2.402 h 0.791/0.85 slip -9.2/-37.5
  26.04.21/P80_D0.75_P80_D2: q1 1.430 q2 4.322 h 0.906/0.89 slip -12.6/-33.9
  26.04.21/P90_D0.75_P90_D2: q1 1.157 q2 1.585 h 0.831/0.86 slip -11.7/-33.7
  26.03.24/P100_D3: q1 3.487 q2 5.734 h 0.664/0.74 slip -1.6/16.4
  26.03.24/P40_D0.7: q1 3.480 q2 9.057 h 0.787/0.8 slip 10.2/-21.4
  26.03.24/P60_D1.5: q1 1.227 q2 2.920 h 0.723/0.77 slip -0.2/-7.8

============================================================================================================
세션            n    q1[°]    q2[°]      dq1      dq2  |h/h_v−1|  slip_sim   slip_기하
26.03.24      3    2.731    5.904    0.909    2.270      0.060       2.8      -4.2   ← held-out/gate
26.04.21      6    1.466    2.766    0.629    1.339      0.036     -12.1     -33.1   ← held-out/gate
26.04.24      9    3.130    5.337    1.020    2.371      0.079      -5.4       3.0
26.06.02      6    1.469    2.168    0.790    1.078      0.017      -6.5      -1.1
26.07.22      5    3.502    1.782    1.752    1.085      0.033      -6.6     -25.9
26.07.23      3    3.603    1.682    1.575    1.107      0.037      -4.6     -40.2
26.07.24      3    2.103    2.164    1.207    1.106      0.091       1.2      15.1
26.07.25      4    3.307    3.517    1.859    1.394      0.038      -5.2     -41.6
26.07.27      7    2.250    3.112    1.455    1.307      0.042      -4.8     -11.9
전체           46    2.618    3.159    1.244    1.451      0.049                24.6

============================================================================================================
  Ê_MA 0.7740 · Ê_h 0.8385 · Ê_slip 0.8140   →   **J_G = 0.8014**  (p24 = 1.0000)
  게이트(0324·0421 MA q1·q2): PASS
[12/27] knee 3.3 / hip 2.6 / comz 0.027 
warm-start from previous mshoot best
warm-start from previous fourbar best
보드 실행: tag=Q_k3p3_h2p6_c0p027
  26.07.22/120_2_120_2: q1 4.424 q2 1.492 h 0.827/0.82 slip -1.8/-19.0
  26.07.22/150_2.2_250_3: q1 3.768 q2 1.758 h 0.881/0.85 slip -9.2/-18.8
  26.07.22/150_3.3_500_5: q1 5.225 q2 2.628 h 0.868/0.85 slip -13.3/-21.5
  26.07.22/60_0.75_60_2: q1 2.939 q2 1.420 h 0.722/0.74 slip -4.4/-47.2
  26.07.22/60_1.5_60_1.5: q1 2.238 q2 3.344 h 0.708/0.76 slip -2.0/-23.1
  26.07.23/150_2.2_250_3: q1 5.599 q2 1.087 h 0.809/0.81 slip 2.6/-16.8
  26.07.23/150_2.2_500_5: q1 1.187 q2 1.910 h 0.781/0.8 slip -13.2/-30.0
  26.07.23/60_0.75_60_2: q1 5.067 q2 2.327 h 0.893/0.83 slip -4.4/-73.8
  26.07.24/150_2.2_250_3: q1 3.438 q2 1.683 h 0.825/0.76 slip 9.4/17.2
  26.07.24/150_2.2_350_3.5: q1 1.504 q2 2.382 h 0.868/0.79 slip -0.2/28.5
  26.07.24/150_2.2_500_5: q1 0.988 q2 1.889 h 0.757/0.72 slip -6.2/-0.5
  26.07.25/100_1.5_250_3: q1 3.729 q2 4.592 h 0.714/0.76 slip -3.6/-34.8
  26.07.25/120_2_250_3: q1 3.981 q2 4.728 h 0.701/0.75 slip -4.8/-36.0
  26.07.25/150_2.2_250_3: q1 3.272 q2 3.711 h 0.722/0.76 slip -5.2/-45.0
  26.07.25/200_2.5_250_3: q1 3.201 q2 3.204 h 0.733/0.74 slip -6.3/-50.7
  26.07.27/100_1.5_250_3: q1 3.045 q2 5.469 h 0.750/0.82 slip -4.9/-18.7
  26.07.27/120_2_250_3: q1 2.373 q2 4.803 h 0.761/0.81 slip -5.5/-13.4
  26.07.27/150_2.2_250_3: q1 1.755 q2 3.436 h 0.826/0.84 slip -6.3/-15.7
  26.07.27/200_2.5_250_3: q1 2.602 q2 2.745 h 0.837/0.84 slip -6.5/-22.6
  26.07.27/250_3_250_3: q1 2.213 q2 2.430 h 0.861/0.86 slip -7.9/-21.3
  26.07.27/60_2_250_3: q1 2.514 q2 3.443 h 0.784/0.84 slip -0.0/14.9
  26.07.27/80_2_250_3: q1 3.447 q2 4.667 h 0.747/0.83 slip -1.0/-6.7
  26.04.24/120_2.2_150_2.5: q1 4.869 q2 7.301 h 0.731/0.81 slip -2.0/13.1
  26.04.24/120_2.2_200_2.8: q1 4.826 q2 8.727 h 0.692/0.795 slip -1.6/14.9
  26.04.24/120_2_120_2: q1 3.857 q2 5.391 h 0.788/0.84 slip -2.8/6.6
  26.04.24/150_2.2_250_3: q1 3.837 q2 6.884 h 0.687/0.77 slip -2.1/18.2
  26.04.24/150_2.2_350_3.5: q1 4.738 q2 8.883 h 0.655/0.77 slip -2.9/18.6
  26.04.24/150_2.2_500_4: q1 5.600 q2 11.293 h 0.648/0.775 slip -6.6/18.9
  26.04.24/60_0.75_60_2: q1 1.049 q2 1.724 h 0.932/0.9 slip -18.0/-39.7
  26.04.24/60_1.5_60_1.5: q1 1.745 q2 2.492 h 0.886/0.91 slip -9.6/-5.4
  26.04.24/90_0.75_90_2: q1 1.577 q2 1.214 h 0.913/0.894 slip -4.1/-18.6
  26.06.02/120_2_120_2: q1 2.663 q2 4.163 h 0.943/0.94 slip -13.6/3.0
  26.06.02/150_2.2_250_3: q1 1.628 q2 2.542 h 0.864/0.9 slip 2.4/34.3
  26.06.02/150_2.2_500_5: q1 2.817 q2 5.750 h 0.753/None slip -1.1/38.2
  26.06.02/60_0.75_60_2: q1 0.916 q2 1.331 h 0.920/0.94 slip -9.2/-39.2
  26.06.02/60_1.5_60_1.5: q1 0.696 q2 1.086 h 0.929/0.96 slip -4.9/-7.7
  26.06.02/90_0.75_90_2: q1 1.760 q2 2.228 h 0.965/0.98 slip -15.1/-35.2
  26.04.21/P100_D0.75_P100_D2: q1 0.945 q2 1.284 h 0.844/0.85 slip -13.3/-28.3
  26.04.21/P200_D1.5_P200_D4: q1 3.016 q2 4.816 h 0.711/0.79 slip -15.0/-25.6
  26.04.21/P60_D0.75_P60_D2: q1 0.880 q2 1.762 h 0.850/0.86 slip -9.7/-39.3
  26.04.21/P70_D0.75_P70_D2: q1 2.211 q2 3.343 h 0.780/0.85 slip -8.9/-37.5
  26.04.21/P80_D0.75_P80_D2: q1 0.774 q2 3.019 h 0.899/0.89 slip -12.6/-33.9
  26.04.21/P90_D0.75_P90_D2: q1 1.609 q2 2.011 h 0.821/0.86 slip -11.4/-33.7
  26.03.24/P100_D3: q1 4.083 q2 6.789 h 0.655/0.74 slip -1.3/16.4
  26.03.24/P40_D0.7: q1 2.772 q2 7.527 h 0.786/0.8 slip 7.0/-21.4
  26.03.24/P60_D1.5: q1 1.836 q2 3.114 h 0.719/0.77 slip -1.4/-7.8

============================================================================================================
세션            n    q1[°]    q2[°]      dq1      dq2  |h/h_v−1|  slip_sim   slip_기하
26.03.24      3    2.897    5.810    0.914    2.356      0.066       1.4      -4.2   ← held-out/gate
26.04.21      6    1.573    2.706    0.719    1.505      0.043     -11.8     -33.1   ← held-out/gate
26.04.24      9    3.566    5.990    1.120    2.615      0.088      -5.5       3.0
26.06.02      6    1.747    2.850    0.820    1.222      0.022      -6.9      -1.1
26.07.22      5    3.719    2.128    1.735    1.034      0.032      -6.1     -25.9
26.07.23      3    3.951    1.775    1.589    1.050      0.033      -5.0     -40.2
26.07.24      3    1.977    1.985    1.165    0.957      0.078       1.0      15.1
26.07.25      4    3.546    4.059    1.894    1.553      0.046      -5.0     -41.6
26.07.27      7    2.564    3.856    1.475    1.475      0.048      -4.6     -11.9
전체           46    2.838    3.462    1.270    1.530      0.053                24.6

============================================================================================================
  Ê_MA 0.8404 · Ê_h 0.9113 · Ê_slip 0.8147   →   **J_G = 0.8565**  (p24 = 1.0000)
  게이트(0324·0421 MA q1·q2): PASS
[13/27] knee 3.3 / hip 2.8 / comz 0.0 
warm-start from previous mshoot best
warm-start from previous fourbar best
보드 실행: tag=Q_k3p3_h2p8_c0p0
  26.07.22/120_2_120_2: q1 3.999 q2 1.470 h 0.849/0.82 slip -2.4/-19.0
  26.07.22/150_2.2_250_3: q1 3.335 q2 1.446 h 0.902/0.85 slip -11.0/-18.8
  26.07.22/150_3.3_500_5: q1 4.681 q2 1.754 h 0.888/0.85 slip -15.5/-21.5
  26.07.22/60_0.75_60_2: q1 2.231 q2 1.618 h 0.746/0.74 slip -4.7/-47.2
  26.07.22/60_1.5_60_1.5: q1 1.544 q2 2.059 h 0.733/0.76 slip -2.4/-23.1
  26.07.23/150_2.2_250_3: q1 4.533 q2 1.894 h 0.829/0.81 slip 8.1/-16.8
  26.07.23/150_2.2_500_5: q1 0.941 q2 1.350 h 0.805/0.8 slip -14.7/-30.0
  26.07.23/60_0.75_60_2: q1 3.987 q2 4.634 h 0.926/0.83 slip -5.4/-73.8
  26.07.24/150_2.2_250_3: q1 2.604 q2 2.771 h 0.849/0.76 slip 11.7/17.2
  26.07.24/150_2.2_350_3.5: q1 2.484 q2 3.757 h 0.893/0.79 slip 0.9/28.5
  26.07.24/150_2.2_500_5: q1 1.925 q2 2.279 h 0.782/0.72 slip -6.8/-0.5
  26.07.25/100_1.5_250_3: q1 3.086 q2 3.226 h 0.731/0.76 slip -4.0/-34.8
  26.07.25/120_2_250_3: q1 3.314 q2 3.327 h 0.718/0.75 slip -5.3/-36.0
  26.07.25/150_2.2_250_3: q1 2.677 q2 2.377 h 0.738/0.76 slip -5.7/-45.0
  26.07.25/200_2.5_250_3: q1 2.641 q2 1.927 h 0.749/0.74 slip -6.9/-50.7
  26.07.27/100_1.5_250_3: q1 2.140 q2 3.672 h 0.774/0.82 slip -5.3/-18.7
  26.07.27/120_2_250_3: q1 1.539 q2 2.986 h 0.785/0.81 slip -6.1/-13.4
  26.07.27/150_2.2_250_3: q1 1.230 q2 1.449 h 0.850/0.84 slip -6.9/-15.7
  26.07.27/200_2.5_250_3: q1 1.932 q2 1.268 h 0.861/0.84 slip -7.3/-22.6
  26.07.27/250_3_250_3: q1 1.800 q2 1.184 h 0.884/0.86 slip -8.9/-21.3
  26.07.27/60_2_250_3: q1 1.781 q2 1.669 h 0.809/0.84 slip -0.0/14.9
  26.07.27/80_2_250_3: q1 2.644 q2 3.010 h 0.771/0.83 slip -1.4/-6.7
  26.04.24/120_2.2_150_2.5: q1 3.365 q2 4.297 h 0.760/0.81 slip -2.2/13.1
  26.04.24/120_2.2_200_2.8: q1 3.577 q2 6.259 h 0.714/0.795 slip -1.9/14.9
  26.04.24/120_2_120_2: q1 2.424 q2 2.569 h 0.811/0.84 slip -1.3/6.6
  26.04.24/150_2.2_250_3: q1 2.638 q2 4.599 h 0.707/0.77 slip -2.5/18.2
  26.04.24/150_2.2_350_3.5: q1 3.558 q2 6.588 h 0.677/0.77 slip -3.5/18.6
  26.04.24/150_2.2_500_4: q1 4.355 q2 8.844 h 0.671/0.775 slip -7.7/18.9
  26.04.24/60_0.75_60_2: q1 2.090 q2 5.340 h 0.947/0.9 slip -13.9/-39.7
  26.04.24/60_1.5_60_1.5: q1 1.919 q2 2.496 h 0.914/0.91 slip -9.3/-5.4
  26.04.24/90_0.75_90_2: q1 0.602 q2 3.167 h 0.922/0.894 slip 2.1/-18.6
  26.06.02/120_2_120_2: q1 1.434 q2 1.523 h 0.975/0.94 slip -16.1/3.0
  26.06.02/150_2.2_250_3: q1 1.100 q2 1.571 h 0.870/0.9 slip 12.3/34.3
  26.06.02/150_2.2_500_5: q1 1.384 q2 2.358 h 0.763/None slip 3.7/38.2
  26.06.02/60_0.75_60_2: q1 1.522 q2 2.660 h 0.954/0.94 slip -10.0/-39.2
  26.06.02/60_1.5_60_1.5: q1 1.760 q2 2.405 h 0.965/0.96 slip -5.3/-7.7
  26.06.02/90_0.75_90_2: q1 0.693 q2 1.730 h 0.996/0.98 slip -16.4/-35.2
  26.04.21/P100_D0.75_P100_D2: q1 1.406 q2 3.538 h 0.866/0.85 slip -13.5/-28.3
  26.04.21/P200_D1.5_P200_D4: q1 1.558 q2 2.103 h 0.740/0.79 slip -16.6/-25.6
  26.04.21/P60_D0.75_P60_D2: q1 2.060 q2 4.609 h 0.880/0.86 slip -10.3/-39.3
  26.04.21/P70_D0.75_P70_D2: q1 1.180 q2 1.130 h 0.813/0.85 slip -9.8/-37.5
  26.04.21/P80_D0.75_P80_D2: q1 2.524 q2 6.401 h 0.917/0.89 slip -12.0/-33.9
  26.04.21/P90_D0.75_P90_D2: q1 0.944 q2 2.455 h 0.849/0.86 slip -12.3/-33.7
  26.03.24/P100_D3: q1 2.732 q2 4.538 h 0.675/0.74 slip -1.8/16.4
  26.03.24/P40_D0.7: q1 4.492 q2 11.185 h 0.786/0.8 slip 16.1/-21.4
  26.03.24/P60_D1.5: q1 0.561 q2 3.531 h 0.724/0.77 slip 2.8/-7.8

============================================================================================================
세션            n    q1[°]    q2[°]      dq1      dq2  |h/h_v−1|  slip_sim   slip_기하
26.03.24      3    2.595    6.418    0.932    2.205      0.055       5.7      -4.2   ← held-out/gate
26.04.21      6    1.612    3.373    0.546    1.165      0.032     -12.4     -33.1   ← held-out/gate
26.04.24      9    2.725    4.907    0.931    2.121      0.069      -4.5       3.0
26.06.02      6    1.316    2.041    0.811    1.019      0.022      -5.3      -1.1
26.07.22      5    3.158    1.669    1.792    1.227      0.037      -7.2     -25.9
26.07.23      3    3.154    2.626    1.578    1.343      0.048      -4.0     -40.2
26.07.24      3    2.338    2.936    1.270    1.406      0.111       2.0      15.1
26.07.25      4    2.929    2.714    1.808    1.173      0.030      -5.5     -41.6
26.07.27      7    1.867    2.177    1.436    1.108      0.037      -5.1     -11.9
전체           46    2.410    3.207    1.234    1.419      0.047                24.6

============================================================================================================
  Ê_MA 0.7287 · Ê_h 0.8201 · Ê_slip 0.8107   →   **J_G = 0.7725**  (p24 = 1.0000)
  게이트(0324·0421 MA q1·q2): PASS
[14/27] knee 3.3 / hip 2.8 / comz 0.015 
warm-start from previous mshoot best
warm-start from previous fourbar best
보드 실행: tag=Q_k3p3_h2p8_c0p015
  26.07.22/120_2_120_2: q1 4.176 q2 1.284 h 0.840/0.82 slip -2.1/-19.0
  26.07.22/150_2.2_250_3: q1 3.508 q2 1.379 h 0.893/0.85 slip -10.0/-18.8
  26.07.22/150_3.3_500_5: q1 4.918 q2 2.090 h 0.880/0.85 slip -14.2/-21.5
  26.07.22/60_0.75_60_2: q1 2.525 q2 1.258 h 0.736/0.74 slip -4.6/-47.2
  26.07.22/60_1.5_60_1.5: q1 1.842 q2 2.644 h 0.722/0.76 slip -2.2/-23.1
  26.07.23/150_2.2_250_3: q1 5.007 q2 0.754 h 0.822/0.81 slip 5.6/-16.8
  26.07.23/150_2.2_500_5: q1 0.910 q2 1.248 h 0.796/0.8 slip -14.1/-30.0
  26.07.23/60_0.75_60_2: q1 4.454 q2 3.505 h 0.913/0.83 slip -4.9/-73.8
  26.07.24/150_2.2_250_3: q1 2.994 q2 2.012 h 0.838/0.76 slip 10.6/17.2
  26.07.24/150_2.2_350_3.5: q1 1.982 q2 2.955 h 0.883/0.79 slip 0.1/28.5
  26.07.24/150_2.2_500_5: q1 1.442 q2 1.859 h 0.771/0.72 slip -6.5/-0.5
  26.07.25/100_1.5_250_3: q1 3.374 q2 3.894 h 0.724/0.76 slip -3.8/-34.8
  26.07.25/120_2_250_3: q1 3.615 q2 4.010 h 0.711/0.75 slip -5.1/-36.0
  26.07.25/150_2.2_250_3: q1 2.938 q2 3.019 h 0.732/0.76 slip -5.5/-45.0
  26.07.25/200_2.5_250_3: q1 2.880 q2 2.528 h 0.743/0.74 slip -6.6/-50.7
  26.07.27/100_1.5_250_3: q1 2.584 q2 4.592 h 0.763/0.82 slip -5.1/-18.7
  26.07.27/120_2_250_3: q1 1.931 q2 3.912 h 0.774/0.81 slip -5.8/-13.4
  26.07.27/150_2.2_250_3: q1 1.374 q2 2.394 h 0.840/0.84 slip -6.6/-15.7
  26.07.27/200_2.5_250_3: q1 2.229 q2 1.932 h 0.851/0.84 slip -6.9/-22.6
  26.07.27/250_3_250_3: q1 1.934 q2 1.624 h 0.874/0.86 slip -8.4/-21.3
  26.07.27/60_2_250_3: q1 2.123 q2 2.580 h 0.798/0.84 slip -0.1/14.9
  26.07.27/80_2_250_3: q1 3.031 q2 3.852 h 0.760/0.83 slip -1.2/-6.7
  26.04.24/120_2.2_150_2.5: q1 4.033 q2 5.625 h 0.748/0.81 slip -2.1/13.1
  26.04.24/120_2.2_200_2.8: q1 4.271 q2 7.624 h 0.702/0.795 slip -1.7/14.9
  26.04.24/120_2_120_2: q1 3.100 q2 3.883 h 0.802/0.84 slip -2.4/6.6
  26.04.24/150_2.2_250_3: q1 3.301 q2 5.847 h 0.696/0.77 slip -2.3/18.2
  26.04.24/150_2.2_350_3.5: q1 4.215 q2 7.859 h 0.665/0.77 slip -3.2/18.6
  26.04.24/150_2.2_500_4: q1 5.049 q2 10.205 h 0.658/0.775 slip -7.1/18.9
  26.04.24/60_0.75_60_2: q1 1.420 q2 3.532 h 0.945/0.9 slip -16.7/-39.7
  26.04.24/60_1.5_60_1.5: q1 1.585 q2 1.607 h 0.906/0.91 slip -10.3/-5.4
  26.04.24/90_0.75_90_2: q1 0.851 q2 1.455 h 0.921/0.894 slip -2.1/-18.6
  26.06.02/120_2_120_2: q1 1.941 q2 2.694 h 0.964/0.94 slip -14.8/3.0
  26.06.02/150_2.2_250_3: q1 1.163 q2 1.157 h 0.868/0.9 slip 7.3/34.3
  26.06.02/150_2.2_500_5: q1 2.039 q2 3.955 h 0.760/None slip 0.8/38.2
  26.06.02/60_0.75_60_2: q1 1.107 q2 1.710 h 0.941/0.94 slip -9.7/-39.2
  26.06.02/60_1.5_60_1.5: q1 1.224 q2 1.376 h 0.952/0.96 slip -5.2/-7.7
  26.06.02/90_0.75_90_2: q1 1.024 q2 1.292 h 0.985/0.98 slip -15.8/-35.2
  26.04.21/P100_D0.75_P100_D2: q1 0.860 q2 2.069 h 0.860/0.85 slip -13.8/-28.3
  26.04.21/P200_D1.5_P200_D4: q1 2.192 q2 3.274 h 0.728/0.79 slip -15.8/-25.6
  26.04.21/P60_D0.75_P60_D2: q1 1.417 q2 3.149 h 0.869/0.86 slip -10.2/-39.3
  26.04.21/P70_D0.75_P70_D2: q1 1.571 q2 1.996 h 0.799/0.85 slip -9.4/-37.5
  26.04.21/P80_D0.75_P80_D2: q1 1.658 q2 4.638 h 0.912/0.89 slip -12.7/-33.9
  26.04.21/P90_D0.75_P90_D2: q1 1.022 q2 1.576 h 0.839/0.86 slip -11.9/-33.7
  26.03.24/P100_D3: q1 3.471 q2 5.724 h 0.664/0.74 slip -1.6/16.4
  26.03.24/P40_D0.7: q1 3.596 q2 9.172 h 0.790/0.8 slip 9.5/-21.4
  26.03.24/P60_D1.5: q1 1.184 q2 2.906 h 0.724/0.77 slip -0.3/-7.8

============================================================================================================
세션            n    q1[°]    q2[°]      dq1      dq2  |h/h_v−1|  slip_sim   slip_기하
26.03.24      3    2.750    5.934    0.910    2.277      0.058       2.5      -4.2   ← held-out/gate
26.04.21      6    1.453    2.784    0.605    1.274      0.035     -12.3     -33.1   ← held-out/gate
26.04.24      9    3.092    5.293    1.003    2.334      0.079      -5.3       3.0
26.06.02      6    1.416    2.031    0.786    1.051      0.015      -6.2      -1.1
26.07.22      5    3.394    1.731    1.757    1.105      0.033      -6.6     -25.9
26.07.23      3    3.457    1.836    1.570    1.150      0.040      -4.5     -40.2
26.07.24      3    2.139    2.275    1.201    1.159      0.097       1.4      15.1
26.07.25      4    3.202    3.363    1.841    1.343      0.035      -5.3     -41.6
26.07.27      7    2.172    2.984    1.444    1.272      0.040      -4.9     -11.9
전체           46    2.564    3.137    1.235    1.441      0.048                24.6

============================================================================================================
  Ê_MA 0.7614 · Ê_h 0.8304 · Ê_slip 0.8090   →   **J_G = 0.7917**  (p24 = 1.0000)
  게이트(0324·0421 MA q1·q2): PASS
[15/27] knee 3.3 / hip 2.8 / comz 0.027 
