
##############################################################################
# 시작 2026-08-13 03:57:23
##############################################################################

  마라톤H 공동 재적합 — 질량·탄성·마찰·변환식을 한꺼번에 맞춘다

  왜: 매달림 실측이 준 관절 마찰값을 하나씩 넣으면 전부 나빠진다. 특히 속도에
      비례하는 항을 실측대로(거의 0) 줄이면 점프 높이가 크게 무너진다. 그 항은
      관절 마찰이 아니라 다른 곳의 손실을 대신 떠맡고 있다는 뜻이고, 그걸 진짜
      물리로 바꾸려면 여러 값을 같이 움직여야 한다. 한 축씩으로는 못 넘는다.

  ★★ 4 회차 (08-13) — 3 회차와 무엇이 다른가 (세 가지 다 사용자 확정)

   ① **점수를 재는 자를 사용자 육안 판정에 맞췄다.**
      옛 자: 내 오차 ÷ 두 세대 전 모델의 오차 (창 전체). 1.0000 이 그 모델과 같음.
      새 자: **창 앞 80% 오차 ÷ 그 신호가 그 구간에서 움직인 폭(표준편차).**
             **0 이 완벽**이고, 사용자가 "아주 완벽" 이라 한 수준이 힙 토크 0.24 ·
             무릎 토크 0.08 이다. 이제 점수를 보면 합격선의 어디쯤인지 바로 읽힌다.
      고른 근거: 그림 139 장의 육안 판정을 분모 4 종 × 구간 12 종 = 48 개 자로
             재현해 보니 이 조합이 0.945 로 최고였다 (1.00 완벽 재현 · 0.50 동전 던지기).
      ※ 함정 하나를 미리 밝힌다 — 옛 구조(기준 모델로 나누기)를 그대로 두고 표준편차만
        넣으면 위아래가 **약분돼 점수가 한 자리도 안 바뀐다.** 그래서 기준 모델 나누기를
        버리는 것이 이 변경의 본체다.

   ② **토크를 무겁게 본다: 13% → 35%.**
      사용자 불만 22 건 중 **토크가 14 건(64%)** 인데 옛 점수에서 토크는 폐루프 6 채널
      중 2 개 × 0.40 = 13% 뿐이었다. 눈과 점수가 어긋나 있었다.
        측정 토크 주입 재생(각도·속도 4 채널)  0.35
        PD 흉내 각도·속도 4 채널              0.20
        PD 흉내 **토크 2 채널**               0.35   ← 옛 판 0.13
        점프 높이                             0.10

   ③ **벌점의 기준을 배포 스택으로 옮겼다.**
      3 회차까지는 **두 세대 전 모델**이 기준이라, 검증 세션이 배포 스택보다 5~6%
      나빠져도 벌점이 0 이었다. 3 회차 승자가 정확히 그 사례다. 이제 **지금 실제로 쓰는
      모델보다** 2% 넘게 나빠지면 붙는다.

   ④ 축이 13 → **12 개**. "빠를 때 커지는 저항"(무릎 속도의 제곱에 비례하는 손실)을 뺐다.
      그것만 0.0005 넣어도 점수가 40 배 무너졌고, 3 회차 탐색도 스스로 0 으로 껐다.
      레일 마찰은 반대로 살아남았다 — 승자에서 그것만 빼면 0.9466 → 3.8733 이 된다.

   ⑤ **측정 토크 주입 재생에 잠금장치를 걸었다** (사용자 지적, 시동 직전 추가).
      PD 제어는 어긋나면 되돌리므로 폐루프 각도는 늘 그럴듯하게 맞는다. 물리 오류가
      그대로 쌓이는 판은 **측정 토크를 그대로 넣는 쪽**이고 그게 진짜 심판이다.
      그런데 실제로 재보니 점수를 움직이는 힘이 주입 재생 31.2% · 폐루프 각도속도 12.3% ·
      **폐루프 토크 54.6%** · 높이 2.0% 였다 (무게는 0.35 로 같은데 토크 쪽 값이 2.5 배 크다).
      그러면 주입 재생 10% 를 내주고 폐루프 토크 5.5% 를 사도 점수가 본전이라,
      "폐루프만 좋아진 개선" 이 통과할 길이 열려 있었다.
      ⇒ 적합 8 세션의 주입 재생이 배포 스택보다 **평균 2%** 또는 **어느 한 세션이라도 8%**
        넘게 나빠지면 벌점. (검증 세션에는 원래 있었고, 적합 세션에 없던 것을 채웠다.)

  적합에 쓰는 세션은 8 개(변속기 포함)다. 별도 보관본(26.03.24)과 위치제어(26.04.21)는
  점수에서 빠지고 **검증 전용**으로만 쓴다.

  안 건드림: 발 미끄럼 관련 두 값. 이 점수에 미끄러짐이 안 들어가 있어서 같이
             풀면 점수만 좋아지고 미끄러짐이 조용히 망가진다.

  창을 닫지 마세요. 중간에 꺼도 진행 기록은 남습니다.
  1·2·3 회차 산출물은 **건드리지 않습니다.**

■ 마라톤H 공동 재적합 — 시간예산 4.0시간 · 작업자 16 개
  준비 중 (엑셀 읽기 + 기준선) …
  데이터 56 trial (변속기 10) · 토크 겹침 교정 46 곳
warm-start from previous mshoot best
warm-start from previous fourbar best
  trial 56 개 · 세션 10 개
  두 세대 전 모델: 새 자 1.1918 · 옛 자 0.9998  (옛 자가 1.0000 근처여야 판이 정상)
  ★ 배포 스택(현행) = **이겨야 할 상대**: 새 자 0.20364 · 옛 자 0.9620
      뜯어보면 — 주입 0.1814 · 폐루프각 0.1248 · 폐루프토크 0.3175 · 높이 0.0405 · 벌점 0.000
      (배포 스택이 벌점 기준이므로 여기 벌점은 반드시 0.000 이어야 한다)
  출발점(3 회차 승자): 새 자 0.26053 · 옛 자 0.9466 · 벌점 0.062
      (여기 벌점이 0 이 아니면 정상이다 — 3 회차 승자는 검증 세션이 배포 스택보다 5~6% 나빴고, 그걸 잡으려고 기준을 옮긴 것이다)

  시작값 대조: 12 개 축 모두 출발점(3 회차 승자)과 일치 ✔

==============================================================================
■ canon_cap — 축 12 개
    무릎 건마찰                0.1 ~ 0.2       (현행 0.11325)
    힙 건마찰                 0.1 ~ 0.4       (현행 0.279612)
    무릎 속도비례                 0 ~ 0.25      (현행 0.196661)
    힙 속도비례                  0 ~ 0.45      (현행 0.029143)
    총질량                  3.26 ~ 3.3       (현행 3.29969)
    허벅지 무게중심z           -0.01 ~ 0.025     (현행 0.0230969)
    힙 스프링                 100 ~ 260       (현행 138.005)
    힙 명령 지연                 0 ~ 0.006     (현행 0.00187135)
    무릎 명령 지연                0 ~ 0.006     (현행 0.00315)
    레일 마찰                   0 ~ 0.03      (현행 0.0297406)
    무릎 보정상한                 2 ~ 12        (현행 4.02107)
    힙 보정상한                1.2 ~ 10        (현행 2.38294)
    [   6.3분] 최고 0.2605  (주입 0.1805 폐루프각 0.1225 폐루프토크 0.3068 높이 0.0389 벌점 0.062 · 옛자 0.9466)
    [   9.2분] 최고 0.2605  (주입 0.1805 폐루프각 0.1225 폐루프토크 0.3068 높이 0.0389 벌점 0.062 · 옛자 0.9466)
    [  12.2분] 최고 0.2605  (주입 0.1805 폐루프각 0.1225 폐루프토크 0.3068 높이 0.0389 벌점 0.062 · 옛자 0.9466)
    [  15.2분] 최고 0.2605  (주입 0.1805 폐루프각 0.1225 폐루프토크 0.3068 높이 0.0389 벌점 0.062 · 옛자 0.9466)
    [  18.1분] 최고 0.2605  (주입 0.1805 폐루프각 0.1225 폐루프토크 0.3068 높이 0.0389 벌점 0.062 · 옛자 0.9466)
    [  21.0분] 최고 0.2605  (주입 0.1805 폐루프각 0.1225 폐루프토크 0.3068 높이 0.0389 벌점 0.062 · 옛자 0.9466)
    [  24.0분] 최고 0.2010  (주입 0.1786 폐루프각 0.1256 폐루프토크 0.3113 높이 0.0441 벌점 0.000 · 옛자 1.0158)
    [  26.9분] 최고 0.1979  (주입 0.1763 폐루프각 0.1250 폐루프토크 0.3058 높이 0.0420 벌점 0.000 · 옛자 0.9915)
    [  29.9분] 최고 0.1979  (주입 0.1763 폐루프각 0.1250 폐루프토크 0.3058 높이 0.0420 벌점 0.000 · 옛자 0.9915)
    [  32.9분] 최고 0.1979  (주입 0.1763 폐루프각 0.1250 폐루프토크 0.3058 높이 0.0420 벌점 0.000 · 옛자 0.9915)
    [  35.8분] 최고 0.1979  (주입 0.1763 폐루프각 0.1250 폐루프토크 0.3058 높이 0.0420 벌점 0.000 · 옛자 0.9915)
    [  38.8분] 최고 0.1979  (주입 0.1763 폐루프각 0.1250 폐루프토크 0.3058 높이 0.0420 벌점 0.000 · 옛자 0.9915)
    [  41.7분] 최고 0.1968  (주입 0.1764 폐루프각 0.1263 폐루프토크 0.3020 높이 0.0408 벌점 0.000 · 옛자 0.9835)
    [  44.7분] 최고 0.1966  (주입 0.1758 폐루프각 0.1237 폐루프토크 0.3031 높이 0.0423 벌점 0.000 · 옛자 1.0061)
    [  47.7분] 최고 0.1966  (주입 0.1758 폐루프각 0.1237 폐루프토크 0.3031 높이 0.0423 벌점 0.000 · 옛자 1.0061)
    [  50.7분] 최고 0.1960  (주입 0.1757 폐루프각 0.1253 폐루프토크 0.3008 높이 0.0419 벌점 0.000 · 옛자 1.0034)
    [  53.6분] 최고 0.1960  (주입 0.1757 폐루프각 0.1253 폐루프토크 0.3008 높이 0.0419 벌점 0.000 · 옛자 1.0034)
    [  56.6분] 최고 0.1960  (주입 0.1757 폐루프각 0.1253 폐루프토크 0.3008 높이 0.0419 벌점 0.000 · 옛자 1.0034)
    [  59.5분] 최고 0.1960  (주입 0.1757 폐루프각 0.1253 폐루프토크 0.3008 높이 0.0419 벌점 0.000 · 옛자 1.0034)
    [  62.5분] 최고 0.1960  (주입 0.1757 폐루프각 0.1253 폐루프토크 0.3008 높이 0.0419 벌점 0.000 · 옛자 1.0034)
    [  65.5분] 최고 0.1955  (주입 0.1751 폐루프각 0.1253 폐루프토크 0.3002 높이 0.0409 벌점 0.000 · 옛자 0.9878)
    [  68.4분] 최고 0.1955  (주입 0.1751 폐루프각 0.1253 폐루프토크 0.3002 높이 0.0409 벌점 0.000 · 옛자 0.9878)
    [  71.3분] 최고 0.1955  (주입 0.1751 폐루프각 0.1253 폐루프토크 0.3002 높이 0.0409 벌점 0.000 · 옛자 0.9878)
    [  74.3분] 최고 0.1955  (주입 0.1761 폐루프각 0.1246 폐루프토크 0.2989 높이 0.0436 벌점 0.000 · 옛자 1.0149)
    [  77.2분] 최고 0.1953  (주입 0.1750 폐루프각 0.1244 폐루프토크 0.3000 높이 0.0420 벌점 0.000 · 옛자 0.9968)
    [  80.2분] 최고 0.1953  (주입 0.1750 폐루프각 0.1244 폐루프토크 0.3000 높이 0.0420 벌점 0.000 · 옛자 0.9968)
    [  83.2분] 최고 0.1953  (주입 0.1734 폐루프각 0.1246 폐루프토크 0.3020 높이 0.0401 벌점 0.000 · 옛자 0.9716)
    [  86.1분] 최고 0.1952  (주입 0.1743 폐루프각 0.1248 폐루프토크 0.3003 높이 0.0413 벌점 0.000 · 옛자 0.9868)
    [  89.1분] 최고 0.1952  (주입 0.1743 폐루프각 0.1248 폐루프토크 0.3003 높이 0.0413 벌점 0.000 · 옛자 0.9868)
    [  92.0분] 최고 0.1952  (주입 0.1743 폐루프각 0.1248 폐루프토크 0.3003 높이 0.0413 벌점 0.000 · 옛자 0.9868)
    [  95.0분] 최고 0.1952  (주입 0.1743 폐루프각 0.1248 폐루프토크 0.3003 높이 0.0413 벌점 0.000 · 옛자 0.9868)
    [  98.0분] 최고 0.1949  (주입 0.1745 폐루프각 0.1230 폐루프토크 0.3002 높이 0.0416 벌점 0.000 · 옛자 0.9898)
    [ 100.9분] 최고 0.1949  (주입 0.1745 폐루프각 0.1230 폐루프토크 0.3002 높이 0.0416 벌점 0.000 · 옛자 0.9898)
    [ 103.9분] 최고 0.1949  (주입 0.1745 폐루프각 0.1230 폐루프토크 0.3002 높이 0.0416 벌점 0.000 · 옛자 0.9898)
    [ 106.8분] 최고 0.1949  (주입 0.1745 폐루프각 0.1230 폐루프토크 0.3002 높이 0.0416 벌점 0.000 · 옛자 0.9898)
    [ 109.8분] 최고 0.1949  (주입 0.1745 폐루프각 0.1230 폐루프토크 0.3002 높이 0.0416 벌점 0.000 · 옛자 0.9898)
    [ 112.7분] 최고 0.1949  (주입 0.1745 폐루프각 0.1230 폐루프토크 0.3002 높이 0.0416 벌점 0.000 · 옛자 0.9898)
    [ 115.6분] 최고 0.1949  (주입 0.1745 폐루프각 0.1230 폐루프토크 0.3002 높이 0.0416 벌점 0.000 · 옛자 0.9898)
    [ 118.6분] 최고 0.1949  (주입 0.1745 폐루프각 0.1230 폐루프토크 0.3002 높이 0.0416 벌점 0.000 · 옛자 0.9898)
    [ 121.5분] 최고 0.1948  (주입 0.1746 폐루프각 0.1236 폐루프토크 0.2996 높이 0.0410 벌점 0.000 · 옛자 0.9858)
    [ 124.4분] 최고 0.1948  (주입 0.1746 폐루프각 0.1236 폐루프토크 0.2996 높이 0.0410 벌점 0.000 · 옛자 0.9858)
    [ 127.4분] 최고 0.1948  (주입 0.1746 폐루프각 0.1236 폐루프토크 0.2996 높이 0.0410 벌점 0.000 · 옛자 0.9858)
    [ 130.4분] 최고 0.1948  (주입 0.1746 폐루프각 0.1236 폐루프토크 0.2996 높이 0.0410 벌점 0.000 · 옛자 0.9858)
    [ 133.3분] 최고 0.1948  (주입 0.1746 폐루프각 0.1236 폐루프토크 0.2996 높이 0.0410 벌점 0.000 · 옛자 0.9858)
    [ 136.3분] 최고 0.1948  (주입 0.1746 폐루프각 0.1236 폐루프토크 0.2996 높이 0.0410 벌점 0.000 · 옛자 0.9858)
    [ 139.2분] 최고 0.1948  (주입 0.1744 폐루프각 0.1237 폐루프토크 0.2997 높이 0.0407 벌점 0.000 · 옛자 0.9791)
    [ 142.2분] 최고 0.1948  (주입 0.1744 폐루프각 0.1237 폐루프토크 0.2997 높이 0.0407 벌점 0.000 · 옛자 0.9791)
    [ 145.1분] 최고 0.1948  (주입 0.1744 폐루프각 0.1237 폐루프토크 0.2997 높이 0.0407 벌점 0.000 · 옛자 0.9791)
    [ 148.1분] 최고 0.1948  (주입 0.1744 폐루프각 0.1237 폐루프토크 0.2997 높이 0.0407 벌점 0.000 · 옛자 0.9791)
    [ 151.0분] 최고 0.1947  (주입 0.1748 폐루프각 0.1233 폐루프토크 0.2992 높이 0.0412 벌점 0.000 · 옛자 0.9895)
    [ 153.9분] 최고 0.1947  (주입 0.1748 폐루프각 0.1233 폐루프토크 0.2992 높이 0.0412 벌점 0.000 · 옛자 0.9895)
    [ 156.9분] 최고 0.1947  (주입 0.1748 폐루프각 0.1233 폐루프토크 0.2992 높이 0.0412 벌점 0.000 · 옛자 0.9895)
    [ 159.9분] 최고 0.1947  (주입 0.1748 폐루프각 0.1233 폐루프토크 0.2992 높이 0.0412 벌점 0.000 · 옛자 0.9895)
    [ 162.9분] 최고 0.1947  (주입 0.1746 폐루프각 0.1238 폐루프토크 0.2989 높이 0.0416 벌점 0.000 · 옛자 0.9975)
    [ 165.8분] 최고 0.1947  (주입 0.1746 폐루프각 0.1238 폐루프토크 0.2989 높이 0.0416 벌점 0.000 · 옛자 0.9975)
    [ 168.7분] 최고 0.1947  (주입 0.1746 폐루프각 0.1238 폐루프토크 0.2989 높이 0.0416 벌점 0.000 · 옛자 0.9975)
    [ 171.7분] 최고 0.1946  (주입 0.1749 폐루프각 0.1236 폐루프토크 0.2988 높이 0.0413 벌점 0.000 · 옛자 0.9933)
    [ 174.7분] 최고 0.1946  (주입 0.1753 폐루프각 0.1236 폐루프토크 0.2983 높이 0.0416 벌점 0.000 · 옛자 0.9931)
    [ 177.6분] 최고 0.1946  (주입 0.1753 폐루프각 0.1236 폐루프토크 0.2983 높이 0.0416 벌점 0.000 · 옛자 0.9931)
    [ 180.6분] 최고 0.1946  (주입 0.1746 폐루프각 0.1240 폐루프토크 0.2986 높이 0.0415 벌점 0.000 · 옛자 0.9943)
    [ 183.5분] 최고 0.1945  (주입 0.1748 폐루프각 0.1244 폐루프토크 0.2980 높이 0.0415 벌점 0.000 · 옛자 1.0009)
    [ 186.5분] 최고 0.1945  (주입 0.1748 폐루프각 0.1244 폐루프토크 0.2980 높이 0.0415 벌점 0.000 · 옛자 1.0009)
    [ 189.4분] 최고 0.1944  (주입 0.1746 폐루프각 0.1234 폐루프토크 0.2985 높이 0.0419 벌점 0.000 · 옛자 1.0004)
    [ 192.4분] 최고 0.1944  (주입 0.1746 폐루프각 0.1234 폐루프토크 0.2985 높이 0.0419 벌점 0.000 · 옛자 1.0004)
    [ 195.4분] 최고 0.1944  (주입 0.1746 폐루프각 0.1234 폐루프토크 0.2985 높이 0.0419 벌점 0.000 · 옛자 1.0004)
    [ 198.3분] 최고 0.1944  (주입 0.1746 폐루프각 0.1234 폐루프토크 0.2985 높이 0.0419 벌점 0.000 · 옛자 1.0004)
    [ 201.3분] 최고 0.1944  (주입 0.1746 폐루프각 0.1234 폐루프토크 0.2985 높이 0.0419 벌점 0.000 · 옛자 1.0004)
    [ 204.2분] 최고 0.1944  (주입 0.1746 폐루프각 0.1234 폐루프토크 0.2985 높이 0.0419 벌점 0.000 · 옛자 1.0004)
    [ 207.2분] 최고 0.1944  (주입 0.1746 폐루프각 0.1234 폐루프토크 0.2985 높이 0.0419 벌점 0.000 · 옛자 1.0004)
    [ 210.1분] 최고 0.1944  (주입 0.1746 폐루프각 0.1234 폐루프토크 0.2985 높이 0.0419 벌점 0.000 · 옛자 1.0004)
    [ 213.1분] 최고 0.1944  (주입 0.1746 폐루프각 0.1234 폐루프토크 0.2985 높이 0.0419 벌점 0.000 · 옛자 1.0004)
    [ 216.0분] 최고 0.1944  (주입 0.1746 폐루프각 0.1234 폐루프토크 0.2985 높이 0.0419 벌점 0.000 · 옛자 1.0004)
    [ 219.0분] 최고 0.1944  (주입 0.1746 폐루프각 0.1234 폐루프토크 0.2985 높이 0.0419 벌점 0.000 · 옛자 1.0004)
    [ 222.0분] 최고 0.1944  (주입 0.1746 폐루프각 0.1234 폐루프토크 0.2985 높이 0.0419 벌점 0.000 · 옛자 1.0004)
    [ 224.9분] 최고 0.1944  (주입 0.1746 폐루프각 0.1234 폐루프토크 0.2985 높이 0.0419 벌점 0.000 · 옛자 1.0004)
    [ 227.8분] 최고 0.1944  (주입 0.1746 폐루프각 0.1234 폐루프토크 0.2985 높이 0.0419 벌점 0.000 · 옛자 1.0004)
    [ 230.8분] 최고 0.1944  (주입 0.1746 폐루프각 0.1234 폐루프토크 0.2985 높이 0.0419 벌점 0.000 · 옛자 1.0004)
    [ 233.7분] 최고 0.1944  (주입 0.1746 폐루프각 0.1234 폐루프토크 0.2985 높이 0.0419 벌점 0.000 · 옛자 1.0004)
    [ 236.7분] 최고 0.1944  (주입 0.1746 폐루프각 0.1234 폐루프토크 0.2985 높이 0.0419 벌점 0.000 · 옛자 1.0004)
    [ 239.6분] 최고 0.1944  (주입 0.1746 폐루프각 0.1234 폐루프토크 0.2985 높이 0.0419 벌점 0.000 · 옛자 1.0004)
    [ 242.6분] 최고 0.1944  (주입 0.1746 폐루프각 0.1234 폐루프토크 0.2985 높이 0.0419 벌점 0.000 · 옛자 1.0004)
    전역 탐색 끝 243분 · 평가 20992 회 · 0.19445
    다듬기  5: 0.19443
    다듬기  6: 0.19441
    다듬기 수렴 (7 바퀴)
  → canon_cap 완료 246분 · 평가 20992 회 · 점수 0.1944

==============================================================================
■ 맞대결 — **새 자** (전부 0 이 완벽, 낮을수록 정확)
   각 칸 = 창 앞 80% 오차 ÷ 그 신호가 그 구간에서 움직인 폭. 0.24 면 24% 빗나감.
   합격선: 힙 토크 0.24 · 무릎 토크 0.08 이하 = '아주 완벽' / 힙 0.53 · 무릎 0.43 이상 = '못 쓴다'
구조                     점수       주입      폐루프각       폐루프토크       높이      벌점       옛자
배포 스택(현행)          0.2036   0.1814    0.1248      0.3175   0.0405   0.000   0.9620   ← 이걸 이겨야 한다
출발점(3회차 승자)        0.2605   0.1805    0.1225      0.3068   0.0389   0.062   0.9466
4회차 canon_cap      0.1944   0.1747    0.1233      0.2984   0.0416   0.000   0.9988

   ※ 맨 오른쪽 '옛자' 는 3 회차까지 쓰던 자로 잰 같은 지점의 성적이다 (1.0000 = 두 세대 전 모델). 두 자가 서로 다른 답을 가리키는지 보려고 같이 찍는다.

── canon_cap 최적값
    무릎 건마찰              0.11772  (현행 0.11325)
    힙 건마찰               0.31110  (현행 0.279612)
    무릎 속도비례             0.22807  (현행 0.196661)
    힙 속도비례              0.00711  (현행 0.029143)
    총질량                 3.29897  (현행 3.29969)
    허벅지 무게중심z           0.02239  (현행 0.0230969)
    힙 스프링             166.33690  (현행 138.005)
    힙 명령 지연             0.00451  (현행 0.00187135)
    무릎 명령 지연            0.00072  (현행 0.00315)
    레일 마찰               0.02995  (현행 0.0297406)
    무릎 보정상한             4.12242  (현행 4.02107)
    힙 보정상한              2.37160  (현행 2.38294)
    적합에 안 쓰는 세션 (배포 스택 대비 · +2.0% 넘으면 벌점): 26.03.24MA +1.9% · 26.04.21MA -5.9% · 26.04.21CL -2.6% · 적합평균_주입 -4.8% · 적합최악_주입 +3.8%

==============================================================================
■ 짐 지고 일어서기(26.06.04) — **감시만** 한다 (점수에 안 들어감)
   토크 오차 [N·m] = 실측 명령 토크를 현행 환산식으로 바꾼 값과 시뮬레이션 토크의
   차이(제곱평균). 0 이 완벽. PD 제어를 흉내 낸 판, 창 앞 80%.

   경우                    짐 |         배포 스택(현행) |         canon_cap
                           |      힙     무릎 |      힙     무릎
   ------------------------------------------------------------------
   cvt/no_load       0.0kg |    0.35     1.43 |    0.47     1.42
   cvt/load_2.5      2.5kg |    0.97     4.73 |    1.03     5.10
   cvt/load_5        5.0kg |    2.00    10.56 |    1.98    10.79
   no_cvt/no_load    0.0kg |    0.66     1.14 |    0.52     1.42
   ------------------------------------------------------------------
   평균                      |    1.00     4.46 |    1.00     4.68

   ⇒ canon_cap: 무릎 토크 오차 4.46 → 4.68 N·m (+4.9%)  **나빠짐 — 확인 필요**

저장 → C:\Users\junho\Documents\jump-opt-digital-twin\code\goal23_fullspan\_GHB_sweep4.json
