
##############################################################################
# 시작 2026-08-12 22:22:45
##############################################################################

  마라톤H 공동 재적합 — 질량·탄성·마찰·변환식을 한꺼번에 맞춘다

  왜: 매달림 실측이 준 관절 마찰값을 하나씩 넣으면 전부 나빠진다. 특히 속도에
      비례하는 항을 실측대로(거의 0) 줄이면 점프 높이가 크게 무너진다. 그 항은
      관절 마찰이 아니라 다른 곳의 손실을 대신 떠맡고 있다는 뜻이고, 그걸 진짜
      물리로 바꾸려면 여러 값을 같이 움직여야 한다. 한 축씩으로는 못 넘는다.

  ★ 2 회차 (08-12 저녁) — 1 회차와 무엇이 다른가
      ① **변속기 실험 10 회분이 판에 들어왔다.** 1 회차 때는 채점 코드가 그걸 잘못
         태우고 있어서(무변속 모델에 태움 + 링크 손실 누락) 빼고 돌렸다. 이제
         trial 마다 그 trial 의 링크 길이로 모델을 다시 지어 태운다. 적합 8 세션.
      ② **출발점을 현행 스택(1 회차 승자)으로 옮겼다.** 이미 3.5% 더 정확한 자리다.
      ③ **하중에 비례하는 마찰 구조는 안 돌린다.** 1 회차에서 크게 지고 기각됐다.
         그 시간을 지금 구조에 얹어 더 촘촘히 훑는다 (6 시간 전부).

  점수: 0.40×주입재생 + 0.40×폐루프 + 0.20×점프높이. **그 전 스택(H2)이 1.0000** 이고
        낮을수록 좋다. 별도 보관본(0324)과 위치제어(0421)는 목적함수에서 빠지고
        게이트로만 쓴다. 게이트가 2% 넘게 나빠지면 벌점.
        이번에 이겨야 할 상대는 1.0000 이 아니라 **현행 스택 점수**다 (첫머리에 찍는다).

  안 건드림: 발 미끄럼 관련 두 값. 이 점수에 미끄러짐이 안 들어가 있어서 같이
             풀면 점수만 좋아지고 미끄러짐이 조용히 망가진다.

  창을 닫지 마세요. 중간에 꺼도 진행 기록(_GHB_sweep2_trials.jsonl)은 남습니다.
  1 회차 산출물(_GHB_sweep.json/.log/_trials.jsonl)은 **건드리지 않습니다.**

■ 마라톤H 공동 재적합 — 시간예산 4.0시간 · 작업자 16 개
  준비 중 (엑셀 읽기 + 기준선) …
  데이터 56 trial (변속기 10) · 토크 겹침 교정 46 곳
warm-start from previous mshoot best
warm-start from previous fourbar best
  trial 56 개 · 기준선 세션 10 개
  기준선 재확인 (그 전 스택 H2): 점수 0.9998 — 1.0000 근처여야 정상
  현행 스택 재확인 (H3): 점수 39.15396 — 이 값을 이겨야 승격 후보다

  시작값 대조: 11 개 축 모두 현행 스택과 일치 ✔

==============================================================================
■ canon_cap — 축 13 개
    무릎 건마찰                0.1 ~ 0.2       (현행 0.152829)
    힙 건마찰                 0.1 ~ 0.4       (현행 0.338478)
    무릎 속도비례                 0 ~ 0.25      (현행 0.155077)
    힙 속도비례                  0 ~ 0.45      (현행 0.0825113)
    총질량                  3.26 ~ 3.3       (현행 3.29872)
    허벅지 무게중심z           -0.01 ~ 0.025     (현행 0.00648279)
    힙 스프링                 100 ~ 260       (현행 135.728)
    힙 명령 지연                 0 ~ 0.006     (현행 0.0023962)
    무릎 명령 지연                0 ~ 0.006     (현행 0.00318871)
    레일 마찰                   0 ~ 0.03      (현행 0.012)
    빠를 때 커지는 저항             0 ~ 0.002     (현행 0.0005)
    무릎 보정상한                 2 ~ 12        (현행 3.681)
    힙 보정상한                1.2 ~ 10        (현행 2.20596)
    [   6.4분] 최고 11.6769  (주입 1.0831 폐루프 1.0431 높이 1.1491 벌점 10.597)
    [   9.4분] 최고 2.6376  (주입 1.0583 폐루프 1.0198 높이 1.1843 벌점 1.570)
    [  12.5분] 최고 1.0628  (주입 1.1361 폐루프 0.9862 높이 1.0695 벌점 0.000)
    [  15.6분] 최고 3.5456  (주입 1.0831 폐루프 0.9877 높이 1.1870 벌점 2.480)
    [  18.6분] 최고 2.3690  (주입 1.1563 폐루프 0.9892 높이 1.1619 벌점 1.278)
    [  21.7분] 최고 2.6900  (주입 1.1520 폐루프 0.9908 높이 1.2809 벌점 1.577)
    [  24.7분] 최고 2.2949  (주입 1.0468 폐루프 0.9641 높이 1.1897 벌점 1.253)
    [  27.8분] 최고 4.5321  (주입 1.0316 폐루프 0.9671 높이 1.1104 벌점 3.511)
    [  30.8분] 최고 4.5321  (주입 1.0316 폐루프 0.9671 높이 1.1104 벌점 3.511)
    [  33.8분] 최고 3.0662  (주입 0.9682 폐루프 0.9602 높이 0.8862 벌점 2.118)
    [  36.9분] 최고 3.0662  (주입 0.9682 폐루프 0.9602 높이 0.8862 벌점 2.118)
    [  40.0분] 최고 1.4938  (주입 1.0101 폐루프 0.9710 높이 0.9809 벌점 0.505)
    [  43.0분] 최고 1.4938  (주입 1.0101 폐루프 0.9710 높이 0.9809 벌점 0.505)
    [  46.0분] 최고 1.4938  (주입 1.0101 폐루프 0.9710 높이 0.9809 벌점 0.505)
    [  49.0분] 최고 0.9666  (주입 0.9544 폐루프 0.9692 높이 0.8990 벌점 0.017)
    [  52.1분] 최고 0.9666  (주입 0.9544 폐루프 0.9692 높이 0.8990 벌점 0.017)
    [  55.1분] 최고 0.9691  (주입 0.9767 폐루프 0.9570 높이 0.8834 벌점 0.019)
    [  58.1분] 최고 0.9691  (주입 0.9767 폐루프 0.9570 높이 0.8834 벌점 0.019)
    [  61.1분] 최고 0.9691  (주입 0.9767 폐루프 0.9570 높이 0.8834 벌점 0.019)
    [  64.1분] 최고 0.9691  (주입 0.9767 폐루프 0.9570 높이 0.8834 벌점 0.019)
    [  67.2분] 최고 0.9691  (주입 0.9767 폐루프 0.9570 높이 0.8834 벌점 0.019)
    [  70.2분] 최고 1.4609  (주입 0.9836 폐루프 0.9526 높이 0.9159 벌점 0.503)
    [  73.3분] 최고 0.9763  (주입 0.9987 폐루프 0.9438 높이 0.9244 벌점 0.014)
    [  76.3분] 최고 0.9435  (주입 0.9757 폐루프 0.9520 높이 0.8619 벌점 0.000)
    [  79.4분] 최고 0.9435  (주입 0.9757 폐루프 0.9520 높이 0.8619 벌점 0.000)
    [  82.4분] 최고 0.9435  (주입 0.9757 폐루프 0.9520 높이 0.8619 벌점 0.000)
    [  85.5분] 최고 1.6468  (주입 0.9917 폐루프 0.9439 높이 0.9090 벌점 0.691)
    [  88.5분] 최고 1.6468  (주입 0.9917 폐루프 0.9439 높이 0.9090 벌점 0.691)
    [  91.6분] 최고 1.6468  (주입 0.9917 폐루프 0.9439 높이 0.9090 벌점 0.691)
    [  94.6분] 최고 1.7132  (주입 0.9818 폐루프 0.9414 높이 0.8705 벌점 0.770)
    [  97.7분] 최고 1.7132  (주입 0.9818 폐루프 0.9414 높이 0.8705 벌점 0.770)
    [ 100.8분] 최고 1.7132  (주입 0.9818 폐루프 0.9414 높이 0.8705 벌점 0.770)
    [ 103.7분] 최고 1.7132  (주입 0.9818 폐루프 0.9414 높이 0.8705 벌점 0.770)
    [ 106.7분] 최고 1.7132  (주입 0.9818 폐루프 0.9414 높이 0.8705 벌점 0.770)
    [ 109.7분] 최고 1.7132  (주입 0.9818 폐루프 0.9414 높이 0.8705 벌점 0.770)
    [ 112.7분] 최고 0.9462  (주입 0.9925 폐루프 0.9451 높이 0.8557 벌점 0.000)
    [ 115.7분] 최고 0.9528  (주입 0.9971 폐루프 0.9400 높이 0.8896 벌점 0.000)
    [ 118.6분] 최고 0.9528  (주입 0.9971 폐루프 0.9400 높이 0.8896 벌점 0.000)
    [ 121.6분] 최고 0.9477  (주입 0.9895 폐루프 0.9432 높이 0.8731 벌점 0.000)
    [ 124.6분] 최고 1.4053  (주입 0.9812 폐루프 0.9493 높이 0.8840 벌점 0.456)
    [ 127.6분] 최고 1.4053  (주입 0.9812 폐루프 0.9493 높이 0.8840 벌점 0.456)
    [ 130.6분] 최고 1.4053  (주입 0.9812 폐루프 0.9493 높이 0.8840 벌점 0.456)
    [ 133.6분] 최고 1.4053  (주입 0.9812 폐루프 0.9493 높이 0.8840 벌점 0.456)
    [ 136.5분] 최고 1.4053  (주입 0.9812 폐루프 0.9493 높이 0.8840 벌점 0.456)
    [ 139.6분] 최고 0.9427  (주입 0.9835 폐루프 0.9451 높이 0.8564 벌점 0.000)
    [ 142.6분] 최고 0.9427  (주입 0.9835 폐루프 0.9451 높이 0.8564 벌점 0.000)
    [ 145.7분] 최고 0.9481  (주입 0.9909 폐루프 0.9417 높이 0.8752 벌점 0.000)
    [ 148.7분] 최고 0.9458  (주입 0.9861 폐루프 0.9456 높이 0.8656 벌점 0.000)
    [ 151.7분] 최고 0.9458  (주입 0.9861 폐루프 0.9456 높이 0.8656 벌점 0.000)
    [ 154.8분] 최고 0.9458  (주입 0.9861 폐루프 0.9456 높이 0.8656 벌점 0.000)
    [ 157.6분] 최고 0.9458  (주입 0.9861 폐루프 0.9456 높이 0.8656 벌점 0.000)
    [ 160.6분] 최고 0.9458  (주입 0.9861 폐루프 0.9456 높이 0.8656 벌점 0.000)
    [ 163.6분] 최고 0.9458  (주입 0.9861 폐루프 0.9456 높이 0.8656 벌점 0.000)
    [ 166.6분] 최고 0.9458  (주입 0.9861 폐루프 0.9456 높이 0.8656 벌점 0.000)
    [ 169.7분] 최고 0.9470  (주입 0.9838 폐루프 0.9470 높이 0.8734 벌점 0.000)
    [ 172.7분] 최고 0.9470  (주입 0.9838 폐루프 0.9470 높이 0.8734 벌점 0.000)
    [ 175.7분] 최고 0.9470  (주입 0.9838 폐루프 0.9470 높이 0.8734 벌점 0.000)
    [ 178.8분] 최고 0.9451  (주입 0.9831 폐루프 0.9436 높이 0.8722 벌점 0.000)
    [ 181.9분] 최고 0.9451  (주입 0.9831 폐루프 0.9436 높이 0.8722 벌점 0.000)
    [ 185.0분] 최고 0.9451  (주입 0.9831 폐루프 0.9436 높이 0.8722 벌점 0.000)
    [ 188.1분] 최고 0.9467  (주입 0.9856 폐루프 0.9436 높이 0.8750 벌점 0.000)
    [ 191.1분] 최고 0.9467  (주입 0.9856 폐루프 0.9436 높이 0.8750 벌점 0.000)
    [ 194.1분] 최고 0.9467  (주입 0.9856 폐루프 0.9436 높이 0.8750 벌점 0.000)
    [ 197.1분] 최고 0.9467  (주입 0.9856 폐루프 0.9436 높이 0.8750 벌점 0.000)
    [ 200.1분] 최고 0.9467  (주입 0.9856 폐루프 0.9436 높이 0.8750 벌점 0.000)
    [ 203.2분] 최고 0.9467  (주입 0.9856 폐루프 0.9436 높이 0.8750 벌점 0.000)
    [ 206.2분] 최고 0.9467  (주입 0.9856 폐루프 0.9436 높이 0.8750 벌점 0.000)
    [ 209.2분] 최고 0.9467  (주입 0.9856 폐루프 0.9436 높이 0.8750 벌점 0.000)
    [ 212.2분] 최고 0.9467  (주입 0.9856 폐루프 0.9436 높이 0.8750 벌점 0.000)
    [ 215.3분] 최고 0.9467  (주입 0.9856 폐루프 0.9436 높이 0.8750 벌점 0.000)
    [ 218.3분] 최고 0.9467  (주입 0.9856 폐루프 0.9436 높이 0.8750 벌점 0.000)
    [ 221.3분] 최고 0.9467  (주입 0.9856 폐루프 0.9436 높이 0.8750 벌점 0.000)
    [ 224.3분] 최고 0.9466  (주입 0.9846 폐루프 0.9443 높이 0.8753 벌점 0.000)
    [ 227.3분] 최고 0.9466  (주입 0.9846 폐루프 0.9443 높이 0.8753 벌점 0.000)
    [ 230.3분] 최고 0.9466  (주입 0.9846 폐루프 0.9443 높이 0.8753 벌점 0.000)
    [ 233.3분] 최고 0.9466  (주입 0.9846 폐루프 0.9443 높이 0.8753 벌점 0.000)
    [ 236.3분] 최고 0.9466  (주입 0.9846 폐루프 0.9443 높이 0.8753 벌점 0.000)
    [ 239.3분] 최고 0.9466  (주입 0.9846 폐루프 0.9443 높이 0.8753 벌점 0.000)
    [ 242.3분] 최고 0.9466  (주입 0.9846 폐루프 0.9443 높이 0.8753 벌점 0.000)
    전역 탐색 끝 242분 · 평가 20480 회 · 0.51050
    다듬기 수렴 (5 바퀴)
  → canon_cap 완료 245분 · 평가 20480 회 · 점수 0.9466

==============================================================================
■ 맞대결 (전부 낮을수록 정확 · 기준선 = 그 전 스택 H2)
구조                   점수      주입재생      폐루프      점프높이      벌점
기준선 H2           1.0000    1.0000   1.0000    1.0000   0.000
현행 H3          39.15396    2.6991   1.5871    5.7991  36.280   ← 이걸 이겨야 한다
canon_cap      0.9466    0.9846   0.9443    0.8753   0.000

── canon_cap 최적값
    무릎 건마찰              0.11325  (현행 0.152829)
    힙 건마찰               0.27961  (현행 0.338478)
    무릎 속도비례             0.19666  (현행 0.155077)
    힙 속도비례              0.02914  (현행 0.0825113)
    총질량                 3.29969  (현행 3.29872)
    허벅지 무게중심z           0.02310  (현행 0.00648279)
    힙 스프링             138.00509  (현행 135.728)
    힙 명령 지연             0.00187  (현행 0.0023962)
    무릎 명령 지연            0.00315  (현행 0.00318871)
    레일 마찰               0.02974  (현행 0.012)
    빠를 때 커지는 저항         0.00000  (현행 0.0005)  ★경계 포화 — 물리 재검 필요
    무릎 보정상한             4.02107  (현행 3.681)
    힙 보정상한              2.38294  (현행 2.20596)
    게이트: 26.03.24MA +0.5% · 26.04.21MA +0.9% · 26.04.21CL -7.1%

==============================================================================
■ 짐 지고 일어서기(26.06.04) — **감시만** 한다 (점수에 안 들어감)
   토크 오차 [N·m] = 실측 명령 토크를 현행 환산식으로 바꾼 값과 시뮬레이션 토크의
   차이(제곱평균). 0 이 완벽. PD 제어를 흉내 낸 판, 창 앞 80%.

   경우                    짐 |            현행 출발점 |         canon_cap
                           |      힙     무릎 |      힙     무릎
   ------------------------------------------------------------------
   cvt/no_load       0.0kg |    0.26     1.69 |    0.37     1.49
   cvt/load_2.5      2.5kg |    1.10     3.53 |    0.95     5.01
   cvt/load_5        5.0kg |    1.96     8.72 |    2.02    10.85
   no_cvt/no_load    0.0kg |    0.67     1.11 |    0.65     1.31
   ------------------------------------------------------------------
   평균                      |    1.00     3.76 |    1.00     4.67

   ⇒ canon_cap: 무릎 토크 오차 3.76 → 4.67 N·m (+24.1%)  **나빠짐 — 확인 필요**

저장 → C:\Users\junho\Documents\jump-opt-digital-twin\code\goal23_fullspan\_GHB_sweep3.json
