
##############################################################################
# 시작 2026-08-11 19:39:45
##############################################################################

  마라톤H 공동 재적합 — 질량·탄성·마찰·변환식을 한꺼번에 맞춘다

  왜: 매달림 실측이 준 관절 마찰값을 하나씩 넣으면 전부 나빠진다. 특히 속도에
      비례하는 항을 실측대로(거의 0) 줄이면 점프 높이가 크게 무너진다. 그 항은
      관절 마찰이 아니라 다른 곳의 손실을 대신 떠맡고 있다는 뜻이고, 그걸 진짜
      물리로 바꾸려면 여러 값을 같이 움직여야 한다. 한 축씩으로는 못 넘는다.

  무엇을: 변환식 두 구조를 각각 최적화해서 맞붙인다.
      ① 지금 것  = 분동 저울 곡선을 쓰되 보정 폭을 상한으로 막음
      ② 새 것    = 곡선을 전액 쓰되 하중에 비례하는 마찰을 뺌
                  (기어·벨트는 전달하는 힘이 클수록 마찰이 커진다 — 토크가 작은
                   매달림 시험에서 안 보이고 도약에서 커지는 이유가 된다)

  점수: 0.40×주입재생 + 0.40×폐루프 + 0.20×점프높이. 현행 스택이 1.0000 이고
        낮을수록 좋다. 별도 보관본(0324)과 위치제어(0421)는 목적함수에서 빠지고
        게이트로만 쓴다. 게이트 5종이 2% 넘게 나빠지면 벌점.

  안 건드림: 발 미끄럼 관련 두 값. 이 점수에 미끄러짐이 안 들어가 있어서 같이
             풀면 점수만 좋아지고 미끄러짐이 조용히 망가진다.

  창을 닫지 마세요. 중간에 꺼도 _GHB_sweep_trials.jsonl 까지는 남습니다.

■ 마라톤H 공동 재적합 — 시간예산 6.0시간 · 작업자 16 개
  준비 중 (엑셀 읽기 + 기준선) …
warm-start from previous mshoot best
warm-start from previous fourbar best
  trial 56 개 · 기준선 세션 10 개
  현행 스택 재확인: 점수 0.9995 (1.0000 이어야 정상)


==============================================================================
■ canon_cap — 축 11 개
    무릎 건마찰               0.15 ~ 0.6       (현행 0.2469)
    힙 건마찰                 0.1 ~ 0.4       (현행 0.2383)
    무릎 속도비례                 0 ~ 0.25      (현행 0.15)
    힙 속도비례                  0 ~ 0.45      (현행 0.312)
    총질량                  3.26 ~ 3.3       (현행 3.28)
    허벅지 무게중심z           -0.01 ~ 0.025     (현행 0)
    힙 스프링                 100 ~ 260       (현행 150)
    힙 명령 지연                 0 ~ 0.006     (현행 0.002)
    무릎 명령 지연                0 ~ 0.006     (현행 0.0025)
    무릎 보정상한                 2 ~ 6.5       (현행 3.8)
    힙 보정상한                1.2 ~ 4.5       (현행 2.6)
    [   6.5분] 최고 0.9995  (주입 0.9998 폐루프 0.9999 높이 0.9980 벌점 0.000)
    [   9.6분] 최고 0.9995  (주입 0.9998 폐루프 0.9999 높이 0.9980 벌점 0.000)
    [  12.6분] 최고 0.9933  (주입 0.9937 폐루프 1.0057 높이 0.9676 벌점 0.000)
    [  15.6분] 최고 0.9933  (주입 0.9937 폐루프 1.0057 높이 0.9676 벌점 0.000)
    [  18.7분] 최고 0.9933  (주입 0.9937 폐루프 1.0057 높이 0.9676 벌점 0.000)
    [  21.8분] 최고 0.9883  (주입 1.0171 폐루프 0.9764 높이 0.9545 벌점 0.000)
    [  24.9분] 최고 0.9813  (주입 0.9998 폐루프 0.9849 높이 0.9371 벌점 0.000)
    [  28.0분] 최고 0.9813  (주입 0.9998 폐루프 0.9849 높이 0.9371 벌점 0.000)
    [  31.0분] 최고 0.9787  (주입 0.9873 폐루프 0.9951 높이 0.9286 벌점 0.000)
