
##############################################################################
# 시작 2026-08-12 15:15:46
##############################################################################

  마라톤H 공동 재적합 — 질량·탄성·마찰·변환식을 한꺼번에 맞춘다

  왜: 매달림 실측이 준 관절 마찰값을 하나씩 넣으면 전부 나빠진다. 특히 속도에
      비례하는 항을 실측대로(거의 0) 줄이면 점프 높이가 크게 무너진다. 그 항은
      관절 마찰이 아니라 다른 곳의 손실을 대신 떠맡고 있다는 뜻이고, 그걸 진짜
      물리로 바꾸려면 여러 값을 같이 움직여야 한다. 한 축씩으로는 못 넘는다.

  ★ 2 회차 (08-12 저녁) — 1 회차와 무엇이 다른가
      ① **변속기 실험 10 회분이 판에 들어왔다.** 1 회차 때는 채점 코드가 그걸 잘못
         태우고 있어서(무변속 모델에 태움 + 링크 손실 누락) 빼고 돌렸다. 이제
         trial 마다 그 trial 의 링크 길이로 모델을 다시 지어 태운다. 적합 8 세션.
      ② **출발점을 현행 스택(1 회차 승자)으로 옮겼다.** 이미 3.5% 더 정확한 자리다.
      ③ **하중에 비례하는 마찰 구조는 안 돌린다.** 1 회차에서 크게 지고 기각됐다.
         그 시간을 지금 구조에 얹어 더 촘촘히 훑는다 (6 시간 전부).

  점수: 0.40×주입재생 + 0.40×폐루프 + 0.20×점프높이. **그 전 스택(H2)이 1.0000** 이고
        낮을수록 좋다. 별도 보관본(0324)과 위치제어(0421)는 목적함수에서 빠지고
        게이트로만 쓴다. 게이트가 2% 넘게 나빠지면 벌점.
        이번에 이겨야 할 상대는 1.0000 이 아니라 **현행 스택 점수**다 (첫머리에 찍는다).

  안 건드림: 발 미끄럼 관련 두 값. 이 점수에 미끄러짐이 안 들어가 있어서 같이
             풀면 점수만 좋아지고 미끄러짐이 조용히 망가진다.

  창을 닫지 마세요. 중간에 꺼도 진행 기록(_GHB_sweep2_trials.jsonl)은 남습니다.
  1 회차 산출물(_GHB_sweep.json/.log/_trials.jsonl)은 **건드리지 않습니다.**

■ 마라톤H 공동 재적합 — 시간예산 6.0시간 · 작업자 16 개
  준비 중 (엑셀 읽기 + 기준선) …
warm-start from previous mshoot best
warm-start from previous fourbar best
  trial 56 개 · 기준선 세션 10 개
  기준선 재확인 (그 전 스택 H2): 점수 0.9998 — 1.0000 근처여야 정상
  현행 스택 재확인 (H3): 점수 0.96143 — 이 값을 이겨야 승격 후보다

  시작값 대조: 11 개 축 모두 현행 스택과 일치 ✔

==============================================================================
■ canon_cap — 축 11 개
    무릎 건마찰               0.15 ~ 0.6       (현행 0.288003)
    힙 건마찰                 0.1 ~ 0.4       (현행 0.302616)
    무릎 속도비례                 0 ~ 0.25      (현행 0.161662)
    힙 속도비례                  0 ~ 0.45      (현행 0.0963559)
    총질량                  3.26 ~ 3.3       (현행 3.29881)
    허벅지 무게중심z           -0.01 ~ 0.025     (현행 -0.00189076)
    힙 스프링                 100 ~ 260       (현행 138.534)
    힙 명령 지연                 0 ~ 0.006     (현행 0.00316549)
    무릎 명령 지연                0 ~ 0.006     (현행 0.00292453)
    무릎 보정상한                 2 ~ 12        (현행 3.73281)
    힙 보정상한                1.2 ~ 10        (현행 2.30926)
    [   6.7분] 최고 0.9614  (주입 0.9866 폐루프 0.9729 높이 0.8881 벌점 0.000)
    [   9.9분] 최고 0.9614  (주입 0.9866 폐루프 0.9729 높이 0.8881 벌점 0.000)
    [  13.0분] 최고 0.9614  (주입 0.9866 폐루프 0.9729 높이 0.8881 벌점 0.000)
    [  16.2분] 최고 0.9614  (주입 0.9866 폐루프 0.9729 높이 0.8881 벌점 0.000)
    [  19.4분] 최고 0.9614  (주입 0.9866 폐루프 0.9729 높이 0.8881 벌점 0.000)
    [  22.6분] 최고 0.9614  (주입 0.9866 폐루프 0.9729 높이 0.8881 벌점 0.000)
    [  25.8분] 최고 0.9614  (주입 0.9866 폐루프 0.9729 높이 0.8881 벌점 0.000)
    [  29.1분] 최고 0.9614  (주입 0.9866 폐루프 0.9729 높이 0.8881 벌점 0.000)
    [  32.2분] 최고 0.9614  (주입 0.9866 폐루프 0.9729 높이 0.8881 벌점 0.000)
    [  35.4분] 최고 0.9614  (주입 0.9866 폐루프 0.9729 높이 0.8881 벌점 0.000)
    [  38.5분] 최고 0.9614  (주입 0.9866 폐루프 0.9729 높이 0.8881 벌점 0.000)
    [  41.7분] 최고 0.9614  (주입 0.9866 폐루프 0.9729 높이 0.8881 벌점 0.000)
    [  44.9분] 최고 0.9611  (주입 1.0025 폐루프 0.9645 높이 0.8714 벌점 0.000)
    [  48.1분] 최고 0.9611  (주입 1.0025 폐루프 0.9645 높이 0.8714 벌점 0.000)
    [  51.2분] 최고 0.9611  (주입 1.0025 폐루프 0.9645 높이 0.8714 벌점 0.000)
    [  54.3분] 최고 0.9611  (주입 1.0025 폐루프 0.9645 높이 0.8714 벌점 0.000)
    [  57.5분] 최고 0.9611  (주입 1.0025 폐루프 0.9645 높이 0.8714 벌점 0.000)
    [  60.6분] 최고 0.9591  (주입 0.9970 폐루프 0.9687 높이 0.8641 벌점 0.000)
    [  63.7분] 최고 0.9591  (주입 0.9970 폐루프 0.9687 높이 0.8641 벌점 0.000)
    [  66.8분] 최고 0.9588  (주입 0.9906 폐루프 0.9686 높이 0.8758 벌점 0.000)
    [  70.0분] 최고 0.9588  (주입 0.9906 폐루프 0.9686 높이 0.8758 벌점 0.000)
    [  73.1분] 최고 0.9588  (주입 0.9890 폐루프 0.9713 높이 0.8733 벌점 0.000)
    [  76.2분] 최고 0.9586  (주입 0.9895 폐루프 0.9724 높이 0.8690 벌점 0.000)
    [  79.4분] 최고 0.9586  (주입 0.9895 폐루프 0.9724 높이 0.8690 벌점 0.000)
    [  82.5분] 최고 0.9577  (주입 0.9898 폐루프 0.9668 높이 0.8750 벌점 0.000)
    [  85.6분] 최고 0.9575  (주입 0.9876 폐루프 0.9722 높이 0.8678 벌점 0.000)
    [  88.8분] 최고 0.9575  (주입 0.9876 폐루프 0.9722 높이 0.8678 벌점 0.000)
    [  92.0분] 최고 0.9575  (주입 0.9876 폐루프 0.9722 높이 0.8678 벌점 0.000)
    [  95.2분] 최고 0.9570  (주입 0.9882 폐루프 0.9668 높이 0.8751 벌점 0.000)
    [  98.3분] 최고 0.9563  (주입 0.9843 폐루프 0.9685 높이 0.8758 벌점 0.000)
    [ 101.5분] 최고 0.9563  (주입 0.9843 폐루프 0.9685 높이 0.8758 벌점 0.000)
    [ 104.7분] 최고 0.9563  (주입 0.9843 폐루프 0.9685 높이 0.8758 벌점 0.000)
    [ 107.8분] 최고 0.9558  (주입 0.9854 폐루프 0.9675 높이 0.8732 벌점 0.000)
    [ 110.9분] 최고 0.9558  (주입 0.9854 폐루프 0.9675 높이 0.8732 벌점 0.000)
    [ 114.1분] 최고 0.9558  (주입 0.9854 폐루프 0.9675 높이 0.8732 벌점 0.000)
    [ 117.2분] 최고 0.9558  (주입 0.9854 폐루프 0.9675 높이 0.8732 벌점 0.000)
    [ 120.4분] 최고 0.9558  (주입 0.9854 폐루프 0.9675 높이 0.8732 벌점 0.000)
    [ 123.5분] 최고 0.9558  (주입 0.9854 폐루프 0.9675 높이 0.8732 벌점 0.000)
    [ 126.7분] 최고 0.9558  (주입 0.9854 폐루프 0.9675 높이 0.8732 벌점 0.000)
    [ 129.8분] 최고 0.9558  (주입 0.9854 폐루프 0.9675 높이 0.8732 벌점 0.000)
    [ 132.9분] 최고 0.9558  (주입 0.9854 폐루프 0.9675 높이 0.8732 벌점 0.000)
    [ 136.0분] 최고 0.9558  (주입 0.9854 폐루프 0.9675 높이 0.8732 벌점 0.000)
    [ 139.1분] 최고 0.9558  (주입 0.9854 폐루프 0.9675 높이 0.8732 벌점 0.000)
    [ 142.3분] 최고 0.9558  (주입 0.9854 폐루프 0.9675 높이 0.8732 벌점 0.000)
    [ 145.5분] 최고 0.9558  (주입 0.9854 폐루프 0.9675 높이 0.8732 벌점 0.000)
    [ 148.7분] 최고 0.9558  (주입 0.9854 폐루프 0.9675 높이 0.8732 벌점 0.000)
    [ 151.8분] 최고 0.9558  (주입 0.9854 폐루프 0.9675 높이 0.8732 벌점 0.000)
    [ 154.9분] 최고 0.9558  (주입 0.9854 폐루프 0.9675 높이 0.8732 벌점 0.000)
    [ 158.1분] 최고 0.9558  (주입 0.9854 폐루프 0.9675 높이 0.8732 벌점 0.000)
    [ 161.2분] 최고 0.9558  (주입 0.9854 폐루프 0.9675 높이 0.8732 벌점 0.000)
    [ 164.4분] 최고 0.9558  (주입 0.9853 폐루프 0.9671 높이 0.8739 벌점 0.000)
    [ 167.6분] 최고 0.9558  (주입 0.9853 폐루프 0.9671 높이 0.8739 벌점 0.000)
    [ 170.8분] 최고 0.9557  (주입 0.9855 폐루프 0.9684 높이 0.8709 벌점 0.000)
    [ 174.0분] 최고 0.9556  (주입 0.9849 폐루프 0.9683 높이 0.8716 벌점 0.000)
    [ 177.1분] 최고 0.9556  (주입 0.9849 폐루프 0.9683 높이 0.8716 벌점 0.000)
    [ 180.3분] 최고 0.9553  (주입 0.9868 폐루프 0.9663 높이 0.8700 벌점 0.000)
    [ 183.5분] 최고 0.9553  (주입 0.9868 폐루프 0.9663 높이 0.8700 벌점 0.000)
    [ 186.6분] 최고 0.9553  (주입 0.9868 폐루프 0.9663 높이 0.8700 벌점 0.000)
    [ 189.8분] 최고 0.9553  (주입 0.9868 폐루프 0.9663 높이 0.8700 벌점 0.000)
    [ 193.0분] 최고 0.9552  (주입 0.9867 폐루프 0.9653 높이 0.8717 벌점 0.000)
    [ 196.1분] 최고 0.9552  (주입 0.9867 폐루프 0.9653 높이 0.8717 벌점 0.000)
    [ 199.3분] 최고 0.9552  (주입 0.9867 폐루프 0.9653 높이 0.8717 벌점 0.000)
    [ 202.4분] 최고 0.9552  (주입 0.9867 폐루프 0.9653 높이 0.8717 벌점 0.000)
    [ 205.6분] 최고 0.9552  (주입 0.9867 폐루프 0.9653 높이 0.8717 벌점 0.000)
    [ 208.8분] 최고 0.9552  (주입 0.9867 폐루프 0.9653 높이 0.8717 벌점 0.000)
    [ 212.0분] 최고 0.9551  (주입 0.9874 폐루프 0.9653 높이 0.8700 벌점 0.000)
    [ 215.2분] 최고 0.9551  (주입 0.9874 폐루프 0.9653 높이 0.8700 벌점 0.000)
    [ 218.4분] 최고 0.9550  (주입 0.9861 폐루프 0.9656 높이 0.8717 벌점 0.000)
    [ 221.6분] 최고 0.9550  (주입 0.9861 폐루프 0.9656 높이 0.8717 벌점 0.000)
    [ 224.7분] 최고 0.9550  (주입 0.9861 폐루프 0.9656 높이 0.8717 벌점 0.000)
    [ 227.9분] 최고 0.9548  (주입 0.9854 폐루프 0.9657 높이 0.8720 벌점 0.000)
    [ 231.1분] 최고 0.9548  (주입 0.9854 폐루프 0.9657 높이 0.8720 벌점 0.000)
    [ 234.2분] 최고 0.9547  (주입 0.9834 폐루프 0.9660 높이 0.8750 벌점 0.000)
    [ 237.3분] 최고 0.9547  (주입 0.9834 폐루프 0.9660 높이 0.8750 벌점 0.000)
    [ 240.5분] 최고 0.9547  (주입 0.9834 폐루프 0.9660 높이 0.8750 벌점 0.000)
    [ 243.6분] 최고 0.9547  (주입 0.9834 폐루프 0.9660 높이 0.8750 벌점 0.000)
    [ 246.8분] 최고 0.9547  (주입 0.9834 폐루프 0.9660 높이 0.8750 벌점 0.000)
    [ 249.9분] 최고 0.9547  (주입 0.9834 폐루프 0.9660 높이 0.8750 벌점 0.000)
    [ 253.1분] 최고 0.9547  (주입 0.9834 폐루프 0.9660 높이 0.8750 벌점 0.000)
    [ 256.3분] 최고 0.9547  (주입 0.9834 폐루프 0.9660 높이 0.8750 벌점 0.000)
    [ 259.4분] 최고 0.9547  (주입 0.9834 폐루프 0.9660 높이 0.8750 벌점 0.000)
    [ 262.5분] 최고 0.9547  (주입 0.9834 폐루프 0.9660 높이 0.8750 벌점 0.000)
    [ 265.6분] 최고 0.9547  (주입 0.9834 폐루프 0.9660 높이 0.8750 벌점 0.000)
    [ 268.8분] 최고 0.9547  (주입 0.9834 폐루프 0.9660 높이 0.8750 벌점 0.000)
    [ 272.0분] 최고 0.9547  (주입 0.9834 폐루프 0.9660 높이 0.8750 벌점 0.000)
    [ 275.1분] 최고 0.9547  (주입 0.9834 폐루프 0.9660 높이 0.8750 벌점 0.000)
    [ 278.2분] 최고 0.9547  (주입 0.9834 폐루프 0.9660 높이 0.8750 벌점 0.000)
    [ 281.5분] 최고 0.9547  (주입 0.9834 폐루프 0.9660 높이 0.8750 벌점 0.000)
    [ 284.7분] 최고 0.9546  (주입 0.9844 폐루프 0.9651 높이 0.8737 벌점 0.000)
    [ 287.9분] 최고 0.9546  (주입 0.9844 폐루프 0.9651 높이 0.8737 벌점 0.000)
    [ 291.1분] 최고 0.9546  (주입 0.9844 폐루프 0.9651 높이 0.8737 벌점 0.000)
    [ 294.3분] 최고 0.9546  (주입 0.9844 폐루프 0.9651 높이 0.8737 벌점 0.000)
    [ 297.4분] 최고 0.9546  (주입 0.9844 폐루프 0.9651 높이 0.8737 벌점 0.000)
    [ 300.5분] 최고 0.9544  (주입 0.9842 폐루프 0.9645 높이 0.8746 벌점 0.000)
    [ 303.7분] 최고 0.9544  (주입 0.9842 폐루프 0.9645 높이 0.8746 벌점 0.000)
    [ 306.9분] 최고 0.9544  (주입 0.9857 폐루프 0.9640 높이 0.8725 벌점 0.000)
    [ 310.0분] 최고 0.9544  (주입 0.9857 폐루프 0.9640 높이 0.8725 벌점 0.000)
    [ 313.2분] 최고 0.9544  (주입 0.9857 폐루프 0.9640 높이 0.8725 벌점 0.000)
    [ 316.3분] 최고 0.9544  (주입 0.9857 폐루프 0.9640 높이 0.8725 벌점 0.000)
    [ 319.5분] 최고 0.9544  (주입 0.9857 폐루프 0.9640 높이 0.8725 벌점 0.000)
    [ 322.7분] 최고 0.9544  (주입 0.9857 폐루프 0.9640 높이 0.8725 벌점 0.000)
    [ 325.8분] 최고 0.9544  (주입 0.9857 폐루프 0.9640 높이 0.8725 벌점 0.000)
    [ 329.0분] 최고 0.9544  (주입 0.9857 폐루프 0.9640 높이 0.8725 벌점 0.000)
    [ 332.1분] 최고 0.9544  (주입 0.9857 폐루프 0.9640 높이 0.8725 벌점 0.000)
    [ 335.1분] 최고 0.9544  (주입 0.9857 폐루프 0.9640 높이 0.8725 벌점 0.000)
    [ 338.0분] 최고 0.9544  (주입 0.9857 폐루프 0.9640 높이 0.8725 벌점 0.000)
    [ 341.2분] 최고 0.9544  (주입 0.9857 폐루프 0.9640 높이 0.8725 벌점 0.000)
    [ 344.4분] 최고 0.9544  (주입 0.9857 폐루프 0.9640 높이 0.8725 벌점 0.000)
    [ 347.5분] 최고 0.9544  (주입 0.9857 폐루프 0.9640 높이 0.8725 벌점 0.000)
    [ 350.7분] 최고 0.9544  (주입 0.9857 폐루프 0.9640 높이 0.8725 벌점 0.000)
    [ 353.8분] 최고 0.9544  (주입 0.9857 폐루프 0.9640 높이 0.8725 벌점 0.000)
    [ 357.0분] 최고 0.9544  (주입 0.9857 폐루프 0.9640 높이 0.8725 벌점 0.000)
    [ 360.1분] 최고 0.9544  (주입 0.9857 폐루프 0.9640 높이 0.8725 벌점 0.000)
    전역 탐색 끝 360분 · 평가 29184 회 · 0.95438
    다듬기  1: 0.95366
    다듬기  2: 0.95297
    다듬기 수렴 (7 바퀴)
  → canon_cap 완료 363분 · 평가 29184 회 · 점수 0.9544

==============================================================================
■ 맞대결 (전부 낮을수록 정확 · 기준선 = 그 전 스택 H2)
구조                   점수      주입재생      폐루프      점프높이      벌점
기준선 H2           1.0000    1.0000   1.0000    1.0000   0.000
현행 H3           0.96143    0.9866   0.9729    0.8881   0.000   ← 이걸 이겨야 한다
canon_cap      0.9544    0.9857   0.9640    0.8725   0.000

── canon_cap 최적값
    무릎 건마찰              0.15283  (현행 0.288003)
    힙 건마찰               0.33848  (현행 0.302616)
    무릎 속도비례             0.15508  (현행 0.161662)
    힙 속도비례              0.08251  (현행 0.0963559)
    총질량                 3.29872  (현행 3.29881)
    허벅지 무게중심z           0.00648  (현행 -0.00189076)
    힙 스프링             135.72846  (현행 138.534)
    힙 명령 지연             0.00240  (현행 0.00316549)
    무릎 명령 지연            0.00319  (현행 0.00292453)
    무릎 보정상한             3.68100  (현행 3.73281)
    힙 보정상한              2.20596  (현행 2.30926)
    게이트: 26.03.24MA +1.6% · 26.04.21MA -3.9% · 26.04.21CL -12.7%

저장 → C:\Users\junho\Documents\jump-opt-digital-twin\code\goal23_fullspan\_GHB_sweep2.json
