
##############################################################################
# 시작 2026-08-13 03:49:43
##############################################################################

  마라톤H 공동 재적합 — 질량·탄성·마찰·변환식을 한꺼번에 맞춘다

  왜: 매달림 실측이 준 관절 마찰값을 하나씩 넣으면 전부 나빠진다. 특히 속도에
      비례하는 항을 실측대로(거의 0) 줄이면 점프 높이가 크게 무너진다. 그 항은
      관절 마찰이 아니라 다른 곳의 손실을 대신 떠맡고 있다는 뜻이고, 그걸 진짜
      물리로 바꾸려면 여러 값을 같이 움직여야 한다. 한 축씩으로는 못 넘는다.

  ★★ 4 회차 (08-13) — 3 회차와 무엇이 다른가 (세 가지 다 사용자 확정)

   ① **점수를 재는 자를 사용자 육안 판정에 맞췄다.**
      옛 자: 내 오차 ÷ 두 세대 전 모델의 오차 (창 전체). 1.0000 이 그 모델과 같음.
      새 자: **창 앞 80% 오차 ÷ 그 신호가 그 구간에서 움직인 폭(표준편차).**
             **0 이 완벽**이고, 사용자가 "아주 완벽" 이라 한 수준이 힙 토크 0.24 ·
             무릎 토크 0.08 이다. 이제 점수를 보면 합격선의 어디쯤인지 바로 읽힌다.
      고른 근거: 그림 139 장의 육안 판정을 분모 4 종 × 구간 12 종 = 48 개 자로
             재현해 보니 이 조합이 0.945 로 최고였다 (1.00 완벽 재현 · 0.50 동전 던지기).
      ※ 함정 하나를 미리 밝힌다 — 옛 구조(기준 모델로 나누기)를 그대로 두고 표준편차만
        넣으면 위아래가 **약분돼 점수가 한 자리도 안 바뀐다.** 그래서 기준 모델 나누기를
        버리는 것이 이 변경의 본체다.

   ② **토크를 무겁게 본다: 13% → 35%.**
      사용자 불만 22 건 중 **토크가 14 건(64%)** 인데 옛 점수에서 토크는 폐루프 6 채널
      중 2 개 × 0.40 = 13% 뿐이었다. 눈과 점수가 어긋나 있었다.
        측정 토크 주입 재생(각도·속도 4 채널)  0.35
        PD 흉내 각도·속도 4 채널              0.20
        PD 흉내 **토크 2 채널**               0.35   ← 옛 판 0.13
        점프 높이                             0.10

   ③ **벌점의 기준을 배포 스택으로 옮겼다.**
      3 회차까지는 **두 세대 전 모델**이 기준이라, 검증 세션이 배포 스택보다 5~6%
      나빠져도 벌점이 0 이었다. 3 회차 승자가 정확히 그 사례다. 이제 **지금 실제로 쓰는
      모델보다** 2% 넘게 나빠지면 붙는다.

   ④ 축이 13 → **12 개**. "빠를 때 커지는 저항"(무릎 속도의 제곱에 비례하는 손실)을 뺐다.
      그것만 0.0005 넣어도 점수가 40 배 무너졌고, 3 회차 탐색도 스스로 0 으로 껐다.
      레일 마찰은 반대로 살아남았다 — 승자에서 그것만 빼면 0.9466 → 3.8733 이 된다.

  적합에 쓰는 세션은 8 개(변속기 포함)다. 별도 보관본(26.03.24)과 위치제어(26.04.21)는
  점수에서 빠지고 **검증 전용**으로만 쓴다.

  안 건드림: 발 미끄럼 관련 두 값. 이 점수에 미끄러짐이 안 들어가 있어서 같이
             풀면 점수만 좋아지고 미끄러짐이 조용히 망가진다.

  창을 닫지 마세요. 중간에 꺼도 진행 기록은 남습니다.
  1·2·3 회차 산출물은 **건드리지 않습니다.**

■ 마라톤H 공동 재적합 — 시간예산 4.0시간 · 작업자 16 개
  준비 중 (엑셀 읽기 + 기준선) …
  데이터 56 trial (변속기 10) · 토크 겹침 교정 46 곳
warm-start from previous mshoot best
warm-start from previous fourbar best
  trial 56 개 · 세션 10 개
  두 세대 전 모델: 새 자 1.1918 · 옛 자 0.9998  (옛 자가 1.0000 근처여야 판이 정상)
  ★ 배포 스택(현행) = **이겨야 할 상대**: 새 자 0.20364 · 옛 자 0.9620
      뜯어보면 — 주입 0.1814 · 폐루프각 0.1248 · 폐루프토크 0.3175 · 높이 0.0405 · 벌점 0.000
      (배포 스택이 벌점 기준이므로 여기 벌점은 반드시 0.000 이어야 한다)
  출발점(3 회차 승자): 새 자 0.26053 · 옛 자 0.9466 · 벌점 0.062
      (여기 벌점이 0 이 아니면 정상이다 — 3 회차 승자는 검증 세션이 배포 스택보다 5~6% 나빴고, 그걸 잡으려고 기준을 옮긴 것이다)

  시작값 대조: 12 개 축 모두 출발점(3 회차 승자)과 일치 ✔

==============================================================================
■ canon_cap — 축 12 개
    무릎 건마찰                0.1 ~ 0.2       (현행 0.11325)
    힙 건마찰                 0.1 ~ 0.4       (현행 0.279612)
    무릎 속도비례                 0 ~ 0.25      (현행 0.196661)
    힙 속도비례                  0 ~ 0.45      (현행 0.029143)
    총질량                  3.26 ~ 3.3       (현행 3.29969)
    허벅지 무게중심z           -0.01 ~ 0.025     (현행 0.0230969)
    힙 스프링                 100 ~ 260       (현행 138.005)
    힙 명령 지연                 0 ~ 0.006     (현행 0.00187135)
    무릎 명령 지연                0 ~ 0.006     (현행 0.00315)
    레일 마찰                   0 ~ 0.03      (현행 0.0297406)
    무릎 보정상한                 2 ~ 12        (현행 4.02107)
    힙 보정상한                1.2 ~ 10        (현행 2.38294)
