warm-start from previous mshoot best
warm-start from previous fourbar best
fit 0424/120_2.2_150_2.5: 원본 7.09° | 선형166 6.92° | 2단 6.84°
fit 0424/120_2.2_200_2.8: 원본 4.20° | 선형166 4.10° | 2단 4.06°
fit 0424/120_2_120_2: 원본 6.87° | 선형166 6.68° | 2단 6.61°
fit 0424/150_2.2_250_3: 원본 3.07° | 선형166 2.99° | 2단 2.96°
fit 0424/150_2.2_350_3.5: 원본 3.03° | 선형166 3.02° | 2단 3.03°
fit 0424/150_2.2_500_4: 원본 2.81° | 선형166 2.81° | 2단 2.84°
fit 0424/60_0.75_60_2: 원본 4.24° | 선형166 3.31° | 2단 2.76°
fit 0424/60_1.5_60_1.5: 원본 5.71° | 선형166 4.85° | 2단 4.36°
fit 0424/90_0.75_90_2: 원본 2.59° | 선형166 1.95° | 2단 1.55°
fit 0602/120_2_120_2: 원본 4.84° | 선형166 4.07° | 2단 3.76°
fit 0602/150_2.2_250_3: 원본 1.70° | 선형166 1.26° | 2단 1.47°
fit 0602/150_2.2_500_5: 원본 1.66° | 선형166 1.68° | 2단 1.97°
fit 0602/60_0.75_60_2: 원본 3.00° | 선형166 1.50° | 2단 0.99°
fit 0602/60_1.5_60_1.5: 원본 3.40° | 선형166 1.83° | 2단 1.36°
fit 0602/90_0.75_90_2: 원본 3.87° | 선형166 2.67° | 2단 2.09°
HO 0324/P100_D3: 원본 1.90° | 선형166 2.04° | 2단 2.25°
HO 0324/P40_D0.7: 원본 1.78° | 선형166 2.63° | 2단 3.35°
HO 0324/P60_D1.5: 원본 0.92° | 선형166 0.72° | 2단 0.91°
exp1/120_2_120_2: 원본 7.91° | 선형166 5.93° | 2단 4.73°
exp1/150_2.2_250_3: 원본 7.07° | 선형166 5.22° | 2단 4.12°
exp1/150_3.3_500_5: 원본 6.97° | 선형166 5.60° | 2단 4.74°
exp1/60_0.75_60_2: 원본 6.26° | 선형166 4.43° | 2단 3.23°
exp1/60_1.5_60_1.5: 원본 5.73° | 선형166 3.66° | 2단 2.48°
exp2/150_2.2_250_3: 원본 9.73° | 선형166 7.96° | 2단 7.47°
exp2/150_2.2_500_5: 원본 5.32° | 선형166 2.04° | 2단 1.94°
exp2/60_0.75_60_2: 원본 9.45° | 선형166 7.61° | 2단 6.72°
exp3/150_2.2_250_3: 원본 5.91° | 선형166 3.43° | 2단 3.00°
exp3/150_2.2_350_3.5: 원본 5.41° | 선형166 9.03° | 2단 9.53°
exp3/150_2.2_500_5: 원본 2.65° | 선형166 1.82° | 2단 2.41°
exp4/100_1.5_250_3: 원본 7.84° | 선형166 5.41° | 2단 4.13°
exp4/120_2_250_3: 원본 8.37° | 선형166 5.60° | 2단 4.39°
exp4/150_2.2_250_3: 원본 8.59° | 선형166 5.40° | 2단 4.31°
exp4/200_2.5_250_3: 원본 8.97° | 선형166 5.15° | 2단 4.21°
exp5/100_1.5_250_3: 원본 3.87° | 선형166 1.41° | 2단 1.18°
exp5/120_2_250_3: 원본 4.22° | 선형166 1.43° | 2단 1.12°
exp5/150_2.2_250_3: 원본 4.14° | 선형166 1.31° | 2단 1.20°
exp5/200_2.5_250_3: 원본 5.05° | 선형166 1.69° | 2단 1.28°
exp5/250_3_250_3: 원본 5.10° | 선형166 1.83° | 2단 1.54°
exp5/60_2_250_3: 원본 4.15° | 선형166 2.13° | 2단 1.29°
exp5/80_2_250_3: 원본 4.96° | 선형166 2.80° | 2단 2.01°

=== H12 집계 (세션 평균, Mode A hip e1 RMSE[°]) ===
fit 0424  : 원본  4.40 → 선형  4.07 → 2단  3.89 (n=9)
fit 0602  : 원본  3.08 → 선형  2.17 → 2단  1.94 (n=6)
HO 0324   : 원본  1.53 → 선형  1.80 → 2단  2.17 (n=3)
exp1      : 원본  6.79 → 선형  4.97 → 2단  3.86 (n=5)
exp2      : 원본  8.17 → 선형  5.87 → 2단  5.38 (n=3)
exp3      : 원본  4.66 → 선형  4.76 → 2단  4.98 (n=3)
exp4      : 원본  8.44 → 선형  5.39 → 2단  4.26 (n=4)
exp5      : 원본  4.50 → 선형  1.80 → 2단  1.37 (n=7)
done
EXIT 0
