warm-start from previous mshoot best
warm-start from previous fourbar best
트라이얼 22개 × 그리드 11
26.07.22/120_2_120_2 완료
26.07.22/150_2.2_250_3 완료
26.07.22/150_3.3_500_5 완료
26.07.22/60_0.75_60_2 완료
26.07.22/60_1.5_60_1.5 완료
26.07.23/150_2.2_250_3 완료
26.07.23/150_2.2_500_5 완료
26.07.23/60_0.75_60_2 완료
26.07.24/150_2.2_250_3 완료
26.07.24/150_2.2_350_3.5 완료
26.07.24/150_2.2_500_5 완료
26.07.25/100_1.5_250_3 완료
26.07.25/120_2_250_3 완료
26.07.25/150_2.2_250_3 완료
26.07.25/200_2.5_250_3 완료
26.07.27/100_1.5_250_3 완료
26.07.27/120_2_250_3 완료
26.07.27/150_2.2_250_3 완료
26.07.27/200_2.5_250_3 완료
26.07.27/250_3_250_3 완료
26.07.27/60_2_250_3 완료
26.07.27/80_2_250_3 완료

=== ① LOTO 재판정 (그리드 26~126) ===
26.07.22 (n=5): 고정 J 7.543/q1 2.65 | LOTO 5.888/1.58 [36, 36, 26, 46, 56] | 가드 6.136/1.76 [36, 36, 96, 46, 56] | 오라클 ks=36 5.706/1.53
26.07.23 (n=3): 고정 J 5.968/q1 2.69 | LOTO 7.342/3.57 [36, 126, 26] | 가드 6.545/2.93 [36, 96, 96] | 오라클 ks=126 5.865/2.63
26.07.24 (n=3): 고정 J 6.384/q1 3.15 | LOTO 6.811/3.43 [56, 126, 126] | 가드 6.696/3.40 [56, 96, 96] | 오라클 ks=96 6.384/3.15
26.07.25 (n=4): 고정 J 7.677/q1 3.89 | LOTO 5.276/1.91 [46, 46, 46, 46] | 가드 5.276/1.91 [46, 46, 46, 46] | 오라클 ks=46 5.276/1.91
26.07.27 (n=7): 고정 J 3.785/q1 0.93 | LOTO 3.784/0.99 [96, 96, 96, 76, 86, 76, 76] | 가드 3.788/0.95 [96, 96, 96, 96, 96, 96, 76] | 오라클 ks=86 3.736/0.92

5일 평균 J: 고정 6.271 | LOTO 5.820 | 가드 5.688 | 오라클 5.393

=== ② 성분 분해 (날짜 오라클 vs 96) ===
26.07.22 @96 → @36: q1 2.65→1.53 | q2 3.23→2.13 | dq1 1.16→1.25 | dq2 1.71→1.37 | t1 4.06→2.60 | t2 3.95→3.08
26.07.23 @96 → @126: q1 2.69→2.63 | q2 2.86→2.85 | dq1 1.19→1.14 | dq2 1.22→1.18 | t1 2.44→2.52 | t2 2.12→2.09
26.07.24 @96 → @96: q1 3.15→3.15 | q2 2.31→2.31 | dq1 1.08→1.08 | dq2 0.89→0.89 | t1 4.19→4.19 | t2 3.43→3.43
26.07.25 @96 → @46: q1 3.89→1.91 | q2 2.03→0.63 | dq1 1.27→1.39 | dq2 0.93→0.75 | t1 6.67→4.21 | t2 4.21→3.42
26.07.27 @96 → @86: q1 0.93→0.92 | q2 1.38→1.32 | dq1 0.76→0.80 | dq2 0.78→0.76 | t1 2.58→2.45 | t2 2.09→2.06
done
