warm-start from previous mshoot best
warm-start from previous fourbar best
trial 16
=== 날짜별 γ 스캔 (hip 게인만 ×γ, ks1=96) vs 소프트스프링 오라클 ===
26.07.22 γ=0.4: J 8.468 q1 5.99 τ1 2.36
26.07.22 γ=0.5: J 7.789 q1 5.15 τ1 2.2
26.07.22 γ=0.6: J 7.436 q1 4.44 τ1 2.28
26.07.22 γ=0.7: J 7.301 q1 3.85 τ1 2.58
26.07.22 γ=0.8: J 7.306 q1 3.37 τ1 3.03
26.07.22 γ=0.9: J 7.402 q1 2.98 τ1 3.54
26.07.22 γ=1.0: J 7.543 q1 2.65 τ1 4.06
26.07.25 γ=0.4: J 8.727 q1 7.35 τ1 3.44
26.07.25 γ=0.5: J 7.526 q1 6.43 τ1 3.26
26.07.25 γ=0.6: J 6.969 q1 5.71 τ1 3.67
26.07.25 γ=0.7: J 6.874 q1 5.11 τ1 4.4
26.07.25 γ=0.8: J 7.063 q1 4.62 τ1 5.21
26.07.25 γ=0.9: J 7.364 q1 4.22 τ1 5.98
26.07.25 γ=1.0: J 7.677 q1 3.89 τ1 6.67
26.07.27 γ=0.4: J 5.621 q1 2.89 τ1 3.99
26.07.27 γ=0.5: J 4.795 q1 2.29 τ1 3.18
26.07.27 γ=0.6: J 4.239 q1 1.82 τ1 2.63
26.07.27 γ=0.7: J 3.891 q1 1.46 τ1 2.31
26.07.27 γ=0.8: J 3.716 q1 1.21 τ1 2.22
26.07.27 γ=0.9: J 3.694 q1 1.03 τ1 2.33
26.07.27 γ=1.0: J 3.785 q1 0.93 τ1 2.58
done
