warm-start from previous mshoot best
warm-start from previous fourbar best
트라이얼 11개 로드
기준(SEA 후보): q1 6.23° q2 7.01° τ1 5.77 τ2 4.50
m_basex0.95     : Δq1 -0.094° Δq2 -0.036° Δτ1 -0.041 Δτ2 +0.206
m_basex1.05     : Δq1 +0.095° Δq2 +0.041° Δτ1 +0.043 Δτ2 -0.177
m_thighx0.9     : Δq1 -0.080° Δq2 -0.038° Δτ1 -0.038 Δτ2 +0.164
m_thighx1.1     : Δq1 +0.081° Δq2 +0.041° Δτ1 +0.040 Δτ2 -0.140
m_calfx0.9      : Δq1 -0.005° Δq2 -0.003° Δτ1 -0.003 Δτ2 +0.005
m_calfx1.1      : Δq1 +0.005° Δq2 +0.003° Δτ1 +0.003 Δτ2 -0.005
m_crankx0.9     : Δq1 -0.062° Δq2 -0.025° Δτ1 -0.028 Δτ2 +0.131
m_crankx1.1     : Δq1 +0.062° Δq2 +0.027° Δτ1 +0.028 Δτ2 -0.119
m_couplerx0.9   : Δq1 -0.014° Δq2 -0.007° Δτ1 -0.007 Δτ2 +0.027
m_couplerx1.1   : Δq1 +0.014° Δq2 +0.007° Δτ1 +0.007 Δτ2 -0.026
com_thigh-10mm  : Δq1 -0.041° Δq2 -0.012° Δτ1 -0.015 Δτ2 +0.097
com_thigh+10mm  : Δq1 +0.044° Δq2 +0.013° Δτ1 +0.016 Δτ2 -0.096
I_thighx0.8     : Δq1 -0.006° Δq2 -0.001° Δτ1 -0.003 Δτ2 +0.011
I_thighx1.2     : Δq1 +0.006° Δq2 +0.001° Δτ1 +0.003 Δτ2 -0.011
com_calf-10mm   : Δq1 -0.003° Δq2 -0.002° Δτ1 -0.002 Δτ2 +0.005
com_calf+10mm   : Δq1 +0.003° Δq2 +0.002° Δτ1 -0.002 Δτ2 -0.004
I_calfx0.8      : Δq1 -0.001° Δq2 -0.001° Δτ1 -0.001 Δτ2 +0.001
I_calfx1.2      : Δq1 +0.001° Δq2 +0.001° Δτ1 +0.001 Δτ2 -0.001
done
EXIT 0
