=== 26.07.22 ===
120_2_120_2: dx=[0, 0, 0, 0, 1, 1, -1] → 이동 1px=1~1mm | 구름 8~12 | 진짜슬립 0~0mm (코스오차 1841)
150_2.2_250_3: dx=[0, 0, 0, 0, 0, 0, 0, 0] → 이동 0px=0~0mm | 구름 8~12 | 진짜슬립 0~0mm (코스오차 1725)
150_3.3_500_5: dx=[0, 0, 0, 0, 0, 0, 0, 0] → 이동 0px=0~0mm | 구름 8~12 | 진짜슬립 0~0mm (코스오차 1756)
60_0.75_60_2: dx=[0, 0, 0, 0, 0, 0, 0, 0] → 이동 0px=0~0mm | 구름 8~12 | 진짜슬립 0~0mm (코스오차 1720)
60_1.5_60_1.5: dx=[0, 0, 0, 0, 0, 0, 0, 0] → 이동 0px=0~0mm | 구름 8~12 | 진짜슬립 0~0mm (코스오차 1594)
done → C:\Users\junho\Documents\jump-opt-digital-twin\code\goal22\p26_sea\_video_slip_260722.json
=== 26.07.24 ===
150_2.2_250_3: dx=[0, 0, 0, 0, 1, 1, -2, -37] → 이동 37px=26~44mm | 구름 8~12 | 진짜슬립 13~36mm (코스오차 1303)
150_2.2_350_3.5: dx=[0, 0, 0, 1, -4, -13, -25, -27] → 이동 27px=19~32mm | 구름 8~12 | 진짜슬립 6~24mm (코스오차 2506)
150_2.2_500_5: dx=[0, 0, 0, 0, 0, 0, -5, -12] → 이동 12px=8~14mm | 구름 8~12 | 진짜슬립 0~6mm (코스오차 2379)
done → C:\Users\junho\Documents\jump-opt-digital-twin\code\goal22\p26_sea\_video_slip_260724.json
=== 26.07.25 ===
100_1.5_250_3: dx=[0, 0, 0, 0, 0, 0, -1, -7] → 이동 7px=5~8mm | 구름 8~12 | 진짜슬립 0~0mm (코스오차 1931)
120_2_250_3: dx=[0, 0, 0, 0, 0, 0, 0, 0] → 이동 0px=0~0mm | 구름 8~12 | 진짜슬립 0~0mm (코스오차 2093)
150_2.2_250_3: dx=[0, 0, 0, 0, -1, -4, -7] → 이동 7px=5~8mm | 구름 8~12 | 진짜슬립 0~0mm (코스오차 2136)
200_2.5_250_3: dx=[0, 0, 0, 0, 0, 0, 0, 0] → 이동 0px=0~0mm | 구름 8~12 | 진짜슬립 0~0mm (코스오차 2261)
done → C:\Users\junho\Documents\jump-opt-digital-twin\code\goal22\p26_sea\_video_slip_260725.json
=== 26.04.24 ===
120_2.2_150_2.5: dx=[0, 0, 0, 0, 0, 0, 0, 0] → 이동 0px=0~0mm | 구름 8~12 | 진짜슬립 0~0mm (코스오차 3579)
120_2.2_200_2.8: dx=[0, 0, 0, 0, 0, 0, 0, 0] → 이동 0px=0~0mm | 구름 8~12 | 진짜슬립 0~0mm (코스오차 3644)
120_2_120_2: dx=[0, 0, 0, 0, 0, 0, 0, 0] → 이동 0px=0~0mm | 구름 8~12 | 진짜슬립 0~0mm (코스오차 3620)
150_2.2_250_3: dx=[0, 0, 0, 0, 0, 0, 0, 0] → 이동 0px=0~0mm | 구름 8~12 | 진짜슬립 0~0mm (코스오차 3604)
150_2.2_350_3.5: dx=[0, 0, 0, 0, 0, 0, 0, 0] → 이동 0px=0~0mm | 구름 8~12 | 진짜슬립 0~0mm (코스오차 3483)
150_2.2_500_4: dx=[0, 0, 0, 0, 0, 0, 0, 0] → 이동 0px=0~0mm | 구름 8~12 | 진짜슬립 0~0mm (코스오차 3596)
60_0.75_60_2: dx=[0, 0, 0, 0, 0, 0, 0, 0] → 이동 0px=0~0mm | 구름 8~12 | 진짜슬립 0~0mm (코스오차 16116)
60_1.5_60_1.5: dx=[0, 0, 0, 0, 0, 0, 0, 0] → 이동 0px=0~0mm | 구름 8~12 | 진짜슬립 0~0mm (코스오차 2988)
90_0.75_90_2: dx=[0, 0, 0, -1, -1, -2, -8, -9] → 이동 9px=6~11mm | 구름 8~12 | 진짜슬립 0~3mm (코스오차 18848)
done → C:\Users\junho\Documents\jump-opt-digital-twin\code\goal22\p26_sea\_video_slip_260424.json
=== 26.04.21 ===
done → C:\Users\junho\Documents\jump-opt-digital-twin\code\goal22\p26_sea\_video_slip_260421.json
=== 26.04.22 ===
done → C:\Users\junho\Documents\jump-opt-digital-twin\code\goal22\p26_sea\_video_slip_260422.json
=== 26.04.29 ===
120_2.2_150_2.5: dx=[0, 0, 0, 0, 1, 0, 0, 0] → 이동 1px=1~1mm | 구름 8~12 | 진짜슬립 0~0mm (코스오차 3623)
120_2.2_200_2.8: dx=[0, 0, 0, 0, 1, 1, 0, 0] → 이동 1px=1~1mm | 구름 8~12 | 진짜슬립 0~0mm (코스오차 12883)
120_2_120_2: dx=[0, 0, 0, 0, 0, 0, 0, 0] → 이동 0px=0~0mm | 구름 8~12 | 진짜슬립 0~0mm (코스오차 3867)
150_2.2_250_3: dx=[0, 0, 0, 0, 0, 0, 1, 1] → 이동 1px=1~1mm | 구름 8~12 | 진짜슬립 0~0mm (코스오차 3194)
150_2.2_350_3.5: dx=[0, 0, 0, 0, 0, 0, 1, 0] → 이동 1px=1~1mm | 구름 8~12 | 진짜슬립 0~0mm (코스오차 3175)
150_2.2_500_4: dx=[0, 0, 0, 0, 0, 0, 0, 0] → 이동 0px=0~0mm | 구름 8~12 | 진짜슬립 0~0mm (코스오차 3041)
60_0.75_60_2: dx=[0, 0, -1, 0, 0, -1, 0, 0] → 이동 1px=1~1mm | 구름 8~12 | 진짜슬립 0~0mm (코스오차 12871)
60_1.5_60_1.5: dx=[0, 0, 0, 0, 1, 0, 0, 1] → 이동 1px=1~1mm | 구름 8~12 | 진짜슬립 0~0mm (코스오차 13086)
90_0.75_90_2: dx=[0, 0, 0, 0, 0, -1, 0, 0] → 이동 1px=1~1mm | 구름 8~12 | 진짜슬립 0~0mm (코스오차 3684)
90_1.5_90_2.5: 영상 없음
done → C:\Users\junho\Documents\jump-opt-digital-twin\code\goal22\p26_sea\_video_slip_260429.json
=== 26.06.02/position ===
120_2_120_2: dx=[0, 0, 0, -1, -2, -6, -10, -17] → 이동 17px=12~20mm | 구름 8~12 | 진짜슬립 0~12mm (코스오차 1768)
150_2.2_250_3: dx=[0, 0, 0, 0, -2, -4, -7, -14] → 이동 14px=10~17mm | 구름 8~12 | 진짜슬립 0~9mm (코스오차 1765)
150_2.2_500_5: dx=[0, 0, 0, 0, -1, -2, -4, -9] → 이동 9px=6~11mm | 구름 8~12 | 진짜슬립 0~3mm (코스오차 1504)
60_0.75_60_2: dx=[0, 0, 0, 0, 0, -1, -3, -8] → 이동 8px=6~10mm | 구름 8~12 | 진짜슬립 0~2mm (코스오차 1680)
60_1.5_60_1.5: dx=[0, 0, 0, 0, 0, -1, -2, -10] → 이동 10px=7~12mm | 구름 8~12 | 진짜슬립 0~4mm (코스오차 1729)
90_0.75_90_2: dx=[0, 0, 0, -1, -3, -6, -9, -20] → 이동 20px=14~24mm | 구름 8~12 | 진짜슬립 2~16mm (코스오차 1655)
done → C:\Users\junho\Documents\jump-opt-digital-twin\code\goal22\p26_sea\_video_slip_260602_position.json
=== 26.03.24/Jump/Jump_No_Tr ===
P100_D3: dx=[0, 0, 0, 0, 0, 0, 0, 0] → 이동 0px=0~0mm | 구름 8~12 | 진짜슬립 0~0mm (코스오차 2155)
P40_D0.7: dx=[0, 0, 0, 0, 0, 0, 0, 0] → 이동 0px=0~0mm | 구름 8~12 | 진짜슬립 0~0mm (코스오차 3889)
P60_D1.5: dx=[0, 0, 0, 0, 0, 0, 0, 0] → 이동 0px=0~0mm | 구름 8~12 | 진짜슬립 0~0mm (코스오차 2177)
done → C:\Users\junho\Documents\jump-opt-digital-twin\code\goal22\p26_sea\_video_slip_260324_Jump_Jump_No_Tr.json
ALLDONE
