| 방법 | 배포 모드 | 게인 | h_plan | h_PD | F_τ | F_τ hip | F_τ knee |
|---|---|---|---|---|---|---|---|
| OL-CMA | FF+PD | 120_2.2_150_2.5 | 1.148 | 1.156 | 18.5% | 35.5% | 17.6% |
| OL-CMA | FF+PD | 120_2.2_200_2.8 | 1.148 | 1.156 | 19.1% | 35.6% | 18.2% |
| OL-CMA | FF+PD | 120_2_120_2 | 1.148 | 1.158 | 18.5% | 35.7% | 17.6% |
| OL-CMA | FF+PD | 150_2.2_250_3 | 1.148 | 1.156 | 20.2% | 39.2% | 19.1% |
| OL-CMA | FF+PD | 150_2.2_350_3.5 | 1.148 | 1.159 | 21.8% | 39.3% | 20.9% |
| OL-CMA | FF+PD | 150_2.2_500_4 | 1.148 | 1.161 | 24.7% | 37.1% | 24.1% |
| OL-CMA | FF+PD | 60_1.5_60_1.5 | 1.148 | 1.160 | 17.6% | 29.4% | 17.0% |
| OL-CMA | FF+PD | 90_1.5_90_2.5 | 1.148 | 1.159 | 17.2% | 32.6% | 16.4% |
| OL-CMA | PD그대로 | 120_2.2_150_2.5 | 1.148 | 1.265 | 77.0% | 111.7% | 75.5% |
| OL-CMA | PD그대로 | 120_2.2_200_2.8 | 1.148 | 1.283 | 77.2% | 110.9% | 75.8% |
| OL-CMA | PD그대로 | 120_2_120_2 | 1.148 | 1.255 | 79.2% | 114.6% | 77.7% |
| OL-CMA | PD그대로 | 150_2.2_250_3 | 1.148 | 1.298 | 78.4% | 113.9% | 76.8% |
| OL-CMA | PD그대로 | 150_2.2_350_3.5 | 1.148 | 1.300 | 79.6% | 112.8% | 78.2% |
| OL-CMA | PD그대로 | 150_2.2_500_4 | 1.148 | 1.296 | 82.0% | 111.9% | 80.7% |
| OL-CMA | PD그대로 | 60_1.5_60_1.5 | 1.148 | 1.036 | 81.7% | 110.0% | 80.5% |
| OL-CMA | PD그대로 | 90_1.5_90_2.5 | 1.148 | 1.195 | 74.8% | 109.7% | 73.2% |
| OL-CMA | 성형 | 120_2.2_150_2.5 | 1.148 | 1.134 | 32.4% | 23.5% | 32.7% |
| OL-CMA | 성형 | 120_2.2_200_2.8 | 1.148 | 1.144 | 32.8% | 24.7% | 33.1% |
| OL-CMA | 성형 | 120_2_120_2 | 1.148 | 1.128 | 33.3% | 22.4% | 33.6% |
| OL-CMA | 성형 | 150_2.2_250_3 | 1.148 | 1.151 | 33.6% | 28.4% | 33.7% |
| OL-CMA | 성형 | 150_2.2_350_3.5 | 1.148 | 1.156 | 35.7% | 29.2% | 35.9% |
| OL-CMA | 성형 | 150_2.2_500_4 | 1.148 | 1.168 | 39.1% | 29.8% | 39.4% |
| OL-CMA | 성형 | 60_1.5_60_1.5 | 1.148 | 1.135 | 35.4% | 13.9% | 35.9% |
| OL-CMA | 성형 | 90_1.5_90_2.5 | 1.148 | 1.136 | 31.4% | 18.1% | 31.8% |
| MPPI | FF+PD | 120_2.2_150_2.5 | 1.077 | 1.091 | 5.6% | 8.5% | 4.7% |
| MPPI | FF+PD | 120_2.2_200_2.8 | 1.077 | 1.089 | 5.6% | 8.4% | 4.8% |
| MPPI | FF+PD | 120_2_120_2 | 1.077 | 1.091 | 5.7% | 8.5% | 4.8% |
| MPPI | FF+PD | 150_2.2_250_3 | 1.077 | 1.087 | 5.8% | 8.5% | 4.9% |
| MPPI | FF+PD | 150_2.2_350_3.5 | 1.077 | 1.084 | 6.1% | 8.6% | 5.4% |
| MPPI | FF+PD | 150_2.2_500_4 | 1.077 | 1.087 | 6.7% | 9.1% | 6.0% |
| MPPI | FF+PD | 60_1.5_60_1.5 | 1.077 | 1.090 | 5.9% | 8.7% | 5.0% |
| MPPI | FF+PD | 90_1.5_90_2.5 | 1.077 | 1.091 | 5.7% | 8.8% | 4.7% |
| MPPI | PD그대로 | 120_2.2_150_2.5 | 1.077 | 1.194 | 65.0% | 87.9% | 58.8% |
| MPPI | PD그대로 | 120_2.2_200_2.8 | 1.077 | 1.173 | 59.5% | 74.6% | 55.6% |
| MPPI | PD그대로 | 120_2_120_2 | 1.077 | 1.208 | 71.3% | 101.0% | 63.0% |
| MPPI | PD그대로 | 150_2.2_250_3 | 1.077 | 1.169 | 52.6% | 68.6% | 48.4% |
| MPPI | PD그대로 | 150_2.2_350_3.5 | 1.077 | 1.142 | 47.0% | 59.4% | 43.7% |
| MPPI | PD그대로 | 150_2.2_500_4 | 1.077 | 1.119 | 44.4% | 58.2% | 40.6% |
| MPPI | PD그대로 | 60_1.5_60_1.5 | 1.077 | 1.087 | 82.4% | 112.1% | 73.8% |
| MPPI | PD그대로 | 90_1.5_90_2.5 | 1.077 | 1.145 | 72.2% | 103.2% | 63.3% |
| MPPI | 성형 | 120_2.2_150_2.5 | 1.077 | 1.091 | 6.3% | 9.3% | 5.5% |
| MPPI | 성형 | 120_2.2_200_2.8 | 1.077 | 1.091 | 6.5% | 10.2% | 5.3% |
| MPPI | 성형 | 120_2_120_2 | 1.077 | 1.091 | 6.5% | 9.3% | 5.7% |
| MPPI | 성형 | 150_2.2_250_3 | 1.077 | 1.089 | 6.3% | 10.3% | 4.9% |
| MPPI | 성형 | 150_2.2_350_3.5 | 1.077 | 1.089 | 6.9% | 12.4% | 4.9% |
| MPPI | 성형 | 150_2.2_500_4 | 1.077 | 1.088 | 7.9% | 14.8% | 5.3% |
| MPPI | 성형 | 60_1.5_60_1.5 | 1.077 | 1.105 | 8.7% | 11.4% | 8.0% |
| MPPI | 성형 | 90_1.5_90_2.5 | 1.077 | 1.095 | 6.9% | 9.9% | 6.1% |
| CL-CMA | FF+PD | 120_2.2_150_2.5 | 1.388 | 1.409 | 42.1% | 59.2% | 24.9% |
| CL-CMA | FF+PD | 120_2.2_200_2.8 | 1.388 | 1.424 | 42.9% | 58.9% | 27.4% |
| CL-CMA | FF+PD | 120_2_120_2 | 1.388 | 1.415 | 39.6% | 57.2% | 20.8% |
| CL-CMA | FF+PD | 150_2.2_250_3 | 1.388 | 1.426 | 45.7% | 63.3% | 28.5% |
| CL-CMA | FF+PD | 150_2.2_350_3.5 | 1.388 | 1.429 | 47.0% | 63.0% | 32.1% |
| CL-CMA | FF+PD | 150_2.2_500_4 | 1.388 | 1.435 | 48.2% | 62.8% | 35.3% |
| CL-CMA | FF+PD | 60_1.5_60_1.5 | 1.388 | 1.378 | 28.9% | 40.5% | 17.2% |
| CL-CMA | FF+PD | 90_1.5_90_2.5 | 1.388 | 1.370 | 35.0% | 44.6% | 26.8% |
| CL-CMA | PD그대로 | 120_2.2_150_2.5 | 1.388 | 1.009 | 30.3% | 4.8% | 38.9% |
| CL-CMA | PD그대로 | 120_2.2_200_2.8 | 1.388 | 1.210 | 23.7% | 4.8% | 30.4% |
| CL-CMA | PD그대로 | 120_2_120_2 | 1.388 | 0.893 | 38.1% | 9.5% | 48.6% |
| CL-CMA | PD그대로 | 150_2.2_250_3 | 1.388 | 1.318 | 19.6% | 4.5% | 25.0% |
| CL-CMA | PD그대로 | 150_2.2_350_3.5 | 1.388 | 1.368 | 10.1% | 2.2% | 13.0% |
| CL-CMA | PD그대로 | 150_2.2_500_4 | 1.388 | 1.387 | 0.0% | 0.0% | 0.0% |
| CL-CMA | PD그대로 | 60_1.5_60_1.5 | 1.388 | 0.838 | 51.8% | 31.3% | 61.8% |
| CL-CMA | PD그대로 | 90_1.5_90_2.5 | 1.388 | 0.878 | 36.0% | 25.7% | 41.4% |
| CL-CMA | 성형 | 120_2.2_150_2.5 | 1.388 | 1.388 | 26.2% | 35.1% | 18.0% |
| CL-CMA | 성형 | 120_2.2_200_2.8 | 1.388 | 1.386 | 27.3% | 34.9% | 20.7% |
| CL-CMA | 성형 | 120_2_120_2 | 1.388 | 1.387 | 26.3% | 36.1% | 16.8% |
| CL-CMA | 성형 | 150_2.2_250_3 | 1.388 | 1.386 | 27.4% | 32.1% | 23.8% |
| CL-CMA | 성형 | 150_2.2_350_3.5 | 1.388 | 1.390 | 30.1% | 31.6% | 29.1% |
| CL-CMA | 성형 | 150_2.2_500_4 | 1.388 | 1.391 | 35.1% | 31.9% | 37.0% |
| CL-CMA | 성형 | 60_1.5_60_1.5 | 1.388 | 1.384 | 31.4% | 45.9% | 15.6% |
| CL-CMA | 성형 | 90_1.5_90_2.5 | 1.388 | 1.384 | 29.1% | 42.2% | 14.8% |
| iLQR | FF+PD | 120_2.2_150_2.5 | 1.388 | 1.384 | 21.4% | 14.3% | 36.1% |
| iLQR | FF+PD | 120_2.2_200_2.8 | 1.388 | 1.384 | 24.7% | 15.2% | 43.2% |
| iLQR | FF+PD | 120_2_120_2 | 1.388 | 1.384 | 19.9% | 13.9% | 32.7% |
| iLQR | FF+PD | 150_2.2_250_3 | 1.388 | 1.384 | 28.5% | 17.1% | 50.3% |
| iLQR | FF+PD | 150_2.2_350_3.5 | 1.388 | 1.386 | 33.7% | 18.4% | 61.4% |
| iLQR | FF+PD | 150_2.2_500_4 | 1.388 | 1.388 | 40.2% | 20.3% | 74.8% |
| iLQR | FF+PD | 60_1.5_60_1.5 | 1.388 | 1.385 | 14.8% | 10.7% | 23.7% |
| iLQR | FF+PD | 90_1.5_90_2.5 | 1.388 | 1.387 | 16.4% | 12.1% | 26.1% |
| iLQR | PD그대로 | 120_2.2_150_2.5 | 1.388 | 1.086 | 67.1% | 59.2% | 86.5% |
| iLQR | PD그대로 | 120_2.2_200_2.8 | 1.388 | 1.242 | 66.7% | 59.1% | 85.4% |
| iLQR | PD그대로 | 120_2_120_2 | 1.388 | 0.882 | 69.4% | 60.7% | 89.7% |
| iLQR | PD그대로 | 150_2.2_250_3 | 1.388 | 1.308 | 66.2% | 57.9% | 86.2% |
| iLQR | PD그대로 | 150_2.2_350_3.5 | 1.388 | 1.349 | 65.7% | 57.8% | 84.8% |
| iLQR | PD그대로 | 150_2.2_500_4 | 1.388 | 1.344 | 66.0% | 58.3% | 84.5% |
| iLQR | PD그대로 | 60_1.5_60_1.5 | 1.388 | 0.658 | 74.4% | 67.5% | 89.7% |
| iLQR | PD그대로 | 90_1.5_90_2.5 | 1.388 | 0.750 | 69.6% | 65.5% | 79.8% |
| iLQR | 성형 | 120_2.2_150_2.5 | 1.388 | 1.387 | 35.0% | 36.3% | 30.2% |
| iLQR | 성형 | 120_2.2_200_2.8 | 1.388 | 1.387 | 34.2% | 36.1% | 27.1% |
| iLQR | 성형 | 120_2_120_2 | 1.388 | 1.387 | 36.1% | 37.2% | 32.5% |
| iLQR | 성형 | 150_2.2_250_3 | 1.388 | 1.385 | 31.6% | 33.4% | 24.6% |
| iLQR | 성형 | 150_2.2_350_3.5 | 1.388 | 1.388 | 32.5% | 33.6% | 28.5% |
| iLQR | 성형 | 150_2.2_500_4 | 1.388 | 1.387 | 35.4% | 33.6% | 40.9% |
| iLQR | 성형 | 60_1.5_60_1.5 | 1.388 | 1.387 | 45.1% | 46.0% | 42.0% |
| iLQR | 성형 | 90_1.5_90_2.5 | 1.388 | 1.384 | 42.3% | 42.8% | 40.6% |
| NLP | FF+PD | 120_2.2_150_2.5 | 1.070 | 1.168 | 24.3% | 8.8% | 29.5% |
| NLP | FF+PD | 120_2.2_200_2.8 | 1.070 | 1.205 | 30.0% | 9.8% | 36.6% |
| NLP | FF+PD | 120_2_120_2 | 1.070 | 1.140 | 20.2% | 8.5% | 24.4% |
| NLP | FF+PD | 150_2.2_250_3 | 1.070 | 1.227 | 31.9% | 11.6% | 38.7% |
| NLP | FF+PD | 150_2.2_350_3.5 | 1.070 | 1.241 | 37.9% | 15.4% | 45.7% |
| NLP | FF+PD | 150_2.2_500_4 | 1.070 | 1.250 | 41.8% | 19.2% | 50.1% |
| NLP | FF+PD | 60_1.5_60_1.5 | 1.070 | 1.082 | 11.4% | 4.8% | 13.8% |
| NLP | FF+PD | 90_1.5_90_2.5 | 1.070 | 1.121 | 17.4% | 6.9% | 21.0% |
| NLP | PD그대로 | 120_2.2_150_2.5 | 1.070 | 1.176 | 97.0% | 94.6% | 98.3% |
| NLP | PD그대로 | 120_2.2_200_2.8 | 1.070 | 1.264 | 91.5% | 90.1% | 92.3% |
| NLP | PD그대로 | 120_2_120_2 | 1.070 | 1.040 | 97.8% | 82.7% | 105.0% |
| NLP | PD그대로 | 150_2.2_250_3 | 1.070 | 1.295 | 87.2% | 86.0% | 87.9% |
| NLP | PD그대로 | 150_2.2_350_3.5 | 1.070 | 1.327 | 79.2% | 75.5% | 81.1% |
| NLP | PD그대로 | 150_2.2_500_4 | 1.070 | 1.338 | 72.2% | 66.8% | 74.9% |
| NLP | PD그대로 | 60_1.5_60_1.5 | 1.070 | 0.959 | 98.8% | 73.8% | 109.8% |
| NLP | PD그대로 | 90_1.5_90_2.5 | 1.070 | 1.027 | 97.0% | 86.5% | 102.1% |
| NLP | 성형 | 120_2.2_150_2.5 | 1.070 | 1.125 | 15.5% | 10.0% | 17.7% |
| NLP | 성형 | 120_2.2_200_2.8 | 1.070 | 1.153 | 19.5% | 9.8% | 23.1% |
| NLP | 성형 | 120_2_120_2 | 1.070 | 1.110 | 95.4% | 74.5% | 120.2% |
| NLP | 성형 | 150_2.2_250_3 | 1.070 | 1.185 | 24.2% | 10.4% | 29.0% |
| NLP | 성형 | 150_2.2_350_3.5 | 1.070 | 1.220 | 30.9% | 12.7% | 37.3% |
| NLP | 성형 | 150_2.2_500_4 | 1.070 | 1.241 | 35.9% | 15.9% | 43.1% |
| NLP | 성형 | 60_1.5_60_1.5 | 1.070 | 1.079 | 118.2% | 73.6% | 164.6% |
| NLP | 성형 | 90_1.5_90_2.5 | 1.070 | 1.097 | 11.5% | 9.5% | 12.4% |
| PPO | FF+PD | 120_2.2_150_2.5 | 1.230 | 1.231 | 4.8% | 5.1% | 4.6% |
| PPO | FF+PD | 120_2.2_200_2.8 | 1.230 | 1.233 | 4.8% | 5.0% | 4.5% |
| PPO | FF+PD | 120_2_120_2 | 1.230 | 1.230 | 4.9% | 5.1% | 4.6% |
| PPO | FF+PD | 150_2.2_250_3 | 1.230 | 1.233 | 4.8% | 5.2% | 4.5% |
| PPO | FF+PD | 150_2.2_350_3.5 | 1.230 | 1.237 | 4.7% | 5.1% | 4.4% |
| PPO | FF+PD | 150_2.2_500_4 | 1.230 | 1.237 | 4.6% | 5.0% | 4.3% |
| PPO | FF+PD | 60_1.5_60_1.5 | 1.230 | 1.233 | 4.9% | 5.0% | 4.9% |
| PPO | FF+PD | 90_1.5_90_2.5 | 1.230 | 1.229 | 4.6% | 4.7% | 4.5% |
| PPO | PD그대로 | 120_2.2_150_2.5 | 1.230 | 1.157 | 84.7% | 85.5% | 83.9% |
| PPO | PD그대로 | 120_2.2_200_2.8 | 1.230 | 1.177 | 84.0% | 84.5% | 83.5% |
| PPO | PD그대로 | 120_2_120_2 | 1.230 | 1.141 | 87.5% | 88.6% | 86.6% |
| PPO | PD그대로 | 150_2.2_250_3 | 1.230 | 1.209 | 82.2% | 83.8% | 80.8% |
| PPO | PD그대로 | 150_2.2_350_3.5 | 1.230 | 1.212 | 80.1% | 82.6% | 77.7% |
| PPO | PD그대로 | 150_2.2_500_4 | 1.230 | 1.214 | 77.9% | 81.7% | 74.3% |
| PPO | PD그대로 | 60_1.5_60_1.5 | 1.230 | 0.939 | 91.9% | 92.8% | 91.1% |
| PPO | PD그대로 | 90_1.5_90_2.5 | 1.230 | 1.048 | 87.5% | 91.9% | 83.3% |
| PPO | 성형 | 120_2.2_150_2.5 | 1.230 | 1.174 | 24.5% | 19.5% | 28.2% |
| PPO | 성형 | 120_2.2_200_2.8 | 1.230 | 1.176 | 27.0% | 21.1% | 31.5% |
| PPO | 성형 | 120_2_120_2 | 1.230 | 1.165 | 22.7% | 18.6% | 25.9% |
| PPO | 성형 | 150_2.2_250_3 | 1.230 | 1.191 | 25.6% | 21.4% | 28.8% |
| PPO | 성형 | 150_2.2_350_3.5 | 1.230 | 1.193 | 26.9% | 22.4% | 30.5% |
| PPO | 성형 | 150_2.2_500_4 | 1.230 | 1.201 | 28.3% | 23.2% | 32.3% |
| PPO | 성형 | 60_1.5_60_1.5 | 1.230 | 1.097 | 21.5% | 16.8% | 25.0% |
| PPO | 성형 | 90_1.5_90_2.5 | 1.230 | 1.147 | 20.8% | 17.0% | 23.7% |
| PPO(best) | FF+PD | 120_2.2_150_2.5 | 1.246 | 1.250 | 4.2% | 4.7% | 3.8% |
| PPO(best) | FF+PD | 120_2.2_200_2.8 | 1.246 | 1.251 | 4.1% | 4.6% | 3.7% |
| PPO(best) | FF+PD | 120_2_120_2 | 1.246 | 1.249 | 4.2% | 4.7% | 3.8% |
| PPO(best) | FF+PD | 150_2.2_250_3 | 1.246 | 1.253 | 4.2% | 4.8% | 3.6% |
| PPO(best) | FF+PD | 150_2.2_350_3.5 | 1.246 | 1.257 | 7.5% | 6.5% | 8.3% |
| PPO(best) | FF+PD | 150_2.2_500_4 | 1.246 | 1.257 | 3.4% | 4.1% | 2.5% |
| PPO(best) | FF+PD | 60_1.5_60_1.5 | 1.246 | 1.246 | 3.9% | 4.2% | 3.7% |
| PPO(best) | FF+PD | 90_1.5_90_2.5 | 1.246 | 1.248 | 4.0% | 4.4% | 3.7% |
| PPO(best) | PD그대로 | 120_2.2_150_2.5 | 1.246 | 1.168 | 85.4% | 86.8% | 84.1% |
| PPO(best) | PD그대로 | 120_2.2_200_2.8 | 1.246 | 1.189 | 84.7% | 85.7% | 83.8% |
| PPO(best) | PD그대로 | 120_2_120_2 | 1.246 | 1.152 | 88.1% | 89.7% | 86.7% |
| PPO(best) | PD그대로 | 150_2.2_250_3 | 1.246 | 1.221 | 83.2% | 85.2% | 81.4% |
| PPO(best) | PD그대로 | 150_2.2_350_3.5 | 1.246 | 1.221 | 80.8% | 84.2% | 77.7% |
| PPO(best) | PD그대로 | 150_2.2_500_4 | 1.246 | 1.221 | 79.2% | 83.5% | 75.1% |
| PPO(best) | PD그대로 | 60_1.5_60_1.5 | 1.246 | 0.950 | 92.4% | 93.7% | 91.2% |
| PPO(best) | PD그대로 | 90_1.5_90_2.5 | 1.246 | 1.058 | 88.1% | 93.0% | 83.5% |
| PPO(best) | 성형 | 120_2.2_150_2.5 | 1.246 | 1.192 | 23.3% | 18.6% | 26.7% |
| PPO(best) | 성형 | 120_2.2_200_2.8 | 1.246 | 1.198 | 25.6% | 19.9% | 29.6% |
| PPO(best) | 성형 | 120_2_120_2 | 1.246 | 1.183 | 22.6% | 18.2% | 25.8% |
| PPO(best) | 성형 | 150_2.2_250_3 | 1.246 | 1.211 | 24.1% | 20.3% | 27.0% |
| PPO(best) | 성형 | 150_2.2_350_3.5 | 1.246 | 1.218 | 23.8% | 20.7% | 26.1% |
| PPO(best) | 성형 | 150_2.2_500_4 | 1.246 | 1.221 | 25.1% | 21.3% | 27.9% |
| PPO(best) | 성형 | 60_1.5_60_1.5 | 1.246 | 1.115 | 20.8% | 15.6% | 24.4% |
| PPO(best) | 성형 | 90_1.5_90_2.5 | 1.246 | 1.164 | 20.0% | 15.9% | 22.9% |
| iLQR(엄격18) | FF+PD | 120_2.2_150_2.5 | 1.379 | 1.387 | 21.0% | 13.6% | 36.2% |
| iLQR(엄격18) | FF+PD | 120_2.2_200_2.8 | 1.379 | 1.388 | 23.7% | 14.2% | 42.1% |
| iLQR(엄격18) | FF+PD | 120_2_120_2 | 1.379 | 1.386 | 19.5% | 13.2% | 32.7% |
| iLQR(엄격18) | FF+PD | 150_2.2_250_3 | 1.379 | 1.388 | 27.5% | 16.2% | 49.2% |
| iLQR(엄격18) | FF+PD | 150_2.2_350_3.5 | 1.379 | 1.390 | 32.8% | 17.7% | 60.3% |
| iLQR(엄격18) | FF+PD | 150_2.2_500_4 | 1.379 | 1.389 | 38.7% | 19.3% | 72.5% |
| iLQR(엄격18) | FF+PD | 60_1.5_60_1.5 | 1.379 | 1.388 | 14.1% | 9.8% | 23.3% |
| iLQR(엄격18) | FF+PD | 90_1.5_90_2.5 | 1.379 | 1.388 | 15.8% | 11.1% | 25.9% |
| iLQR(엄격18) | PD그대로 | 120_2.2_150_2.5 | 1.379 | 1.069 | 66.5% | 59.0% | 84.1% |
| iLQR(엄격18) | PD그대로 | 120_2.2_200_2.8 | 1.379 | 1.227 | 65.9% | 58.9% | 82.7% |
| iLQR(엄격18) | PD그대로 | 120_2_120_2 | 1.379 | 0.878 | 68.4% | 60.1% | 87.7% |
| iLQR(엄격18) | PD그대로 | 150_2.2_250_3 | 1.379 | 1.303 | 65.3% | 57.7% | 83.3% |
| iLQR(엄격18) | PD그대로 | 150_2.2_350_3.5 | 1.379 | 1.346 | 64.6% | 57.5% | 81.3% |
| iLQR(엄격18) | PD그대로 | 150_2.2_500_4 | 1.379 | 1.348 | 64.5% | 57.2% | 81.7% |
| iLQR(엄격18) | PD그대로 | 60_1.5_60_1.5 | 1.379 | 0.681 | 74.0% | 67.7% | 87.9% |
| iLQR(엄격18) | PD그대로 | 90_1.5_90_2.5 | 1.379 | 0.729 | 68.9% | 65.2% | 78.0% |
| iLQR(엄격18) | 성형 | 120_2.2_150_2.5 | 1.379 | 1.386 | 35.7% | 27.4% | 55.2% |
| iLQR(엄격18) | 성형 | 120_2.2_200_2.8 | 1.379 | 1.387 | 32.6% | 27.2% | 46.4% |
| iLQR(엄격18) | 성형 | 120_2_120_2 | 1.379 | 1.390 | 38.2% | 27.9% | 61.3% |
| iLQR(엄격18) | 성형 | 150_2.2_250_3 | 1.379 | 1.387 | 28.3% | 24.6% | 37.9% |
| iLQR(엄격18) | 성형 | 150_2.2_350_3.5 | 1.379 | 1.394 | 25.2% | 24.7% | 27.0% |
| iLQR(엄격18) | 성형 | 150_2.2_500_4 | 1.379 | 1.391 | 24.1% | 23.9% | 24.7% |
| iLQR(엄격18) | 성형 | 60_1.5_60_1.5 | 1.379 | 1.383 | 47.2% | 34.1% | 76.2% |
| iLQR(엄격18) | 성형 | 90_1.5_90_2.5 | 1.379 | 1.387 | 43.2% | 32.0% | 68.6% |
| PPO(엄격18) | FF+PD | 120_2.2_150_2.5 | 1.069 | 1.040 | 11.5% | 9.1% | 13.3% |
| PPO(엄격18) | FF+PD | 120_2.2_200_2.8 | 1.069 | 1.046 | 12.3% | 8.9% | 14.8% |
| PPO(엄격18) | FF+PD | 120_2_120_2 | 1.069 | 1.034 | 11.1% | 9.3% | 12.5% |
| PPO(엄격18) | FF+PD | 150_2.2_250_3 | 1.069 | 1.050 | 13.5% | 9.2% | 16.5% |
| PPO(엄격18) | FF+PD | 150_2.2_350_3.5 | 1.069 | 1.059 | 14.4% | 8.8% | 18.1% |
| PPO(엄격18) | FF+PD | 150_2.2_500_4 | 1.069 | 1.068 | 15.4% | 8.2% | 19.7% |
| PPO(엄격18) | FF+PD | 60_1.5_60_1.5 | 1.069 | 1.022 | 8.8% | 8.1% | 9.4% |
| PPO(엄격18) | FF+PD | 90_1.5_90_2.5 | 1.069 | 1.029 | 10.0% | 8.5% | 11.2% |
| PPO(엄격18) | PD그대로 | 120_2.2_150_2.5 | 1.069 | 0.947 | 76.7% | 75.9% | 77.5% |
| PPO(엄격18) | PD그대로 | 120_2.2_200_2.8 | 1.069 | 1.025 | 73.0% | 71.7% | 74.2% |
| PPO(엄격18) | PD그대로 | 120_2_120_2 | 1.069 | 0.858 | 81.8% | 80.7% | 82.8% |
| PPO(엄격18) | PD그대로 | 150_2.2_250_3 | 1.069 | 1.049 | 72.2% | 71.4% | 73.0% |
| PPO(엄격18) | PD그대로 | 150_2.2_350_3.5 | 1.069 | 1.120 | 67.2% | 66.4% | 67.8% |
| PPO(엄격18) | PD그대로 | 150_2.2_500_4 | 1.069 | 1.179 | 63.0% | 63.1% | 62.8% |
| PPO(엄격18) | PD그대로 | 60_1.5_60_1.5 | 1.069 | 0.720 | 85.0% | 84.1% | 85.7% |
| PPO(엄격18) | PD그대로 | 90_1.5_90_2.5 | 1.069 | 0.881 | 77.2% | 79.7% | 74.9% |
| PPO(엄격18) | 성형 | 120_2.2_150_2.5 | 1.069 | 1.085 | 11.1% | 11.4% | 10.8% |
| PPO(엄격18) | 성형 | 120_2.2_200_2.8 | 1.069 | 1.045 | 14.4% | 10.4% | 17.2% |
| PPO(엄격18) | 성형 | 120_2_120_2 | 1.069 | 1.109 | 10.5% | 11.0% | 10.0% |
| PPO(엄격18) | 성형 | 150_2.2_250_3 | 1.069 | 1.052 | 14.7% | 10.3% | 17.7% |
| PPO(엄격18) | 성형 | 150_2.2_350_3.5 | 1.069 | 1.044 | 19.6% | 11.1% | 25.0% |
| PPO(엄격18) | 성형 | 150_2.2_500_4 | 1.069 | 1.046 | 24.7% | 12.0% | 32.1% |
| PPO(엄격18) | 성형 | 60_1.5_60_1.5 | 1.069 | 1.073 | 12.8% | 8.0% | 15.9% |
| PPO(엄격18) | 성형 | 90_1.5_90_2.5 | 1.069 | 1.089 | 12.0% | 10.0% | 13.6% |
| PPO(best,엄격18) | FF+PD | 120_2.2_150_2.5 | 1.202 | 1.194 | 11.1% | 9.1% | 12.6% |
| PPO(best,엄격18) | FF+PD | 120_2.2_200_2.8 | 1.202 | 1.199 | 11.8% | 8.8% | 13.8% |
| PPO(best,엄격18) | FF+PD | 120_2_120_2 | 1.202 | 1.189 | 10.9% | 9.4% | 12.0% |
| PPO(best,엄격18) | FF+PD | 150_2.2_250_3 | 1.202 | 1.202 | 12.9% | 9.5% | 15.3% |
| PPO(best,엄격18) | FF+PD | 150_2.2_350_3.5 | 1.202 | 1.206 | 13.4% | 9.0% | 16.3% |
| PPO(best,엄격18) | FF+PD | 150_2.2_500_4 | 1.202 | 1.212 | 14.2% | 8.5% | 17.7% |
| PPO(best,엄격18) | FF+PD | 60_1.5_60_1.5 | 1.202 | 1.181 | 8.6% | 7.7% | 9.3% |
| PPO(best,엄격18) | FF+PD | 90_1.5_90_2.5 | 1.202 | 1.185 | 9.7% | 8.4% | 10.8% |
| PPO(best,엄격18) | PD그대로 | 120_2.2_150_2.5 | 1.202 | 1.120 | 79.2% | 79.8% | 78.6% |
| PPO(best,엄격18) | PD그대로 | 120_2.2_200_2.8 | 1.202 | 1.162 | 76.7% | 76.7% | 76.7% |
| PPO(best,엄격18) | PD그대로 | 120_2_120_2 | 1.202 | 1.073 | 84.2% | 85.4% | 83.1% |
| PPO(best,엄격18) | PD그대로 | 150_2.2_250_3 | 1.202 | 1.206 | 75.0% | 75.7% | 74.4% |
| PPO(best,엄격18) | PD그대로 | 150_2.2_350_3.5 | 1.202 | 1.225 | 73.0% | 73.4% | 72.7% |
| PPO(best,엄격18) | PD그대로 | 150_2.2_500_4 | 1.202 | 1.224 | 70.7% | 71.6% | 70.0% |
| PPO(best,엄격18) | PD그대로 | 60_1.5_60_1.5 | 1.202 | 0.889 | 88.1% | 88.7% | 87.4% |
| PPO(best,엄격18) | PD그대로 | 90_1.5_90_2.5 | 1.202 | 1.017 | 81.7% | 85.7% | 77.9% |
| PPO(best,엄격18) | 성형 | 120_2.2_150_2.5 | 1.202 | 1.190 | 11.8% | 10.2% | 13.0% |
| PPO(best,엄격18) | 성형 | 120_2.2_200_2.8 | 1.202 | 1.189 | 14.3% | 11.2% | 16.5% |
| PPO(best,엄격18) | 성형 | 120_2_120_2 | 1.202 | 1.188 | 11.3% | 9.7% | 12.4% |
| PPO(best,엄격18) | 성형 | 150_2.2_250_3 | 1.202 | 1.198 | 14.5% | 11.4% | 16.7% |
| PPO(best,엄격18) | 성형 | 150_2.2_350_3.5 | 1.202 | 1.198 | 17.8% | 11.8% | 21.7% |
| PPO(best,엄격18) | 성형 | 150_2.2_500_4 | 1.202 | 1.198 | 22.1% | 12.5% | 27.8% |
| PPO(best,엄격18) | 성형 | 60_1.5_60_1.5 | 1.202 | 1.148 | 11.7% | 7.7% | 14.3% |
| PPO(best,엄격18) | 성형 | 90_1.5_90_2.5 | 1.202 | 1.184 | 10.3% | 8.3% | 11.8% |C:\Users\junho\Documents\jump-opt-digital-twin\code\goal22\p25_deploy\p25_e_summary.py:109: UserWarning: Glyph 8722 (\N{MINUS SIGN}) missing from font(s) Malgun Gothic.
  fig.tight_layout()
C:\Users\junho\Documents\jump-opt-digital-twin\code\goal22\p25_deploy\p25_e_summary.py:110: UserWarning: Glyph 8722 (\N{MINUS SIGN}) missing from font(s) Malgun Gothic.
  fig.savefig(HERE / f"p25_e_fig_scatter{SUF}.png", dpi=140)

saved p25_e_master.json / p25_e_table.md / p25_e_fig_scatter.png / p25_e_fig_bars.png
