=== p25_a_cma_ol — 개루프 토크 스플라인 CMA ===
warm-start from previous mshoot best
warm-start from previous fourbar best
init [2s] dt=0.0005
settle cached: q=(-0.2557, -2.6141) target=(-0.2611, -2.6040)
seed f=0.9017 (apex~-0.902m, trial 60_0.75_60_2, push peak t=0.254)
  it   25  nfev   401  best f=-0.8883  [15s]
  it   50  nfev   801  best f=-1.0703  [27s]
  it   75  nfev  1201  best f=-1.1583  [40s]
  it  100  nfev  1601  best f=-1.1858  [52s]
  it  125  nfev  2001  best f=-1.2076  [65s]
  it  150  nfev  2401  best f=-1.2188  [77s]
  it  175  nfev  2801  best f=-1.2261  [89s]
  it  200  nfev  3201  best f=-1.2306  [102s]
  it  225  nfev  3601  best f=-1.2368  [114s]
  it  250  nfev  4001  best f=-1.2398  [126s]
  it  275  nfev  4401  best f=-1.2418  [139s]
CMA done: nfev=4513 crash=0 best f=-1.2418 [142s]
h_plan=1.2510 m  peak raw=(35.5, 35.5)  peak dq=(14.7, 33.5)  ceil_frac=(0.11, 0.22)
saved p25_a_ol_cma.npz + p25_a_res_ol.json [2.4m]
