warm-start from previous mshoot best
warm-start from previous fourbar best
[p25_d] setup done [2s] — p24a law=(-0.3823, 0.6301, 7.2968) spr=(0.5637, 1.8775, 5.8838) k_rise=0.2656 tm=1.31ms
deploy p25_a4_ilqr.npz [60_1.5_60_1.5] — h_PD 0.699 m, F_τ 72.5%
deploy p25_a4_ilqr.npz [90_1.5_90_2.5] — h_PD 0.723 m, F_τ 68.0%
deploy p25_a4_ilqr.npz [120_2_120_2] — h_PD 0.825 m, F_τ 66.7%
deploy p25_a4_ilqr.npz [120_2.2_150_2.5] — h_PD 0.951 m, F_τ 64.8%
deploy p25_a4_ilqr.npz [120_2.2_200_2.8] — h_PD 1.163 m, F_τ 64.4%
deploy p25_a4_ilqr.npz [150_2.2_250_3] — h_PD 1.294 m, F_τ 63.3%
deploy p25_a4_ilqr.npz [150_2.2_350_3.5] — h_PD 1.389 m, F_τ 62.9%
deploy p25_a4_ilqr.npz [150_2.2_500_4] — h_PD 1.447 m, F_τ 63.3%
deploy p25_a_cl_cma.npz [60_1.5_60_1.5] — h_PD 1.017 m, F_τ 39.6%
deploy p25_a_cl_cma.npz [90_1.5_90_2.5] — h_PD 1.202 m, F_τ 28.6%
deploy p25_a_cl_cma.npz [120_2_120_2] — h_PD 1.156 m, F_τ 23.8%
deploy p25_a_cl_cma.npz [120_2.2_150_2.5] — h_PD 1.334 m, F_τ 18.8%
deploy p25_a_cl_cma.npz [120_2.2_200_2.8] — h_PD 1.420 m, F_τ 15.2%
deploy p25_a_cl_cma.npz [150_2.2_250_3] — h_PD 1.477 m, F_τ 12.0%
deploy p25_a_cl_cma.npz [150_2.2_350_3.5] — h_PD 1.500 m, F_τ 6.4%
deploy p25_a_cl_cma.npz [150_2.2_500_4] — h_PD 1.517 m, F_τ 0.0%
deploy p25_a_clt.npz [60_1.5_60_1.5] — h_PD 0.612 m, F_τ 38.2%
deploy p25_a_clt.npz [90_1.5_90_2.5] — h_PD 0.607 m, F_τ 33.7%
deploy p25_a_clt.npz [120_2_120_2] — h_PD 0.688 m, F_τ 22.2%
deploy p25_a_clt.npz [120_2.2_150_2.5] — h_PD 0.697 m, F_τ 22.2%
deploy p25_a_clt.npz [120_2.2_200_2.8] — h_PD 0.722 m, F_τ 16.8%
deploy p25_a_clt.npz [150_2.2_250_3] — h_PD 0.760 m, F_τ 14.6%
deploy p25_a_clt.npz [150_2.2_350_3.5] — h_PD 0.782 m, F_τ 8.6%
deploy p25_a_clt.npz [150_2.2_500_4] — h_PD 0.803 m, F_τ 0.0%
deploy p25_a_mppi.npz [60_1.5_60_1.5] — h_PD 1.076 m, F_τ 81.6%
deploy p25_a_mppi.npz [90_1.5_90_2.5] — h_PD 1.132 m, F_τ 70.2%
deploy p25_a_mppi.npz [120_2_120_2] — h_PD 1.203 m, F_τ 70.0%
deploy p25_a_mppi.npz [120_2.2_150_2.5] — h_PD 1.189 m, F_τ 62.5%
deploy p25_a_mppi.npz [120_2.2_200_2.8] — h_PD 1.179 m, F_τ 57.1%
deploy p25_a_mppi.npz [150_2.2_250_3] — h_PD 1.184 m, F_τ 52.1%
deploy p25_a_mppi.npz [150_2.2_350_3.5] — h_PD 1.158 m, F_τ 47.5%
deploy p25_a_mppi.npz [150_2.2_500_4] — h_PD 1.134 m, F_τ 45.7%
deploy p25_a_ol_cma.npz [60_1.5_60_1.5] — h_PD 1.094 m, F_τ 99.3%
deploy p25_a_ol_cma.npz [90_1.5_90_2.5] — h_PD 1.269 m, F_τ 100.6%
deploy p25_a_ol_cma.npz [120_2_120_2] — h_PD 1.352 m, F_τ 98.4%
deploy p25_a_ol_cma.npz [120_2.2_150_2.5] — h_PD 1.385 m, F_τ 95.5%
deploy p25_a_ol_cma.npz [120_2.2_200_2.8] — h_PD 1.408 m, F_τ 94.4%
deploy p25_a_ol_cma.npz [150_2.2_250_3] — h_PD 1.428 m, F_τ 101.1%
deploy p25_a_ol_cma.npz [150_2.2_350_3.5] — h_PD 1.430 m, F_τ 101.4%
deploy p25_a_ol_cma.npz [150_2.2_500_4] — h_PD 1.429 m, F_τ 99.6%
deploy p25_b_traj.npz [60_1.5_60_1.5] — h_PD 1.079 m, F_τ 99.1%
deploy p25_b_traj.npz [90_1.5_90_2.5] — h_PD 1.085 m, F_τ 96.9%
deploy p25_b_traj.npz [120_2_120_2] — h_PD 1.133 m, F_τ 97.6%
deploy p25_b_traj.npz [120_2.2_150_2.5] — h_PD 1.141 m, F_τ 99.5%
deploy p25_b_traj.npz [120_2.2_200_2.8] — h_PD 1.272 m, F_τ 99.2%
deploy p25_b_traj.npz [150_2.2_250_3] — h_PD 1.336 m, F_τ 97.6%
deploy p25_b_traj.npz [150_2.2_350_3.5] — h_PD 1.403 m, F_τ 91.4%
deploy p25_b_traj.npz [150_2.2_500_4] — h_PD 1.435 m, F_τ 110.4%
deploy p25_c_ppo.npz [60_1.5_60_1.5] — h_PD 0.973 m, F_τ 93.8%
deploy p25_c_ppo.npz [90_1.5_90_2.5] — h_PD 1.105 m, F_τ 90.2%
deploy p25_c_ppo.npz [120_2_120_2] — h_PD 1.207 m, F_τ 89.9%
deploy p25_c_ppo.npz [120_2.2_150_2.5] — h_PD 1.227 m, F_τ 87.2%
deploy p25_c_ppo.npz [120_2.2_200_2.8] — h_PD 1.251 m, F_τ 86.6%
deploy p25_c_ppo.npz [150_2.2_250_3] — h_PD 1.293 m, F_τ 85.4%
deploy p25_c_ppo.npz [150_2.2_350_3.5] — h_PD 1.298 m, F_τ 83.4%
deploy p25_c_ppo.npz [150_2.2_500_4] — h_PD 1.303 m, F_τ 81.4%
deploy p25_c_ppo_best.npz [60_1.5_60_1.5] — h_PD 1.030 m, F_τ 94.3%
deploy p25_c_ppo_best.npz [90_1.5_90_2.5] — h_PD 1.160 m, F_τ 90.4%
deploy p25_c_ppo_best.npz [120_2_120_2] — h_PD 1.264 m, F_τ 90.3%
deploy p25_c_ppo_best.npz [120_2.2_150_2.5] — h_PD 1.281 m, F_τ 87.7%
deploy p25_c_ppo_best.npz [120_2.2_200_2.8] — h_PD 1.295 m, F_τ 86.6%
deploy p25_c_ppo_best.npz [150_2.2_250_3] — h_PD 1.329 m, F_τ 84.3%
deploy p25_c_ppo_best.npz [150_2.2_350_3.5] — h_PD 1.334 m, F_τ 81.9%
deploy p25_c_ppo_best.npz [150_2.2_500_4] — h_PD 1.338 m, F_τ 79.5%
결과 원장 저장: C:\Users\junho\Documents\jump-opt-digital-twin\code\goal22\p25_deploy\p25_d_results.json
계획                           게인     h_plan    h_PD   H_fid     F_τ  F_τ,hip  F_τ,knee  dqRMSE      이지
─────────────────────────────────────────────────────────────────────────────────────────────────────
p25_a4_ilqr.npz              60_1.5_60_1.5   1.542   0.699   54.7%   72.5%    66.4%     89.2%    8.71    23ms
p25_a4_ilqr.npz              90_1.5_90_2.5   1.542   0.723   53.1%   68.0%    64.4%     78.8%    8.12    22ms
p25_a4_ilqr.npz              120_2_120_2   1.542   0.825   46.5%   66.7%    58.9%     89.1%    8.35    21ms
p25_a4_ilqr.npz              120_2.2_150_2.5   1.542   0.951   38.4%   64.8%    57.6%     85.5%    8.39    21ms
p25_a4_ilqr.npz              120_2.2_200_2.8   1.542   1.163   24.6%   64.4%    57.5%     84.3%    9.07    21ms
p25_a4_ilqr.npz              150_2.2_250_3   1.542   1.294   16.1%   63.3%    55.7%     85.8%    9.36    21ms
p25_a4_ilqr.npz              150_2.2_350_3.5   1.542   1.389    9.9%   62.9%    55.5%     84.1%   10.26    21ms
p25_a4_ilqr.npz              150_2.2_500_4   1.542   1.447    6.1%   63.3%    55.7%     84.9%   11.26    21ms
p25_a_cl_cma.npz             60_1.5_60_1.5   1.517   1.017   33.0%   39.6%    32.1%     59.8%    7.77    20ms
p25_a_cl_cma.npz             90_1.5_90_2.5   1.517   1.202   20.8%   28.6%    25.6%     37.8%    7.71    20ms
p25_a_cl_cma.npz             120_2_120_2   1.517   1.156   23.8%   23.8%     8.2%     49.3%    7.48    20ms
p25_a_cl_cma.npz             120_2.2_150_2.5   1.517   1.334   12.0%   18.8%     5.5%     39.6%    7.64    20ms
p25_a_cl_cma.npz             120_2.2_200_2.8   1.517   1.420    6.4%   15.2%     5.9%     31.0%    8.02    20ms
p25_a_cl_cma.npz             150_2.2_250_3   1.517   1.477    2.6%   12.0%     1.3%     26.1%    8.45    20ms
p25_a_cl_cma.npz             150_2.2_350_3.5   1.517   1.500    1.1%    6.4%     0.6%     13.8%    8.84    20ms
p25_a_cl_cma.npz             150_2.2_500_4   1.517   1.517    0.0%    0.0%     0.0%      0.0%    9.42    20ms
p25_a_clt.npz                60_1.5_60_1.5   0.803   0.612   23.8%   38.2%    41.3%     36.9%    4.88   106ms
p25_a_clt.npz                90_1.5_90_2.5   0.803   0.607   24.4%   33.7%    28.8%     35.5%    3.96    99ms
p25_a_clt.npz                120_2_120_2   0.803   0.688   14.4%   22.2%    11.8%     25.2%    3.59   100ms
p25_a_clt.npz                120_2.2_150_2.5   0.803   0.697   13.3%   22.2%    11.9%     25.1%    3.45    97ms
p25_a_clt.npz                120_2.2_200_2.8   0.803   0.722   10.1%   16.8%    12.2%     18.4%    3.35    97ms
p25_a_clt.npz                150_2.2_250_3   0.803   0.760    5.4%   14.6%     0.9%     17.3%    3.30    97ms
p25_a_clt.npz                150_2.2_350_3.5   0.803   0.782    2.7%    8.6%     0.4%     10.1%    3.34    98ms
p25_a_clt.npz                150_2.2_500_4   0.803   0.803    0.0%    0.0%     0.0%      0.0%    3.40    99ms
p25_a_mppi.npz               60_1.5_60_1.5   1.018   1.076    5.7%   81.6%   115.7%     74.1%    4.75   346ms
p25_a_mppi.npz               90_1.5_90_2.5   1.018   1.132   11.3%   70.2%   106.1%     62.1%    3.63   334ms
p25_a_mppi.npz               120_2_120_2   1.018   1.203   18.2%   70.0%   107.2%     61.6%    3.63   333ms
p25_a_mppi.npz               120_2.2_150_2.5   1.018   1.189   16.8%   62.5%    86.1%     57.7%    3.19   330ms
p25_a_mppi.npz               120_2.2_200_2.8   1.018   1.179   15.8%   57.1%    67.0%     55.3%    2.94   328ms
p25_a_mppi.npz               150_2.2_250_3   1.018   1.184   16.3%   52.1%    60.3%     50.6%    2.68   326ms
p25_a_mppi.npz               150_2.2_350_3.5   1.018   1.158   13.8%   47.5%    47.6%     47.5%    2.38   324ms
p25_a_mppi.npz               150_2.2_500_4   1.018   1.134   11.4%   45.7%    48.0%     45.2%    2.25   322ms
p25_a_ol_cma.npz             60_1.5_60_1.5   1.251   1.094   12.5%   99.3%   102.1%     93.7%    7.41    57ms
p25_a_ol_cma.npz             90_1.5_90_2.5   1.251   1.269    1.4%  100.6%   106.6%     86.9%    6.51    56ms
p25_a_ol_cma.npz             120_2_120_2   1.251   1.352    8.1%   98.4%   102.8%     87.0%    6.79    52ms
p25_a_ol_cma.npz             120_2.2_150_2.5   1.251   1.385   10.7%   95.5%   100.3%     82.6%    6.24    51ms
p25_a_ol_cma.npz             120_2.2_200_2.8   1.251   1.408   12.5%   94.4%   100.4%     77.4%    6.24    51ms
p25_a_ol_cma.npz             150_2.2_250_3   1.251   1.428   14.1%  101.1%   106.0%     82.0%    6.21    36ms
p25_a_ol_cma.npz             150_2.2_350_3.5   1.251   1.430   14.3%  101.4%   103.0%     95.4%    7.28    30ms
p25_a_ol_cma.npz             150_2.2_500_4   1.251   1.429   14.2%   99.6%    95.1%    117.6%    6.73    24ms
p25_b_traj.npz               60_1.5_60_1.5   1.128   1.079    4.3%   99.1%    70.4%    110.5%    9.82   344ms
p25_b_traj.npz               90_1.5_90_2.5   1.128   1.085    3.7%   96.9%    78.3%    104.9%    8.74   336ms
p25_b_traj.npz               120_2_120_2   1.128   1.133    0.4%   97.6%    75.9%    106.7%    9.20   338ms
p25_b_traj.npz               120_2.2_150_2.5   1.128   1.141    1.2%   99.5%    86.1%    105.6%    9.07   336ms
p25_b_traj.npz               120_2.2_200_2.8   1.128   1.272   12.8%   99.2%    96.3%    100.5%    9.17   328ms
p25_b_traj.npz               150_2.2_250_3   1.128   1.336   18.5%   97.6%    98.8%     96.9%    9.17   320ms
p25_b_traj.npz               150_2.2_350_3.5   1.128   1.403   24.4%   91.4%    55.0%    125.3%    9.27    75ms
p25_b_traj.npz               150_2.2_500_4   1.128   1.435   27.3%  110.4%    54.4%    179.9%    9.31    72ms
p25_c_ppo.npz                60_1.5_60_1.5   1.319   0.973   26.3%   93.8%    97.0%     90.6%    6.95   152ms
p25_c_ppo.npz                90_1.5_90_2.5   1.319   1.105   16.3%   90.2%    97.6%     82.6%    6.12   146ms
p25_c_ppo.npz                120_2_120_2   1.319   1.207    8.5%   89.9%    93.6%     86.2%    6.42   149ms
p25_c_ppo.npz                120_2.2_150_2.5   1.319   1.227    7.0%   87.2%    90.9%     83.5%    6.11   148ms
p25_c_ppo.npz                120_2.2_200_2.8   1.319   1.251    5.1%   86.6%    90.1%     83.2%    6.25   146ms
p25_c_ppo.npz                150_2.2_250_3   1.319   1.293    2.0%   85.4%    90.2%     80.6%    6.55   144ms
p25_c_ppo.npz                150_2.2_350_3.5   1.319   1.298    1.6%   83.4%    89.4%     77.3%    6.89   142ms
p25_c_ppo.npz                150_2.2_500_4   1.319   1.303    1.2%   81.4%    88.8%     73.6%    7.43   141ms
p25_c_ppo_best.npz           60_1.5_60_1.5   1.349   1.030   23.6%   94.3%    95.9%     92.7%    7.71   154ms
p25_c_ppo_best.npz           90_1.5_90_2.5   1.349   1.160   14.1%   90.4%    95.9%     85.0%    6.97   149ms
p25_c_ppo_best.npz           120_2_120_2   1.349   1.264    6.3%   90.3%    92.2%     88.4%    7.59   152ms
p25_c_ppo_best.npz           120_2.2_150_2.5   1.349   1.281    5.0%   87.7%    89.6%     85.9%    7.27   149ms
p25_c_ppo_best.npz           120_2.2_200_2.8   1.349   1.295    4.0%   86.6%    88.7%     84.6%    7.65   147ms
p25_c_ppo_best.npz           150_2.2_250_3   1.349   1.329    1.5%   84.3%    88.3%     80.5%    8.11   145ms
p25_c_ppo_best.npz           150_2.2_350_3.5   1.349   1.334    1.1%   81.9%    87.1%     76.7%    8.72   143ms
p25_c_ppo_best.npz           150_2.2_500_4   1.349   1.338    0.8%   79.5%    86.2%     72.8%    9.62   142ms
그림 저장: C:\Users\junho\Documents\jump-opt-digital-twin\code\goal22\p25_deploy\p25_d_compare.png
DONE [0.2m]
