warm-start from previous mshoot best
warm-start from previous fourbar best
[p25_d] setup done [2s] — p24a law=(-0.3823, 0.6301, 7.2968) spr=(0.5637, 1.8775, 5.8838) k_rise=0.2656 tm=1.31ms
deploy p25_a4_ilqr_t18.npz [60_1.5_60_1.5] — h_PD 0.658 m, F_τ 74.4%
deploy p25_a4_ilqr_t18.npz [90_1.5_90_2.5] — h_PD 0.750 m, F_τ 69.6%
deploy p25_a4_ilqr_t18.npz [120_2_120_2] — h_PD 0.882 m, F_τ 69.4%
deploy p25_a4_ilqr_t18.npz [120_2.2_150_2.5] — h_PD 1.086 m, F_τ 67.1%
deploy p25_a4_ilqr_t18.npz [120_2.2_200_2.8] — h_PD 1.242 m, F_τ 66.7%
deploy p25_a4_ilqr_t18.npz [150_2.2_250_3] — h_PD 1.308 m, F_τ 66.2%
deploy p25_a4_ilqr_t18.npz [150_2.2_350_3.5] — h_PD 1.349 m, F_τ 65.7%
deploy p25_a4_ilqr_t18.npz [150_2.2_500_4] — h_PD 1.344 m, F_τ 66.0%
deploy p25_a4_ilqr_t18_strict.npz [60_1.5_60_1.5] — h_PD 0.698 m, F_τ 74.4%
deploy p25_a4_ilqr_t18_strict.npz [90_1.5_90_2.5] — h_PD 0.744 m, F_τ 69.6%
deploy p25_a4_ilqr_t18_strict.npz [120_2_120_2] — h_PD 0.884 m, F_τ 69.4%
deploy p25_a4_ilqr_t18_strict.npz [120_2.2_150_2.5] — h_PD 1.076 m, F_τ 67.1%
deploy p25_a4_ilqr_t18_strict.npz [120_2.2_200_2.8] — h_PD 1.236 m, F_τ 66.7%
deploy p25_a4_ilqr_t18_strict.npz [150_2.2_250_3] — h_PD 1.306 m, F_τ 66.2%
deploy p25_a4_ilqr_t18_strict.npz [150_2.2_350_3.5] — h_PD 1.346 m, F_τ 65.7%
deploy p25_a4_ilqr_t18_strict.npz [150_2.2_500_4] — h_PD 1.350 m, F_τ 66.0%
deploy p25_a_cl_cma_t18.npz [60_1.5_60_1.5] — h_PD 0.838 m, F_τ 51.8%
deploy p25_a_cl_cma_t18.npz [90_1.5_90_2.5] — h_PD 0.878 m, F_τ 36.0%
deploy p25_a_cl_cma_t18.npz [120_2_120_2] — h_PD 0.893 m, F_τ 38.1%
deploy p25_a_cl_cma_t18.npz [120_2.2_150_2.5] — h_PD 1.009 m, F_τ 30.3%
deploy p25_a_cl_cma_t18.npz [120_2.2_200_2.8] — h_PD 1.210 m, F_τ 23.7%
deploy p25_a_cl_cma_t18.npz [150_2.2_250_3] — h_PD 1.318 m, F_τ 19.6%
deploy p25_a_cl_cma_t18.npz [150_2.2_350_3.5] — h_PD 1.368 m, F_τ 10.1%
deploy p25_a_cl_cma_t18.npz [150_2.2_500_4] — h_PD 1.387 m, F_τ 0.0%
deploy p25_a_mppi_t18.npz [60_1.5_60_1.5] — h_PD 1.087 m, F_τ 82.4%
deploy p25_a_mppi_t18.npz [90_1.5_90_2.5] — h_PD 1.145 m, F_τ 72.2%
deploy p25_a_mppi_t18.npz [120_2_120_2] — h_PD 1.208 m, F_τ 71.3%
deploy p25_a_mppi_t18.npz [120_2.2_150_2.5] — h_PD 1.194 m, F_τ 65.0%
deploy p25_a_mppi_t18.npz [120_2.2_200_2.8] — h_PD 1.173 m, F_τ 59.5%
deploy p25_a_mppi_t18.npz [150_2.2_250_3] — h_PD 1.169 m, F_τ 52.6%
deploy p25_a_mppi_t18.npz [150_2.2_350_3.5] — h_PD 1.142 m, F_τ 47.0%
deploy p25_a_mppi_t18.npz [150_2.2_500_4] — h_PD 1.119 m, F_τ 44.4%
deploy p25_a_ol_cma_t18.npz [60_1.5_60_1.5] — h_PD 1.036 m, F_τ 81.7%
deploy p25_a_ol_cma_t18.npz [90_1.5_90_2.5] — h_PD 1.195 m, F_τ 74.8%
deploy p25_a_ol_cma_t18.npz [120_2_120_2] — h_PD 1.255 m, F_τ 79.2%
deploy p25_a_ol_cma_t18.npz [120_2.2_150_2.5] — h_PD 1.265 m, F_τ 77.0%
deploy p25_a_ol_cma_t18.npz [120_2.2_200_2.8] — h_PD 1.283 m, F_τ 77.2%
deploy p25_a_ol_cma_t18.npz [150_2.2_250_3] — h_PD 1.298 m, F_τ 78.4%
deploy p25_a_ol_cma_t18.npz [150_2.2_350_3.5] — h_PD 1.300 m, F_τ 79.6%
deploy p25_a_ol_cma_t18.npz [150_2.2_500_4] — h_PD 1.296 m, F_τ 82.0%
deploy p25_b_traj_t18.npz [60_1.5_60_1.5] — h_PD 0.959 m, F_τ 98.8%
deploy p25_b_traj_t18.npz [90_1.5_90_2.5] — h_PD 1.027 m, F_τ 97.0%
deploy p25_b_traj_t18.npz [120_2_120_2] — h_PD 1.040 m, F_τ 97.8%
deploy p25_b_traj_t18.npz [120_2.2_150_2.5] — h_PD 1.176 m, F_τ 97.0%
deploy p25_b_traj_t18.npz [120_2.2_200_2.8] — h_PD 1.264 m, F_τ 91.5%
deploy p25_b_traj_t18.npz [150_2.2_250_3] — h_PD 1.295 m, F_τ 87.2%
deploy p25_b_traj_t18.npz [150_2.2_350_3.5] — h_PD 1.327 m, F_τ 79.2%
deploy p25_b_traj_t18.npz [150_2.2_500_4] — h_PD 1.338 m, F_τ 72.2%
deploy p25_c_ppo_best_t18.npz [60_1.5_60_1.5] — h_PD 0.950 m, F_τ 92.4%
deploy p25_c_ppo_best_t18.npz [90_1.5_90_2.5] — h_PD 1.058 m, F_τ 88.1%
deploy p25_c_ppo_best_t18.npz [120_2_120_2] — h_PD 1.152 m, F_τ 88.1%
deploy p25_c_ppo_best_t18.npz [120_2.2_150_2.5] — h_PD 1.168 m, F_τ 85.4%
deploy p25_c_ppo_best_t18.npz [120_2.2_200_2.8] — h_PD 1.189 m, F_τ 84.7%
deploy p25_c_ppo_best_t18.npz [150_2.2_250_3] — h_PD 1.221 m, F_τ 83.2%
deploy p25_c_ppo_best_t18.npz [150_2.2_350_3.5] — h_PD 1.221 m, F_τ 80.8%
deploy p25_c_ppo_best_t18.npz [150_2.2_500_4] — h_PD 1.221 m, F_τ 79.2%
deploy p25_c_ppo_best_t18_strict.npz [60_1.5_60_1.5] — h_PD 0.881 m, F_τ 87.9%
deploy p25_c_ppo_best_t18_strict.npz [90_1.5_90_2.5] — h_PD 1.012 m, F_τ 81.3%
deploy p25_c_ppo_best_t18_strict.npz [120_2_120_2] — h_PD 1.064 m, F_τ 84.1%
deploy p25_c_ppo_best_t18_strict.npz [120_2.2_150_2.5] — h_PD 1.113 m, F_τ 79.0%
deploy p25_c_ppo_best_t18_strict.npz [120_2.2_200_2.8] — h_PD 1.157 m, F_τ 76.4%
deploy p25_c_ppo_best_t18_strict.npz [150_2.2_250_3] — h_PD 1.201 m, F_τ 74.7%
deploy p25_c_ppo_best_t18_strict.npz [150_2.2_350_3.5] — h_PD 1.223 m, F_τ 72.5%
deploy p25_c_ppo_best_t18_strict.npz [150_2.2_500_4] — h_PD 1.224 m, F_τ 70.4%
deploy p25_c_ppo_t18.npz [60_1.5_60_1.5] — h_PD 0.939 m, F_τ 91.9%
deploy p25_c_ppo_t18.npz [90_1.5_90_2.5] — h_PD 1.048 m, F_τ 87.5%
deploy p25_c_ppo_t18.npz [120_2_120_2] — h_PD 1.141 m, F_τ 87.5%
deploy p25_c_ppo_t18.npz [120_2.2_150_2.5] — h_PD 1.157 m, F_τ 84.7%
deploy p25_c_ppo_t18.npz [120_2.2_200_2.8] — h_PD 1.177 m, F_τ 84.0%
deploy p25_c_ppo_t18.npz [150_2.2_250_3] — h_PD 1.209 m, F_τ 82.2%
deploy p25_c_ppo_t18.npz [150_2.2_350_3.5] — h_PD 1.212 m, F_τ 80.1%
deploy p25_c_ppo_t18.npz [150_2.2_500_4] — h_PD 1.214 m, F_τ 77.9%
deploy p25_c_ppo_t18_strict.npz [60_1.5_60_1.5] — h_PD 0.707 m, F_τ 84.7%
deploy p25_c_ppo_t18_strict.npz [90_1.5_90_2.5] — h_PD 0.867 m, F_τ 77.3%
deploy p25_c_ppo_t18_strict.npz [120_2_120_2] — h_PD 0.842 m, F_τ 81.6%
deploy p25_c_ppo_t18_strict.npz [120_2.2_150_2.5] — h_PD 0.933 m, F_τ 76.6%
deploy p25_c_ppo_t18_strict.npz [120_2.2_200_2.8] — h_PD 1.015 m, F_τ 72.9%
deploy p25_c_ppo_t18_strict.npz [150_2.2_250_3] — h_PD 1.037 m, F_τ 72.2%
deploy p25_c_ppo_t18_strict.npz [150_2.2_350_3.5] — h_PD 1.110 m, F_τ 67.1%
deploy p25_c_ppo_t18_strict.npz [150_2.2_500_4] — h_PD 1.172 m, F_τ 63.0%
결과 원장 저장: C:\Users\junho\Documents\jump-opt-digital-twin\code\goal22\p25_deploy\p25_d_results_t18.json
계획                           게인     h_plan    h_PD   H_fid     F_τ  F_τ,hip  F_τ,knee  dqRMSE      이지
─────────────────────────────────────────────────────────────────────────────────────────────────────
p25_a4_ilqr_t18.npz          60_1.5_60_1.5   1.388   0.658   52.6%   74.4%    67.5%     89.7%    8.33    24ms
p25_a4_ilqr_t18.npz          90_1.5_90_2.5   1.388   0.750   45.9%   69.6%    65.5%     79.8%    7.95    23ms
p25_a4_ilqr_t18.npz          120_2_120_2   1.388   0.882   36.4%   69.4%    60.7%     89.7%    8.36    22ms
p25_a4_ilqr_t18.npz          120_2.2_150_2.5   1.388   1.086   21.7%   67.1%    59.2%     86.5%    8.73    22ms
p25_a4_ilqr_t18.npz          120_2.2_200_2.8   1.388   1.242   10.5%   66.7%    59.1%     85.4%    9.05    22ms
p25_a4_ilqr_t18.npz          150_2.2_250_3   1.388   1.308    5.7%   66.2%    57.9%     86.2%    9.57    22ms
p25_a4_ilqr_t18.npz          150_2.2_350_3.5   1.388   1.349    2.8%   65.7%    57.8%     84.8%   10.36    22ms
p25_a4_ilqr_t18.npz          150_2.2_500_4   1.388   1.344    3.2%   66.0%    58.3%     84.5%   11.50    22ms
p25_a4_ilqr_t18_strict.npz   60_1.5_60_1.5   1.387   0.698   49.6%   74.4%    67.5%     89.7%    7.88    24ms
p25_a4_ilqr_t18_strict.npz   90_1.5_90_2.5   1.387   0.744   46.4%   69.6%    65.5%     79.8%    7.39    23ms
p25_a4_ilqr_t18_strict.npz   120_2_120_2   1.387   0.884   36.3%   69.4%    60.7%     89.7%    7.66    22ms
p25_a4_ilqr_t18_strict.npz   120_2.2_150_2.5   1.387   1.076   22.4%   67.1%    59.2%     86.5%    8.06    22ms
p25_a4_ilqr_t18_strict.npz   120_2.2_200_2.8   1.387   1.236   10.9%   66.7%    59.1%     85.4%    8.53    22ms
p25_a4_ilqr_t18_strict.npz   150_2.2_250_3   1.387   1.306    5.8%   66.2%    57.9%     86.2%    8.76    22ms
p25_a4_ilqr_t18_strict.npz   150_2.2_350_3.5   1.387   1.346    2.9%   65.7%    57.8%     84.8%    9.42    22ms
p25_a4_ilqr_t18_strict.npz   150_2.2_500_4   1.387   1.350    2.6%   66.0%    58.3%     84.5%   10.25    22ms
p25_a_cl_cma_t18.npz         60_1.5_60_1.5   1.388   0.838   39.6%   51.8%    31.3%     61.8%    6.84    20ms
p25_a_cl_cma_t18.npz         90_1.5_90_2.5   1.388   0.878   36.7%   36.0%    25.7%     41.4%    6.19    20ms
p25_a_cl_cma_t18.npz         120_2_120_2   1.388   0.893   35.7%   38.1%     9.5%     48.6%    6.15    20ms
p25_a_cl_cma_t18.npz         120_2.2_150_2.5   1.388   1.009   27.3%   30.3%     4.8%     38.9%    6.19    20ms
p25_a_cl_cma_t18.npz         120_2.2_200_2.8   1.388   1.210   12.9%   23.7%     4.8%     30.4%    6.91    20ms
p25_a_cl_cma_t18.npz         150_2.2_250_3   1.388   1.318    5.0%   19.6%     4.5%     25.0%    7.47    20ms
p25_a_cl_cma_t18.npz         150_2.2_350_3.5   1.388   1.368    1.4%   10.1%     2.2%     13.0%    7.80    20ms
p25_a_cl_cma_t18.npz         150_2.2_500_4   1.388   1.387    0.1%    0.0%     0.0%      0.0%    8.18    20ms
p25_a_mppi_t18.npz           60_1.5_60_1.5   1.077   1.087    0.9%   82.4%   112.1%     73.8%    5.52   344ms
p25_a_mppi_t18.npz           90_1.5_90_2.5   1.077   1.145    6.3%   72.2%   103.2%     63.3%    4.12   333ms
p25_a_mppi_t18.npz           120_2_120_2   1.077   1.208   12.1%   71.3%   101.0%     63.0%    4.25   330ms
p25_a_mppi_t18.npz           120_2.2_150_2.5   1.077   1.194   10.8%   65.0%    87.9%     58.8%    3.73   328ms
p25_a_mppi_t18.npz           120_2.2_200_2.8   1.077   1.173    8.9%   59.5%    74.6%     55.6%    3.59   326ms
p25_a_mppi_t18.npz           150_2.2_250_3   1.077   1.169    8.5%   52.6%    68.6%     48.4%    3.36   323ms
p25_a_mppi_t18.npz           150_2.2_350_3.5   1.077   1.142    6.0%   47.0%    59.4%     43.7%    3.49   322ms
p25_a_mppi_t18.npz           150_2.2_500_4   1.077   1.119    3.9%   44.4%    58.2%     40.6%    3.43   320ms
p25_a_ol_cma_t18.npz         60_1.5_60_1.5   1.148   1.036    9.7%   81.7%   110.0%     80.5%    6.70    20ms
p25_a_ol_cma_t18.npz         90_1.5_90_2.5   1.148   1.195    4.1%   74.8%   109.7%     73.2%    6.05    20ms
p25_a_ol_cma_t18.npz         120_2_120_2   1.148   1.255    9.3%   79.2%   114.6%     77.7%    6.34    20ms
p25_a_ol_cma_t18.npz         120_2.2_150_2.5   1.148   1.265   10.1%   77.0%   111.7%     75.5%    5.96    20ms
p25_a_ol_cma_t18.npz         120_2.2_200_2.8   1.148   1.283   11.7%   77.2%   110.9%     75.8%    5.97    20ms
p25_a_ol_cma_t18.npz         150_2.2_250_3   1.148   1.298   13.0%   78.4%   113.9%     76.8%    6.04    20ms
p25_a_ol_cma_t18.npz         150_2.2_350_3.5   1.148   1.300   13.2%   79.6%   112.8%     78.2%    6.17    20ms
p25_a_ol_cma_t18.npz         150_2.2_500_4   1.148   1.296   12.9%   82.0%   111.9%     80.7%    7.61    20ms
p25_b_traj_t18.npz           60_1.5_60_1.5   1.070   0.959   10.4%   98.8%    73.8%    109.8%    9.54   348ms
p25_b_traj_t18.npz           90_1.5_90_2.5   1.070   1.027    4.1%   97.0%    86.5%    102.1%    8.56   332ms
p25_b_traj_t18.npz           120_2_120_2   1.070   1.040    2.8%   97.8%    82.7%    105.0%    9.00   338ms
p25_b_traj_t18.npz           120_2.2_150_2.5   1.070   1.176    9.9%   97.0%    94.6%     98.3%    8.78   326ms
p25_b_traj_t18.npz           120_2.2_200_2.8   1.070   1.264   18.1%   91.5%    90.1%     92.3%    8.84   314ms
p25_b_traj_t18.npz           150_2.2_250_3   1.070   1.295   21.0%   87.2%    86.0%     87.9%    8.72   308ms
p25_b_traj_t18.npz           150_2.2_350_3.5   1.070   1.327   24.0%   79.2%    75.5%     81.1%    8.31   299ms
p25_b_traj_t18.npz           150_2.2_500_4   1.070   1.338   25.0%   72.2%    66.8%     74.9%    8.17   292ms
p25_c_ppo_best_t18.npz       60_1.5_60_1.5   1.246   0.950   23.8%   92.4%    93.7%     91.2%    7.30   162ms
p25_c_ppo_best_t18.npz       90_1.5_90_2.5   1.246   1.058   15.1%   88.1%    93.0%     83.5%    6.61   157ms
p25_c_ppo_best_t18.npz       120_2_120_2   1.246   1.152    7.6%   88.1%    89.7%     86.7%    7.29   159ms
p25_c_ppo_best_t18.npz       120_2.2_150_2.5   1.246   1.168    6.3%   85.4%    86.8%     84.1%    6.93   158ms
p25_c_ppo_best_t18.npz       120_2.2_200_2.8   1.246   1.189    4.6%   84.7%    85.7%     83.8%    7.18   156ms
p25_c_ppo_best_t18.npz       150_2.2_250_3   1.246   1.221    2.0%   83.2%    85.2%     81.4%    7.66   154ms
p25_c_ppo_best_t18.npz       150_2.2_350_3.5   1.246   1.221    2.0%   80.8%    84.2%     77.7%    8.32   152ms
p25_c_ppo_best_t18.npz       150_2.2_500_4   1.246   1.221    2.0%   79.2%    83.5%     75.1%    9.36   151ms
p25_c_ppo_best_t18_strict.npz 60_1.5_60_1.5   1.200   0.881   26.6%   87.9%    88.6%     87.3%    6.57   160ms
p25_c_ppo_best_t18_strict.npz 90_1.5_90_2.5   1.200   1.012   15.6%   81.3%    85.2%     77.7%    5.80   155ms
p25_c_ppo_best_t18_strict.npz 120_2_120_2   1.200   1.064   11.3%   84.1%    85.3%     83.0%    6.46   158ms
p25_c_ppo_best_t18_strict.npz 120_2.2_150_2.5   1.200   1.113    7.2%   79.0%    79.7%     78.4%    6.03   155ms
p25_c_ppo_best_t18_strict.npz 120_2.2_200_2.8   1.200   1.157    3.5%   76.4%    76.3%     76.4%    6.07   155ms
p25_c_ppo_best_t18_strict.npz 150_2.2_250_3   1.200   1.201    0.1%   74.7%    75.4%     74.1%    6.19   153ms
p25_c_ppo_best_t18_strict.npz 150_2.2_350_3.5   1.200   1.223    1.9%   72.5%    72.8%     72.3%    6.47   151ms
p25_c_ppo_best_t18_strict.npz 150_2.2_500_4   1.200   1.224    2.0%   70.4%    71.0%     69.8%    7.28   149ms
p25_c_ppo_t18.npz            60_1.5_60_1.5   1.230   0.939   23.7%   91.9%    92.8%     91.1%    7.15   161ms
p25_c_ppo_t18.npz            90_1.5_90_2.5   1.230   1.048   14.8%   87.5%    91.9%     83.3%    6.45   156ms
p25_c_ppo_t18.npz            120_2_120_2   1.230   1.141    7.3%   87.5%    88.6%     86.6%    7.08   158ms
p25_c_ppo_t18.npz            120_2.2_150_2.5   1.230   1.157    5.9%   84.7%    85.5%     83.9%    6.72   157ms
p25_c_ppo_t18.npz            120_2.2_200_2.8   1.230   1.177    4.3%   84.0%    84.5%     83.5%    6.98   155ms
p25_c_ppo_t18.npz            150_2.2_250_3   1.230   1.209    1.7%   82.2%    83.8%     80.8%    7.42   152ms
p25_c_ppo_t18.npz            150_2.2_350_3.5   1.230   1.212    1.5%   80.1%    82.6%     77.7%    8.03   151ms
p25_c_ppo_t18.npz            150_2.2_500_4   1.230   1.214    1.3%   77.9%    81.7%     74.3%    8.90   149ms
p25_c_ppo_t18_strict.npz     60_1.5_60_1.5   1.062   0.707   33.4%   84.7%    83.8%     85.6%    6.29   159ms
p25_c_ppo_t18_strict.npz     90_1.5_90_2.5   1.062   0.867   18.3%   77.3%    79.8%     74.9%    5.62   153ms
p25_c_ppo_t18_strict.npz     120_2_120_2   1.062   0.842   20.7%   81.6%    80.3%     82.7%    6.00   158ms
p25_c_ppo_t18_strict.npz     120_2.2_150_2.5   1.062   0.933   12.1%   76.6%    75.8%     77.4%    5.71   154ms
p25_c_ppo_t18_strict.npz     120_2.2_200_2.8   1.062   1.015    4.4%   72.9%    71.6%     74.1%    5.52   152ms
p25_c_ppo_t18_strict.npz     150_2.2_250_3   1.062   1.037    2.3%   72.2%    71.3%     73.0%    5.64   152ms
p25_c_ppo_t18_strict.npz     150_2.2_350_3.5   1.062   1.110    4.6%   67.1%    66.3%     67.8%    5.74   149ms
p25_c_ppo_t18_strict.npz     150_2.2_500_4   1.062   1.172   10.4%   63.0%    63.3%     62.7%    6.21   147ms
그림 저장: C:\Users\junho\Documents\jump-opt-digital-twin\code\goal22\p25_deploy\p25_d_compare_t18.png
DONE [0.3m]
