계획(성형)                       게인     h_plan    h_PD     F_τ     hip    knee
warm-start from previous mshoot best
warm-start from previous fourbar best
[p25_d] setup done [2s] — p24a law=(-0.3823, 0.6301, 7.2968) spr=(0.5637, 1.8775, 5.8838) k_rise=0.2656 tm=1.31ms
p25_a4_ilqr                  mid     1.551   1.536   40.3%   27.8%   66.4%
p25_a4_ilqr                  high    1.551   1.536   45.6%   29.2%   87.9%
p25_a_cl_cma                 mid     1.517   1.510   31.6%   33.3%   23.9%
p25_a_cl_cma                 high    1.517   1.514   34.4%   29.9%   47.6%
p25_a_clt                    mid     0.803   0.688   35.9%   23.4%   39.7%
p25_a_clt                    high    0.803   0.783   31.3%   19.9%   34.8%
p25_a_mppi                   mid     1.018   1.031    6.2%    8.6%    5.7%
p25_a_mppi                   high    1.018   1.030    7.2%   15.8%    4.4%
p25_a_ol_cma                 mid     1.251   1.280   41.3%   40.3%   45.8%
p25_a_ol_cma                 high    1.251   1.268   41.7%   39.1%   52.9%
p25_b_traj                   mid     1.128   1.178  100.5%   83.8%  132.7%
p25_b_traj                   high    1.128   1.341   40.8%   17.3%   48.6%
p25_c_ppo                    mid     1.319   1.227   20.8%   18.6%   22.5%
p25_c_ppo                    high    1.319   1.272   23.9%   23.6%   24.2%
p25_c_ppo_best               mid     1.349   1.278   17.9%   13.6%   21.0%
p25_c_ppo_best               high    1.349   1.332   16.8%   17.5%   16.1%
saved p25_d_shaped_results.json
