warm-start from previous mshoot best
warm-start from previous fourbar best
P19 stack: sp=calf tm=0.31ms pre30=2.25 qoff429=(np.float64(0.08943531788476414), np.float64(-0.04743089635015324)) clip=35.5
png jump_0324/P40_D0.7 [CL]
png jump_0324/P40_D0.7 [A]
png jump_0324/P60_D1.5 [CL]
png jump_0324/P60_D1.5 [A]
png jump_0324/P100_D3 [CL]
png jump_0324/P100_D3 [A]
png jump_position_0421/P60_D0.75_P60_D2 [CL]
png jump_position_0421/P60_D0.75_P60_D2 [A]
png jump_position_0421/P70_D0.75_P70_D2 [CL]
png jump_position_0421/P70_D0.75_P70_D2 [A]
png jump_position_0421/P80_D0.75_P80_D2 [CL]
png jump_position_0421/P80_D0.75_P80_D2 [A]
png jump_position_0421/P90_D0.75_P90_D2 [CL]
png jump_position_0421/P90_D0.75_P90_D2 [A]
png jump_position_0421/P100_D0.75_P100_D2 [CL]
png jump_position_0421/P100_D0.75_P100_D2 [A]
png jump_position_0421/P200_D1.5_P200_D4 [CL]
png jump_position_0421/P200_D1.5_P200_D4 [A]
png jump_0424/60_0.75_60_2 [CL]
png jump_0424/60_0.75_60_2 [A]
png jump_0424/60_1.5_60_1.5 [CL]
png jump_0424/60_1.5_60_1.5 [A]
png jump_0424/90_0.75_90_2 [CL]
png jump_0424/90_0.75_90_2 [A]
png jump_0424/120_2_120_2 [CL]
png jump_0424/120_2_120_2 [A]
png jump_0424/120_2.2_150_2.5 [CL]
png jump_0424/120_2.2_150_2.5 [A]
png jump_0424/120_2.2_200_2.8 [CL]
png jump_0424/120_2.2_200_2.8 [A]
png jump_0424/150_2.2_250_3 [CL]
png jump_0424/150_2.2_250_3 [A]
png jump_0424/150_2.2_350_3.5 [CL]
png jump_0424/150_2.2_350_3.5 [A]
png jump_0424/150_2.2_500_4 [CL]
png jump_0424/150_2.2_500_4 [A]
png jump_0602/60_0.75_60_2 [CL]
png jump_0602/60_0.75_60_2 [A]
png jump_0602/60_1.5_60_1.5 [CL]
png jump_0602/60_1.5_60_1.5 [A]
png jump_0602/90_0.75_90_2 [CL]
png jump_0602/90_0.75_90_2 [A]
png jump_0602/120_2_120_2 [CL]
png jump_0602/120_2_120_2 [A]
png jump_0602/150_2.2_250_3 [CL]
png jump_0602/150_2.2_250_3 [A]
png jump_0602/150_2.2_500_5 [CL]
png jump_0602/150_2.2_500_5 [A]
png jump_0429/60_0.75_60_2 [CL]
png jump_0429/60_0.75_60_2 [A]
png jump_0429/60_1.5_60_1.5 [CL]
png jump_0429/60_1.5_60_1.5 [A]
png jump_0429/90_0.75_90_2 [CL]
png jump_0429/90_0.75_90_2 [A]
png jump_0429/90_1.5_90_2.5 [CL]
png jump_0429/90_1.5_90_2.5 [A]
png jump_0429/120_2_120_2 [CL]
png jump_0429/120_2_120_2 [A]
png jump_0429/120_2.2_150_2.5 [CL]
png jump_0429/120_2.2_150_2.5 [A]
png jump_0429/120_2.2_200_2.8 [CL]
png jump_0429/120_2.2_200_2.8 [A]
png jump_0429/150_2.2_250_3 [CL]
png jump_0429/150_2.2_250_3 [A]
png jump_0429/150_2.2_350_3.5 [CL]
png jump_0429/150_2.2_350_3.5 [A]
png jump_0429/150_2.2_500_4 [CL]
png jump_0429/150_2.2_500_4 [A]
png s2s/0 [A]
png s2s/1 [A]
png s2s/2 [A]
SIM DONE — 68 runs, crash 0: []
gif jump_0324/P100_D3 [A]
gif jump_0324/P100_D3 [CL]
gif jump_0324/P40_D0.7 [A]
gif jump_0324/P40_D0.7 [CL]
gif jump_0324/P60_D1.5 [A]
gif jump_0324/P60_D1.5 [CL]
gif jump_0424/120_2.2_150_2.5 [A]
gif jump_0424/120_2.2_150_2.5 [CL]
gif jump_0424/120_2.2_200_2.8 [A]
gif jump_0424/120_2.2_200_2.8 [CL]
gif jump_0424/120_2_120_2 [A]
gif jump_0424/120_2_120_2 [CL]
gif jump_0424/150_2.2_250_3 [A]
gif jump_0424/150_2.2_250_3 [CL]
gif jump_0424/150_2.2_350_3.5 [A]
gif jump_0424/150_2.2_350_3.5 [CL]
gif jump_0424/150_2.2_500_4 [A]
gif jump_0424/150_2.2_500_4 [CL]
gif jump_0424/60_0.75_60_2 [A]
gif jump_0424/60_0.75_60_2 [CL]
gif jump_0424/60_1.5_60_1.5 [A]
gif jump_0424/60_1.5_60_1.5 [CL]
gif jump_0424/90_0.75_90_2 [A]
gif jump_0424/90_0.75_90_2 [CL]
gif jump_0429/120_2.2_150_2.5 [A]
gif jump_0429/120_2.2_150_2.5 [CL]
gif jump_0429/120_2.2_200_2.8 [A]
gif jump_0429/120_2.2_200_2.8 [CL]
gif jump_0429/120_2_120_2 [A]
gif jump_0429/120_2_120_2 [CL]
gif jump_0429/150_2.2_250_3 [A]
gif jump_0429/150_2.2_250_3 [CL]
gif jump_0429/150_2.2_350_3.5 [A]
gif jump_0429/150_2.2_350_3.5 [CL]
gif jump_0429/150_2.2_500_4 [A]
gif jump_0429/150_2.2_500_4 [CL]
gif jump_0429/60_0.75_60_2 [A]
gif jump_0429/60_0.75_60_2 [CL]
gif jump_0429/60_1.5_60_1.5 [A]
gif jump_0429/60_1.5_60_1.5 [CL]
gif jump_0429/90_0.75_90_2 [A]
gif jump_0429/90_0.75_90_2 [CL]
gif jump_0429/90_1.5_90_2.5 [A]
gif jump_0429/90_1.5_90_2.5 [CL]
gif jump_0602/120_2_120_2 [A]
gif jump_0602/120_2_120_2 [CL]
gif jump_0602/150_2.2_250_3 [A]
gif jump_0602/150_2.2_250_3 [CL]
gif jump_0602/150_2.2_500_5 [A]
gif jump_0602/150_2.2_500_5 [CL]
gif jump_0602/60_0.75_60_2 [A]
gif jump_0602/60_0.75_60_2 [CL]
gif jump_0602/60_1.5_60_1.5 [A]
gif jump_0602/60_1.5_60_1.5 [CL]
gif jump_0602/90_0.75_90_2 [A]
gif jump_0602/90_0.75_90_2 [CL]
gif jump_position_0421/P100_D0.75_P100_D2 [A]
gif jump_position_0421/P100_D0.75_P100_D2 [CL]
gif jump_position_0421/P200_D1.5_P200_D4 [A]
gif jump_position_0421/P200_D1.5_P200_D4 [CL]
gif jump_position_0421/P60_D0.75_P60_D2 [A]
gif jump_position_0421/P60_D0.75_P60_D2 [CL]
gif jump_position_0421/P70_D0.75_P70_D2 [A]
gif jump_position_0421/P70_D0.75_P70_D2 [CL]
gif jump_position_0421/P80_D0.75_P80_D2 [A]
gif jump_position_0421/P80_D0.75_P80_D2 [CL]
gif jump_position_0421/P90_D0.75_P90_D2 [A]
gif jump_position_0421/P90_D0.75_P90_D2 [CL]
gif s2s_gnd_0319/0 [A]
gif s2s_gnd_0319/1 [A]
gif s2s_gnd_0319/2 [A]
ALL DONE
