trial                        jt      label              V1 kp/kd(R2)              V2 kp/kd(R2)  cff  sat
jump_0324/P40_D0.7           1     40/0.70     90.3/-1.01(0.321)     54.5/-0.87(0.931)  +0.880    0  <-V2
jump_0324/P40_D0.7           2     40/0.70     62.4/-0.11(-0.069)     62.2/ 0.00(-0.098)  +1.009   24  <-V1
jump_0324/P60_D1.5           1     60/1.50     26.2/-0.41(-0.205)     53.5/-0.80(0.885)  +0.819    0  <-V2
jump_0324/P60_D1.5           2     60/1.50    106.3/-0.58(-0.269)     86.6/-0.42(-0.291)  +1.171   11  <-V1
jump_0324/P100_D3            1    100/3.00     49.8/-0.51(0.494)     65.7/-0.61(0.892)  +0.585    0  <-V2
jump_0324/P100_D3            2    100/3.00    121.3/-0.89(-1.097)     89.7/-0.72(-0.431)  +1.335   19  <-V2
jump_position_0421/P60_D0.75_P60_D2 1     60/0.75     39.7/ 0.09(0.968)     45.3/ 0.27(0.982)  -0.086    0  <-V2
jump_position_0421/P60_D0.75_P60_D2 2     60/2.00     37.1/ 1.06(0.940)     54.1/ 1.59(0.992)  +0.015   60  <-V2
jump_position_0421/P70_D0.75_P70_D2 1     70/0.75     44.5/ 0.09(0.954)     51.4/ 0.28(0.975)  -0.087    0  <-V2
jump_position_0421/P70_D0.75_P70_D2 2     70/2.00     41.2/ 1.00(0.944)     61.3/ 1.52(0.989)  +0.023   52  <-V2
jump_position_0421/P80_D0.75_P80_D2 1     80/0.75     48.5/ 0.07(0.967)     54.8/ 0.22(0.979)  -0.076    0  <-V2
jump_position_0421/P80_D0.75_P80_D2 2     80/2.00     52.3/ 1.12(0.955)     71.4/ 1.53(0.988)  -0.004   66  <-V2
jump_position_0421/P90_D0.75_P90_D2 1     90/0.75     51.5/ 0.09(0.940)     60.0/ 0.25(0.963)  -0.078    0  <-V2
jump_position_0421/P90_D0.75_P90_D2 2     90/2.00     57.1/ 1.07(0.952)     79.1/ 1.47(0.989)  -0.002   63  <-V2
jump_position_0421/P100_D0.75_P100_D2 1    100/0.75     57.4/ 0.09(0.920)     67.1/ 0.26(0.946)  -0.095    0  <-V2
jump_position_0421/P100_D0.75_P100_D2 2    100/2.00     62.9/ 1.04(0.955)     85.9/ 1.39(0.987)  +0.015   62  <-V2
jump_position_0421/P200_D1.5_P200_D4 1    200/1.50     71.1/ 0.16(0.634)    110.9/ 0.68(0.786)  -0.260    0  <-V2
jump_position_0421/P200_D1.5_P200_D4 2    200/4.00     51.7/ 1.05(0.507)    139.5/ 2.70(0.884)  +0.475   23  <-V2
jump_0424/60_0.75_60_2       1     60/0.75     51.6/ 0.21(0.970)     61.0/ 0.25(0.992)  -0.082    0  <-V2
jump_0424/60_0.75_60_2       2     60/2.00     62.2/ 1.17(0.820)     89.3/ 1.61(0.849)  -0.116   64  <-V2
jump_0424/60_1.5_60_1.5      1     60/1.50     53.8/ 0.57(0.924)     77.1/ 0.62(0.919)  -0.158    0  <-V1
jump_0424/60_1.5_60_1.5      2     60/1.50     60.1/ 0.92(0.938)     80.9/ 1.17(0.963)  -0.114   59  <-V2
jump_0424/90_0.75_90_2       1     90/0.75     64.8/ 0.12(0.933)     74.2/ 0.15(0.955)  -0.071    0  <-V2
jump_0424/90_0.75_90_2       2     90/2.00     90.3/ 0.79(0.899)    110.3/ 0.94(0.956)  +0.034   79  <-V2
jump_0424/120_2_120_2        1    120/2.00     84.0/ 0.47(0.751)    123.0/ 0.45(0.942)  -0.240    0  <-V2
jump_0424/120_2_120_2        2    120/2.00    107.4/ 0.58(0.847)    131.0/ 0.67(0.941)  +0.209   68  <-V2
jump_0424/120_2.2_150_2.5    1    120/2.20     83.2/ 0.51(0.685)    124.1/ 0.47(0.933)  -0.267    0  <-V2
jump_0424/120_2.2_150_2.5    2    150/2.50    123.7/ 0.61(0.772)    157.7/ 0.67(0.900)  +0.272   64  <-V2
jump_0424/120_2.2_200_2.8    1    120/2.20     74.2/ 0.52(0.692)    122.4/ 0.45(0.939)  -0.255    0  <-V2
jump_0424/120_2.2_200_2.8    2    200/2.80    149.4/ 0.59(0.505)    193.5/ 0.66(0.781)  +0.430   79  <-V2
jump_0424/150_2.2_250_3      1    150/2.20     76.4/ 0.53(0.596)    144.9/ 0.49(0.918)  -0.269    0  <-V2
jump_0424/150_2.2_250_3      2    250/3.00    163.9/ 0.55(0.556)    222.9/ 0.62(0.776)  +0.493   63  <-V2
jump_0424/150_2.2_350_3.5    1    150/2.20     67.8/ 0.56(0.582)    143.3/ 0.48(0.904)  -0.255    0  <-V2
jump_0424/150_2.2_350_3.5    2    350/3.50    197.6/ 0.56(0.402)    277.8/ 0.66(0.644)  +0.563   57  <-V2
jump_0424/150_2.2_500_4      1    150/2.20     72.8/ 0.50(0.636)    140.8/ 0.47(0.933)  -0.274    0  <-V2
jump_0424/150_2.2_500_4      2    500/4.00    236.1/ 0.57(0.257)    330.3/ 0.64(0.459)  +0.647   58  <-V2
jump_0602/60_0.75_60_2       1     60/0.75     54.0/ 0.22(0.952)     65.9/ 0.39(0.970)  -0.296    0  <-V2
jump_0602/60_0.75_60_2       2     60/2.00     58.0/ 1.52(0.941)     98.7/ 2.62(0.925)  -0.085   61  <-V1
jump_0602/60_1.5_60_1.5      1     60/1.50     53.8/ 0.79(0.959)     84.7/ 1.06(0.888)  -0.294    3  <-V1
jump_0602/60_1.5_60_1.5      2     60/1.50     56.4/ 1.11(0.992)     81.5/ 1.63(0.928)  -0.019   60  <-V1
jump_0602/90_0.75_90_2       1     90/0.75     74.7/ 0.08(0.966)     82.0/ 0.17(0.978)  -0.209    0  <-V2
jump_0602/90_0.75_90_2       2     90/2.00     86.5/ 1.38(0.949)    131.8/ 2.03(0.974)  -0.109   66  <-V2
jump_0602/120_2_120_2        1    120/2.00     94.5/ 0.34(0.789)    129.9/ 0.54(0.916)  -0.527    0  <-V2
jump_0602/120_2_120_2        2    120/2.00    116.6/ 1.14(0.953)    158.6/ 1.43(0.982)  -0.128   66  <-V2
jump_0602/150_2.2_250_3      1    150/2.20    108.1/ 0.45(0.735)    156.8/ 0.59(0.938)  -0.552    0  <-V2
jump_0602/150_2.2_250_3      2    250/3.00    233.7/ 0.06(0.949)    236.4/ 0.04(0.947)  +0.127   84  <-V1
jump_0602/150_2.2_500_5      1    150/2.20    111.1/ 0.43(0.727)    157.3/ 0.56(0.930)  -0.506    3  <-V2
jump_0602/150_2.2_500_5      2    500/5.00    177.8/-0.09(0.599)    166.6/-0.07(0.601)  +0.406   69  <-V2
trial                        jt      label              V1 kp/kd(R2)              V2 kp/kd(R2)  cff  sat
jump_0324/P40_D0.7           1     40/0.70     90.3/-1.01(0.321)     54.5/-0.87(0.931)  +0.880    0  <-V2
jump_0324/P40_D0.7           2     40/0.70     62.4/-0.11(-0.069)     62.2/ 0.00(-0.098)  +1.009   24  <-V1
trial                        jt      label              V1 kp/kd(R2)              V2 kp/kd(R2)  cff  sat
jump_0324/P40_D0.7           1     40/0.70     90.3/-1.01(0.321)     54.5/-0.87(0.931)  +0.880    0  <-V2
jump_0324/P60_D1.5           1     60/1.50     26.2/-0.41(-0.205)     53.5/-0.80(0.885)  +0.819    0  <-V2
jump_0324/P40_D0.7           2     40/0.70     62.4/-0.11(-0.069)     62.2/ 0.00(-0.098)  +1.009   24  <-V1
trial                        jt      label              V1 kp/kd(R2)              V2 kp/kd(R2)  cff  sat
jump_0324/P40_D0.7           1     40/0.70     90.3/-1.01(0.321)     54.5/-0.87(0.931)  +0.880    0  <-V2
jump_0324/P60_D1.5           2     60/1.50    106.3/-0.58(-0.269)     86.6/-0.42(-0.291)  +1.171   11  <-V1
jump_0324/P60_D1.5           1     60/1.50     26.2/-0.41(-0.205)     53.5/-0.80(0.885)  +0.819    0  <-V2
jump_0324/P40_D0.7           2     40/0.70     62.4/-0.11(-0.069)     62.2/ 0.00(-0.098)  +1.009   24  <-V1
jump_0324/P100_D3            1    100/3.00     49.8/-0.51(0.494)     65.7/-0.61(0.892)  +0.585    0  <-V2
jump_0324/P60_D1.5           2     60/1.50    106.3/-0.58(-0.269)     86.6/-0.42(-0.291)  +1.171   11  <-V1
jump_0324/P60_D1.5           1     60/1.50     26.2/-0.41(-0.205)     53.5/-0.80(0.885)  +0.819    0  <-V2
jump_0324/P100_D3            2    100/3.00    121.3/-0.89(-1.097)     89.7/-0.72(-0.431)  +1.335   19  <-V2
jump_0324/P100_D3            1    100/3.00     49.8/-0.51(0.494)     65.7/-0.61(0.892)  +0.585    0  <-V2
jump_0324/P60_D1.5           2     60/1.50    106.3/-0.58(-0.269)     86.6/-0.42(-0.291)  +1.171   11  <-V1
jump_position_0421/P60_D0.75_P60_D2 1     60/0.75     39.7/ 0.09(0.968)     45.3/ 0.27(0.982)  -0.086    0  <-V2
jump_0324/P100_D3            2    100/3.00    121.3/-0.89(-1.097)     89.7/-0.72(-0.431)  +1.335   19  <-V2
jump_0324/P100_D3            1    100/3.00     49.8/-0.51(0.494)     65.7/-0.61(0.892)  +0.585    0  <-V2
jump_position_0421/P60_D0.75_P60_D2 2     60/2.00     37.1/ 1.06(0.940)     54.1/ 1.59(0.992)  +0.015   60  <-V2
jump_position_0421/P60_D0.75_P60_D2 1     60/0.75     39.7/ 0.09(0.968)     45.3/ 0.27(0.982)  -0.086    0  <-V2
jump_0324/P100_D3            2    100/3.00    121.3/-0.89(-1.097)     89.7/-0.72(-0.431)  +1.335   19  <-V2
jump_position_0421/P70_D0.75_P70_D2 1     70/0.75     44.5/ 0.09(0.954)     51.4/ 0.28(0.975)  -0.087    0  <-V2
jump_position_0421/P60_D0.75_P60_D2 2     60/2.00     37.1/ 1.06(0.940)     54.1/ 1.59(0.992)  +0.015   60  <-V2
trial                        jt      label              V1 kp/kd(R2)              V2 kp/kd(R2)  cff  sat
jump_0324/P40_D0.7           1     40/0.70     90.3/-1.01(0.321)     54.5/-0.87(0.931)  +0.880    0  <-V2
jump_position_0421/P60_D0.75_P60_D2 1     60/0.75     39.7/ 0.09(0.968)     45.3/ 0.27(0.982)  -0.086    0  <-V2
jump_position_0421/P70_D0.75_P70_D2 2     70/2.00     41.2/ 1.00(0.944)     61.3/ 1.52(0.989)  +0.023   52  <-V2
jump_position_0421/P70_D0.75_P70_D2 1     70/0.75     44.5/ 0.09(0.954)     51.4/ 0.28(0.975)  -0.087    0  <-V2
jump_0324/P40_D0.7           2     40/0.70     62.4/-0.11(-0.069)     62.2/ 0.00(-0.098)  +1.009   24  <-V1
trial                        jt      label              V1 kp/kd(R2)              V2 kp/kd(R2)  cff  sat
jump_0324/P40_D0.7           1     40/0.70     90.3/-1.01(0.321)     54.5/-0.87(0.931)  +0.880    0  <-V2
jump_position_0421/P60_D0.75_P60_D2 2     60/2.00     37.1/ 1.06(0.940)     54.1/ 1.59(0.992)  +0.015   60  <-V2
jump_position_0421/P70_D0.75_P70_D2 2     70/2.00     41.2/ 1.00(0.944)     61.3/ 1.52(0.989)  +0.023   52  <-V2
jump_position_0421/P80_D0.75_P80_D2 1     80/0.75     48.5/ 0.07(0.967)     54.8/ 0.22(0.979)  -0.076    0  <-V2
jump_0324/P60_D1.5           1     60/1.50     26.2/-0.41(-0.205)     53.5/-0.80(0.885)  +0.819    0  <-V2
jump_0324/P40_D0.7           2     40/0.70     62.4/-0.11(-0.069)     62.2/ 0.00(-0.098)  +1.009   24  <-V1
jump_position_0421/P70_D0.75_P70_D2 1     70/0.75     44.5/ 0.09(0.954)     51.4/ 0.28(0.975)  -0.087    0  <-V2
jump_position_0421/P80_D0.75_P80_D2 1     80/0.75     48.5/ 0.07(0.967)     54.8/ 0.22(0.979)  -0.076    0  <-V2
jump_0324/P60_D1.5           2     60/1.50    106.3/-0.58(-0.269)     86.6/-0.42(-0.291)  +1.171   11  <-V1
jump_0324/P60_D1.5           1     60/1.50     26.2/-0.41(-0.205)     53.5/-0.80(0.885)  +0.819    0  <-V2
jump_position_0421/P80_D0.75_P80_D2 2     80/2.00     52.3/ 1.12(0.955)     71.4/ 1.53(0.988)  -0.004   66  <-V2
trial                        jt      label              V1 kp/kd(R2)              V2 kp/kd(R2)  cff  sat
jump_0324/P40_D0.7           1     40/0.70     90.3/-1.01(0.321)     54.5/-0.87(0.931)  +0.880    0  <-V2
jump_position_0421/P70_D0.75_P70_D2 2     70/2.00     41.2/ 1.00(0.944)     61.3/ 1.52(0.989)  +0.023   52  <-V2
jump_0324/P100_D3            1    100/3.00     49.8/-0.51(0.494)     65.7/-0.61(0.892)  +0.585    0  <-V2
jump_0324/P60_D1.5           2     60/1.50    106.3/-0.58(-0.269)     86.6/-0.42(-0.291)  +1.171   11  <-V1
jump_position_0421/P80_D0.75_P80_D2 2     80/2.00     52.3/ 1.12(0.955)     71.4/ 1.53(0.988)  -0.004   66  <-V2
jump_position_0421/P90_D0.75_P90_D2 1     90/0.75     51.5/ 0.09(0.940)     60.0/ 0.25(0.963)  -0.078    0  <-V2
jump_position_0421/P80_D0.75_P80_D2 1     80/0.75     48.5/ 0.07(0.967)     54.8/ 0.22(0.979)  -0.076    0  <-V2
trial                        jt      label              V1 kp/kd(R2)              V2 kp/kd(R2)  cff  sat
jump_0324/P40_D0.7           1     40/0.70     90.3/-1.01(0.321)     54.5/-0.87(0.931)  +0.880    0  <-V2
jump_0324/P40_D0.7           2     40/0.70     62.4/-0.11(-0.069)     62.2/ 0.00(-0.098)  +1.009   24  <-V1
jump_0324/P100_D3            1    100/3.00     49.8/-0.51(0.494)     65.7/-0.61(0.892)  +0.585    0  <-V2
jump_0324/P100_D3            2    100/3.00    121.3/-0.89(-1.097)     89.7/-0.72(-0.431)  +1.335   19  <-V2
jump_position_0421/P90_D0.75_P90_D2 2     90/2.00     57.1/ 1.07(0.952)     79.1/ 1.47(0.989)  -0.002   63  <-V2
jump_position_0421/P90_D0.75_P90_D2 1     90/0.75     51.5/ 0.09(0.940)     60.0/ 0.25(0.963)  -0.078    0  <-V2
trial                        jt      label              V1 kp/kd(R2)              V2 kp/kd(R2)  cff  sat
jump_0324/P40_D0.7           1     40/0.70     90.3/-1.01(0.321)     54.5/-0.87(0.931)  +0.880    0  <-V2
jump_position_0421/P80_D0.75_P80_D2 2     80/2.00     52.3/ 1.12(0.955)     71.4/ 1.53(0.988)  -0.004   66  <-V2
jump_0324/P40_D0.7           2     40/0.70     62.4/-0.11(-0.069)     62.2/ 0.00(-0.098)  +1.009   24  <-V1
jump_0324/P100_D3            2    100/3.00    121.3/-0.89(-1.097)     89.7/-0.72(-0.431)  +1.335   19  <-V2
jump_0324/P60_D1.5           1     60/1.50     26.2/-0.41(-0.205)     53.5/-0.80(0.885)  +0.819    0  <-V2
trial                        jt      label              V1 kp/kd(R2)              V2 kp/kd(R2)  cff  sat
jump_0324/P40_D0.7           1     40/0.70     90.3/-1.01(0.321)     54.5/-0.87(0.931)  +0.880    0  <-V2
jump_position_0421/P100_D0.75_P100_D2 1    100/0.75     57.4/ 0.09(0.920)     67.1/ 0.26(0.946)  -0.095    0  <-V2
jump_position_0421/P60_D0.75_P60_D2 1     60/0.75     39.7/ 0.09(0.968)     45.3/ 0.27(0.982)  -0.086    0  <-V2
jump_0324/P40_D0.7           2     40/0.70     62.4/-0.11(-0.069)     62.2/ 0.00(-0.098)  +1.009   24  <-V1
jump_position_0421/P90_D0.75_P90_D2 2     90/2.00     57.1/ 1.07(0.952)     79.1/ 1.47(0.989)  -0.002   63  <-V2
jump_position_0421/P90_D0.75_P90_D2 1     90/0.75     51.5/ 0.09(0.940)     60.0/ 0.25(0.963)  -0.078    0  <-V2
jump_0324/P60_D1.5           1     60/1.50     26.2/-0.41(-0.205)     53.5/-0.80(0.885)  +0.819    0  <-V2
jump_position_0421/P60_D0.75_P60_D2 1     60/0.75     39.7/ 0.09(0.968)     45.3/ 0.27(0.982)  -0.086    0  <-V2
jump_0324/P40_D0.7           2     40/0.70     62.4/-0.11(-0.069)     62.2/ 0.00(-0.098)  +1.009   24  <-V1
jump_position_0421/P100_D0.75_P100_D2 2    100/2.00     62.9/ 1.04(0.955)     85.9/ 1.39(0.987)  +0.015   62  <-V2
jump_0324/P60_D1.5           2     60/1.50    106.3/-0.58(-0.269)     86.6/-0.42(-0.291)  +1.171   11  <-V1
jump_0324/P60_D1.5           1     60/1.50     26.2/-0.41(-0.205)     53.5/-0.80(0.885)  +0.819    0  <-V2
jump_position_0421/P100_D0.75_P100_D2 1    100/0.75     57.4/ 0.09(0.920)     67.1/ 0.26(0.946)  -0.095    0  <-V2
trial                        jt      label              V1 kp/kd(R2)              V2 kp/kd(R2)  cff  sat
jump_0324/P40_D0.7           1     40/0.70     90.3/-1.01(0.321)     54.5/-0.87(0.931)  +0.880    0  <-V2
jump_position_0421/P90_D0.75_P90_D2 2     90/2.00     57.1/ 1.07(0.952)     79.1/ 1.47(0.989)  -0.002   63  <-V2
jump_position_0421/P60_D0.75_P60_D2 2     60/2.00     37.1/ 1.06(0.940)     54.1/ 1.59(0.992)  +0.015   60  <-V2
jump_0324/P60_D1.5           2     60/1.50    106.3/-0.58(-0.269)     86.6/-0.42(-0.291)  +1.171   11  <-V1
jump_position_0421/P200_D1.5_P200_D4 1    200/1.50     71.1/ 0.16(0.634)    110.9/ 0.68(0.786)  -0.260    0  <-V2
jump_position_0421/P60_D0.75_P60_D2 2     60/2.00     37.1/ 1.06(0.940)     54.1/ 1.59(0.992)  +0.015   60  <-V2
jump_0324/P60_D1.5           2     60/1.50    106.3/-0.58(-0.269)     86.6/-0.42(-0.291)  +1.171   11  <-V1
jump_position_0421/P100_D0.75_P100_D2 2    100/2.00     62.9/ 1.04(0.955)     85.9/ 1.39(0.987)  +0.015   62  <-V2
jump_0324/P60_D1.5           1     60/1.50     26.2/-0.41(-0.205)     53.5/-0.80(0.885)  +0.819    0  <-V2
jump_0324/P40_D0.7           2     40/0.70     62.4/-0.11(-0.069)     62.2/ 0.00(-0.098)  +1.009   24  <-V1
jump_position_0421/P100_D0.75_P100_D2 1    100/0.75     57.4/ 0.09(0.920)     67.1/ 0.26(0.946)  -0.095    0  <-V2
jump_0324/P100_D3            1    100/3.00     49.8/-0.51(0.494)     65.7/-0.61(0.892)  +0.585    0  <-V2
jump_0324/P100_D3            1    100/3.00     49.8/-0.51(0.494)     65.7/-0.61(0.892)  +0.585    0  <-V2
jump_position_0421/P70_D0.75_P70_D2 1     70/0.75     44.5/ 0.09(0.954)     51.4/ 0.28(0.975)  -0.087    0  <-V2
jump_position_0421/P70_D0.75_P70_D2 1     70/0.75     44.5/ 0.09(0.954)     51.4/ 0.28(0.975)  -0.087    0  <-V2
jump_0324/P100_D3            1    100/3.00     49.8/-0.51(0.494)     65.7/-0.61(0.892)  +0.585    0  <-V2
jump_0324/P60_D1.5           2     60/1.50    106.3/-0.58(-0.269)     86.6/-0.42(-0.291)  +1.171   11  <-V1
jump_position_0421/P100_D0.75_P100_D2 2    100/2.00     62.9/ 1.04(0.955)     85.9/ 1.39(0.987)  +0.015   62  <-V2
jump_0324/P60_D1.5           1     60/1.50     26.2/-0.41(-0.205)     53.5/-0.80(0.885)  +0.819    0  <-V2
jump_position_0421/P200_D1.5_P200_D4 1    200/1.50     71.1/ 0.16(0.634)    110.9/ 0.68(0.786)  -0.260    0  <-V2
jump_0324/P100_D3            2    100/3.00    121.3/-0.89(-1.097)     89.7/-0.72(-0.431)  +1.335   19  <-V2
jump_0324/P100_D3            2    100/3.00    121.3/-0.89(-1.097)     89.7/-0.72(-0.431)  +1.335   19  <-V2
jump_position_0421/P70_D0.75_P70_D2 2     70/2.00     41.2/ 1.00(0.944)     61.3/ 1.52(0.989)  +0.023   52  <-V2
jump_position_0421/P70_D0.75_P70_D2 2     70/2.00     41.2/ 1.00(0.944)     61.3/ 1.52(0.989)  +0.023   52  <-V2
jump_0324/P100_D3            2    100/3.00    121.3/-0.89(-1.097)     89.7/-0.72(-0.431)  +1.335   19  <-V2
jump_position_0421/P200_D1.5_P200_D4 1    200/1.50     71.1/ 0.16(0.634)    110.9/ 0.68(0.786)  -0.260    0  <-V2
jump_0324/P60_D1.5           2     60/1.50    106.3/-0.58(-0.269)     86.6/-0.42(-0.291)  +1.171   11  <-V1
jump_0324/P100_D3            1    100/3.00     49.8/-0.51(0.494)     65.7/-0.61(0.892)  +0.585    0  <-V2
jump_position_0421/P60_D0.75_P60_D2 1     60/0.75     39.7/ 0.09(0.968)     45.3/ 0.27(0.982)  -0.086    0  <-V2
jump_position_0421/P60_D0.75_P60_D2 1     60/0.75     39.7/ 0.09(0.968)     45.3/ 0.27(0.982)  -0.086    0  <-V2
jump_position_0421/P80_D0.75_P80_D2 1     80/0.75     48.5/ 0.07(0.967)     54.8/ 0.22(0.979)  -0.076    0  <-V2
jump_position_0421/P60_D0.75_P60_D2 1     60/0.75     39.7/ 0.09(0.968)     45.3/ 0.27(0.982)  -0.086    0  <-V2
jump_position_0421/P80_D0.75_P80_D2 1     80/0.75     48.5/ 0.07(0.967)     54.8/ 0.22(0.979)  -0.076    0  <-V2
jump_0324/P100_D3            1    100/3.00     49.8/-0.51(0.494)     65.7/-0.61(0.892)  +0.585    0  <-V2
jump_position_0421/P200_D1.5_P200_D4 2    200/4.00     51.7/ 1.05(0.507)    139.5/ 2.70(0.884)  +0.475   23  <-V2
jump_0324/P100_D3            2    100/3.00    121.3/-0.89(-1.097)     89.7/-0.72(-0.431)  +1.335   19  <-V2
jump_position_0421/P60_D0.75_P60_D2 2     60/2.00     37.1/ 1.06(0.940)     54.1/ 1.59(0.992)  +0.015   60  <-V2
jump_position_0421/P60_D0.75_P60_D2 2     60/2.00     37.1/ 1.06(0.940)     54.1/ 1.59(0.992)  +0.015   60  <-V2
jump_position_0421/P80_D0.75_P80_D2 2     80/2.00     52.3/ 1.12(0.955)     71.4/ 1.53(0.988)  -0.004   66  <-V2
jump_position_0421/P60_D0.75_P60_D2 2     60/2.00     37.1/ 1.06(0.940)     54.1/ 1.59(0.992)  +0.015   60  <-V2
jump_0324/P100_D3            2    100/3.00    121.3/-0.89(-1.097)     89.7/-0.72(-0.431)  +1.335   19  <-V2
jump_position_0421/P60_D0.75_P60_D2 1     60/0.75     39.7/ 0.09(0.968)     45.3/ 0.27(0.982)  -0.086    0  <-V2
jump_position_0421/P80_D0.75_P80_D2 2     80/2.00     52.3/ 1.12(0.955)     71.4/ 1.53(0.988)  -0.004   66  <-V2
jump_0424/60_0.75_60_2       1     60/0.75     51.6/ 0.21(0.970)     61.0/ 0.25(0.992)  -0.082    0  <-V2
jump_position_0421/P70_D0.75_P70_D2 1     70/0.75     44.5/ 0.09(0.954)     51.4/ 0.28(0.975)  -0.087    0  <-V2
jump_position_0421/P200_D1.5_P200_D4 2    200/4.00     51.7/ 1.05(0.507)    139.5/ 2.70(0.884)  +0.475   23  <-V2
jump_position_0421/P90_D0.75_P90_D2 1     90/0.75     51.5/ 0.09(0.940)     60.0/ 0.25(0.963)  -0.078    0  <-V2
jump_position_0421/P70_D0.75_P70_D2 1     70/0.75     44.5/ 0.09(0.954)     51.4/ 0.28(0.975)  -0.087    0  <-V2
jump_position_0421/P70_D0.75_P70_D2 1     70/0.75     44.5/ 0.09(0.954)     51.4/ 0.28(0.975)  -0.087    0  <-V2
jump_position_0421/P200_D1.5_P200_D4 2    200/4.00     51.7/ 1.05(0.507)    139.5/ 2.70(0.884)  +0.475   23  <-V2
jump_position_0421/P60_D0.75_P60_D2 1     60/0.75     39.7/ 0.09(0.968)     45.3/ 0.27(0.982)  -0.086    0  <-V2
jump_position_0421/P60_D0.75_P60_D2 2     60/2.00     37.1/ 1.06(0.940)     54.1/ 1.59(0.992)  +0.015   60  <-V2
jump_position_0421/P90_D0.75_P90_D2 1     90/0.75     51.5/ 0.09(0.940)     60.0/ 0.25(0.963)  -0.078    0  <-V2
jump_position_0421/P70_D0.75_P70_D2 2     70/2.00     41.2/ 1.00(0.944)     61.3/ 1.52(0.989)  +0.023   52  <-V2
jump_0424/60_0.75_60_2       1     60/0.75     51.6/ 0.21(0.970)     61.0/ 0.25(0.992)  -0.082    0  <-V2
jump_0424/60_0.75_60_2       2     60/2.00     62.2/ 1.17(0.820)     89.3/ 1.61(0.849)  -0.116   64  <-V2
jump_position_0421/P70_D0.75_P70_D2 2     70/2.00     41.2/ 1.00(0.944)     61.3/ 1.52(0.989)  +0.023   52  <-V2
jump_position_0421/P90_D0.75_P90_D2 2     90/2.00     57.1/ 1.07(0.952)     79.1/ 1.47(0.989)  -0.002   63  <-V2
jump_0424/60_0.75_60_2       1     60/0.75     51.6/ 0.21(0.970)     61.0/ 0.25(0.992)  -0.082    0  <-V2
jump_position_0421/P70_D0.75_P70_D2 2     70/2.00     41.2/ 1.00(0.944)     61.3/ 1.52(0.989)  +0.023   52  <-V2
jump_position_0421/P60_D0.75_P60_D2 2     60/2.00     37.1/ 1.06(0.940)     54.1/ 1.59(0.992)  +0.015   60  <-V2
jump_position_0421/P90_D0.75_P90_D2 2     90/2.00     57.1/ 1.07(0.952)     79.1/ 1.47(0.989)  -0.002   63  <-V2
jump_position_0421/P80_D0.75_P80_D2 1     80/0.75     48.5/ 0.07(0.967)     54.8/ 0.22(0.979)  -0.076    0  <-V2
jump_0424/60_0.75_60_2       2     60/2.00     62.2/ 1.17(0.820)     89.3/ 1.61(0.849)  -0.116   64  <-V2
jump_position_0421/P70_D0.75_P70_D2 1     70/0.75     44.5/ 0.09(0.954)     51.4/ 0.28(0.975)  -0.087    0  <-V2
jump_position_0421/P80_D0.75_P80_D2 1     80/0.75     48.5/ 0.07(0.967)     54.8/ 0.22(0.979)  -0.076    0  <-V2
jump_position_0421/P100_D0.75_P100_D2 1    100/0.75     57.4/ 0.09(0.920)     67.1/ 0.26(0.946)  -0.095    0  <-V2
jump_0424/60_1.5_60_1.5      1     60/1.50     53.8/ 0.57(0.924)     77.1/ 0.62(0.919)  -0.158    0  <-V1
jump_0424/60_0.75_60_2       2     60/2.00     62.2/ 1.17(0.820)     89.3/ 1.61(0.849)  -0.116   64  <-V2
jump_position_0421/P70_D0.75_P70_D2 1     70/0.75     44.5/ 0.09(0.954)     51.4/ 0.28(0.975)  -0.087    0  <-V2
jump_position_0421/P80_D0.75_P80_D2 1     80/0.75     48.5/ 0.07(0.967)     54.8/ 0.22(0.979)  -0.076    0  <-V2
jump_position_0421/P100_D0.75_P100_D2 1    100/0.75     57.4/ 0.09(0.920)     67.1/ 0.26(0.946)  -0.095    0  <-V2
jump_position_0421/P80_D0.75_P80_D2 2     80/2.00     52.3/ 1.12(0.955)     71.4/ 1.53(0.988)  -0.004   66  <-V2
jump_0424/60_1.5_60_1.5      1     60/1.50     53.8/ 0.57(0.924)     77.1/ 0.62(0.919)  -0.158    0  <-V1
jump_position_0421/P100_D0.75_P100_D2 2    100/2.00     62.9/ 1.04(0.955)     85.9/ 1.39(0.987)  +0.015   62  <-V2
jump_position_0421/P80_D0.75_P80_D2 2     80/2.00     52.3/ 1.12(0.955)     71.4/ 1.53(0.988)  -0.004   66  <-V2
jump_position_0421/P70_D0.75_P70_D2 2     70/2.00     41.2/ 1.00(0.944)     61.3/ 1.52(0.989)  +0.023   52  <-V2
jump_0424/60_1.5_60_1.5      1     60/1.50     53.8/ 0.57(0.924)     77.1/ 0.62(0.919)  -0.158    0  <-V1
jump_0424/60_1.5_60_1.5      2     60/1.50     60.1/ 0.92(0.938)     80.9/ 1.17(0.963)  -0.114   59  <-V2
jump_position_0421/P70_D0.75_P70_D2 2     70/2.00     41.2/ 1.00(0.944)     61.3/ 1.52(0.989)  +0.023   52  <-V2
jump_0424/60_1.5_60_1.5      2     60/1.50     60.1/ 0.92(0.938)     80.9/ 1.17(0.963)  -0.114   59  <-V2
jump_position_0421/P100_D0.75_P100_D2 2    100/2.00     62.9/ 1.04(0.955)     85.9/ 1.39(0.987)  +0.015   62  <-V2
jump_position_0421/P90_D0.75_P90_D2 1     90/0.75     51.5/ 0.09(0.940)     60.0/ 0.25(0.963)  -0.078    0  <-V2
jump_position_0421/P90_D0.75_P90_D2 1     90/0.75     51.5/ 0.09(0.940)     60.0/ 0.25(0.963)  -0.078    0  <-V2
jump_position_0421/P200_D1.5_P200_D4 1    200/1.50     71.1/ 0.16(0.634)    110.9/ 0.68(0.786)  -0.260    0  <-V2
jump_position_0421/P80_D0.75_P80_D2 2     80/2.00     52.3/ 1.12(0.955)     71.4/ 1.53(0.988)  -0.004   66  <-V2
jump_0424/60_1.5_60_1.5      2     60/1.50     60.1/ 0.92(0.938)     80.9/ 1.17(0.963)  -0.114   59  <-V2
jump_position_0421/P80_D0.75_P80_D2 1     80/0.75     48.5/ 0.07(0.967)     54.8/ 0.22(0.979)  -0.076    0  <-V2
jump_0424/90_0.75_90_2       1     90/0.75     64.8/ 0.12(0.933)     74.2/ 0.15(0.955)  -0.071    0  <-V2
jump_0424/90_0.75_90_2       1     90/0.75     64.8/ 0.12(0.933)     74.2/ 0.15(0.955)  -0.071    0  <-V2
jump_position_0421/P90_D0.75_P90_D2 2     90/2.00     57.1/ 1.07(0.952)     79.1/ 1.47(0.989)  -0.002   63  <-V2
jump_position_0421/P80_D0.75_P80_D2 1     80/0.75     48.5/ 0.07(0.967)     54.8/ 0.22(0.979)  -0.076    0  <-V2
jump_position_0421/P200_D1.5_P200_D4 1    200/1.50     71.1/ 0.16(0.634)    110.9/ 0.68(0.786)  -0.260    0  <-V2
jump_position_0421/P90_D0.75_P90_D2 1     90/0.75     51.5/ 0.09(0.940)     60.0/ 0.25(0.963)  -0.078    0  <-V2
jump_position_0421/P90_D0.75_P90_D2 2     90/2.00     57.1/ 1.07(0.952)     79.1/ 1.47(0.989)  -0.002   63  <-V2
jump_0424/90_0.75_90_2       1     90/0.75     64.8/ 0.12(0.933)     74.2/ 0.15(0.955)  -0.071    0  <-V2
jump_position_0421/P80_D0.75_P80_D2 2     80/2.00     52.3/ 1.12(0.955)     71.4/ 1.53(0.988)  -0.004   66  <-V2
jump_0424/90_0.75_90_2       2     90/2.00     90.3/ 0.79(0.899)    110.3/ 0.94(0.956)  +0.034   79  <-V2
jump_position_0421/P80_D0.75_P80_D2 2     80/2.00     52.3/ 1.12(0.955)     71.4/ 1.53(0.988)  -0.004   66  <-V2
jump_0424/90_0.75_90_2       2     90/2.00     90.3/ 0.79(0.899)    110.3/ 0.94(0.956)  +0.034   79  <-V2
jump_position_0421/P90_D0.75_P90_D2 2     90/2.00     57.1/ 1.07(0.952)     79.1/ 1.47(0.989)  -0.002   63  <-V2
jump_position_0421/P100_D0.75_P100_D2 1    100/0.75     57.4/ 0.09(0.920)     67.1/ 0.26(0.946)  -0.095    0  <-V2
jump_position_0421/P100_D0.75_P100_D2 1    100/0.75     57.4/ 0.09(0.920)     67.1/ 0.26(0.946)  -0.095    0  <-V2
jump_0424/120_2_120_2        1    120/2.00     84.0/ 0.47(0.751)    123.0/ 0.45(0.942)  -0.240    0  <-V2
jump_0424/90_0.75_90_2       2     90/2.00     90.3/ 0.79(0.899)    110.3/ 0.94(0.956)  +0.034   79  <-V2
jump_position_0421/P90_D0.75_P90_D2 1     90/0.75     51.5/ 0.09(0.940)     60.0/ 0.25(0.963)  -0.078    0  <-V2
jump_position_0421/P90_D0.75_P90_D2 1     90/0.75     51.5/ 0.09(0.940)     60.0/ 0.25(0.963)  -0.078    0  <-V2
jump_0424/120_2_120_2        1    120/2.00     84.0/ 0.47(0.751)    123.0/ 0.45(0.942)  -0.240    0  <-V2
jump_position_0421/P100_D0.75_P100_D2 2    100/2.00     62.9/ 1.04(0.955)     85.9/ 1.39(0.987)  +0.015   62  <-V2
jump_position_0421/P100_D0.75_P100_D2 1    100/0.75     57.4/ 0.09(0.920)     67.1/ 0.26(0.946)  -0.095    0  <-V2
jump_position_0421/P100_D0.75_P100_D2 2    100/2.00     62.9/ 1.04(0.955)     85.9/ 1.39(0.987)  +0.015   62  <-V2
jump_position_0421/P90_D0.75_P90_D2 2     90/2.00     57.1/ 1.07(0.952)     79.1/ 1.47(0.989)  -0.002   63  <-V2
jump_0424/120_2_120_2        2    120/2.00    107.4/ 0.58(0.847)    131.0/ 0.67(0.941)  +0.209   68  <-V2
jump_0424/120_2_120_2        1    120/2.00     84.0/ 0.47(0.751)    123.0/ 0.45(0.942)  -0.240    0  <-V2
jump_position_0421/P200_D1.5_P200_D4 2    200/4.00     51.7/ 1.05(0.507)    139.5/ 2.70(0.884)  +0.475   23  <-V2
jump_position_0421/P90_D0.75_P90_D2 2     90/2.00     57.1/ 1.07(0.952)     79.1/ 1.47(0.989)  -0.002   63  <-V2
jump_0424/120_2_120_2        2    120/2.00    107.4/ 0.58(0.847)    131.0/ 0.67(0.941)  +0.209   68  <-V2
jump_position_0421/P200_D1.5_P200_D4 1    200/1.50     71.1/ 0.16(0.634)    110.9/ 0.68(0.786)  -0.260    0  <-V2
jump_position_0421/P200_D1.5_P200_D4 2    200/4.00     51.7/ 1.05(0.507)    139.5/ 2.70(0.884)  +0.475   23  <-V2
jump_position_0421/P100_D0.75_P100_D2 2    100/2.00     62.9/ 1.04(0.955)     85.9/ 1.39(0.987)  +0.015   62  <-V2
jump_position_0421/P200_D1.5_P200_D4 1    200/1.50     71.1/ 0.16(0.634)    110.9/ 0.68(0.786)  -0.260    0  <-V2
jump_position_0421/P100_D0.75_P100_D2 1    100/0.75     57.4/ 0.09(0.920)     67.1/ 0.26(0.946)  -0.095    0  <-V2
jump_0424/120_2_120_2        2    120/2.00    107.4/ 0.58(0.847)    131.0/ 0.67(0.941)  +0.209   68  <-V2
jump_0424/60_0.75_60_2       1     60/0.75     51.6/ 0.21(0.970)     61.0/ 0.25(0.992)  -0.082    0  <-V2
jump_0424/120_2.2_150_2.5    1    120/2.20     83.2/ 0.51(0.685)    124.1/ 0.47(0.933)  -0.267    0  <-V2
jump_0424/120_2.2_150_2.5    1    120/2.20     83.2/ 0.51(0.685)    124.1/ 0.47(0.933)  -0.267    0  <-V2
jump_position_0421/P100_D0.75_P100_D2 1    100/0.75     57.4/ 0.09(0.920)     67.1/ 0.26(0.946)  -0.095    0  <-V2
jump_0424/60_0.75_60_2       1     60/0.75     51.6/ 0.21(0.970)     61.0/ 0.25(0.992)  -0.082    0  <-V2
jump_position_0421/P200_D1.5_P200_D4 1    200/1.50     71.1/ 0.16(0.634)    110.9/ 0.68(0.786)  -0.260    0  <-V2
jump_position_0421/P100_D0.75_P100_D2 2    100/2.00     62.9/ 1.04(0.955)     85.9/ 1.39(0.987)  +0.015   62  <-V2
jump_0424/120_2.2_150_2.5    1    120/2.20     83.2/ 0.51(0.685)    124.1/ 0.47(0.933)  -0.267    0  <-V2
jump_0424/120_2.2_150_2.5    2    150/2.50    123.7/ 0.61(0.772)    157.7/ 0.67(0.900)  +0.272   64  <-V2
jump_position_0421/P100_D0.75_P100_D2 2    100/2.00     62.9/ 1.04(0.955)     85.9/ 1.39(0.987)  +0.015   62  <-V2
jump_0424/60_0.75_60_2       2     60/2.00     62.2/ 1.17(0.820)     89.3/ 1.61(0.849)  -0.116   64  <-V2
jump_0424/120_2.2_150_2.5    2    150/2.50    123.7/ 0.61(0.772)    157.7/ 0.67(0.900)  +0.272   64  <-V2
jump_0424/60_0.75_60_2       2     60/2.00     62.2/ 1.17(0.820)     89.3/ 1.61(0.849)  -0.116   64  <-V2
jump_position_0421/P200_D1.5_P200_D4 1    200/1.50     71.1/ 0.16(0.634)    110.9/ 0.68(0.786)  -0.260    0  <-V2
jump_0424/120_2.2_150_2.5    2    150/2.50    123.7/ 0.61(0.772)    157.7/ 0.67(0.900)  +0.272   64  <-V2
jump_position_0421/P200_D1.5_P200_D4 1    200/1.50     71.1/ 0.16(0.634)    110.9/ 0.68(0.786)  -0.260    0  <-V2
jump_0424/120_2.2_200_2.8    1    120/2.20     74.2/ 0.52(0.692)    122.4/ 0.45(0.939)  -0.255    0  <-V2
jump_position_0421/P200_D1.5_P200_D4 2    200/4.00     51.7/ 1.05(0.507)    139.5/ 2.70(0.884)  +0.475   23  <-V2
jump_0424/60_1.5_60_1.5      1     60/1.50     53.8/ 0.57(0.924)     77.1/ 0.62(0.919)  -0.158    0  <-V1
jump_0424/120_2.2_200_2.8    1    120/2.20     74.2/ 0.52(0.692)    122.4/ 0.45(0.939)  -0.255    0  <-V2
jump_0424/60_1.5_60_1.5      1     60/1.50     53.8/ 0.57(0.924)     77.1/ 0.62(0.919)  -0.158    0  <-V1
jump_position_0421/P200_D1.5_P200_D4 2    200/4.00     51.7/ 1.05(0.507)    139.5/ 2.70(0.884)  +0.475   23  <-V2
jump_0424/120_2.2_200_2.8    1    120/2.20     74.2/ 0.52(0.692)    122.4/ 0.45(0.939)  -0.255    0  <-V2
jump_0424/120_2.2_200_2.8    2    200/2.80    149.4/ 0.59(0.505)    193.5/ 0.66(0.781)  +0.430   79  <-V2
jump_0424/60_1.5_60_1.5      2     60/1.50     60.1/ 0.92(0.938)     80.9/ 1.17(0.963)  -0.114   59  <-V2
jump_0424/120_2.2_200_2.8    2    200/2.80    149.4/ 0.59(0.505)    193.5/ 0.66(0.781)  +0.430   79  <-V2
jump_0424/60_0.75_60_2       1     60/0.75     51.6/ 0.21(0.970)     61.0/ 0.25(0.992)  -0.082    0  <-V2
jump_0424/60_1.5_60_1.5      2     60/1.50     60.1/ 0.92(0.938)     80.9/ 1.17(0.963)  -0.114   59  <-V2
jump_position_0421/P200_D1.5_P200_D4 2    200/4.00     51.7/ 1.05(0.507)    139.5/ 2.70(0.884)  +0.475   23  <-V2
jump_0424/60_0.75_60_2       1     60/0.75     51.6/ 0.21(0.970)     61.0/ 0.25(0.992)  -0.082    0  <-V2
jump_0424/120_2.2_200_2.8    2    200/2.80    149.4/ 0.59(0.505)    193.5/ 0.66(0.781)  +0.430   79  <-V2
jump_0424/150_2.2_250_3      1    150/2.20     76.4/ 0.53(0.596)    144.9/ 0.49(0.918)  -0.269    0  <-V2
jump_0424/150_2.2_250_3      1    150/2.20     76.4/ 0.53(0.596)    144.9/ 0.49(0.918)  -0.269    0  <-V2
jump_0424/60_0.75_60_2       2     60/2.00     62.2/ 1.17(0.820)     89.3/ 1.61(0.849)  -0.116   64  <-V2
jump_0424/90_0.75_90_2       1     90/0.75     64.8/ 0.12(0.933)     74.2/ 0.15(0.955)  -0.071    0  <-V2
jump_0424/90_0.75_90_2       1     90/0.75     64.8/ 0.12(0.933)     74.2/ 0.15(0.955)  -0.071    0  <-V2
jump_0424/60_0.75_60_2       2     60/2.00     62.2/ 1.17(0.820)     89.3/ 1.61(0.849)  -0.116   64  <-V2
jump_0424/150_2.2_250_3      1    150/2.20     76.4/ 0.53(0.596)    144.9/ 0.49(0.918)  -0.269    0  <-V2
jump_position_0421/P200_D1.5_P200_D4 2    200/4.00     51.7/ 1.05(0.507)    139.5/ 2.70(0.884)  +0.475   23  <-V2
jump_0424/60_0.75_60_2       1     60/0.75     51.6/ 0.21(0.970)     61.0/ 0.25(0.992)  -0.082    0  <-V2
jump_0424/150_2.2_250_3      2    250/3.00    163.9/ 0.55(0.556)    222.9/ 0.62(0.776)  +0.493   63  <-V2
jump_0424/150_2.2_250_3      2    250/3.00    163.9/ 0.55(0.556)    222.9/ 0.62(0.776)  +0.493   63  <-V2
jump_0424/60_1.5_60_1.5      1     60/1.50     53.8/ 0.57(0.924)     77.1/ 0.62(0.919)  -0.158    0  <-V1
jump_0424/90_0.75_90_2       2     90/2.00     90.3/ 0.79(0.899)    110.3/ 0.94(0.956)  +0.034   79  <-V2
jump_0424/60_1.5_60_1.5      1     60/1.50     53.8/ 0.57(0.924)     77.1/ 0.62(0.919)  -0.158    0  <-V1
jump_0424/90_0.75_90_2       2     90/2.00     90.3/ 0.79(0.899)    110.3/ 0.94(0.956)  +0.034   79  <-V2
jump_position_0421/P200_D1.5_P200_D4 2    200/4.00     51.7/ 1.05(0.507)    139.5/ 2.70(0.884)  +0.475   23  <-V2
jump_0424/60_0.75_60_2       1     60/0.75     51.6/ 0.21(0.970)     61.0/ 0.25(0.992)  -0.082    0  <-V2
jump_0424/60_0.75_60_2       2     60/2.00     62.2/ 1.17(0.820)     89.3/ 1.61(0.849)  -0.116   64  <-V2
jump_0424/150_2.2_250_3      2    250/3.00    163.9/ 0.55(0.556)    222.9/ 0.62(0.776)  +0.493   63  <-V2
jump_0424/150_2.2_350_3.5    1    150/2.20     67.8/ 0.56(0.582)    143.3/ 0.48(0.904)  -0.255    0  <-V2
jump_0424/150_2.2_350_3.5    1    150/2.20     67.8/ 0.56(0.582)    143.3/ 0.48(0.904)  -0.255    0  <-V2
jump_0424/120_2_120_2        1    120/2.00     84.0/ 0.47(0.751)    123.0/ 0.45(0.942)  -0.240    0  <-V2
jump_0424/60_1.5_60_1.5      2     60/1.50     60.1/ 0.92(0.938)     80.9/ 1.17(0.963)  -0.114   59  <-V2
jump_0424/60_1.5_60_1.5      2     60/1.50     60.1/ 0.92(0.938)     80.9/ 1.17(0.963)  -0.114   59  <-V2
jump_0424/60_0.75_60_2       2     60/2.00     62.2/ 1.17(0.820)     89.3/ 1.61(0.849)  -0.116   64  <-V2
jump_0424/120_2_120_2        1    120/2.00     84.0/ 0.47(0.751)    123.0/ 0.45(0.942)  -0.240    0  <-V2
jump_0424/60_1.5_60_1.5      1     60/1.50     53.8/ 0.57(0.924)     77.1/ 0.62(0.919)  -0.158    0  <-V1
jump_0424/60_0.75_60_2       1     60/0.75     51.6/ 0.21(0.970)     61.0/ 0.25(0.992)  -0.082    0  <-V2
jump_0424/150_2.2_350_3.5    1    150/2.20     67.8/ 0.56(0.582)    143.3/ 0.48(0.904)  -0.255    0  <-V2
jump_0424/150_2.2_350_3.5    2    350/3.50    197.6/ 0.56(0.402)    277.8/ 0.66(0.644)  +0.563   57  <-V2
jump_0424/150_2.2_350_3.5    2    350/3.50    197.6/ 0.56(0.402)    277.8/ 0.66(0.644)  +0.563   57  <-V2
jump_0424/120_2_120_2        2    120/2.00    107.4/ 0.58(0.847)    131.0/ 0.67(0.941)  +0.209   68  <-V2
jump_0424/90_0.75_90_2       1     90/0.75     64.8/ 0.12(0.933)     74.2/ 0.15(0.955)  -0.071    0  <-V2
jump_0424/90_0.75_90_2       1     90/0.75     64.8/ 0.12(0.933)     74.2/ 0.15(0.955)  -0.071    0  <-V2
jump_0424/60_1.5_60_1.5      2     60/1.50     60.1/ 0.92(0.938)     80.9/ 1.17(0.963)  -0.114   59  <-V2
jump_0424/120_2_120_2        2    120/2.00    107.4/ 0.58(0.847)    131.0/ 0.67(0.941)  +0.209   68  <-V2
jump_0424/60_1.5_60_1.5      1     60/1.50     53.8/ 0.57(0.924)     77.1/ 0.62(0.919)  -0.158    0  <-V1
jump_0424/60_0.75_60_2       2     60/2.00     62.2/ 1.17(0.820)     89.3/ 1.61(0.849)  -0.116   64  <-V2
jump_0424/150_2.2_500_4      1    150/2.20     72.8/ 0.50(0.636)    140.8/ 0.47(0.933)  -0.274    0  <-V2
jump_0424/150_2.2_500_4      1    150/2.20     72.8/ 0.50(0.636)    140.8/ 0.47(0.933)  -0.274    0  <-V2
jump_0424/150_2.2_350_3.5    2    350/3.50    197.6/ 0.56(0.402)    277.8/ 0.66(0.644)  +0.563   57  <-V2
jump_0424/120_2.2_150_2.5    1    120/2.20     83.2/ 0.51(0.685)    124.1/ 0.47(0.933)  -0.267    0  <-V2
jump_0424/90_0.75_90_2       2     90/2.00     90.3/ 0.79(0.899)    110.3/ 0.94(0.956)  +0.034   79  <-V2
jump_0424/90_0.75_90_2       1     90/0.75     64.8/ 0.12(0.933)     74.2/ 0.15(0.955)  -0.071    0  <-V2
jump_0424/90_0.75_90_2       2     90/2.00     90.3/ 0.79(0.899)    110.3/ 0.94(0.956)  +0.034   79  <-V2
jump_0424/120_2.2_150_2.5    1    120/2.20     83.2/ 0.51(0.685)    124.1/ 0.47(0.933)  -0.267    0  <-V2
jump_0424/60_1.5_60_1.5      1     60/1.50     53.8/ 0.57(0.924)     77.1/ 0.62(0.919)  -0.158    0  <-V1
jump_0424/150_2.2_500_4      2    500/4.00    236.1/ 0.57(0.257)    330.3/ 0.64(0.459)  +0.647   58  <-V2
jump_0424/150_2.2_500_4      2    500/4.00    236.1/ 0.57(0.257)    330.3/ 0.64(0.459)  +0.647   58  <-V2
jump_0424/60_1.5_60_1.5      2     60/1.50     60.1/ 0.92(0.938)     80.9/ 1.17(0.963)  -0.114   59  <-V2
jump_0424/120_2.2_150_2.5    2    150/2.50    123.7/ 0.61(0.772)    157.7/ 0.67(0.900)  +0.272   64  <-V2
jump_0424/150_2.2_500_4      1    150/2.20     72.8/ 0.50(0.636)    140.8/ 0.47(0.933)  -0.274    0  <-V2
jump_0424/120_2_120_2        1    120/2.00     84.0/ 0.47(0.751)    123.0/ 0.45(0.942)  -0.240    0  <-V2
jump_0424/90_0.75_90_2       2     90/2.00     90.3/ 0.79(0.899)    110.3/ 0.94(0.956)  +0.034   79  <-V2
jump_0424/120_2.2_150_2.5    2    150/2.50    123.7/ 0.61(0.772)    157.7/ 0.67(0.900)  +0.272   64  <-V2
jump_0424/120_2_120_2        1    120/2.00     84.0/ 0.47(0.751)    123.0/ 0.45(0.942)  -0.240    0  <-V2
jump_0602/60_0.75_60_2       1     60/0.75     54.0/ 0.22(0.952)     65.9/ 0.39(0.970)  -0.296    0  <-V2
jump_0424/60_1.5_60_1.5      2     60/1.50     60.1/ 0.92(0.938)     80.9/ 1.17(0.963)  -0.114   59  <-V2
jump_0602/60_0.75_60_2       1     60/0.75     54.0/ 0.22(0.952)     65.9/ 0.39(0.970)  -0.296    0  <-V2
jump_0424/120_2.2_200_2.8    1    120/2.20     74.2/ 0.52(0.692)    122.4/ 0.45(0.939)  -0.255    0  <-V2
jump_0424/120_2_120_2        2    120/2.00    107.4/ 0.58(0.847)    131.0/ 0.67(0.941)  +0.209   68  <-V2
jump_0424/90_0.75_90_2       1     90/0.75     64.8/ 0.12(0.933)     74.2/ 0.15(0.955)  -0.071    0  <-V2
jump_0424/150_2.2_500_4      2    500/4.00    236.1/ 0.57(0.257)    330.3/ 0.64(0.459)  +0.647   58  <-V2
jump_0424/120_2_120_2        1    120/2.00     84.0/ 0.47(0.751)    123.0/ 0.45(0.942)  -0.240    0  <-V2
jump_0602/60_0.75_60_2       2     60/2.00     58.0/ 1.52(0.941)     98.7/ 2.62(0.925)  -0.085   61  <-V1
jump_0424/90_0.75_90_2       1     90/0.75     64.8/ 0.12(0.933)     74.2/ 0.15(0.955)  -0.071    0  <-V2
jump_0424/120_2.2_200_2.8    1    120/2.20     74.2/ 0.52(0.692)    122.4/ 0.45(0.939)  -0.255    0  <-V2
jump_0424/120_2_120_2        2    120/2.00    107.4/ 0.58(0.847)    131.0/ 0.67(0.941)  +0.209   68  <-V2
jump_0602/60_0.75_60_2       2     60/2.00     58.0/ 1.52(0.941)     98.7/ 2.62(0.925)  -0.085   61  <-V1
jump_0424/120_2.2_200_2.8    2    200/2.80    149.4/ 0.59(0.505)    193.5/ 0.66(0.781)  +0.430   79  <-V2
jump_0424/120_2.2_150_2.5    1    120/2.20     83.2/ 0.51(0.685)    124.1/ 0.47(0.933)  -0.267    0  <-V2
jump_0424/90_0.75_90_2       2     90/2.00     90.3/ 0.79(0.899)    110.3/ 0.94(0.956)  +0.034   79  <-V2
jump_0602/60_0.75_60_2       1     60/0.75     54.0/ 0.22(0.952)     65.9/ 0.39(0.970)  -0.296    0  <-V2
jump_0424/120_2_120_2        2    120/2.00    107.4/ 0.58(0.847)    131.0/ 0.67(0.941)  +0.209   68  <-V2
jump_0602/60_1.5_60_1.5      1     60/1.50     53.8/ 0.79(0.959)     84.7/ 1.06(0.888)  -0.294    3  <-V1
jump_0424/90_0.75_90_2       2     90/2.00     90.3/ 0.79(0.899)    110.3/ 0.94(0.956)  +0.034   79  <-V2
jump_0602/60_1.5_60_1.5      1     60/1.50     53.8/ 0.79(0.959)     84.7/ 1.06(0.888)  -0.294    3  <-V1
jump_0424/120_2.2_150_2.5    2    150/2.50    123.7/ 0.61(0.772)    157.7/ 0.67(0.900)  +0.272   64  <-V2
jump_0424/120_2.2_200_2.8    2    200/2.80    149.4/ 0.59(0.505)    193.5/ 0.66(0.781)  +0.430   79  <-V2
jump_0424/150_2.2_250_3      1    150/2.20     76.4/ 0.53(0.596)    144.9/ 0.49(0.918)  -0.269    0  <-V2
jump_0424/120_2.2_150_2.5    1    120/2.20     83.2/ 0.51(0.685)    124.1/ 0.47(0.933)  -0.267    0  <-V2
jump_0424/120_2_120_2        1    120/2.00     84.0/ 0.47(0.751)    123.0/ 0.45(0.942)  -0.240    0  <-V2
jump_0602/60_0.75_60_2       2     60/2.00     58.0/ 1.52(0.941)     98.7/ 2.62(0.925)  -0.085   61  <-V1
jump_0424/120_2.2_150_2.5    1    120/2.20     83.2/ 0.51(0.685)    124.1/ 0.47(0.933)  -0.267    0  <-V2
jump_0602/60_1.5_60_1.5      2     60/1.50     56.4/ 1.11(0.992)     81.5/ 1.63(0.928)  -0.019   60  <-V1
jump_0424/120_2_120_2        1    120/2.00     84.0/ 0.47(0.751)    123.0/ 0.45(0.942)  -0.240    0  <-V2
jump_0602/60_1.5_60_1.5      2     60/1.50     56.4/ 1.11(0.992)     81.5/ 1.63(0.928)  -0.019   60  <-V1
jump_0424/120_2.2_200_2.8    1    120/2.20     74.2/ 0.52(0.692)    122.4/ 0.45(0.939)  -0.255    0  <-V2
jump_0424/150_2.2_250_3      1    150/2.20     76.4/ 0.53(0.596)    144.9/ 0.49(0.918)  -0.269    0  <-V2
jump_0424/120_2_120_2        2    120/2.00    107.4/ 0.58(0.847)    131.0/ 0.67(0.941)  +0.209   68  <-V2
jump_0424/120_2.2_150_2.5    2    150/2.50    123.7/ 0.61(0.772)    157.7/ 0.67(0.900)  +0.272   64  <-V2
jump_0424/150_2.2_250_3      2    250/3.00    163.9/ 0.55(0.556)    222.9/ 0.62(0.776)  +0.493   63  <-V2
jump_0602/60_1.5_60_1.5      1     60/1.50     53.8/ 0.79(0.959)     84.7/ 1.06(0.888)  -0.294    3  <-V1
jump_0424/120_2.2_150_2.5    2    150/2.50    123.7/ 0.61(0.772)    157.7/ 0.67(0.900)  +0.272   64  <-V2
jump_0602/90_0.75_90_2       1     90/0.75     74.7/ 0.08(0.966)     82.0/ 0.17(0.978)  -0.209    0  <-V2
jump_0602/90_0.75_90_2       1     90/0.75     74.7/ 0.08(0.966)     82.0/ 0.17(0.978)  -0.209    0  <-V2
jump_0424/120_2.2_200_2.8    2    200/2.80    149.4/ 0.59(0.505)    193.5/ 0.66(0.781)  +0.430   79  <-V2
jump_0424/120_2_120_2        2    120/2.00    107.4/ 0.58(0.847)    131.0/ 0.67(0.941)  +0.209   68  <-V2
jump_0424/150_2.2_250_3      2    250/3.00    163.9/ 0.55(0.556)    222.9/ 0.62(0.776)  +0.493   63  <-V2
jump_0424/120_2.2_150_2.5    1    120/2.20     83.2/ 0.51(0.685)    124.1/ 0.47(0.933)  -0.267    0  <-V2
jump_0424/120_2.2_200_2.8    1    120/2.20     74.2/ 0.52(0.692)    122.4/ 0.45(0.939)  -0.255    0  <-V2
jump_0424/150_2.2_350_3.5    1    150/2.20     67.8/ 0.56(0.582)    143.3/ 0.48(0.904)  -0.255    0  <-V2
jump_0602/60_1.5_60_1.5      2     60/1.50     56.4/ 1.11(0.992)     81.5/ 1.63(0.928)  -0.019   60  <-V1
jump_0424/120_2.2_200_2.8    1    120/2.20     74.2/ 0.52(0.692)    122.4/ 0.45(0.939)  -0.255    0  <-V2
jump_0602/90_0.75_90_2       2     90/2.00     86.5/ 1.38(0.949)    131.8/ 2.03(0.974)  -0.109   66  <-V2
jump_0424/150_2.2_250_3      1    150/2.20     76.4/ 0.53(0.596)    144.9/ 0.49(0.918)  -0.269    0  <-V2
jump_0424/150_2.2_350_3.5    1    150/2.20     67.8/ 0.56(0.582)    143.3/ 0.48(0.904)  -0.255    0  <-V2
jump_0424/120_2.2_150_2.5    2    150/2.50    123.7/ 0.61(0.772)    157.7/ 0.67(0.900)  +0.272   64  <-V2
jump_0602/90_0.75_90_2       2     90/2.00     86.5/ 1.38(0.949)    131.8/ 2.03(0.974)  -0.109   66  <-V2
jump_0424/120_2.2_200_2.8    2    200/2.80    149.4/ 0.59(0.505)    193.5/ 0.66(0.781)  +0.430   79  <-V2
jump_0424/120_2.2_150_2.5    1    120/2.20     83.2/ 0.51(0.685)    124.1/ 0.47(0.933)  -0.267    0  <-V2
jump_0424/150_2.2_350_3.5    2    350/3.50    197.6/ 0.56(0.402)    277.8/ 0.66(0.644)  +0.563   57  <-V2
jump_0424/120_2.2_200_2.8    2    200/2.80    149.4/ 0.59(0.505)    193.5/ 0.66(0.781)  +0.430   79  <-V2
jump_0602/120_2_120_2        1    120/2.00     94.5/ 0.34(0.789)    129.9/ 0.54(0.916)  -0.527    0  <-V2
jump_0424/150_2.2_350_3.5    2    350/3.50    197.6/ 0.56(0.402)    277.8/ 0.66(0.644)  +0.563   57  <-V2
jump_0424/120_2.2_200_2.8    1    120/2.20     74.2/ 0.52(0.692)    122.4/ 0.45(0.939)  -0.255    0  <-V2
jump_0602/90_0.75_90_2       1     90/0.75     74.7/ 0.08(0.966)     82.0/ 0.17(0.978)  -0.209    0  <-V2
jump_0424/150_2.2_250_3      2    250/3.00    163.9/ 0.55(0.556)    222.9/ 0.62(0.776)  +0.493   63  <-V2
jump_0602/120_2_120_2        1    120/2.00     94.5/ 0.34(0.789)    129.9/ 0.54(0.916)  -0.527    0  <-V2
jump_0424/120_2.2_150_2.5    2    150/2.50    123.7/ 0.61(0.772)    157.7/ 0.67(0.900)  +0.272   64  <-V2
jump_0424/150_2.2_250_3      1    150/2.20     76.4/ 0.53(0.596)    144.9/ 0.49(0.918)  -0.269    0  <-V2
jump_0424/150_2.2_500_4      1    150/2.20     72.8/ 0.50(0.636)    140.8/ 0.47(0.933)  -0.274    0  <-V2
jump_0424/150_2.2_250_3      1    150/2.20     76.4/ 0.53(0.596)    144.9/ 0.49(0.918)  -0.269    0  <-V2
jump_0602/120_2_120_2        2    120/2.00    116.6/ 1.14(0.953)    158.6/ 1.43(0.982)  -0.128   66  <-V2
jump_0424/150_2.2_500_4      1    150/2.20     72.8/ 0.50(0.636)    140.8/ 0.47(0.933)  -0.274    0  <-V2
jump_0424/120_2.2_200_2.8    2    200/2.80    149.4/ 0.59(0.505)    193.5/ 0.66(0.781)  +0.430   79  <-V2
jump_0602/120_2_120_2        2    120/2.00    116.6/ 1.14(0.953)    158.6/ 1.43(0.982)  -0.128   66  <-V2
jump_0602/90_0.75_90_2       2     90/2.00     86.5/ 1.38(0.949)    131.8/ 2.03(0.974)  -0.109   66  <-V2
jump_0424/150_2.2_350_3.5    1    150/2.20     67.8/ 0.56(0.582)    143.3/ 0.48(0.904)  -0.255    0  <-V2
jump_0424/120_2.2_200_2.8    1    120/2.20     74.2/ 0.52(0.692)    122.4/ 0.45(0.939)  -0.255    0  <-V2
jump_0424/150_2.2_500_4      2    500/4.00    236.1/ 0.57(0.257)    330.3/ 0.64(0.459)  +0.647   58  <-V2
jump_0424/150_2.2_250_3      2    250/3.00    163.9/ 0.55(0.556)    222.9/ 0.62(0.776)  +0.493   63  <-V2
jump_0602/150_2.2_250_3      1    150/2.20    108.1/ 0.45(0.735)    156.8/ 0.59(0.938)  -0.552    0  <-V2
jump_0424/150_2.2_250_3      2    250/3.00    163.9/ 0.55(0.556)    222.9/ 0.62(0.776)  +0.493   63  <-V2
jump_0424/150_2.2_250_3      1    150/2.20     76.4/ 0.53(0.596)    144.9/ 0.49(0.918)  -0.269    0  <-V2
jump_0424/150_2.2_500_4      2    500/4.00    236.1/ 0.57(0.257)    330.3/ 0.64(0.459)  +0.647   58  <-V2
jump_0602/150_2.2_250_3      1    150/2.20    108.1/ 0.45(0.735)    156.8/ 0.59(0.938)  -0.552    0  <-V2
jump_0424/120_2.2_200_2.8    2    200/2.80    149.4/ 0.59(0.505)    193.5/ 0.66(0.781)  +0.430   79  <-V2
jump_0424/150_2.2_350_3.5    2    350/3.50    197.6/ 0.56(0.402)    277.8/ 0.66(0.644)  +0.563   57  <-V2
jump_0424/150_2.2_350_3.5    1    150/2.20     67.8/ 0.56(0.582)    143.3/ 0.48(0.904)  -0.255    0  <-V2
jump_0602/60_0.75_60_2       1     60/0.75     54.0/ 0.22(0.952)     65.9/ 0.39(0.970)  -0.296    0  <-V2
jump_0602/120_2_120_2        1    120/2.00     94.5/ 0.34(0.789)    129.9/ 0.54(0.916)  -0.527    0  <-V2
jump_0424/150_2.2_350_3.5    1    150/2.20     67.8/ 0.56(0.582)    143.3/ 0.48(0.904)  -0.255    0  <-V2
jump_0602/60_0.75_60_2       1     60/0.75     54.0/ 0.22(0.952)     65.9/ 0.39(0.970)  -0.296    0  <-V2
jump_0424/150_2.2_250_3      2    250/3.00    163.9/ 0.55(0.556)    222.9/ 0.62(0.776)  +0.493   63  <-V2
jump_0602/150_2.2_250_3      2    250/3.00    233.7/ 0.06(0.949)    236.4/ 0.04(0.947)  +0.127   84  <-V1
jump_0424/150_2.2_250_3      1    150/2.20     76.4/ 0.53(0.596)    144.9/ 0.49(0.918)  -0.269    0  <-V2
jump_0424/150_2.2_500_4      1    150/2.20     72.8/ 0.50(0.636)    140.8/ 0.47(0.933)  -0.274    0  <-V2
jump_0602/150_2.2_250_3      2    250/3.00    233.7/ 0.06(0.949)    236.4/ 0.04(0.947)  +0.127   84  <-V1
jump_0424/150_2.2_350_3.5    2    350/3.50    197.6/ 0.56(0.402)    277.8/ 0.66(0.644)  +0.563   57  <-V2
jump_0602/60_0.75_60_2       2     60/2.00     58.0/ 1.52(0.941)     98.7/ 2.62(0.925)  -0.085   61  <-V1
jump_0602/120_2_120_2        2    120/2.00    116.6/ 1.14(0.953)    158.6/ 1.43(0.982)  -0.128   66  <-V2
jump_0602/60_0.75_60_2       2     60/2.00     58.0/ 1.52(0.941)     98.7/ 2.62(0.925)  -0.085   61  <-V1
jump_0424/150_2.2_350_3.5    2    350/3.50    197.6/ 0.56(0.402)    277.8/ 0.66(0.644)  +0.563   57  <-V2
jump_0424/150_2.2_350_3.5    1    150/2.20     67.8/ 0.56(0.582)    143.3/ 0.48(0.904)  -0.255    0  <-V2
jump_0602/150_2.2_500_5      1    150/2.20    111.1/ 0.43(0.727)    157.3/ 0.56(0.930)  -0.506    3  <-V2
jump_0424/150_2.2_500_4      2    500/4.00    236.1/ 0.57(0.257)    330.3/ 0.64(0.459)  +0.647   58  <-V2
jump_0602/60_1.5_60_1.5      1     60/1.50     53.8/ 0.79(0.959)     84.7/ 1.06(0.888)  -0.294    3  <-V1
jump_0424/150_2.2_500_4      1    150/2.20     72.8/ 0.50(0.636)    140.8/ 0.47(0.933)  -0.274    0  <-V2
jump_0424/150_2.2_250_3      2    250/3.00    163.9/ 0.55(0.556)    222.9/ 0.62(0.776)  +0.493   63  <-V2
jump_0602/150_2.2_500_5      1    150/2.20    111.1/ 0.43(0.727)    157.3/ 0.56(0.930)  -0.506    3  <-V2
jump_0602/150_2.2_250_3      1    150/2.20    108.1/ 0.45(0.735)    156.8/ 0.59(0.938)  -0.552    0  <-V2
jump_0424/150_2.2_350_3.5    2    350/3.50    197.6/ 0.56(0.402)    277.8/ 0.66(0.644)  +0.563   57  <-V2
jump_0602/60_1.5_60_1.5      1     60/1.50     53.8/ 0.79(0.959)     84.7/ 1.06(0.888)  -0.294    3  <-V1
jump_0424/150_2.2_500_4      1    150/2.20     72.8/ 0.50(0.636)    140.8/ 0.47(0.933)  -0.274    0  <-V2
jump_0602/60_0.75_60_2       1     60/0.75     54.0/ 0.22(0.952)     65.9/ 0.39(0.970)  -0.296    0  <-V2
jump_0602/150_2.2_500_5      2    500/5.00    177.8/-0.09(0.599)    166.6/-0.07(0.601)  +0.406   69  <-V2
jump_0602/60_1.5_60_1.5      2     60/1.50     56.4/ 1.11(0.992)     81.5/ 1.63(0.928)  -0.019   60  <-V1
jump_0424/150_2.2_500_4      2    500/4.00    236.1/ 0.57(0.257)    330.3/ 0.64(0.459)  +0.647   58  <-V2
jump_0424/150_2.2_350_3.5    1    150/2.20     67.8/ 0.56(0.582)    143.3/ 0.48(0.904)  -0.255    0  <-V2
jump_0424/150_2.2_500_4      1    150/2.20     72.8/ 0.50(0.636)    140.8/ 0.47(0.933)  -0.274    0  <-V2
jump_0602/60_1.5_60_1.5      2     60/1.50     56.4/ 1.11(0.992)     81.5/ 1.63(0.928)  -0.019   60  <-V1
jump_0602/150_2.2_500_5      2    500/5.00    177.8/-0.09(0.599)    166.6/-0.07(0.601)  +0.406   69  <-V2
jump_0424/150_2.2_500_4      2    500/4.00    236.1/ 0.57(0.257)    330.3/ 0.64(0.459)  +0.647   58  <-V2
jump_0602/150_2.2_250_3      2    250/3.00    233.7/ 0.06(0.949)    236.4/ 0.04(0.947)  +0.127   84  <-V1
jump_0602/60_0.75_60_2       2     60/2.00     58.0/ 1.52(0.941)     98.7/ 2.62(0.925)  -0.085   61  <-V1
jump_0602/90_0.75_90_2       1     90/0.75     74.7/ 0.08(0.966)     82.0/ 0.17(0.978)  -0.209    0  <-V2
jump_0602/60_0.75_60_2       1     60/0.75     54.0/ 0.22(0.952)     65.9/ 0.39(0.970)  -0.296    0  <-V2
jump_0424/150_2.2_350_3.5    2    350/3.50    197.6/ 0.56(0.402)    277.8/ 0.66(0.644)  +0.563   57  <-V2
jump_0424/150_2.2_500_4      2    500/4.00    236.1/ 0.57(0.257)    330.3/ 0.64(0.459)  +0.647   58  <-V2
jump_0602/90_0.75_90_2       1     90/0.75     74.7/ 0.08(0.966)     82.0/ 0.17(0.978)  -0.209    0  <-V2
jump_0602/150_2.2_500_5      1    150/2.20    111.1/ 0.43(0.727)    157.3/ 0.56(0.930)  -0.506    3  <-V2
jump_0602/60_0.75_60_2       1     60/0.75     54.0/ 0.22(0.952)     65.9/ 0.39(0.970)  -0.296    0  <-V2
jump_0602/90_0.75_90_2       2     90/2.00     86.5/ 1.38(0.949)    131.8/ 2.03(0.974)  -0.109   66  <-V2
jump_0602/60_0.75_60_2       2     60/2.00     58.0/ 1.52(0.941)     98.7/ 2.62(0.925)  -0.085   61  <-V1
jump_0602/60_1.5_60_1.5      1     60/1.50     53.8/ 0.79(0.959)     84.7/ 1.06(0.888)  -0.294    3  <-V1
jump_0602/60_0.75_60_2       1     60/0.75     54.0/ 0.22(0.952)     65.9/ 0.39(0.970)  -0.296    0  <-V2
jump_0602/90_0.75_90_2       2     90/2.00     86.5/ 1.38(0.949)    131.8/ 2.03(0.974)  -0.109   66  <-V2
jump_0424/150_2.2_500_4      1    150/2.20     72.8/ 0.50(0.636)    140.8/ 0.47(0.933)  -0.274    0  <-V2
jump_0602/150_2.2_500_5      2    500/5.00    177.8/-0.09(0.599)    166.6/-0.07(0.601)  +0.406   69  <-V2
jump_0602/60_0.75_60_2       2     60/2.00     58.0/ 1.52(0.941)     98.7/ 2.62(0.925)  -0.085   61  <-V1
jump_0602/120_2_120_2        1    120/2.00     94.5/ 0.34(0.789)    129.9/ 0.54(0.916)  -0.527    0  <-V2
jump_0602/60_1.5_60_1.5      1     60/1.50     53.8/ 0.79(0.959)     84.7/ 1.06(0.888)  -0.294    3  <-V1
jump_0602/60_0.75_60_2       2     60/2.00     58.0/ 1.52(0.941)     98.7/ 2.62(0.925)  -0.085   61  <-V1
jump_0602/120_2_120_2        1    120/2.00     94.5/ 0.34(0.789)    129.9/ 0.54(0.916)  -0.527    0  <-V2
jump_0602/60_1.5_60_1.5      2     60/1.50     56.4/ 1.11(0.992)     81.5/ 1.63(0.928)  -0.019   60  <-V1
jump_0602/60_1.5_60_1.5      1     60/1.50     53.8/ 0.79(0.959)     84.7/ 1.06(0.888)  -0.294    3  <-V1
jump_0424/150_2.2_500_4      2    500/4.00    236.1/ 0.57(0.257)    330.3/ 0.64(0.459)  +0.647   58  <-V2
jump_0602/120_2_120_2        2    120/2.00    116.6/ 1.14(0.953)    158.6/ 1.43(0.982)  -0.128   66  <-V2
jump_0602/60_1.5_60_1.5      2     60/1.50     56.4/ 1.11(0.992)     81.5/ 1.63(0.928)  -0.019   60  <-V1
jump_0602/120_2_120_2        2    120/2.00    116.6/ 1.14(0.953)    158.6/ 1.43(0.982)  -0.128   66  <-V2
jump_0602/60_1.5_60_1.5      1     60/1.50     53.8/ 0.79(0.959)     84.7/ 1.06(0.888)  -0.294    3  <-V1
jump_0602/90_0.75_90_2       1     90/0.75     74.7/ 0.08(0.966)     82.0/ 0.17(0.978)  -0.209    0  <-V2
jump_0602/60_1.5_60_1.5      2     60/1.50     56.4/ 1.11(0.992)     81.5/ 1.63(0.928)  -0.019   60  <-V1
jump_0602/150_2.2_250_3      1    150/2.20    108.1/ 0.45(0.735)    156.8/ 0.59(0.938)  -0.552    0  <-V2
jump_0602/60_0.75_60_2       1     60/0.75     54.0/ 0.22(0.952)     65.9/ 0.39(0.970)  -0.296    0  <-V2
jump_0602/90_0.75_90_2       1     90/0.75     74.7/ 0.08(0.966)     82.0/ 0.17(0.978)  -0.209    0  <-V2
jump_0602/150_2.2_250_3      1    150/2.20    108.1/ 0.45(0.735)    156.8/ 0.59(0.938)  -0.552    0  <-V2
jump_0602/60_1.5_60_1.5      2     60/1.50     56.4/ 1.11(0.992)     81.5/ 1.63(0.928)  -0.019   60  <-V1
jump_0602/90_0.75_90_2       1     90/0.75     74.7/ 0.08(0.966)     82.0/ 0.17(0.978)  -0.209    0  <-V2
jump_0602/150_2.2_250_3      2    250/3.00    233.7/ 0.06(0.949)    236.4/ 0.04(0.947)  +0.127   84  <-V1
jump_0602/90_0.75_90_2       2     90/2.00     86.5/ 1.38(0.949)    131.8/ 2.03(0.974)  -0.109   66  <-V2
jump_0602/90_0.75_90_2       2     90/2.00     86.5/ 1.38(0.949)    131.8/ 2.03(0.974)  -0.109   66  <-V2
jump_0602/150_2.2_250_3      2    250/3.00    233.7/ 0.06(0.949)    236.4/ 0.04(0.947)  +0.127   84  <-V1
jump_0602/60_0.75_60_2       2     60/2.00     58.0/ 1.52(0.941)     98.7/ 2.62(0.925)  -0.085   61  <-V1
jump_0602/90_0.75_90_2       1     90/0.75     74.7/ 0.08(0.966)     82.0/ 0.17(0.978)  -0.209    0  <-V2
jump_0602/150_2.2_500_5      1    150/2.20    111.1/ 0.43(0.727)    157.3/ 0.56(0.930)  -0.506    3  <-V2
jump_0602/90_0.75_90_2       2     90/2.00     86.5/ 1.38(0.949)    131.8/ 2.03(0.974)  -0.109   66  <-V2
jump_0602/120_2_120_2        1    120/2.00     94.5/ 0.34(0.789)    129.9/ 0.54(0.916)  -0.527    0  <-V2
jump_0602/120_2_120_2        1    120/2.00     94.5/ 0.34(0.789)    129.9/ 0.54(0.916)  -0.527    0  <-V2
jump_0602/90_0.75_90_2       2     90/2.00     86.5/ 1.38(0.949)    131.8/ 2.03(0.974)  -0.109   66  <-V2
jump_0602/150_2.2_500_5      1    150/2.20    111.1/ 0.43(0.727)    157.3/ 0.56(0.930)  -0.506    3  <-V2
jump_0602/60_1.5_60_1.5      1     60/1.50     53.8/ 0.79(0.959)     84.7/ 1.06(0.888)  -0.294    3  <-V1
jump_0602/120_2_120_2        2    120/2.00    116.6/ 1.14(0.953)    158.6/ 1.43(0.982)  -0.128   66  <-V2
jump_0602/150_2.2_500_5      2    500/5.00    177.8/-0.09(0.599)    166.6/-0.07(0.601)  +0.406   69  <-V2
jump_0602/120_2_120_2        1    120/2.00     94.5/ 0.34(0.789)    129.9/ 0.54(0.916)  -0.527    0  <-V2
jump_0602/120_2_120_2        2    120/2.00    116.6/ 1.14(0.953)    158.6/ 1.43(0.982)  -0.128   66  <-V2
jump_0602/120_2_120_2        1    120/2.00     94.5/ 0.34(0.789)    129.9/ 0.54(0.916)  -0.527    0  <-V2
jump_0602/150_2.2_500_5      2    500/5.00    177.8/-0.09(0.599)    166.6/-0.07(0.601)  +0.406   69  <-V2
jump_0602/60_1.5_60_1.5      2     60/1.50     56.4/ 1.11(0.992)     81.5/ 1.63(0.928)  -0.019   60  <-V1
jump_0602/150_2.2_250_3      1    150/2.20    108.1/ 0.45(0.735)    156.8/ 0.59(0.938)  -0.552    0  <-V2
jump_0602/120_2_120_2        2    120/2.00    116.6/ 1.14(0.953)    158.6/ 1.43(0.982)  -0.128   66  <-V2
jump_0602/120_2_120_2        2    120/2.00    116.6/ 1.14(0.953)    158.6/ 1.43(0.982)  -0.128   66  <-V2
jump_0602/150_2.2_250_3      1    150/2.20    108.1/ 0.45(0.735)    156.8/ 0.59(0.938)  -0.552    0  <-V2
jump_0602/150_2.2_250_3      2    250/3.00    233.7/ 0.06(0.949)    236.4/ 0.04(0.947)  +0.127   84  <-V1
jump_0602/90_0.75_90_2       1     90/0.75     74.7/ 0.08(0.966)     82.0/ 0.17(0.978)  -0.209    0  <-V2
jump_0602/150_2.2_250_3      1    150/2.20    108.1/ 0.45(0.735)    156.8/ 0.59(0.938)  -0.552    0  <-V2
jump_0602/150_2.2_250_3      1    150/2.20    108.1/ 0.45(0.735)    156.8/ 0.59(0.938)  -0.552    0  <-V2
jump_0602/150_2.2_250_3      2    250/3.00    233.7/ 0.06(0.949)    236.4/ 0.04(0.947)  +0.127   84  <-V1
jump_0602/150_2.2_500_5      1    150/2.20    111.1/ 0.43(0.727)    157.3/ 0.56(0.930)  -0.506    3  <-V2
jump_0602/90_0.75_90_2       2     90/2.00     86.5/ 1.38(0.949)    131.8/ 2.03(0.974)  -0.109   66  <-V2
jump_0602/150_2.2_250_3      2    250/3.00    233.7/ 0.06(0.949)    236.4/ 0.04(0.947)  +0.127   84  <-V1
jump_0602/150_2.2_250_3      2    250/3.00    233.7/ 0.06(0.949)    236.4/ 0.04(0.947)  +0.127   84  <-V1
jump_0602/150_2.2_500_5      1    150/2.20    111.1/ 0.43(0.727)    157.3/ 0.56(0.930)  -0.506    3  <-V2
jump_0602/150_2.2_500_5      2    500/5.00    177.8/-0.09(0.599)    166.6/-0.07(0.601)  +0.406   69  <-V2
jump_0602/120_2_120_2        1    120/2.00     94.5/ 0.34(0.789)    129.9/ 0.54(0.916)  -0.527    0  <-V2
jump_0602/150_2.2_500_5      1    150/2.20    111.1/ 0.43(0.727)    157.3/ 0.56(0.930)  -0.506    3  <-V2
jump_0602/150_2.2_500_5      2    500/5.00    177.8/-0.09(0.599)    166.6/-0.07(0.601)  +0.406   69  <-V2
jump_0602/150_2.2_500_5      1    150/2.20    111.1/ 0.43(0.727)    157.3/ 0.56(0.930)  -0.506    3  <-V2
jump_0602/120_2_120_2        2    120/2.00    116.6/ 1.14(0.953)    158.6/ 1.43(0.982)  -0.128   66  <-V2
jump_0602/150_2.2_500_5      2    500/5.00    177.8/-0.09(0.599)    166.6/-0.07(0.601)  +0.406   69  <-V2
jump_0602/150_2.2_500_5      2    500/5.00    177.8/-0.09(0.599)    166.6/-0.07(0.601)  +0.406   69  <-V2
jump_0602/150_2.2_250_3      1    150/2.20    108.1/ 0.45(0.735)    156.8/ 0.59(0.938)  -0.552    0  <-V2
jump_0602/150_2.2_250_3      2    250/3.00    233.7/ 0.06(0.949)    236.4/ 0.04(0.947)  +0.127   84  <-V1
jump_0602/150_2.2_500_5      1    150/2.20    111.1/ 0.43(0.727)    157.3/ 0.56(0.930)  -0.506    3  <-V2
jump_0602/150_2.2_500_5      2    500/5.00    177.8/-0.09(0.599)    166.6/-0.07(0.601)  +0.406   69  <-V2
saved p10_pdlaw.json
warm-start from previous mshoot best
saved p10_pdlaw.json
warm-start from previous mshoot best
warm-start from previous fourbar best
warm-start from previous fourbar best
saved p10_pdlaw.json
warm-start from previous mshoot best
warm-start from previous fourbar best
saved p10_pdlaw.json
warm-start from previous mshoot best
warm-start from previous fourbar best
saved p10_pdlaw.json
warm-start from previous mshoot best
warm-start from previous fourbar best
saved p10_pdlaw.json
warm-start from previous mshoot best
saved p10_pdlaw.json
warm-start from previous mshoot best
warm-start from previous fourbar best
warm-start from previous fourbar best
saved p10_pdlaw.json
warm-start from previous mshoot best
warm-start from previous fourbar best
saved p10_pdlaw.json
warm-start from previous mshoot best
warm-start from previous fourbar best
saved p10_pdlaw.json
warm-start from previous mshoot best
warm-start from previous fourbar best
saved p10_pdlaw.json
x0(P18b+paper) subset J = 0.6293
BEST nev=9 J=0.6010 stiff=0.837 ref=2.25 pre30=2.09 fv_hip=0.65 fc_hip=0.0159 fv_knee=0.00299 fc_knee=0.0182 solref=0.00284 imp0=0.258 arm_knee=0.0103 M_c=0.487 I_th=0.913 I_ca=1.15 dz_th=0.0205 dz_ca=-0.0057 kp1s_0421=0.592 [0.0m]
BEST nev=15 J=0.5955 stiff=1.01 ref=1.99 pre30=2.75 fv_hip=0.653 fc_hip=0.00877 fv_knee=0.0281 fc_knee=0.0366 solref=0.00681 imp0=0.204 arm_knee=0.00208 M_c=0.501 I_th=0.834 I_ca=1.19 dz_th=0.0277 dz_ca=-0.0103 kp1s_0421=0.526 [0.0m]
BEST nev=19 J=0.5697 stiff=0.556 ref=2.18 pre30=2.23 fv_hip=0.726 fc_hip=0.00303 fv_knee=0.00404 fc_knee=0.000271 solref=0.00528 imp0=0.398 arm_knee=0.00285 M_c=0.517 I_th=0.852 I_ca=1.21 dz_th=0.0207 dz_ca=-0.00408 kp1s_0421=0.632 [0.0m]
BEST nev=33 J=0.5563 stiff=0.851 ref=2.25 pre30=2.88 fv_hip=0.718 fc_hip=0.0273 fv_knee=5.85e-07 fc_knee=0.0139 solref=0.00223 imp0=0.336 arm_knee=0.002 M_c=0.505 I_th=0.728 I_ca=1.2 dz_th=0.033 dz_ca=-0.0123 kp1s_0421=0.623 [0.1m]
BEST nev=44 J=0.5517 stiff=0.859 ref=1.91 pre30=2.59 fv_hip=0.854 fc_hip=0.0276 fv_knee=0.0113 fc_knee=0.00475 solref=0.00377 imp0=0.322 arm_knee=0.00217 M_c=0.401 I_th=0.862 I_ca=1.25 dz_th=0.0184 dz_ca=-0.00838 kp1s_0421=0.526 [0.1m]
BEST nev=49 J=0.5333 stiff=1.15 ref=2.27 pre30=2.3 fv_hip=0.953 fc_hip=0.00156 fv_knee=0.0178 fc_knee=0.0179 solref=0.00314 imp0=0.394 arm_knee=0.00342 M_c=0.644 I_th=0.734 I_ca=1.28 dz_th=0.0147 dz_ca=-0.0283 kp1s_0421=0.59 [0.1m]
BEST nev=93 J=0.5312 stiff=1.08 ref=2.13 pre30=2.26 fv_hip=1.15 fc_hip=0.0211 fv_knee=0.0232 fc_knee=0.0256 solref=0.00418 imp0=0.488 arm_knee=0.00201 M_c=0.412 I_th=0.762 I_ca=1.11 dz_th=0.0089 dz_ca=-0.0226 kp1s_0421=0.671 [0.2m]
BEST nev=96 J=0.5263 stiff=1.28 ref=1.86 pre30=1.82 fv_hip=0.924 fc_hip=0.0541 fv_knee=7.12e-06 fc_knee=1.46e-05 solref=0.00417 imp0=0.589 arm_knee=0.00453 M_c=0.425 I_th=0.711 I_ca=1.07 dz_th=0.0214 dz_ca=-0.0321 kp1s_0421=0.596 [0.2m]
BEST nev=104 J=0.5226 stiff=0.899 ref=1.8 pre30=3.14 fv_hip=1.1 fc_hip=0.00637 fv_knee=0.00254 fc_knee=0.00533 solref=0.00338 imp0=0.541 arm_knee=0.00229 M_c=0.465 I_th=0.724 I_ca=1.12 dz_th=0.0204 dz_ca=-0.00703 kp1s_0421=0.661 [0.2m]
BEST nev=109 J=0.5219 stiff=1.21 ref=1.99 pre30=1.94 fv_hip=0.981 fc_hip=0.00662 fv_knee=0.0142 fc_knee=0.0151 solref=0.00257 imp0=0.507 arm_knee=0.002 M_c=0.534 I_th=0.762 I_ca=1.11 dz_th=0.00549 dz_ca=-0.03 kp1s_0421=0.593 [0.2m]
BEST nev=151 J=0.5216 stiff=1.34 ref=2.01 pre30=2.18 fv_hip=1.14 fc_hip=0.0562 fv_knee=0.00412 fc_knee=0.000137 solref=0.00412 imp0=0.589 arm_knee=0.00338 M_c=0.429 I_th=0.725 I_ca=1.24 dz_th=0.0302 dz_ca=-0.0374 kp1s_0421=0.629 [0.3m]
BEST nev=166 J=0.5213 stiff=1.43 ref=2.22 pre30=1.66 fv_hip=1.18 fc_hip=0.0588 fv_knee=0.00455 fc_knee=9.49e-05 solref=0.00622 imp0=0.58 arm_knee=0.00218 M_c=0.45 I_th=0.756 I_ca=1.18 dz_th=0.0378 dz_ca=-0.0026 kp1s_0421=0.505 [0.3m]
BEST nev=181 J=0.5191 stiff=1.47 ref=1.97 pre30=1.94 fv_hip=1 fc_hip=0.0162 fv_knee=0.000119 fc_knee=0.00794 solref=0.00292 imp0=0.584 arm_knee=0.0022 M_c=0.415 I_th=0.775 I_ca=1.25 dz_th=0.0203 dz_ca=-0.0135 kp1s_0421=0.595 [0.3m]
BEST nev=183 J=0.5184 stiff=1.46 ref=2.06 pre30=1.16 fv_hip=1.02 fc_hip=0.0198 fv_knee=0.0101 fc_knee=0.00565 solref=0.00288 imp0=0.546 arm_knee=0.00214 M_c=0.403 I_th=0.703 I_ca=1.28 dz_th=0.0482 dz_ca=0.00918 kp1s_0421=0.604 [0.3m]
BEST nev=199 J=0.5158 stiff=1.58 ref=2.09 pre30=1.28 fv_hip=1.2 fc_hip=0.0182 fv_knee=0.0107 fc_knee=0.0015 solref=0.00207 imp0=0.597 arm_knee=0.002 M_c=0.402 I_th=0.749 I_ca=1.27 dz_th=0.0339 dz_ca=-0.000412 kp1s_0421=0.625 [0.4m]
BEST nev=213 J=0.5151 stiff=1.47 ref=1.89 pre30=1.27 fv_hip=1.16 fc_hip=0.0415 fv_knee=0.0025 fc_knee=0.0218 solref=0.00334 imp0=0.55 arm_knee=0.00264 M_c=0.409 I_th=0.721 I_ca=1.29 dz_th=0.0388 dz_ca=-0.00171 kp1s_0421=0.599 [0.4m]
BEST nev=241 J=0.5145 stiff=1.46 ref=2.02 pre30=1.51 fv_hip=1.03 fc_hip=0.047 fv_knee=0.00738 fc_knee=0.031 solref=0.00389 imp0=0.591 arm_knee=0.00201 M_c=0.421 I_th=0.724 I_ca=1.28 dz_th=0.0261 dz_ca=0.00991 kp1s_0421=0.651 [0.5m]
BEST nev=257 J=0.5139 stiff=1.54 ref=1.83 pre30=1.48 fv_hip=1.12 fc_hip=0.031 fv_knee=0.000279 fc_knee=0.0416 solref=0.00251 imp0=0.563 arm_knee=0.00212 M_c=0.428 I_th=0.7 I_ca=1.22 dz_th=0.0343 dz_ca=0.00761 kp1s_0421=0.602 [0.5m]
CMA1 DONE nev=360 J=0.5139 [0.7m]
