trial                        jt      label              V1 kp/kd(R2)              V2 kp/kd(R2)  cff  sat
jump_0324/P40_D0.7           1     40/0.70     90.3/-1.01(0.321)     54.5/-0.87(0.931)  +0.880    0  <-V2
jump_0324/P40_D0.7           2     40/0.70     62.4/-0.11(-0.069)     62.2/ 0.00(-0.098)  +1.009   24  <-V1
jump_0324/P60_D1.5           1     60/1.50     26.2/-0.41(-0.205)     53.5/-0.80(0.885)  +0.819    0  <-V2
jump_0324/P60_D1.5           2     60/1.50    106.3/-0.58(-0.269)     86.6/-0.42(-0.291)  +1.171   11  <-V1
jump_0324/P100_D3            1    100/3.00     49.8/-0.51(0.494)     65.7/-0.61(0.892)  +0.585    0  <-V2
jump_0324/P100_D3            2    100/3.00    121.3/-0.89(-1.097)     89.7/-0.72(-0.431)  +1.335   19  <-V2
jump_position_0421/P60_D0.75_P60_D2 1     60/0.75     39.7/ 0.09(0.968)     45.3/ 0.27(0.982)  -0.086    0  <-V2
jump_position_0421/P60_D0.75_P60_D2 2     60/2.00     37.1/ 1.06(0.940)     54.1/ 1.59(0.992)  +0.015   60  <-V2
jump_position_0421/P70_D0.75_P70_D2 1     70/0.75     44.5/ 0.09(0.954)     51.4/ 0.28(0.975)  -0.087    0  <-V2
jump_position_0421/P70_D0.75_P70_D2 2     70/2.00     41.2/ 1.00(0.944)     61.3/ 1.52(0.989)  +0.023   52  <-V2
jump_position_0421/P80_D0.75_P80_D2 1     80/0.75     48.5/ 0.07(0.967)     54.8/ 0.22(0.979)  -0.076    0  <-V2
jump_position_0421/P80_D0.75_P80_D2 2     80/2.00     52.3/ 1.12(0.955)     71.4/ 1.53(0.988)  -0.004   66  <-V2
jump_position_0421/P90_D0.75_P90_D2 1     90/0.75     51.5/ 0.09(0.940)     60.0/ 0.25(0.963)  -0.078    0  <-V2
jump_position_0421/P90_D0.75_P90_D2 2     90/2.00     57.1/ 1.07(0.952)     79.1/ 1.47(0.989)  -0.002   63  <-V2
jump_position_0421/P100_D0.75_P100_D2 1    100/0.75     57.4/ 0.09(0.920)     67.1/ 0.26(0.946)  -0.095    0  <-V2
jump_position_0421/P100_D0.75_P100_D2 2    100/2.00     62.9/ 1.04(0.955)     85.9/ 1.39(0.987)  +0.015   62  <-V2
jump_position_0421/P200_D1.5_P200_D4 1    200/1.50     71.1/ 0.16(0.634)    110.9/ 0.68(0.786)  -0.260    0  <-V2
jump_position_0421/P200_D1.5_P200_D4 2    200/4.00     51.7/ 1.05(0.507)    139.5/ 2.70(0.884)  +0.475   23  <-V2
jump_0424/60_0.75_60_2       1     60/0.75     51.6/ 0.21(0.970)     61.0/ 0.25(0.992)  -0.082    0  <-V2
jump_0424/60_0.75_60_2       2     60/2.00     62.2/ 1.17(0.820)     89.3/ 1.61(0.849)  -0.116   64  <-V2
jump_0424/60_1.5_60_1.5      1     60/1.50     53.8/ 0.57(0.924)     77.1/ 0.62(0.919)  -0.158    0  <-V1
jump_0424/60_1.5_60_1.5      2     60/1.50     60.1/ 0.92(0.938)     80.9/ 1.17(0.963)  -0.114   59  <-V2
jump_0424/90_0.75_90_2       1     90/0.75     64.8/ 0.12(0.933)     74.2/ 0.15(0.955)  -0.071    0  <-V2
jump_0424/90_0.75_90_2       2     90/2.00     90.3/ 0.79(0.899)    110.3/ 0.94(0.956)  +0.034   79  <-V2
jump_0424/120_2_120_2        1    120/2.00     84.0/ 0.47(0.751)    123.0/ 0.45(0.942)  -0.240    0  <-V2
jump_0424/120_2_120_2        2    120/2.00    107.4/ 0.58(0.847)    131.0/ 0.67(0.941)  +0.209   68  <-V2
jump_0424/120_2.2_150_2.5    1    120/2.20     83.2/ 0.51(0.685)    124.1/ 0.47(0.933)  -0.267    0  <-V2
jump_0424/120_2.2_150_2.5    2    150/2.50    123.7/ 0.61(0.772)    157.7/ 0.67(0.900)  +0.272   64  <-V2
jump_0424/120_2.2_200_2.8    1    120/2.20     74.2/ 0.52(0.692)    122.4/ 0.45(0.939)  -0.255    0  <-V2
jump_0424/120_2.2_200_2.8    2    200/2.80    149.4/ 0.59(0.505)    193.5/ 0.66(0.781)  +0.430   79  <-V2
jump_0424/150_2.2_250_3      1    150/2.20     76.4/ 0.53(0.596)    144.9/ 0.49(0.918)  -0.269    0  <-V2
jump_0424/150_2.2_250_3      2    250/3.00    163.9/ 0.55(0.556)    222.9/ 0.62(0.776)  +0.493   63  <-V2
jump_0424/150_2.2_350_3.5    1    150/2.20     67.8/ 0.56(0.582)    143.3/ 0.48(0.904)  -0.255    0  <-V2
jump_0424/150_2.2_350_3.5    2    350/3.50    197.6/ 0.56(0.402)    277.8/ 0.66(0.644)  +0.563   57  <-V2
jump_0424/150_2.2_500_4      1    150/2.20     72.8/ 0.50(0.636)    140.8/ 0.47(0.933)  -0.274    0  <-V2
jump_0424/150_2.2_500_4      2    500/4.00    236.1/ 0.57(0.257)    330.3/ 0.64(0.459)  +0.647   58  <-V2
jump_0602/60_0.75_60_2       1     60/0.75     54.0/ 0.22(0.952)     65.9/ 0.39(0.970)  -0.296    0  <-V2
jump_0602/60_0.75_60_2       2     60/2.00     58.0/ 1.52(0.941)     98.7/ 2.62(0.925)  -0.085   61  <-V1
jump_0602/60_1.5_60_1.5      1     60/1.50     53.8/ 0.79(0.959)     84.7/ 1.06(0.888)  -0.294    3  <-V1
jump_0602/60_1.5_60_1.5      2     60/1.50     56.4/ 1.11(0.992)     81.5/ 1.63(0.928)  -0.019   60  <-V1
jump_0602/90_0.75_90_2       1     90/0.75     74.7/ 0.08(0.966)     82.0/ 0.17(0.978)  -0.209    0  <-V2
jump_0602/90_0.75_90_2       2     90/2.00     86.5/ 1.38(0.949)    131.8/ 2.03(0.974)  -0.109   66  <-V2
jump_0602/120_2_120_2        1    120/2.00     94.5/ 0.34(0.789)    129.9/ 0.54(0.916)  -0.527    0  <-V2
jump_0602/120_2_120_2        2    120/2.00    116.6/ 1.14(0.953)    158.6/ 1.43(0.982)  -0.128   66  <-V2
jump_0602/150_2.2_250_3      1    150/2.20    108.1/ 0.45(0.735)    156.8/ 0.59(0.938)  -0.552    0  <-V2
jump_0602/150_2.2_250_3      2    250/3.00    233.7/ 0.06(0.949)    236.4/ 0.04(0.947)  +0.127   84  <-V1
jump_0602/150_2.2_500_5      1    150/2.20    111.1/ 0.43(0.727)    157.3/ 0.56(0.930)  -0.506    3  <-V2
jump_0602/150_2.2_500_5      2    500/5.00    177.8/-0.09(0.599)    166.6/-0.07(0.601)  +0.406   69  <-V2
saved p10_pdlaw.json
warm-start from previous mshoot best
warm-start from previous fourbar best
x0: CL 0.3784 | ModeA w_0421=2586 w_0424=3557 w_0602=2476 fs_0424=1045 fs_0602=423 habs=0 | 0429 66.4
x0 J = 1.0000 (정의상 1.0)
trial                        jt      label              V1 kp/kd(R2)              V2 kp/kd(R2)  cff  sat
jump_0324/P40_D0.7           1     40/0.70     90.3/-1.01(0.321)     54.5/-0.87(0.931)  +0.880    0  <-V2
jump_0324/P40_D0.7           2     40/0.70     62.4/-0.11(-0.069)     62.2/ 0.00(-0.098)  +1.009   24  <-V1
jump_0324/P60_D1.5           1     60/1.50     26.2/-0.41(-0.205)     53.5/-0.80(0.885)  +0.819    0  <-V2
jump_0324/P60_D1.5           2     60/1.50    106.3/-0.58(-0.269)     86.6/-0.42(-0.291)  +1.171   11  <-V1
jump_0324/P100_D3            1    100/3.00     49.8/-0.51(0.494)     65.7/-0.61(0.892)  +0.585    0  <-V2
jump_0324/P100_D3            2    100/3.00    121.3/-0.89(-1.097)     89.7/-0.72(-0.431)  +1.335   19  <-V2
jump_position_0421/P60_D0.75_P60_D2 1     60/0.75     39.7/ 0.09(0.968)     45.3/ 0.27(0.982)  -0.086    0  <-V2
jump_position_0421/P60_D0.75_P60_D2 2     60/2.00     37.1/ 1.06(0.940)     54.1/ 1.59(0.992)  +0.015   60  <-V2
trial                        jt      label              V1 kp/kd(R2)              V2 kp/kd(R2)  cff  sat
jump_0324/P40_D0.7           1     40/0.70     90.3/-1.01(0.321)     54.5/-0.87(0.931)  +0.880    0  <-V2
jump_position_0421/P70_D0.75_P70_D2 1     70/0.75     44.5/ 0.09(0.954)     51.4/ 0.28(0.975)  -0.087    0  <-V2
jump_0324/P40_D0.7           2     40/0.70     62.4/-0.11(-0.069)     62.2/ 0.00(-0.098)  +1.009   24  <-V1
jump_position_0421/P70_D0.75_P70_D2 2     70/2.00     41.2/ 1.00(0.944)     61.3/ 1.52(0.989)  +0.023   52  <-V2
jump_0324/P60_D1.5           1     60/1.50     26.2/-0.41(-0.205)     53.5/-0.80(0.885)  +0.819    0  <-V2
jump_position_0421/P80_D0.75_P80_D2 1     80/0.75     48.5/ 0.07(0.967)     54.8/ 0.22(0.979)  -0.076    0  <-V2
jump_0324/P60_D1.5           2     60/1.50    106.3/-0.58(-0.269)     86.6/-0.42(-0.291)  +1.171   11  <-V1
jump_position_0421/P80_D0.75_P80_D2 2     80/2.00     52.3/ 1.12(0.955)     71.4/ 1.53(0.988)  -0.004   66  <-V2
jump_0324/P100_D3            1    100/3.00     49.8/-0.51(0.494)     65.7/-0.61(0.892)  +0.585    0  <-V2
jump_position_0421/P90_D0.75_P90_D2 1     90/0.75     51.5/ 0.09(0.940)     60.0/ 0.25(0.963)  -0.078    0  <-V2
jump_0324/P100_D3            2    100/3.00    121.3/-0.89(-1.097)     89.7/-0.72(-0.431)  +1.335   19  <-V2
jump_position_0421/P90_D0.75_P90_D2 2     90/2.00     57.1/ 1.07(0.952)     79.1/ 1.47(0.989)  -0.002   63  <-V2
jump_position_0421/P60_D0.75_P60_D2 1     60/0.75     39.7/ 0.09(0.968)     45.3/ 0.27(0.982)  -0.086    0  <-V2
jump_position_0421/P100_D0.75_P100_D2 1    100/0.75     57.4/ 0.09(0.920)     67.1/ 0.26(0.946)  -0.095    0  <-V2
jump_position_0421/P60_D0.75_P60_D2 2     60/2.00     37.1/ 1.06(0.940)     54.1/ 1.59(0.992)  +0.015   60  <-V2
trial                        jt      label              V1 kp/kd(R2)              V2 kp/kd(R2)  cff  sat
jump_0324/P40_D0.7           1     40/0.70     90.3/-1.01(0.321)     54.5/-0.87(0.931)  +0.880    0  <-V2
jump_position_0421/P100_D0.75_P100_D2 2    100/2.00     62.9/ 1.04(0.955)     85.9/ 1.39(0.987)  +0.015   62  <-V2
jump_0324/P40_D0.7           2     40/0.70     62.4/-0.11(-0.069)     62.2/ 0.00(-0.098)  +1.009   24  <-V1
jump_position_0421/P70_D0.75_P70_D2 1     70/0.75     44.5/ 0.09(0.954)     51.4/ 0.28(0.975)  -0.087    0  <-V2
jump_0324/P60_D1.5           1     60/1.50     26.2/-0.41(-0.205)     53.5/-0.80(0.885)  +0.819    0  <-V2
jump_position_0421/P70_D0.75_P70_D2 2     70/2.00     41.2/ 1.00(0.944)     61.3/ 1.52(0.989)  +0.023   52  <-V2
jump_0324/P60_D1.5           2     60/1.50    106.3/-0.58(-0.269)     86.6/-0.42(-0.291)  +1.171   11  <-V1
jump_position_0421/P80_D0.75_P80_D2 1     80/0.75     48.5/ 0.07(0.967)     54.8/ 0.22(0.979)  -0.076    0  <-V2
jump_0324/P100_D3            1    100/3.00     49.8/-0.51(0.494)     65.7/-0.61(0.892)  +0.585    0  <-V2
jump_position_0421/P200_D1.5_P200_D4 1    200/1.50     71.1/ 0.16(0.634)    110.9/ 0.68(0.786)  -0.260    0  <-V2
jump_position_0421/P80_D0.75_P80_D2 2     80/2.00     52.3/ 1.12(0.955)     71.4/ 1.53(0.988)  -0.004   66  <-V2
jump_position_0421/P200_D1.5_P200_D4 2    200/4.00     51.7/ 1.05(0.507)    139.5/ 2.70(0.884)  +0.475   23  <-V2
jump_0324/P100_D3            2    100/3.00    121.3/-0.89(-1.097)     89.7/-0.72(-0.431)  +1.335   19  <-V2
jump_position_0421/P90_D0.75_P90_D2 1     90/0.75     51.5/ 0.09(0.940)     60.0/ 0.25(0.963)  -0.078    0  <-V2
jump_position_0421/P60_D0.75_P60_D2 1     60/0.75     39.7/ 0.09(0.968)     45.3/ 0.27(0.982)  -0.086    0  <-V2
jump_0424/60_0.75_60_2       1     60/0.75     51.6/ 0.21(0.970)     61.0/ 0.25(0.992)  -0.082    0  <-V2
jump_position_0421/P90_D0.75_P90_D2 2     90/2.00     57.1/ 1.07(0.952)     79.1/ 1.47(0.989)  -0.002   63  <-V2
jump_0424/60_0.75_60_2       2     60/2.00     62.2/ 1.17(0.820)     89.3/ 1.61(0.849)  -0.116   64  <-V2
jump_position_0421/P60_D0.75_P60_D2 2     60/2.00     37.1/ 1.06(0.940)     54.1/ 1.59(0.992)  +0.015   60  <-V2
jump_position_0421/P100_D0.75_P100_D2 1    100/0.75     57.4/ 0.09(0.920)     67.1/ 0.26(0.946)  -0.095    0  <-V2
jump_0424/60_1.5_60_1.5      1     60/1.50     53.8/ 0.57(0.924)     77.1/ 0.62(0.919)  -0.158    0  <-V1
trial                        jt      label              V1 kp/kd(R2)              V2 kp/kd(R2)  cff  sat
jump_0324/P40_D0.7           1     40/0.70     90.3/-1.01(0.321)     54.5/-0.87(0.931)  +0.880    0  <-V2
jump_position_0421/P70_D0.75_P70_D2 1     70/0.75     44.5/ 0.09(0.954)     51.4/ 0.28(0.975)  -0.087    0  <-V2
jump_position_0421/P100_D0.75_P100_D2 2    100/2.00     62.9/ 1.04(0.955)     85.9/ 1.39(0.987)  +0.015   62  <-V2
jump_0324/P40_D0.7           2     40/0.70     62.4/-0.11(-0.069)     62.2/ 0.00(-0.098)  +1.009   24  <-V1
jump_0424/60_1.5_60_1.5      2     60/1.50     60.1/ 0.92(0.938)     80.9/ 1.17(0.963)  -0.114   59  <-V2
jump_position_0421/P70_D0.75_P70_D2 2     70/2.00     41.2/ 1.00(0.944)     61.3/ 1.52(0.989)  +0.023   52  <-V2
jump_0324/P60_D1.5           1     60/1.50     26.2/-0.41(-0.205)     53.5/-0.80(0.885)  +0.819    0  <-V2
jump_0424/90_0.75_90_2       1     90/0.75     64.8/ 0.12(0.933)     74.2/ 0.15(0.955)  -0.071    0  <-V2
jump_position_0421/P80_D0.75_P80_D2 1     80/0.75     48.5/ 0.07(0.967)     54.8/ 0.22(0.979)  -0.076    0  <-V2
jump_0424/90_0.75_90_2       2     90/2.00     90.3/ 0.79(0.899)    110.3/ 0.94(0.956)  +0.034   79  <-V2
jump_0324/P60_D1.5           2     60/1.50    106.3/-0.58(-0.269)     86.6/-0.42(-0.291)  +1.171   11  <-V1
jump_position_0421/P200_D1.5_P200_D4 1    200/1.50     71.1/ 0.16(0.634)    110.9/ 0.68(0.786)  -0.260    0  <-V2
jump_position_0421/P80_D0.75_P80_D2 2     80/2.00     52.3/ 1.12(0.955)     71.4/ 1.53(0.988)  -0.004   66  <-V2
jump_0424/120_2_120_2        1    120/2.00     84.0/ 0.47(0.751)    123.0/ 0.45(0.942)  -0.240    0  <-V2
jump_0324/P100_D3            1    100/3.00     49.8/-0.51(0.494)     65.7/-0.61(0.892)  +0.585    0  <-V2
jump_position_0421/P200_D1.5_P200_D4 2    200/4.00     51.7/ 1.05(0.507)    139.5/ 2.70(0.884)  +0.475   23  <-V2
jump_position_0421/P90_D0.75_P90_D2 1     90/0.75     51.5/ 0.09(0.940)     60.0/ 0.25(0.963)  -0.078    0  <-V2
jump_0424/120_2_120_2        2    120/2.00    107.4/ 0.58(0.847)    131.0/ 0.67(0.941)  +0.209   68  <-V2
jump_0324/P100_D3            2    100/3.00    121.3/-0.89(-1.097)     89.7/-0.72(-0.431)  +1.335   19  <-V2
jump_position_0421/P90_D0.75_P90_D2 2     90/2.00     57.1/ 1.07(0.952)     79.1/ 1.47(0.989)  -0.002   63  <-V2
jump_0424/60_0.75_60_2       1     60/0.75     51.6/ 0.21(0.970)     61.0/ 0.25(0.992)  -0.082    0  <-V2
jump_0424/120_2.2_150_2.5    1    120/2.20     83.2/ 0.51(0.685)    124.1/ 0.47(0.933)  -0.267    0  <-V2
jump_position_0421/P60_D0.75_P60_D2 1     60/0.75     39.7/ 0.09(0.968)     45.3/ 0.27(0.982)  -0.086    0  <-V2
jump_0424/60_0.75_60_2       2     60/2.00     62.2/ 1.17(0.820)     89.3/ 1.61(0.849)  -0.116   64  <-V2
jump_position_0421/P100_D0.75_P100_D2 1    100/0.75     57.4/ 0.09(0.920)     67.1/ 0.26(0.946)  -0.095    0  <-V2
jump_0424/120_2.2_150_2.5    2    150/2.50    123.7/ 0.61(0.772)    157.7/ 0.67(0.900)  +0.272   64  <-V2
jump_position_0421/P60_D0.75_P60_D2 2     60/2.00     37.1/ 1.06(0.940)     54.1/ 1.59(0.992)  +0.015   60  <-V2
jump_0424/60_1.5_60_1.5      1     60/1.50     53.8/ 0.57(0.924)     77.1/ 0.62(0.919)  -0.158    0  <-V1
jump_position_0421/P100_D0.75_P100_D2 2    100/2.00     62.9/ 1.04(0.955)     85.9/ 1.39(0.987)  +0.015   62  <-V2
jump_position_0421/P70_D0.75_P70_D2 1     70/0.75     44.5/ 0.09(0.954)     51.4/ 0.28(0.975)  -0.087    0  <-V2
jump_0424/120_2.2_200_2.8    1    120/2.20     74.2/ 0.52(0.692)    122.4/ 0.45(0.939)  -0.255    0  <-V2
jump_0424/60_1.5_60_1.5      2     60/1.50     60.1/ 0.92(0.938)     80.9/ 1.17(0.963)  -0.114   59  <-V2
jump_position_0421/P70_D0.75_P70_D2 2     70/2.00     41.2/ 1.00(0.944)     61.3/ 1.52(0.989)  +0.023   52  <-V2
trial                        jt      label              V1 kp/kd(R2)              V2 kp/kd(R2)  cff  sat
jump_0324/P40_D0.7           1     40/0.70     90.3/-1.01(0.321)     54.5/-0.87(0.931)  +0.880    0  <-V2
jump_0424/120_2.2_200_2.8    2    200/2.80    149.4/ 0.59(0.505)    193.5/ 0.66(0.781)  +0.430   79  <-V2
jump_0424/90_0.75_90_2       1     90/0.75     64.8/ 0.12(0.933)     74.2/ 0.15(0.955)  -0.071    0  <-V2
jump_position_0421/P80_D0.75_P80_D2 1     80/0.75     48.5/ 0.07(0.967)     54.8/ 0.22(0.979)  -0.076    0  <-V2
jump_0324/P40_D0.7           2     40/0.70     62.4/-0.11(-0.069)     62.2/ 0.00(-0.098)  +1.009   24  <-V1
jump_0424/150_2.2_250_3      1    150/2.20     76.4/ 0.53(0.596)    144.9/ 0.49(0.918)  -0.269    0  <-V2
jump_position_0421/P200_D1.5_P200_D4 1    200/1.50     71.1/ 0.16(0.634)    110.9/ 0.68(0.786)  -0.260    0  <-V2
jump_0424/90_0.75_90_2       2     90/2.00     90.3/ 0.79(0.899)    110.3/ 0.94(0.956)  +0.034   79  <-V2
jump_0424/150_2.2_250_3      2    250/3.00    163.9/ 0.55(0.556)    222.9/ 0.62(0.776)  +0.493   63  <-V2
jump_0324/P60_D1.5           1     60/1.50     26.2/-0.41(-0.205)     53.5/-0.80(0.885)  +0.819    0  <-V2
jump_position_0421/P80_D0.75_P80_D2 2     80/2.00     52.3/ 1.12(0.955)     71.4/ 1.53(0.988)  -0.004   66  <-V2
jump_position_0421/P200_D1.5_P200_D4 2    200/4.00     51.7/ 1.05(0.507)    139.5/ 2.70(0.884)  +0.475   23  <-V2
jump_0424/120_2_120_2        1    120/2.00     84.0/ 0.47(0.751)    123.0/ 0.45(0.942)  -0.240    0  <-V2
jump_0424/150_2.2_350_3.5    1    150/2.20     67.8/ 0.56(0.582)    143.3/ 0.48(0.904)  -0.255    0  <-V2
jump_0324/P60_D1.5           2     60/1.50    106.3/-0.58(-0.269)     86.6/-0.42(-0.291)  +1.171   11  <-V1
jump_position_0421/P90_D0.75_P90_D2 1     90/0.75     51.5/ 0.09(0.940)     60.0/ 0.25(0.963)  -0.078    0  <-V2
jump_0424/60_0.75_60_2       1     60/0.75     51.6/ 0.21(0.970)     61.0/ 0.25(0.992)  -0.082    0  <-V2
jump_0424/120_2_120_2        2    120/2.00    107.4/ 0.58(0.847)    131.0/ 0.67(0.941)  +0.209   68  <-V2
jump_0424/150_2.2_350_3.5    2    350/3.50    197.6/ 0.56(0.402)    277.8/ 0.66(0.644)  +0.563   57  <-V2
jump_position_0421/P90_D0.75_P90_D2 2     90/2.00     57.1/ 1.07(0.952)     79.1/ 1.47(0.989)  -0.002   63  <-V2
jump_0424/60_0.75_60_2       2     60/2.00     62.2/ 1.17(0.820)     89.3/ 1.61(0.849)  -0.116   64  <-V2
jump_0324/P100_D3            1    100/3.00     49.8/-0.51(0.494)     65.7/-0.61(0.892)  +0.585    0  <-V2
jump_0424/120_2.2_150_2.5    1    120/2.20     83.2/ 0.51(0.685)    124.1/ 0.47(0.933)  -0.267    0  <-V2
jump_0424/150_2.2_500_4      1    150/2.20     72.8/ 0.50(0.636)    140.8/ 0.47(0.933)  -0.274    0  <-V2
jump_position_0421/P100_D0.75_P100_D2 1    100/0.75     57.4/ 0.09(0.920)     67.1/ 0.26(0.946)  -0.095    0  <-V2
jump_0424/60_1.5_60_1.5      1     60/1.50     53.8/ 0.57(0.924)     77.1/ 0.62(0.919)  -0.158    0  <-V1
jump_0324/P100_D3            2    100/3.00    121.3/-0.89(-1.097)     89.7/-0.72(-0.431)  +1.335   19  <-V2
jump_0424/120_2.2_150_2.5    2    150/2.50    123.7/ 0.61(0.772)    157.7/ 0.67(0.900)  +0.272   64  <-V2
jump_0424/150_2.2_500_4      2    500/4.00    236.1/ 0.57(0.257)    330.3/ 0.64(0.459)  +0.647   58  <-V2
jump_position_0421/P100_D0.75_P100_D2 2    100/2.00     62.9/ 1.04(0.955)     85.9/ 1.39(0.987)  +0.015   62  <-V2
jump_0424/60_1.5_60_1.5      2     60/1.50     60.1/ 0.92(0.938)     80.9/ 1.17(0.963)  -0.114   59  <-V2
jump_0424/120_2.2_200_2.8    1    120/2.20     74.2/ 0.52(0.692)    122.4/ 0.45(0.939)  -0.255    0  <-V2
jump_position_0421/P60_D0.75_P60_D2 1     60/0.75     39.7/ 0.09(0.968)     45.3/ 0.27(0.982)  -0.086    0  <-V2
jump_0602/60_0.75_60_2       1     60/0.75     54.0/ 0.22(0.952)     65.9/ 0.39(0.970)  -0.296    0  <-V2
trial                        jt      label              V1 kp/kd(R2)              V2 kp/kd(R2)  cff  sat
jump_0324/P40_D0.7           1     40/0.70     90.3/-1.01(0.321)     54.5/-0.87(0.931)  +0.880    0  <-V2
jump_0424/90_0.75_90_2       1     90/0.75     64.8/ 0.12(0.933)     74.2/ 0.15(0.955)  -0.071    0  <-V2
jump_0424/120_2.2_200_2.8    2    200/2.80    149.4/ 0.59(0.505)    193.5/ 0.66(0.781)  +0.430   79  <-V2
jump_position_0421/P60_D0.75_P60_D2 2     60/2.00     37.1/ 1.06(0.940)     54.1/ 1.59(0.992)  +0.015   60  <-V2
jump_0602/60_0.75_60_2       2     60/2.00     58.0/ 1.52(0.941)     98.7/ 2.62(0.925)  -0.085   61  <-V1
jump_0324/P40_D0.7           2     40/0.70     62.4/-0.11(-0.069)     62.2/ 0.00(-0.098)  +1.009   24  <-V1
jump_0424/90_0.75_90_2       2     90/2.00     90.3/ 0.79(0.899)    110.3/ 0.94(0.956)  +0.034   79  <-V2
jump_0424/150_2.2_250_3      1    150/2.20     76.4/ 0.53(0.596)    144.9/ 0.49(0.918)  -0.269    0  <-V2
jump_position_0421/P70_D0.75_P70_D2 1     70/0.75     44.5/ 0.09(0.954)     51.4/ 0.28(0.975)  -0.087    0  <-V2
jump_0424/120_2_120_2        1    120/2.00     84.0/ 0.47(0.751)    123.0/ 0.45(0.942)  -0.240    0  <-V2
jump_0602/60_1.5_60_1.5      1     60/1.50     53.8/ 0.79(0.959)     84.7/ 1.06(0.888)  -0.294    3  <-V1
jump_0324/P60_D1.5           1     60/1.50     26.2/-0.41(-0.205)     53.5/-0.80(0.885)  +0.819    0  <-V2
jump_position_0421/P200_D1.5_P200_D4 1    200/1.50     71.1/ 0.16(0.634)    110.9/ 0.68(0.786)  -0.260    0  <-V2
jump_0424/150_2.2_250_3      2    250/3.00    163.9/ 0.55(0.556)    222.9/ 0.62(0.776)  +0.493   63  <-V2
jump_position_0421/P70_D0.75_P70_D2 2     70/2.00     41.2/ 1.00(0.944)     61.3/ 1.52(0.989)  +0.023   52  <-V2
jump_0324/P60_D1.5           2     60/1.50    106.3/-0.58(-0.269)     86.6/-0.42(-0.291)  +1.171   11  <-V1
jump_0602/60_1.5_60_1.5      2     60/1.50     56.4/ 1.11(0.992)     81.5/ 1.63(0.928)  -0.019   60  <-V1
jump_0424/120_2_120_2        2    120/2.00    107.4/ 0.58(0.847)    131.0/ 0.67(0.941)  +0.209   68  <-V2
jump_position_0421/P200_D1.5_P200_D4 2    200/4.00     51.7/ 1.05(0.507)    139.5/ 2.70(0.884)  +0.475   23  <-V2
jump_0424/150_2.2_350_3.5    1    150/2.20     67.8/ 0.56(0.582)    143.3/ 0.48(0.904)  -0.255    0  <-V2
jump_0324/P100_D3            1    100/3.00     49.8/-0.51(0.494)     65.7/-0.61(0.892)  +0.585    0  <-V2
jump_position_0421/P80_D0.75_P80_D2 1     80/0.75     48.5/ 0.07(0.967)     54.8/ 0.22(0.979)  -0.076    0  <-V2
jump_0424/120_2.2_150_2.5    1    120/2.20     83.2/ 0.51(0.685)    124.1/ 0.47(0.933)  -0.267    0  <-V2
jump_0602/90_0.75_90_2       1     90/0.75     74.7/ 0.08(0.966)     82.0/ 0.17(0.978)  -0.209    0  <-V2
jump_0424/60_0.75_60_2       1     60/0.75     51.6/ 0.21(0.970)     61.0/ 0.25(0.992)  -0.082    0  <-V2
jump_0424/150_2.2_350_3.5    2    350/3.50    197.6/ 0.56(0.402)    277.8/ 0.66(0.644)  +0.563   57  <-V2
jump_0324/P100_D3            2    100/3.00    121.3/-0.89(-1.097)     89.7/-0.72(-0.431)  +1.335   19  <-V2
jump_position_0421/P80_D0.75_P80_D2 2     80/2.00     52.3/ 1.12(0.955)     71.4/ 1.53(0.988)  -0.004   66  <-V2
jump_0424/120_2.2_150_2.5    2    150/2.50    123.7/ 0.61(0.772)    157.7/ 0.67(0.900)  +0.272   64  <-V2
jump_0424/60_0.75_60_2       2     60/2.00     62.2/ 1.17(0.820)     89.3/ 1.61(0.849)  -0.116   64  <-V2
jump_0602/90_0.75_90_2       2     90/2.00     86.5/ 1.38(0.949)    131.8/ 2.03(0.974)  -0.109   66  <-V2
jump_0424/150_2.2_500_4      1    150/2.20     72.8/ 0.50(0.636)    140.8/ 0.47(0.933)  -0.274    0  <-V2
jump_position_0421/P90_D0.75_P90_D2 1     90/0.75     51.5/ 0.09(0.940)     60.0/ 0.25(0.963)  -0.078    0  <-V2
jump_0424/120_2.2_200_2.8    1    120/2.20     74.2/ 0.52(0.692)    122.4/ 0.45(0.939)  -0.255    0  <-V2
jump_position_0421/P60_D0.75_P60_D2 1     60/0.75     39.7/ 0.09(0.968)     45.3/ 0.27(0.982)  -0.086    0  <-V2
jump_0424/60_1.5_60_1.5      1     60/1.50     53.8/ 0.57(0.924)     77.1/ 0.62(0.919)  -0.158    0  <-V1
jump_0602/120_2_120_2        1    120/2.00     94.5/ 0.34(0.789)    129.9/ 0.54(0.916)  -0.527    0  <-V2
jump_0424/150_2.2_500_4      2    500/4.00    236.1/ 0.57(0.257)    330.3/ 0.64(0.459)  +0.647   58  <-V2
jump_0424/120_2.2_200_2.8    2    200/2.80    149.4/ 0.59(0.505)    193.5/ 0.66(0.781)  +0.430   79  <-V2
jump_position_0421/P90_D0.75_P90_D2 2     90/2.00     57.1/ 1.07(0.952)     79.1/ 1.47(0.989)  -0.002   63  <-V2
jump_position_0421/P60_D0.75_P60_D2 2     60/2.00     37.1/ 1.06(0.940)     54.1/ 1.59(0.992)  +0.015   60  <-V2
jump_0424/60_1.5_60_1.5      2     60/1.50     60.1/ 0.92(0.938)     80.9/ 1.17(0.963)  -0.114   59  <-V2
jump_0602/60_0.75_60_2       1     60/0.75     54.0/ 0.22(0.952)     65.9/ 0.39(0.970)  -0.296    0  <-V2
trial                        jt      label              V1 kp/kd(R2)              V2 kp/kd(R2)  cff  sat
jump_0324/P40_D0.7           1     40/0.70     90.3/-1.01(0.321)     54.5/-0.87(0.931)  +0.880    0  <-V2
jump_0602/120_2_120_2        2    120/2.00    116.6/ 1.14(0.953)    158.6/ 1.43(0.982)  -0.128   66  <-V2
jump_0424/150_2.2_250_3      1    150/2.20     76.4/ 0.53(0.596)    144.9/ 0.49(0.918)  -0.269    0  <-V2
jump_position_0421/P100_D0.75_P100_D2 1    100/0.75     57.4/ 0.09(0.920)     67.1/ 0.26(0.946)  -0.095    0  <-V2
jump_0424/90_0.75_90_2       1     90/0.75     64.8/ 0.12(0.933)     74.2/ 0.15(0.955)  -0.071    0  <-V2
jump_position_0421/P70_D0.75_P70_D2 1     70/0.75     44.5/ 0.09(0.954)     51.4/ 0.28(0.975)  -0.087    0  <-V2
jump_0324/P40_D0.7           2     40/0.70     62.4/-0.11(-0.069)     62.2/ 0.00(-0.098)  +1.009   24  <-V1
jump_0602/150_2.2_250_3      1    150/2.20    108.1/ 0.45(0.735)    156.8/ 0.59(0.938)  -0.552    0  <-V2
jump_0602/60_0.75_60_2       2     60/2.00     58.0/ 1.52(0.941)     98.7/ 2.62(0.925)  -0.085   61  <-V1
jump_0424/150_2.2_250_3      2    250/3.00    163.9/ 0.55(0.556)    222.9/ 0.62(0.776)  +0.493   63  <-V2
jump_position_0421/P100_D0.75_P100_D2 2    100/2.00     62.9/ 1.04(0.955)     85.9/ 1.39(0.987)  +0.015   62  <-V2
jump_0424/90_0.75_90_2       2     90/2.00     90.3/ 0.79(0.899)    110.3/ 0.94(0.956)  +0.034   79  <-V2
jump_0324/P60_D1.5           1     60/1.50     26.2/-0.41(-0.205)     53.5/-0.80(0.885)  +0.819    0  <-V2
jump_position_0421/P70_D0.75_P70_D2 2     70/2.00     41.2/ 1.00(0.944)     61.3/ 1.52(0.989)  +0.023   52  <-V2
jump_0602/150_2.2_250_3      2    250/3.00    233.7/ 0.06(0.949)    236.4/ 0.04(0.947)  +0.127   84  <-V1
jump_0424/150_2.2_350_3.5    1    150/2.20     67.8/ 0.56(0.582)    143.3/ 0.48(0.904)  -0.255    0  <-V2
jump_0602/60_1.5_60_1.5      1     60/1.50     53.8/ 0.79(0.959)     84.7/ 1.06(0.888)  -0.294    3  <-V1
jump_0424/120_2_120_2        1    120/2.00     84.0/ 0.47(0.751)    123.0/ 0.45(0.942)  -0.240    0  <-V2
jump_0324/P60_D1.5           2     60/1.50    106.3/-0.58(-0.269)     86.6/-0.42(-0.291)  +1.171   11  <-V1
jump_position_0421/P80_D0.75_P80_D2 1     80/0.75     48.5/ 0.07(0.967)     54.8/ 0.22(0.979)  -0.076    0  <-V2
jump_0602/150_2.2_500_5      1    150/2.20    111.1/ 0.43(0.727)    157.3/ 0.56(0.930)  -0.506    3  <-V2
jump_0602/60_1.5_60_1.5      2     60/1.50     56.4/ 1.11(0.992)     81.5/ 1.63(0.928)  -0.019   60  <-V1
jump_0424/150_2.2_350_3.5    2    350/3.50    197.6/ 0.56(0.402)    277.8/ 0.66(0.644)  +0.563   57  <-V2
jump_0424/120_2_120_2        2    120/2.00    107.4/ 0.58(0.847)    131.0/ 0.67(0.941)  +0.209   68  <-V2
jump_position_0421/P80_D0.75_P80_D2 2     80/2.00     52.3/ 1.12(0.955)     71.4/ 1.53(0.988)  -0.004   66  <-V2
jump_0602/150_2.2_500_5      2    500/5.00    177.8/-0.09(0.599)    166.6/-0.07(0.601)  +0.406   69  <-V2
jump_0324/P100_D3            1    100/3.00     49.8/-0.51(0.494)     65.7/-0.61(0.892)  +0.585    0  <-V2
jump_0602/90_0.75_90_2       1     90/0.75     74.7/ 0.08(0.966)     82.0/ 0.17(0.978)  -0.209    0  <-V2
jump_position_0421/P200_D1.5_P200_D4 1    200/1.50     71.1/ 0.16(0.634)    110.9/ 0.68(0.786)  -0.260    0  <-V2
jump_0424/150_2.2_500_4      1    150/2.20     72.8/ 0.50(0.636)    140.8/ 0.47(0.933)  -0.274    0  <-V2
jump_0424/120_2.2_150_2.5    1    120/2.20     83.2/ 0.51(0.685)    124.1/ 0.47(0.933)  -0.267    0  <-V2
jump_position_0421/P90_D0.75_P90_D2 1     90/0.75     51.5/ 0.09(0.940)     60.0/ 0.25(0.963)  -0.078    0  <-V2
jump_0602/90_0.75_90_2       2     90/2.00     86.5/ 1.38(0.949)    131.8/ 2.03(0.974)  -0.109   66  <-V2
jump_0324/P100_D3            2    100/3.00    121.3/-0.89(-1.097)     89.7/-0.72(-0.431)  +1.335   19  <-V2
jump_position_0421/P200_D1.5_P200_D4 2    200/4.00     51.7/ 1.05(0.507)    139.5/ 2.70(0.884)  +0.475   23  <-V2
jump_0424/150_2.2_500_4      2    500/4.00    236.1/ 0.57(0.257)    330.3/ 0.64(0.459)  +0.647   58  <-V2
jump_0424/120_2.2_150_2.5    2    150/2.50    123.7/ 0.61(0.772)    157.7/ 0.67(0.900)  +0.272   64  <-V2
jump_position_0421/P90_D0.75_P90_D2 2     90/2.00     57.1/ 1.07(0.952)     79.1/ 1.47(0.989)  -0.002   63  <-V2
jump_position_0421/P60_D0.75_P60_D2 1     60/0.75     39.7/ 0.09(0.968)     45.3/ 0.27(0.982)  -0.086    0  <-V2
jump_0602/120_2_120_2        1    120/2.00     94.5/ 0.34(0.789)    129.9/ 0.54(0.916)  -0.527    0  <-V2
jump_0424/60_0.75_60_2       1     60/0.75     51.6/ 0.21(0.970)     61.0/ 0.25(0.992)  -0.082    0  <-V2
jump_0602/60_0.75_60_2       1     60/0.75     54.0/ 0.22(0.952)     65.9/ 0.39(0.970)  -0.296    0  <-V2
jump_0424/120_2.2_200_2.8    1    120/2.20     74.2/ 0.52(0.692)    122.4/ 0.45(0.939)  -0.255    0  <-V2
jump_position_0421/P100_D0.75_P100_D2 1    100/0.75     57.4/ 0.09(0.920)     67.1/ 0.26(0.946)  -0.095    0  <-V2
jump_position_0421/P60_D0.75_P60_D2 2     60/2.00     37.1/ 1.06(0.940)     54.1/ 1.59(0.992)  +0.015   60  <-V2
jump_0424/60_0.75_60_2       2     60/2.00     62.2/ 1.17(0.820)     89.3/ 1.61(0.849)  -0.116   64  <-V2
jump_0602/120_2_120_2        2    120/2.00    116.6/ 1.14(0.953)    158.6/ 1.43(0.982)  -0.128   66  <-V2
jump_0602/60_0.75_60_2       2     60/2.00     58.0/ 1.52(0.941)     98.7/ 2.62(0.925)  -0.085   61  <-V1
jump_0424/120_2.2_200_2.8    2    200/2.80    149.4/ 0.59(0.505)    193.5/ 0.66(0.781)  +0.430   79  <-V2
jump_0602/150_2.2_250_3      1    150/2.20    108.1/ 0.45(0.735)    156.8/ 0.59(0.938)  -0.552    0  <-V2
jump_position_0421/P100_D0.75_P100_D2 2    100/2.00     62.9/ 1.04(0.955)     85.9/ 1.39(0.987)  +0.015   62  <-V2
jump_0424/60_1.5_60_1.5      1     60/1.50     53.8/ 0.57(0.924)     77.1/ 0.62(0.919)  -0.158    0  <-V1
trial                        jt      label              V1 kp/kd(R2)              V2 kp/kd(R2)  cff  sat
jump_0324/P40_D0.7           1     40/0.70     90.3/-1.01(0.321)     54.5/-0.87(0.931)  +0.880    0  <-V2
jump_position_0421/P70_D0.75_P70_D2 1     70/0.75     44.5/ 0.09(0.954)     51.4/ 0.28(0.975)  -0.087    0  <-V2
jump_0602/60_1.5_60_1.5      1     60/1.50     53.8/ 0.79(0.959)     84.7/ 1.06(0.888)  -0.294    3  <-V1
jump_0424/150_2.2_250_3      1    150/2.20     76.4/ 0.53(0.596)    144.9/ 0.49(0.918)  -0.269    0  <-V2
jump_0602/150_2.2_250_3      2    250/3.00    233.7/ 0.06(0.949)    236.4/ 0.04(0.947)  +0.127   84  <-V1
jump_0602/60_1.5_60_1.5      2     60/1.50     56.4/ 1.11(0.992)     81.5/ 1.63(0.928)  -0.019   60  <-V1
jump_0424/60_1.5_60_1.5      2     60/1.50     60.1/ 0.92(0.938)     80.9/ 1.17(0.963)  -0.114   59  <-V2
jump_0324/P40_D0.7           2     40/0.70     62.4/-0.11(-0.069)     62.2/ 0.00(-0.098)  +1.009   24  <-V1
jump_position_0421/P70_D0.75_P70_D2 2     70/2.00     41.2/ 1.00(0.944)     61.3/ 1.52(0.989)  +0.023   52  <-V2
jump_0424/150_2.2_250_3      2    250/3.00    163.9/ 0.55(0.556)    222.9/ 0.62(0.776)  +0.493   63  <-V2
jump_0602/150_2.2_500_5      1    150/2.20    111.1/ 0.43(0.727)    157.3/ 0.56(0.930)  -0.506    3  <-V2
jump_0602/90_0.75_90_2       1     90/0.75     74.7/ 0.08(0.966)     82.0/ 0.17(0.978)  -0.209    0  <-V2
jump_0424/90_0.75_90_2       1     90/0.75     64.8/ 0.12(0.933)     74.2/ 0.15(0.955)  -0.071    0  <-V2
jump_position_0421/P80_D0.75_P80_D2 1     80/0.75     48.5/ 0.07(0.967)     54.8/ 0.22(0.979)  -0.076    0  <-V2
jump_0324/P60_D1.5           1     60/1.50     26.2/-0.41(-0.205)     53.5/-0.80(0.885)  +0.819    0  <-V2
jump_0602/90_0.75_90_2       2     90/2.00     86.5/ 1.38(0.949)    131.8/ 2.03(0.974)  -0.109   66  <-V2
jump_0424/150_2.2_350_3.5    1    150/2.20     67.8/ 0.56(0.582)    143.3/ 0.48(0.904)  -0.255    0  <-V2
jump_0602/150_2.2_500_5      2    500/5.00    177.8/-0.09(0.599)    166.6/-0.07(0.601)  +0.406   69  <-V2
jump_0424/90_0.75_90_2       2     90/2.00     90.3/ 0.79(0.899)    110.3/ 0.94(0.956)  +0.034   79  <-V2
jump_position_0421/P200_D1.5_P200_D4 1    200/1.50     71.1/ 0.16(0.634)    110.9/ 0.68(0.786)  -0.260    0  <-V2
jump_position_0421/P80_D0.75_P80_D2 2     80/2.00     52.3/ 1.12(0.955)     71.4/ 1.53(0.988)  -0.004   66  <-V2
jump_0324/P60_D1.5           2     60/1.50    106.3/-0.58(-0.269)     86.6/-0.42(-0.291)  +1.171   11  <-V1
trial                        jt      label              V1 kp/kd(R2)              V2 kp/kd(R2)  cff  sat
jump_0324/P40_D0.7           1     40/0.70     90.3/-1.01(0.321)     54.5/-0.87(0.931)  +0.880    0  <-V2
jump_0424/120_2_120_2        1    120/2.00     84.0/ 0.47(0.751)    123.0/ 0.45(0.942)  -0.240    0  <-V2
jump_0602/120_2_120_2        1    120/2.00     94.5/ 0.34(0.789)    129.9/ 0.54(0.916)  -0.527    0  <-V2
jump_position_0421/P200_D1.5_P200_D4 2    200/4.00     51.7/ 1.05(0.507)    139.5/ 2.70(0.884)  +0.475   23  <-V2
jump_0424/150_2.2_350_3.5    2    350/3.50    197.6/ 0.56(0.402)    277.8/ 0.66(0.644)  +0.563   57  <-V2
jump_position_0421/P90_D0.75_P90_D2 1     90/0.75     51.5/ 0.09(0.940)     60.0/ 0.25(0.963)  -0.078    0  <-V2
jump_0324/P100_D3            1    100/3.00     49.8/-0.51(0.494)     65.7/-0.61(0.892)  +0.585    0  <-V2
jump_0324/P40_D0.7           2     40/0.70     62.4/-0.11(-0.069)     62.2/ 0.00(-0.098)  +1.009   24  <-V1
jump_0424/120_2_120_2        2    120/2.00    107.4/ 0.58(0.847)    131.0/ 0.67(0.941)  +0.209   68  <-V2
jump_0424/60_0.75_60_2       1     60/0.75     51.6/ 0.21(0.970)     61.0/ 0.25(0.992)  -0.082    0  <-V2
jump_0602/120_2_120_2        2    120/2.00    116.6/ 1.14(0.953)    158.6/ 1.43(0.982)  -0.128   66  <-V2
jump_0424/150_2.2_500_4      1    150/2.20     72.8/ 0.50(0.636)    140.8/ 0.47(0.933)  -0.274    0  <-V2
jump_position_0421/P90_D0.75_P90_D2 2     90/2.00     57.1/ 1.07(0.952)     79.1/ 1.47(0.989)  -0.002   63  <-V2
jump_0324/P100_D3            2    100/3.00    121.3/-0.89(-1.097)     89.7/-0.72(-0.431)  +1.335   19  <-V2
jump_0324/P60_D1.5           1     60/1.50     26.2/-0.41(-0.205)     53.5/-0.80(0.885)  +0.819    0  <-V2
jump_0424/120_2.2_150_2.5    1    120/2.20     83.2/ 0.51(0.685)    124.1/ 0.47(0.933)  -0.267    0  <-V2
jump_0424/60_0.75_60_2       2     60/2.00     62.2/ 1.17(0.820)     89.3/ 1.61(0.849)  -0.116   64  <-V2
jump_0602/150_2.2_250_3      1    150/2.20    108.1/ 0.45(0.735)    156.8/ 0.59(0.938)  -0.552    0  <-V2
jump_0424/150_2.2_500_4      2    500/4.00    236.1/ 0.57(0.257)    330.3/ 0.64(0.459)  +0.647   58  <-V2
jump_position_0421/P100_D0.75_P100_D2 1    100/0.75     57.4/ 0.09(0.920)     67.1/ 0.26(0.946)  -0.095    0  <-V2
jump_position_0421/P60_D0.75_P60_D2 1     60/0.75     39.7/ 0.09(0.968)     45.3/ 0.27(0.982)  -0.086    0  <-V2
jump_0324/P60_D1.5           2     60/1.50    106.3/-0.58(-0.269)     86.6/-0.42(-0.291)  +1.171   11  <-V1
jump_0424/120_2.2_150_2.5    2    150/2.50    123.7/ 0.61(0.772)    157.7/ 0.67(0.900)  +0.272   64  <-V2
jump_0602/150_2.2_250_3      2    250/3.00    233.7/ 0.06(0.949)    236.4/ 0.04(0.947)  +0.127   84  <-V1
jump_0424/60_1.5_60_1.5      1     60/1.50     53.8/ 0.57(0.924)     77.1/ 0.62(0.919)  -0.158    0  <-V1
jump_0602/60_0.75_60_2       1     60/0.75     54.0/ 0.22(0.952)     65.9/ 0.39(0.970)  -0.296    0  <-V2
jump_position_0421/P60_D0.75_P60_D2 2     60/2.00     37.1/ 1.06(0.940)     54.1/ 1.59(0.992)  +0.015   60  <-V2
jump_0324/P100_D3            1    100/3.00     49.8/-0.51(0.494)     65.7/-0.61(0.892)  +0.585    0  <-V2
jump_position_0421/P100_D0.75_P100_D2 2    100/2.00     62.9/ 1.04(0.955)     85.9/ 1.39(0.987)  +0.015   62  <-V2
jump_0602/150_2.2_500_5      1    150/2.20    111.1/ 0.43(0.727)    157.3/ 0.56(0.930)  -0.506    3  <-V2
jump_0424/120_2.2_200_2.8    1    120/2.20     74.2/ 0.52(0.692)    122.4/ 0.45(0.939)  -0.255    0  <-V2
jump_0602/60_0.75_60_2       2     60/2.00     58.0/ 1.52(0.941)     98.7/ 2.62(0.925)  -0.085   61  <-V1
jump_0424/60_1.5_60_1.5      2     60/1.50     60.1/ 0.92(0.938)     80.9/ 1.17(0.963)  -0.114   59  <-V2
jump_position_0421/P70_D0.75_P70_D2 1     70/0.75     44.5/ 0.09(0.954)     51.4/ 0.28(0.975)  -0.087    0  <-V2
jump_0324/P100_D3            2    100/3.00    121.3/-0.89(-1.097)     89.7/-0.72(-0.431)  +1.335   19  <-V2
jump_0602/150_2.2_500_5      2    500/5.00    177.8/-0.09(0.599)    166.6/-0.07(0.601)  +0.406   69  <-V2
jump_0424/120_2.2_200_2.8    2    200/2.80    149.4/ 0.59(0.505)    193.5/ 0.66(0.781)  +0.430   79  <-V2
jump_0602/60_1.5_60_1.5      1     60/1.50     53.8/ 0.79(0.959)     84.7/ 1.06(0.888)  -0.294    3  <-V1
jump_0424/90_0.75_90_2       1     90/0.75     64.8/ 0.12(0.933)     74.2/ 0.15(0.955)  -0.071    0  <-V2
jump_position_0421/P70_D0.75_P70_D2 2     70/2.00     41.2/ 1.00(0.944)     61.3/ 1.52(0.989)  +0.023   52  <-V2
jump_position_0421/P60_D0.75_P60_D2 1     60/0.75     39.7/ 0.09(0.968)     45.3/ 0.27(0.982)  -0.086    0  <-V2
jump_0602/60_1.5_60_1.5      2     60/1.50     56.4/ 1.11(0.992)     81.5/ 1.63(0.928)  -0.019   60  <-V1
jump_0424/150_2.2_250_3      1    150/2.20     76.4/ 0.53(0.596)    144.9/ 0.49(0.918)  -0.269    0  <-V2
jump_0424/90_0.75_90_2       2     90/2.00     90.3/ 0.79(0.899)    110.3/ 0.94(0.956)  +0.034   79  <-V2
jump_position_0421/P80_D0.75_P80_D2 1     80/0.75     48.5/ 0.07(0.967)     54.8/ 0.22(0.979)  -0.076    0  <-V2
jump_position_0421/P200_D1.5_P200_D4 1    200/1.50     71.1/ 0.16(0.634)    110.9/ 0.68(0.786)  -0.260    0  <-V2
jump_0424/150_2.2_250_3      2    250/3.00    163.9/ 0.55(0.556)    222.9/ 0.62(0.776)  +0.493   63  <-V2
jump_position_0421/P60_D0.75_P60_D2 2     60/2.00     37.1/ 1.06(0.940)     54.1/ 1.59(0.992)  +0.015   60  <-V2
jump_0602/90_0.75_90_2       1     90/0.75     74.7/ 0.08(0.966)     82.0/ 0.17(0.978)  -0.209    0  <-V2
jump_0424/120_2_120_2        1    120/2.00     84.0/ 0.47(0.751)    123.0/ 0.45(0.942)  -0.240    0  <-V2
jump_0424/150_2.2_350_3.5    1    150/2.20     67.8/ 0.56(0.582)    143.3/ 0.48(0.904)  -0.255    0  <-V2
jump_position_0421/P200_D1.5_P200_D4 2    200/4.00     51.7/ 1.05(0.507)    139.5/ 2.70(0.884)  +0.475   23  <-V2
jump_position_0421/P70_D0.75_P70_D2 1     70/0.75     44.5/ 0.09(0.954)     51.4/ 0.28(0.975)  -0.087    0  <-V2
jump_position_0421/P80_D0.75_P80_D2 2     80/2.00     52.3/ 1.12(0.955)     71.4/ 1.53(0.988)  -0.004   66  <-V2
jump_0602/90_0.75_90_2       2     90/2.00     86.5/ 1.38(0.949)    131.8/ 2.03(0.974)  -0.109   66  <-V2
jump_0424/120_2_120_2        2    120/2.00    107.4/ 0.58(0.847)    131.0/ 0.67(0.941)  +0.209   68  <-V2
jump_0424/150_2.2_350_3.5    2    350/3.50    197.6/ 0.56(0.402)    277.8/ 0.66(0.644)  +0.563   57  <-V2
jump_0602/120_2_120_2        1    120/2.00     94.5/ 0.34(0.789)    129.9/ 0.54(0.916)  -0.527    0  <-V2
jump_position_0421/P90_D0.75_P90_D2 1     90/0.75     51.5/ 0.09(0.940)     60.0/ 0.25(0.963)  -0.078    0  <-V2
jump_0424/60_0.75_60_2       1     60/0.75     51.6/ 0.21(0.970)     61.0/ 0.25(0.992)  -0.082    0  <-V2
jump_position_0421/P70_D0.75_P70_D2 2     70/2.00     41.2/ 1.00(0.944)     61.3/ 1.52(0.989)  +0.023   52  <-V2
trial                        jt      label              V1 kp/kd(R2)              V2 kp/kd(R2)  cff  sat
jump_0324/P40_D0.7           1     40/0.70     90.3/-1.01(0.321)     54.5/-0.87(0.931)  +0.880    0  <-V2
jump_0424/120_2.2_150_2.5    1    120/2.20     83.2/ 0.51(0.685)    124.1/ 0.47(0.933)  -0.267    0  <-V2
jump_0424/150_2.2_500_4      1    150/2.20     72.8/ 0.50(0.636)    140.8/ 0.47(0.933)  -0.274    0  <-V2
jump_0602/120_2_120_2        2    120/2.00    116.6/ 1.14(0.953)    158.6/ 1.43(0.982)  -0.128   66  <-V2
jump_0424/60_0.75_60_2       2     60/2.00     62.2/ 1.17(0.820)     89.3/ 1.61(0.849)  -0.116   64  <-V2
jump_position_0421/P90_D0.75_P90_D2 2     90/2.00     57.1/ 1.07(0.952)     79.1/ 1.47(0.989)  -0.002   63  <-V2
jump_position_0421/P80_D0.75_P80_D2 1     80/0.75     48.5/ 0.07(0.967)     54.8/ 0.22(0.979)  -0.076    0  <-V2
jump_0324/P40_D0.7           2     40/0.70     62.4/-0.11(-0.069)     62.2/ 0.00(-0.098)  +1.009   24  <-V1
jump_0424/120_2.2_150_2.5    2    150/2.50    123.7/ 0.61(0.772)    157.7/ 0.67(0.900)  +0.272   64  <-V2
jump_0602/150_2.2_250_3      1    150/2.20    108.1/ 0.45(0.735)    156.8/ 0.59(0.938)  -0.552    0  <-V2
jump_0424/150_2.2_500_4      2    500/4.00    236.1/ 0.57(0.257)    330.3/ 0.64(0.459)  +0.647   58  <-V2
jump_0424/60_1.5_60_1.5      1     60/1.50     53.8/ 0.57(0.924)     77.1/ 0.62(0.919)  -0.158    0  <-V1
jump_position_0421/P80_D0.75_P80_D2 2     80/2.00     52.3/ 1.12(0.955)     71.4/ 1.53(0.988)  -0.004   66  <-V2
jump_0424/120_2.2_200_2.8    1    120/2.20     74.2/ 0.52(0.692)    122.4/ 0.45(0.939)  -0.255    0  <-V2
jump_position_0421/P100_D0.75_P100_D2 1    100/0.75     57.4/ 0.09(0.920)     67.1/ 0.26(0.946)  -0.095    0  <-V2
jump_0324/P60_D1.5           1     60/1.50     26.2/-0.41(-0.205)     53.5/-0.80(0.885)  +0.819    0  <-V2
jump_0602/150_2.2_250_3      2    250/3.00    233.7/ 0.06(0.949)    236.4/ 0.04(0.947)  +0.127   84  <-V1
jump_0424/60_1.5_60_1.5      2     60/1.50     60.1/ 0.92(0.938)     80.9/ 1.17(0.963)  -0.114   59  <-V2
jump_0602/60_0.75_60_2       1     60/0.75     54.0/ 0.22(0.952)     65.9/ 0.39(0.970)  -0.296    0  <-V2
jump_position_0421/P90_D0.75_P90_D2 1     90/0.75     51.5/ 0.09(0.940)     60.0/ 0.25(0.963)  -0.078    0  <-V2
jump_0424/120_2.2_200_2.8    2    200/2.80    149.4/ 0.59(0.505)    193.5/ 0.66(0.781)  +0.430   79  <-V2
jump_0324/P60_D1.5           2     60/1.50    106.3/-0.58(-0.269)     86.6/-0.42(-0.291)  +1.171   11  <-V1
jump_0602/150_2.2_500_5      1    150/2.20    111.1/ 0.43(0.727)    157.3/ 0.56(0.930)  -0.506    3  <-V2
jump_position_0421/P100_D0.75_P100_D2 2    100/2.00     62.9/ 1.04(0.955)     85.9/ 1.39(0.987)  +0.015   62  <-V2
jump_0424/90_0.75_90_2       1     90/0.75     64.8/ 0.12(0.933)     74.2/ 0.15(0.955)  -0.071    0  <-V2
jump_0424/150_2.2_250_3      1    150/2.20     76.4/ 0.53(0.596)    144.9/ 0.49(0.918)  -0.269    0  <-V2
jump_0602/60_0.75_60_2       2     60/2.00     58.0/ 1.52(0.941)     98.7/ 2.62(0.925)  -0.085   61  <-V1
jump_position_0421/P90_D0.75_P90_D2 2     90/2.00     57.1/ 1.07(0.952)     79.1/ 1.47(0.989)  -0.002   63  <-V2
jump_0324/P100_D3            1    100/3.00     49.8/-0.51(0.494)     65.7/-0.61(0.892)  +0.585    0  <-V2
jump_0602/150_2.2_500_5      2    500/5.00    177.8/-0.09(0.599)    166.6/-0.07(0.601)  +0.406   69  <-V2
jump_0424/90_0.75_90_2       2     90/2.00     90.3/ 0.79(0.899)    110.3/ 0.94(0.956)  +0.034   79  <-V2
jump_position_0421/P100_D0.75_P100_D2 1    100/0.75     57.4/ 0.09(0.920)     67.1/ 0.26(0.946)  -0.095    0  <-V2
jump_0324/P100_D3            2    100/3.00    121.3/-0.89(-1.097)     89.7/-0.72(-0.431)  +1.335   19  <-V2
jump_0424/150_2.2_250_3      2    250/3.00    163.9/ 0.55(0.556)    222.9/ 0.62(0.776)  +0.493   63  <-V2
jump_0602/60_1.5_60_1.5      1     60/1.50     53.8/ 0.79(0.959)     84.7/ 1.06(0.888)  -0.294    3  <-V1
jump_0424/120_2_120_2        1    120/2.00     84.0/ 0.47(0.751)    123.0/ 0.45(0.942)  -0.240    0  <-V2
jump_position_0421/P100_D0.75_P100_D2 2    100/2.00     62.9/ 1.04(0.955)     85.9/ 1.39(0.987)  +0.015   62  <-V2
jump_0424/150_2.2_350_3.5    1    150/2.20     67.8/ 0.56(0.582)    143.3/ 0.48(0.904)  -0.255    0  <-V2
jump_position_0421/P60_D0.75_P60_D2 1     60/0.75     39.7/ 0.09(0.968)     45.3/ 0.27(0.982)  -0.086    0  <-V2
jump_0602/60_1.5_60_1.5      2     60/1.50     56.4/ 1.11(0.992)     81.5/ 1.63(0.928)  -0.019   60  <-V1
jump_position_0421/P200_D1.5_P200_D4 1    200/1.50     71.1/ 0.16(0.634)    110.9/ 0.68(0.786)  -0.260    0  <-V2
jump_0424/120_2_120_2        2    120/2.00    107.4/ 0.58(0.847)    131.0/ 0.67(0.941)  +0.209   68  <-V2
jump_position_0421/P200_D1.5_P200_D4 2    200/4.00     51.7/ 1.05(0.507)    139.5/ 2.70(0.884)  +0.475   23  <-V2
jump_0424/150_2.2_350_3.5    2    350/3.50    197.6/ 0.56(0.402)    277.8/ 0.66(0.644)  +0.563   57  <-V2
jump_0602/90_0.75_90_2       1     90/0.75     74.7/ 0.08(0.966)     82.0/ 0.17(0.978)  -0.209    0  <-V2
jump_position_0421/P60_D0.75_P60_D2 2     60/2.00     37.1/ 1.06(0.940)     54.1/ 1.59(0.992)  +0.015   60  <-V2
jump_0424/120_2.2_150_2.5    1    120/2.20     83.2/ 0.51(0.685)    124.1/ 0.47(0.933)  -0.267    0  <-V2
jump_0424/60_0.75_60_2       1     60/0.75     51.6/ 0.21(0.970)     61.0/ 0.25(0.992)  -0.082    0  <-V2
jump_0424/150_2.2_500_4      1    150/2.20     72.8/ 0.50(0.636)    140.8/ 0.47(0.933)  -0.274    0  <-V2
jump_0602/90_0.75_90_2       2     90/2.00     86.5/ 1.38(0.949)    131.8/ 2.03(0.974)  -0.109   66  <-V2
jump_0424/120_2.2_150_2.5    2    150/2.50    123.7/ 0.61(0.772)    157.7/ 0.67(0.900)  +0.272   64  <-V2
jump_position_0421/P70_D0.75_P70_D2 1     70/0.75     44.5/ 0.09(0.954)     51.4/ 0.28(0.975)  -0.087    0  <-V2
jump_0424/60_0.75_60_2       2     60/2.00     62.2/ 1.17(0.820)     89.3/ 1.61(0.849)  -0.116   64  <-V2
jump_position_0421/P200_D1.5_P200_D4 1    200/1.50     71.1/ 0.16(0.634)    110.9/ 0.68(0.786)  -0.260    0  <-V2
jump_0424/150_2.2_500_4      2    500/4.00    236.1/ 0.57(0.257)    330.3/ 0.64(0.459)  +0.647   58  <-V2
jump_position_0421/P70_D0.75_P70_D2 2     70/2.00     41.2/ 1.00(0.944)     61.3/ 1.52(0.989)  +0.023   52  <-V2
jump_0424/120_2.2_200_2.8    1    120/2.20     74.2/ 0.52(0.692)    122.4/ 0.45(0.939)  -0.255    0  <-V2
jump_0602/120_2_120_2        1    120/2.00     94.5/ 0.34(0.789)    129.9/ 0.54(0.916)  -0.527    0  <-V2
jump_0424/60_1.5_60_1.5      1     60/1.50     53.8/ 0.57(0.924)     77.1/ 0.62(0.919)  -0.158    0  <-V1
jump_position_0421/P80_D0.75_P80_D2 1     80/0.75     48.5/ 0.07(0.967)     54.8/ 0.22(0.979)  -0.076    0  <-V2
jump_0602/60_0.75_60_2       1     60/0.75     54.0/ 0.22(0.952)     65.9/ 0.39(0.970)  -0.296    0  <-V2
jump_position_0421/P200_D1.5_P200_D4 2    200/4.00     51.7/ 1.05(0.507)    139.5/ 2.70(0.884)  +0.475   23  <-V2
jump_0424/120_2.2_200_2.8    2    200/2.80    149.4/ 0.59(0.505)    193.5/ 0.66(0.781)  +0.430   79  <-V2
jump_0602/120_2_120_2        2    120/2.00    116.6/ 1.14(0.953)    158.6/ 1.43(0.982)  -0.128   66  <-V2
jump_0424/60_1.5_60_1.5      2     60/1.50     60.1/ 0.92(0.938)     80.9/ 1.17(0.963)  -0.114   59  <-V2
jump_position_0421/P80_D0.75_P80_D2 2     80/2.00     52.3/ 1.12(0.955)     71.4/ 1.53(0.988)  -0.004   66  <-V2
jump_0424/150_2.2_250_3      1    150/2.20     76.4/ 0.53(0.596)    144.9/ 0.49(0.918)  -0.269    0  <-V2
jump_0602/60_0.75_60_2       2     60/2.00     58.0/ 1.52(0.941)     98.7/ 2.62(0.925)  -0.085   61  <-V1
jump_0424/60_0.75_60_2       1     60/0.75     51.6/ 0.21(0.970)     61.0/ 0.25(0.992)  -0.082    0  <-V2
jump_0602/150_2.2_250_3      1    150/2.20    108.1/ 0.45(0.735)    156.8/ 0.59(0.938)  -0.552    0  <-V2
jump_0424/90_0.75_90_2       1     90/0.75     64.8/ 0.12(0.933)     74.2/ 0.15(0.955)  -0.071    0  <-V2
jump_0602/60_1.5_60_1.5      1     60/1.50     53.8/ 0.79(0.959)     84.7/ 1.06(0.888)  -0.294    3  <-V1
jump_0424/150_2.2_250_3      2    250/3.00    163.9/ 0.55(0.556)    222.9/ 0.62(0.776)  +0.493   63  <-V2
jump_0424/60_0.75_60_2       2     60/2.00     62.2/ 1.17(0.820)     89.3/ 1.61(0.849)  -0.116   64  <-V2
jump_position_0421/P90_D0.75_P90_D2 1     90/0.75     51.5/ 0.09(0.940)     60.0/ 0.25(0.963)  -0.078    0  <-V2
jump_0602/150_2.2_250_3      2    250/3.00    233.7/ 0.06(0.949)    236.4/ 0.04(0.947)  +0.127   84  <-V1
jump_0424/90_0.75_90_2       2     90/2.00     90.3/ 0.79(0.899)    110.3/ 0.94(0.956)  +0.034   79  <-V2
jump_0602/60_1.5_60_1.5      2     60/1.50     56.4/ 1.11(0.992)     81.5/ 1.63(0.928)  -0.019   60  <-V1
jump_0424/60_1.5_60_1.5      1     60/1.50     53.8/ 0.57(0.924)     77.1/ 0.62(0.919)  -0.158    0  <-V1
jump_0424/150_2.2_350_3.5    1    150/2.20     67.8/ 0.56(0.582)    143.3/ 0.48(0.904)  -0.255    0  <-V2
jump_position_0421/P90_D0.75_P90_D2 2     90/2.00     57.1/ 1.07(0.952)     79.1/ 1.47(0.989)  -0.002   63  <-V2
jump_0602/150_2.2_500_5      1    150/2.20    111.1/ 0.43(0.727)    157.3/ 0.56(0.930)  -0.506    3  <-V2
jump_0602/90_0.75_90_2       1     90/0.75     74.7/ 0.08(0.966)     82.0/ 0.17(0.978)  -0.209    0  <-V2
jump_0424/120_2_120_2        1    120/2.00     84.0/ 0.47(0.751)    123.0/ 0.45(0.942)  -0.240    0  <-V2
jump_0424/60_1.5_60_1.5      2     60/1.50     60.1/ 0.92(0.938)     80.9/ 1.17(0.963)  -0.114   59  <-V2
jump_0424/150_2.2_350_3.5    2    350/3.50    197.6/ 0.56(0.402)    277.8/ 0.66(0.644)  +0.563   57  <-V2
jump_position_0421/P100_D0.75_P100_D2 1    100/0.75     57.4/ 0.09(0.920)     67.1/ 0.26(0.946)  -0.095    0  <-V2
jump_0602/150_2.2_500_5      2    500/5.00    177.8/-0.09(0.599)    166.6/-0.07(0.601)  +0.406   69  <-V2
jump_0602/90_0.75_90_2       2     90/2.00     86.5/ 1.38(0.949)    131.8/ 2.03(0.974)  -0.109   66  <-V2
jump_0424/90_0.75_90_2       1     90/0.75     64.8/ 0.12(0.933)     74.2/ 0.15(0.955)  -0.071    0  <-V2
jump_0424/120_2_120_2        2    120/2.00    107.4/ 0.58(0.847)    131.0/ 0.67(0.941)  +0.209   68  <-V2
jump_position_0421/P100_D0.75_P100_D2 2    100/2.00     62.9/ 1.04(0.955)     85.9/ 1.39(0.987)  +0.015   62  <-V2
jump_0424/150_2.2_500_4      1    150/2.20     72.8/ 0.50(0.636)    140.8/ 0.47(0.933)  -0.274    0  <-V2
jump_0602/120_2_120_2        1    120/2.00     94.5/ 0.34(0.789)    129.9/ 0.54(0.916)  -0.527    0  <-V2
jump_0424/90_0.75_90_2       2     90/2.00     90.3/ 0.79(0.899)    110.3/ 0.94(0.956)  +0.034   79  <-V2
jump_0424/120_2.2_150_2.5    1    120/2.20     83.2/ 0.51(0.685)    124.1/ 0.47(0.933)  -0.267    0  <-V2
jump_0424/150_2.2_500_4      2    500/4.00    236.1/ 0.57(0.257)    330.3/ 0.64(0.459)  +0.647   58  <-V2
jump_0602/120_2_120_2        2    120/2.00    116.6/ 1.14(0.953)    158.6/ 1.43(0.982)  -0.128   66  <-V2
jump_0424/120_2_120_2        1    120/2.00     84.0/ 0.47(0.751)    123.0/ 0.45(0.942)  -0.240    0  <-V2
jump_0424/120_2.2_150_2.5    2    150/2.50    123.7/ 0.61(0.772)    157.7/ 0.67(0.900)  +0.272   64  <-V2
jump_0602/60_0.75_60_2       1     60/0.75     54.0/ 0.22(0.952)     65.9/ 0.39(0.970)  -0.296    0  <-V2
jump_0424/120_2_120_2        2    120/2.00    107.4/ 0.58(0.847)    131.0/ 0.67(0.941)  +0.209   68  <-V2
jump_0602/150_2.2_250_3      1    150/2.20    108.1/ 0.45(0.735)    156.8/ 0.59(0.938)  -0.552    0  <-V2
jump_0424/120_2.2_200_2.8    1    120/2.20     74.2/ 0.52(0.692)    122.4/ 0.45(0.939)  -0.255    0  <-V2
jump_position_0421/P200_D1.5_P200_D4 1    200/1.50     71.1/ 0.16(0.634)    110.9/ 0.68(0.786)  -0.260    0  <-V2
jump_0602/150_2.2_250_3      2    250/3.00    233.7/ 0.06(0.949)    236.4/ 0.04(0.947)  +0.127   84  <-V1
jump_0602/60_0.75_60_2       2     60/2.00     58.0/ 1.52(0.941)     98.7/ 2.62(0.925)  -0.085   61  <-V1
jump_0424/120_2.2_150_2.5    1    120/2.20     83.2/ 0.51(0.685)    124.1/ 0.47(0.933)  -0.267    0  <-V2
jump_0424/120_2.2_200_2.8    2    200/2.80    149.4/ 0.59(0.505)    193.5/ 0.66(0.781)  +0.430   79  <-V2
jump_position_0421/P200_D1.5_P200_D4 2    200/4.00     51.7/ 1.05(0.507)    139.5/ 2.70(0.884)  +0.475   23  <-V2
jump_0602/150_2.2_500_5      1    150/2.20    111.1/ 0.43(0.727)    157.3/ 0.56(0.930)  -0.506    3  <-V2
jump_0424/120_2.2_150_2.5    2    150/2.50    123.7/ 0.61(0.772)    157.7/ 0.67(0.900)  +0.272   64  <-V2
jump_0602/60_1.5_60_1.5      1     60/1.50     53.8/ 0.79(0.959)     84.7/ 1.06(0.888)  -0.294    3  <-V1
jump_0424/150_2.2_250_3      1    150/2.20     76.4/ 0.53(0.596)    144.9/ 0.49(0.918)  -0.269    0  <-V2
jump_0424/60_0.75_60_2       1     60/0.75     51.6/ 0.21(0.970)     61.0/ 0.25(0.992)  -0.082    0  <-V2
jump_0424/120_2.2_200_2.8    1    120/2.20     74.2/ 0.52(0.692)    122.4/ 0.45(0.939)  -0.255    0  <-V2
jump_0602/150_2.2_500_5      2    500/5.00    177.8/-0.09(0.599)    166.6/-0.07(0.601)  +0.406   69  <-V2
jump_0424/150_2.2_250_3      2    250/3.00    163.9/ 0.55(0.556)    222.9/ 0.62(0.776)  +0.493   63  <-V2
jump_0602/60_1.5_60_1.5      2     60/1.50     56.4/ 1.11(0.992)     81.5/ 1.63(0.928)  -0.019   60  <-V1
jump_0424/60_0.75_60_2       2     60/2.00     62.2/ 1.17(0.820)     89.3/ 1.61(0.849)  -0.116   64  <-V2
jump_0424/120_2.2_200_2.8    2    200/2.80    149.4/ 0.59(0.505)    193.5/ 0.66(0.781)  +0.430   79  <-V2
jump_0424/150_2.2_350_3.5    1    150/2.20     67.8/ 0.56(0.582)    143.3/ 0.48(0.904)  -0.255    0  <-V2
jump_0424/60_1.5_60_1.5      1     60/1.50     53.8/ 0.57(0.924)     77.1/ 0.62(0.919)  -0.158    0  <-V1
jump_0602/90_0.75_90_2       1     90/0.75     74.7/ 0.08(0.966)     82.0/ 0.17(0.978)  -0.209    0  <-V2
jump_0424/150_2.2_250_3      1    150/2.20     76.4/ 0.53(0.596)    144.9/ 0.49(0.918)  -0.269    0  <-V2
jump_0424/150_2.2_350_3.5    2    350/3.50    197.6/ 0.56(0.402)    277.8/ 0.66(0.644)  +0.563   57  <-V2
jump_0602/90_0.75_90_2       2     90/2.00     86.5/ 1.38(0.949)    131.8/ 2.03(0.974)  -0.109   66  <-V2
jump_0424/60_1.5_60_1.5      2     60/1.50     60.1/ 0.92(0.938)     80.9/ 1.17(0.963)  -0.114   59  <-V2
jump_0424/150_2.2_250_3      2    250/3.00    163.9/ 0.55(0.556)    222.9/ 0.62(0.776)  +0.493   63  <-V2
jump_0424/150_2.2_500_4      1    150/2.20     72.8/ 0.50(0.636)    140.8/ 0.47(0.933)  -0.274    0  <-V2
jump_0602/120_2_120_2        1    120/2.00     94.5/ 0.34(0.789)    129.9/ 0.54(0.916)  -0.527    0  <-V2
jump_0424/90_0.75_90_2       1     90/0.75     64.8/ 0.12(0.933)     74.2/ 0.15(0.955)  -0.071    0  <-V2
jump_0424/150_2.2_350_3.5    1    150/2.20     67.8/ 0.56(0.582)    143.3/ 0.48(0.904)  -0.255    0  <-V2
jump_0424/150_2.2_500_4      2    500/4.00    236.1/ 0.57(0.257)    330.3/ 0.64(0.459)  +0.647   58  <-V2
jump_0602/120_2_120_2        2    120/2.00    116.6/ 1.14(0.953)    158.6/ 1.43(0.982)  -0.128   66  <-V2
jump_0424/90_0.75_90_2       2     90/2.00     90.3/ 0.79(0.899)    110.3/ 0.94(0.956)  +0.034   79  <-V2
jump_0424/150_2.2_350_3.5    2    350/3.50    197.6/ 0.56(0.402)    277.8/ 0.66(0.644)  +0.563   57  <-V2
jump_0602/60_0.75_60_2       1     60/0.75     54.0/ 0.22(0.952)     65.9/ 0.39(0.970)  -0.296    0  <-V2
jump_0602/150_2.2_250_3      1    150/2.20    108.1/ 0.45(0.735)    156.8/ 0.59(0.938)  -0.552    0  <-V2
jump_0424/120_2_120_2        1    120/2.00     84.0/ 0.47(0.751)    123.0/ 0.45(0.942)  -0.240    0  <-V2
jump_0424/150_2.2_500_4      1    150/2.20     72.8/ 0.50(0.636)    140.8/ 0.47(0.933)  -0.274    0  <-V2
jump_0602/60_0.75_60_2       2     60/2.00     58.0/ 1.52(0.941)     98.7/ 2.62(0.925)  -0.085   61  <-V1
jump_0602/150_2.2_250_3      2    250/3.00    233.7/ 0.06(0.949)    236.4/ 0.04(0.947)  +0.127   84  <-V1
jump_0424/120_2_120_2        2    120/2.00    107.4/ 0.58(0.847)    131.0/ 0.67(0.941)  +0.209   68  <-V2
jump_0424/150_2.2_500_4      2    500/4.00    236.1/ 0.57(0.257)    330.3/ 0.64(0.459)  +0.647   58  <-V2
jump_0602/60_1.5_60_1.5      1     60/1.50     53.8/ 0.79(0.959)     84.7/ 1.06(0.888)  -0.294    3  <-V1
jump_0602/150_2.2_500_5      1    150/2.20    111.1/ 0.43(0.727)    157.3/ 0.56(0.930)  -0.506    3  <-V2
jump_0602/60_0.75_60_2       1     60/0.75     54.0/ 0.22(0.952)     65.9/ 0.39(0.970)  -0.296    0  <-V2
jump_0424/120_2.2_150_2.5    1    120/2.20     83.2/ 0.51(0.685)    124.1/ 0.47(0.933)  -0.267    0  <-V2
jump_0602/60_1.5_60_1.5      2     60/1.50     56.4/ 1.11(0.992)     81.5/ 1.63(0.928)  -0.019   60  <-V1
jump_0602/150_2.2_500_5      2    500/5.00    177.8/-0.09(0.599)    166.6/-0.07(0.601)  +0.406   69  <-V2
jump_0602/60_0.75_60_2       2     60/2.00     58.0/ 1.52(0.941)     98.7/ 2.62(0.925)  -0.085   61  <-V1
jump_0424/120_2.2_150_2.5    2    150/2.50    123.7/ 0.61(0.772)    157.7/ 0.67(0.900)  +0.272   64  <-V2
jump_0602/90_0.75_90_2       1     90/0.75     74.7/ 0.08(0.966)     82.0/ 0.17(0.978)  -0.209    0  <-V2
jump_0602/60_1.5_60_1.5      1     60/1.50     53.8/ 0.79(0.959)     84.7/ 1.06(0.888)  -0.294    3  <-V1
jump_0602/90_0.75_90_2       2     90/2.00     86.5/ 1.38(0.949)    131.8/ 2.03(0.974)  -0.109   66  <-V2
jump_0424/120_2.2_200_2.8    1    120/2.20     74.2/ 0.52(0.692)    122.4/ 0.45(0.939)  -0.255    0  <-V2
jump_0602/60_1.5_60_1.5      2     60/1.50     56.4/ 1.11(0.992)     81.5/ 1.63(0.928)  -0.019   60  <-V1
jump_0602/120_2_120_2        1    120/2.00     94.5/ 0.34(0.789)    129.9/ 0.54(0.916)  -0.527    0  <-V2
jump_0424/120_2.2_200_2.8    2    200/2.80    149.4/ 0.59(0.505)    193.5/ 0.66(0.781)  +0.430   79  <-V2
jump_0602/90_0.75_90_2       1     90/0.75     74.7/ 0.08(0.966)     82.0/ 0.17(0.978)  -0.209    0  <-V2
jump_0602/120_2_120_2        2    120/2.00    116.6/ 1.14(0.953)    158.6/ 1.43(0.982)  -0.128   66  <-V2
jump_0424/150_2.2_250_3      1    150/2.20     76.4/ 0.53(0.596)    144.9/ 0.49(0.918)  -0.269    0  <-V2
jump_0424/150_2.2_250_3      2    250/3.00    163.9/ 0.55(0.556)    222.9/ 0.62(0.776)  +0.493   63  <-V2
jump_0602/90_0.75_90_2       2     90/2.00     86.5/ 1.38(0.949)    131.8/ 2.03(0.974)  -0.109   66  <-V2
jump_0602/150_2.2_250_3      1    150/2.20    108.1/ 0.45(0.735)    156.8/ 0.59(0.938)  -0.552    0  <-V2
jump_0424/150_2.2_350_3.5    1    150/2.20     67.8/ 0.56(0.582)    143.3/ 0.48(0.904)  -0.255    0  <-V2
jump_0602/120_2_120_2        1    120/2.00     94.5/ 0.34(0.789)    129.9/ 0.54(0.916)  -0.527    0  <-V2
jump_0602/150_2.2_250_3      2    250/3.00    233.7/ 0.06(0.949)    236.4/ 0.04(0.947)  +0.127   84  <-V1
jump_0602/120_2_120_2        2    120/2.00    116.6/ 1.14(0.953)    158.6/ 1.43(0.982)  -0.128   66  <-V2
jump_0602/150_2.2_500_5      1    150/2.20    111.1/ 0.43(0.727)    157.3/ 0.56(0.930)  -0.506    3  <-V2
jump_0424/150_2.2_350_3.5    2    350/3.50    197.6/ 0.56(0.402)    277.8/ 0.66(0.644)  +0.563   57  <-V2
jump_0424/150_2.2_500_4      1    150/2.20     72.8/ 0.50(0.636)    140.8/ 0.47(0.933)  -0.274    0  <-V2
jump_0602/150_2.2_250_3      1    150/2.20    108.1/ 0.45(0.735)    156.8/ 0.59(0.938)  -0.552    0  <-V2
jump_0602/150_2.2_500_5      2    500/5.00    177.8/-0.09(0.599)    166.6/-0.07(0.601)  +0.406   69  <-V2
jump_0602/150_2.2_250_3      2    250/3.00    233.7/ 0.06(0.949)    236.4/ 0.04(0.947)  +0.127   84  <-V1
jump_0424/150_2.2_500_4      2    500/4.00    236.1/ 0.57(0.257)    330.3/ 0.64(0.459)  +0.647   58  <-V2
jump_0602/150_2.2_500_5      1    150/2.20    111.1/ 0.43(0.727)    157.3/ 0.56(0.930)  -0.506    3  <-V2
jump_0602/60_0.75_60_2       1     60/0.75     54.0/ 0.22(0.952)     65.9/ 0.39(0.970)  -0.296    0  <-V2
jump_0602/150_2.2_500_5      2    500/5.00    177.8/-0.09(0.599)    166.6/-0.07(0.601)  +0.406   69  <-V2
jump_0602/60_0.75_60_2       2     60/2.00     58.0/ 1.52(0.941)     98.7/ 2.62(0.925)  -0.085   61  <-V1
jump_0602/60_1.5_60_1.5      1     60/1.50     53.8/ 0.79(0.959)     84.7/ 1.06(0.888)  -0.294    3  <-V1
jump_0602/60_1.5_60_1.5      2     60/1.50     56.4/ 1.11(0.992)     81.5/ 1.63(0.928)  -0.019   60  <-V1
jump_0602/90_0.75_90_2       1     90/0.75     74.7/ 0.08(0.966)     82.0/ 0.17(0.978)  -0.209    0  <-V2
jump_0602/90_0.75_90_2       2     90/2.00     86.5/ 1.38(0.949)    131.8/ 2.03(0.974)  -0.109   66  <-V2
jump_0602/120_2_120_2        1    120/2.00     94.5/ 0.34(0.789)    129.9/ 0.54(0.916)  -0.527    0  <-V2
jump_0602/120_2_120_2        2    120/2.00    116.6/ 1.14(0.953)    158.6/ 1.43(0.982)  -0.128   66  <-V2
jump_0602/150_2.2_250_3      1    150/2.20    108.1/ 0.45(0.735)    156.8/ 0.59(0.938)  -0.552    0  <-V2
jump_0602/150_2.2_250_3      2    250/3.00    233.7/ 0.06(0.949)    236.4/ 0.04(0.947)  +0.127   84  <-V1
jump_0602/150_2.2_500_5      1    150/2.20    111.1/ 0.43(0.727)    157.3/ 0.56(0.930)  -0.506    3  <-V2
jump_0602/150_2.2_500_5      2    500/5.00    177.8/-0.09(0.599)    166.6/-0.07(0.601)  +0.406   69  <-V2
saved p10_pdlaw.json
warm-start from previous mshoot best
warm-start from previous fourbar best
saved p10_pdlaw.json
warm-start from previous mshoot best
warm-start from previous fourbar best
saved p10_pdlaw.json
warm-start from previous mshoot best
warm-start from previous fourbar best
saved p10_pdlaw.json
warm-start from previous mshoot best
warm-start from previous fourbar best
saved p10_pdlaw.json
warm-start from previous mshoot best
warm-start from previous fourbar best
saved p10_pdlaw.json
warm-start from previous mshoot best
warm-start from previous fourbar best
saved p10_pdlaw.json
warm-start from previous mshoot best
warm-start from previous fourbar best
saved p10_pdlaw.json
warm-start from previous mshoot best
warm-start from previous fourbar best
saved p10_pdlaw.json
warm-start from previous mshoot best
warm-start from previous fourbar best
saved p10_pdlaw.json
warm-start from previous mshoot best
warm-start from previous fourbar best
BEST nev=897 J=0.9993 stiff=0.759 ref=1.62 pre30=1.89 fv_hip=0.525 fc_hip=0.0133 fv_knee=0.0929 fc_knee=0.0571 solref=0.00658 imp0=0.461 arm_knee=0.00697 M_c=0.953 I_th=0.7 I_ca=1.42 dz_th=0.0668 dz_ca=0.0475 tm=0.00133 o1_429=0.0788 o2_429=-0.0285 [5.1m]
BEST nev=921 J=0.9990 stiff=0.749 ref=1.56 pre30=1.95 fv_hip=0.605 fc_hip=0.0316 fv_knee=0.0868 fc_knee=0.0721 solref=0.00775 imp0=0.486 arm_knee=0.00672 M_c=0.97 I_th=0.671 I_ca=1.36 dz_th=0.0657 dz_ca=0.0499 tm=0.000156 o1_429=0.0833 o2_429=-0.0216 [5.3m]
BEST nev=982 J=0.9980 stiff=0.625 ref=1.55 pre30=1.96 fv_hip=0.586 fc_hip=0.0105 fv_knee=0.078 fc_knee=0.0663 solref=0.00893 imp0=0.464 arm_knee=0.00758 M_c=0.952 I_th=0.661 I_ca=1.49 dz_th=0.0869 dz_ca=0.0484 tm=0.000137 o1_429=0.0762 o2_429=-0.0391 [5.6m]
BEST nev=1033 J=0.9973 stiff=0.515 ref=1.52 pre30=2.15 fv_hip=0.587 fc_hip=0.0324 fv_knee=0.0717 fc_knee=0.0586 solref=0.00693 imp0=0.457 arm_knee=0.0072 M_c=1.01 I_th=0.628 I_ca=1.51 dz_th=0.085 dz_ca=0.0494 tm=0.000257 o1_429=0.0841 o2_429=-0.0373 [5.9m]
BEST nev=1092 J=0.9941 stiff=0.523 ref=1.5 pre30=2.22 fv_hip=0.61 fc_hip=0.0342 fv_knee=0.0666 fc_knee=0.0607 solref=0.00759 imp0=0.406 arm_knee=0.00726 M_c=0.979 I_th=0.644 I_ca=1.47 dz_th=0.0791 dz_ca=0.0484 tm=0.00081 o1_429=0.0718 o2_429=-0.0399 [6.2m]
BEST nev=1104 J=0.9935 stiff=0.616 ref=1.5 pre30=2.14 fv_hip=0.659 fc_hip=0.0445 fv_knee=0.064 fc_knee=0.0573 solref=0.00761 imp0=0.419 arm_knee=0.00769 M_c=0.948 I_th=0.596 I_ca=1.47 dz_th=0.0772 dz_ca=0.0495 tm=0.000292 o1_429=0.0755 o2_429=-0.0394 [6.3m]
BEST nev=1168 J=0.9926 stiff=0.671 ref=1.5 pre30=1.98 fv_hip=0.626 fc_hip=0.0122 fv_knee=0.0723 fc_knee=0.0637 solref=0.00726 imp0=0.434 arm_knee=0.00733 M_c=0.957 I_th=0.683 I_ca=1.46 dz_th=0.079 dz_ca=0.0499 tm=0.000873 o1_429=0.0746 o2_429=-0.0394 [6.6m]
BEST nev=1224 J=0.9923 stiff=0.614 ref=1.51 pre30=2.16 fv_hip=0.669 fc_hip=0.0059 fv_knee=0.0728 fc_knee=0.059 solref=0.00607 imp0=0.409 arm_knee=0.00679 M_c=0.971 I_th=0.658 I_ca=1.45 dz_th=0.0755 dz_ca=0.0499 tm=0.00101 o1_429=0.0747 o2_429=-0.0388 [6.9m]
BEST nev=1288 J=0.9919 stiff=0.67 ref=1.51 pre30=2.03 fv_hip=0.639 fc_hip=0.000349 fv_knee=0.0764 fc_knee=0.0523 solref=0.00704 imp0=0.412 arm_knee=0.00732 M_c=0.945 I_th=0.658 I_ca=1.46 dz_th=0.0719 dz_ca=0.05 tm=0.000881 o1_429=0.0787 o2_429=-0.0391 [7.3m]
BEST nev=1363 J=0.9919 stiff=0.591 ref=1.53 pre30=2.14 fv_hip=0.6 fc_hip=0.00993 fv_knee=0.0755 fc_knee=0.0546 solref=0.0069 imp0=0.433 arm_knee=0.00701 M_c=0.96 I_th=0.642 I_ca=1.44 dz_th=0.0743 dz_ca=0.0498 tm=0.000739 o1_429=0.0823 o2_429=-0.042 [7.8m]
BEST nev=1374 J=0.9916 stiff=0.606 ref=1.53 pre30=2.21 fv_hip=0.645 fc_hip=0.021 fv_knee=0.0745 fc_knee=0.0551 solref=0.00695 imp0=0.43 arm_knee=0.00712 M_c=0.965 I_th=0.632 I_ca=1.47 dz_th=0.0751 dz_ca=0.0483 tm=0.000712 o1_429=0.0813 o2_429=-0.0435 [7.9m]
BEST nev=1392 J=0.9910 stiff=0.556 ref=1.54 pre30=2.17 fv_hip=0.606 fc_hip=0.0113 fv_knee=0.0776 fc_knee=0.0541 solref=0.00704 imp0=0.427 arm_knee=0.00674 M_c=0.988 I_th=0.634 I_ca=1.48 dz_th=0.0763 dz_ca=0.0498 tm=0.000884 o1_429=0.0805 o2_429=-0.0453 [8.0m]
BEST nev=1455 J=0.9906 stiff=0.523 ref=1.53 pre30=2.26 fv_hip=0.63 fc_hip=0.0204 fv_knee=0.0769 fc_knee=0.0577 solref=0.00679 imp0=0.42 arm_knee=0.00663 M_c=0.964 I_th=0.63 I_ca=1.49 dz_th=0.0801 dz_ca=0.0487 tm=0.000666 o1_429=0.0835 o2_429=-0.0501 [8.4m]
BEST nev=1460 J=0.9905 stiff=0.54 ref=1.52 pre30=2.22 fv_hip=0.617 fc_hip=0.0165 fv_knee=0.0742 fc_knee=0.0524 solref=0.00642 imp0=0.42 arm_knee=0.00671 M_c=0.978 I_th=0.614 I_ca=1.5 dz_th=0.0768 dz_ca=0.048 tm=0.000587 o1_429=0.0832 o2_429=-0.048 [8.4m]
BEST nev=1538 J=0.9902 stiff=0.517 ref=1.5 pre30=2.35 fv_hip=0.607 fc_hip=0.0138 fv_knee=0.0793 fc_knee=0.0542 solref=0.00626 imp0=0.412 arm_knee=0.00659 M_c=0.946 I_th=0.59 I_ca=1.51 dz_th=0.0754 dz_ca=0.0493 tm=0.00085 o1_429=0.0865 o2_429=-0.0476 [8.9m]
BEST nev=1542 J=0.9901 stiff=0.553 ref=1.51 pre30=2.25 fv_hip=0.586 fc_hip=0.011 fv_knee=0.0802 fc_knee=0.0525 solref=0.00648 imp0=0.433 arm_knee=0.00674 M_c=0.963 I_th=0.598 I_ca=1.48 dz_th=0.0732 dz_ca=0.0485 tm=0.000704 o1_429=0.0875 o2_429=-0.0478 [8.9m]
BEST nev=1563 J=0.9897 stiff=0.568 ref=1.52 pre30=2.21 fv_hip=0.603 fc_hip=0.00805 fv_knee=0.0821 fc_knee=0.0526 solref=0.00639 imp0=0.422 arm_knee=0.00647 M_c=0.936 I_th=0.617 I_ca=1.54 dz_th=0.0737 dz_ca=0.0484 tm=0.000679 o1_429=0.0892 o2_429=-0.0495 [9.1m]
BEST nev=1612 J=0.9894 stiff=0.555 ref=1.51 pre30=2.19 fv_hip=0.575 fc_hip=0.0233 fv_knee=0.0785 fc_knee=0.0493 solref=0.0062 imp0=0.417 arm_knee=0.00691 M_c=0.91 I_th=0.587 I_ca=1.5 dz_th=0.0728 dz_ca=0.0494 tm=0.00067 o1_429=0.089 o2_429=-0.0478 [9.4m]
BEST nev=1626 J=0.9891 stiff=0.546 ref=1.52 pre30=2.21 fv_hip=0.584 fc_hip=0.0194 fv_knee=0.0795 fc_knee=0.0522 solref=0.00633 imp0=0.412 arm_knee=0.00669 M_c=0.928 I_th=0.587 I_ca=1.5 dz_th=0.0734 dz_ca=0.0496 tm=0.000898 o1_429=0.0887 o2_429=-0.0507 [9.4m]
BEST nev=1632 J=0.9889 stiff=0.567 ref=1.51 pre30=2.19 fv_hip=0.605 fc_hip=0.015 fv_knee=0.0801 fc_knee=0.0515 solref=0.00611 imp0=0.421 arm_knee=0.00663 M_c=0.919 I_th=0.579 I_ca=1.52 dz_th=0.072 dz_ca=0.0497 tm=0.000885 o1_429=0.0891 o2_429=-0.0515 [9.5m]
BEST nev=1633 J=0.9886 stiff=0.575 ref=1.51 pre30=2.18 fv_hip=0.565 fc_hip=0.0143 fv_knee=0.0832 fc_knee=0.0493 solref=0.00631 imp0=0.414 arm_knee=0.00695 M_c=0.91 I_th=0.592 I_ca=1.49 dz_th=0.0703 dz_ca=0.0496 tm=0.000869 o1_429=0.0895 o2_429=-0.0497 [9.5m]
BEST nev=1660 J=0.9883 stiff=0.584 ref=1.51 pre30=2.24 fv_hip=0.598 fc_hip=0.0188 fv_knee=0.0815 fc_knee=0.0482 solref=0.00591 imp0=0.414 arm_knee=0.00699 M_c=0.891 I_th=0.577 I_ca=1.5 dz_th=0.0696 dz_ca=0.049 tm=0.000769 o1_429=0.0883 o2_429=-0.05 [9.6m]
BEST nev=1734 J=0.9877 stiff=0.57 ref=1.51 pre30=2.19 fv_hip=0.628 fc_hip=0.00889 fv_knee=0.0762 fc_knee=0.0514 solref=0.00618 imp0=0.411 arm_knee=0.00667 M_c=0.894 I_th=0.584 I_ca=1.51 dz_th=0.0712 dz_ca=0.05 tm=0.000746 o1_429=0.0891 o2_429=-0.0475 [10.1m]
BEST nev=1737 J=0.9873 stiff=0.601 ref=1.5 pre30=2.19 fv_hip=0.652 fc_hip=0.00549 fv_knee=0.0753 fc_knee=0.0463 solref=0.0057 imp0=0.417 arm_knee=0.00672 M_c=0.876 I_th=0.56 I_ca=1.52 dz_th=0.0681 dz_ca=0.05 tm=0.000621 o1_429=0.0895 o2_429=-0.0483 [10.1m]
BEST nev=1769 J=0.9873 stiff=0.578 ref=1.5 pre30=2.24 fv_hip=0.628 fc_hip=0.00292 fv_knee=0.0747 fc_knee=0.0491 solref=0.00595 imp0=0.419 arm_knee=0.00678 M_c=0.876 I_th=0.547 I_ca=1.51 dz_th=0.0657 dz_ca=0.0495 tm=0.00103 o1_429=0.0894 o2_429=-0.0491 [10.3m]
BEST nev=1780 J=0.9868 stiff=0.618 ref=1.5 pre30=2.16 fv_hip=0.657 fc_hip=0.00488 fv_knee=0.0725 fc_knee=0.0464 solref=0.00642 imp0=0.423 arm_knee=0.007 M_c=0.885 I_th=0.562 I_ca=1.51 dz_th=0.0661 dz_ca=0.0497 tm=0.000887 o1_429=0.0892 o2_429=-0.0488 [10.4m]
BEST nev=1848 J=0.9866 stiff=0.576 ref=1.5 pre30=2.26 fv_hip=0.639 fc_hip=0.0116 fv_knee=0.0753 fc_knee=0.0495 solref=0.00605 imp0=0.415 arm_knee=0.00698 M_c=0.876 I_th=0.536 I_ca=1.56 dz_th=0.0672 dz_ca=0.0494 tm=0.000566 o1_429=0.0894 o2_429=-0.0505 [10.8m]
BEST nev=1899 J=0.9865 stiff=0.545 ref=1.5 pre30=2.29 fv_hip=0.668 fc_hip=0.012 fv_knee=0.069 fc_knee=0.0403 solref=0.00604 imp0=0.41 arm_knee=0.00692 M_c=0.859 I_th=0.519 I_ca=1.59 dz_th=0.0688 dz_ca=0.0496 tm=0.000473 o1_429=0.0896 o2_429=-0.048 [11.1m]
BEST nev=1912 J=0.9865 stiff=0.583 ref=1.5 pre30=2.29 fv_hip=0.681 fc_hip=0.00697 fv_knee=0.0682 fc_knee=0.0354 solref=0.00561 imp0=0.4 arm_knee=0.00679 M_c=0.845 I_th=0.516 I_ca=1.58 dz_th=0.0632 dz_ca=0.0489 tm=0.000595 o1_429=0.0899 o2_429=-0.0497 [11.2m]
BEST nev=1920 J=0.9858 stiff=0.581 ref=1.5 pre30=2.26 fv_hip=0.668 fc_hip=0.00909 fv_knee=0.0714 fc_knee=0.0407 solref=0.00578 imp0=0.406 arm_knee=0.0068 M_c=0.856 I_th=0.514 I_ca=1.58 dz_th=0.0642 dz_ca=0.05 tm=0.000578 o1_429=0.0889 o2_429=-0.047 [11.2m]
BEST nev=1988 J=0.9857 stiff=0.551 ref=1.5 pre30=2.25 fv_hip=0.669 fc_hip=0.00494 fv_knee=0.0688 fc_knee=0.0382 solref=0.0054 imp0=0.39 arm_knee=0.00669 M_c=0.851 I_th=0.51 I_ca=1.6 dz_th=0.0672 dz_ca=0.0489 tm=0.000823 o1_429=0.0894 o2_429=-0.0482 [11.7m]
BEST nev=1999 J=0.9854 stiff=0.569 ref=1.5 pre30=2.25 fv_hip=0.66 fc_hip=0.0111 fv_knee=0.069 fc_knee=0.0387 solref=0.00565 imp0=0.397 arm_knee=0.00695 M_c=0.838 I_th=0.517 I_ca=1.61 dz_th=0.0654 dz_ca=0.0496 tm=0.000739 o1_429=0.0897 o2_429=-0.0502 [11.7m]
CMA3b DONE nev=2010 J=0.9854 [11.8m]
