=== p24_hip_extract — 힙 λ₁* 창별 측정 (변형: ['light', 'stock']) ===
warm-start from previous mshoot best
warm-start from previous fourbar best
init done [2s]

=== variant [light] I_th=0.400 dz_th=-0.030 | law=(-0.095, 0.63, 7.272) spr=(0.749, 2.128, 2.959) c_cvt=0.395 k_rise=0.188 ===
  [jump] jump_position_0421/P60_D0.75_P60_D2: 3창 λ₁* -2.18±0.37
  [jump] jump_position_0421/P70_D0.75_P70_D2: 5창 λ₁* -4.21±1.70
  [jump] jump_position_0421/P80_D0.75_P80_D2: 5창 λ₁* -2.54±2.56
  [jump] jump_position_0421/P90_D0.75_P90_D2: 5창 λ₁* -3.56±2.26
  [jump] jump_position_0421/P100_D0.75_P100_D2: 5창 λ₁* -3.55±1.78
  [jump] jump_position_0421/P200_D1.5_P200_D4: 4창 λ₁* -3.73±1.02
  [jump] jump_0424/60_0.75_60_2: 4창 λ₁* -0.24±1.15
  [jump] jump_0424/60_1.5_60_1.5: 5창 λ₁* -1.92±1.57
  [jump] jump_0424/90_0.75_90_2: 4창 λ₁* +0.60±0.53
  [jump] jump_0424/120_2_120_2: 4창 λ₁* -1.66±1.08
  [jump] jump_0424/120_2.2_150_2.5: 4창 λ₁* -1.62±1.07
  [jump] jump_0424/120_2.2_200_2.8: 4창 λ₁* -0.43±1.66
  [jump] jump_0424/150_2.2_250_3: 4창 λ₁* -0.26±1.93
  [jump] jump_0424/150_2.2_350_3.5: 4창 λ₁* +0.17±1.87
  [jump] jump_0424/150_2.2_500_4: 4창 λ₁* +0.08±2.65
  [jump] jump_0602/60_0.75_60_2: 4창 λ₁* -1.08±1.07
  [jump] jump_0602/60_1.5_60_1.5: 4창 λ₁* -1.52±0.96
  [jump] jump_0602/90_0.75_90_2: 4창 λ₁* -1.40±1.36
  [jump] jump_0602/120_2_120_2: 4창 λ₁* -2.10±0.64
  [jump] jump_0602/150_2.2_250_3: 3창 λ₁* -0.70±1.91
  [jump] jump_0602/150_2.2_500_5: 4창 λ₁* +0.10±2.67
  [s2s0319] 0: 18창 λ₁* -0.40±0.32
  [s2s0319] 1: 10창 λ₁* -0.01±0.55
  [s2s0319] 2: 7창 λ₁* +0.09±0.54
  [0604] cvt/no_load (0.0kg, l_i=25.25mm): 4창 λ₁* -1.09±0.84
  [0604] cvt/load_2.5 (2.5kg, l_i=25.24mm): 4창 λ₁* -0.89±1.55
  [0604] cvt/load_5 (5.0kg, l_i=25.21mm): 4창 λ₁* -1.09±5.48
  [0604] no_cvt/no_load (0.0kg, l_i=30.00mm): 4창 λ₁* -0.38±1.49
  [air] 14사이클 계 69창 λ₁* +0.12±0.54
  [s2s0324-air] sit2stand_P10_D0: 90창 λ₁* +0.19±0.21
  [s2s0324-air] sit2stand_P10_D1: 90창 λ₁* +0.32±0.23
  [s2s0324-air] sit2stand_P20_D1: 90창 λ₁* +0.21±0.20
  [s2s0324-air] sit2stand_P30_D1: 90창 λ₁* +0.19±0.28
  [s2s0324-air] sit2stand_P60_D1.5_P60_D2: 90창 λ₁* +0.18±0.21

=== variant [stock] I_th=0.552 dz_th=+0.061 | law=(-0.095, 0.63, 7.272) spr=(0.749, 2.128, 2.959) c_cvt=0.395 k_rise=0.188 ===
  [jump] jump_position_0421/P60_D0.75_P60_D2: 3창 λ₁* -0.19±0.06
  [jump] jump_position_0421/P70_D0.75_P70_D2: 5창 λ₁* -2.42±1.34
  [jump] jump_position_0421/P80_D0.75_P80_D2: 5창 λ₁* -0.36±2.19
  [jump] jump_position_0421/P90_D0.75_P90_D2: 5창 λ₁* -1.56±2.34
  [jump] jump_position_0421/P100_D0.75_P100_D2: 5창 λ₁* -1.47±1.55
  [jump] jump_position_0421/P200_D1.5_P200_D4: 4창 λ₁* -1.68±0.71
  [jump] jump_0424/60_0.75_60_2: 4창 λ₁* +1.65±1.00
  [jump] jump_0424/60_1.5_60_1.5: 5창 λ₁* +0.11±1.18
  [jump] jump_0424/90_0.75_90_2: 4창 λ₁* +2.58±0.11
  [jump] jump_0424/120_2_120_2: 4창 λ₁* +0.32±0.73
  [jump] jump_0424/120_2.2_150_2.5: 4창 λ₁* +0.32±0.81
  [jump] jump_0424/120_2.2_200_2.8: 4창 λ₁* +1.51±1.36
  [jump] jump_0424/150_2.2_250_3: 4창 λ₁* +1.73±1.62
  [jump] jump_0424/150_2.2_350_3.5: 4창 λ₁* +2.05±1.66
  [jump] jump_0424/150_2.2_500_4: 4창 λ₁* +2.01±2.45
  [jump] jump_0602/60_0.75_60_2: 4창 λ₁* +0.90±1.73
  [jump] jump_0602/60_1.5_60_1.5: 4창 λ₁* +0.45±1.60
  [jump] jump_0602/90_0.75_90_2: 4창 λ₁* +0.68±1.90
  [jump] jump_0602/120_2_120_2: 4창 λ₁* +0.01±1.41
  [jump] jump_0602/150_2.2_250_3: 3창 λ₁* +1.50±2.39
  [jump] jump_0602/150_2.2_500_5: 4창 λ₁* +2.35±3.03
  [s2s0319] 0: 18창 λ₁* +0.35±0.34
  [s2s0319] 1: 10창 λ₁* +0.72±0.52
  [s2s0319] 2: 7창 λ₁* +0.82±0.48
  [0604] cvt/no_load (0.0kg, l_i=25.25mm): 4창 λ₁* -0.38±0.90
  [0604] cvt/load_2.5 (2.5kg, l_i=25.24mm): 4창 λ₁* -0.15±1.65
  [0604] cvt/load_5 (5.0kg, l_i=25.21mm): 4창 λ₁* -0.80±5.42
  [0604] no_cvt/no_load (0.0kg, l_i=30.00mm): 4창 λ₁* +0.41±1.68
  [air] 14사이클 계 69창 λ₁* +0.89±0.56
  [s2s0324-air] sit2stand_P10_D0: 90창 λ₁* +0.81±0.20
  [s2s0324-air] sit2stand_P10_D1: 90창 λ₁* +0.95±0.23
  [s2s0324-air] sit2stand_P20_D1: 90창 λ₁* +0.85±0.20
  [s2s0324-air] sit2stand_P30_D1: 90창 λ₁* +0.85±0.28
  [s2s0324-air] sit2stand_P60_D1.5_P60_D2: 90창 λ₁* +0.84±0.22

saved p24_hip_rows.json — 1314 rows [2.9m]
