warm-start from previous mshoot best
warm-start from previous fourbar best
=== p24_hip_recon — 15 evals (HIP wire: b1=-0.2608±0.0778, v01=3.324, cap=15.66, src=knee) ===
[base                  ] J6=0.8976 | CL=0.963 OLDQ=1.120 H=0.959 CLFF=0.995 OLDQFF=0.926 AIR=0.350 S2S=0.373 JW2=1.019 | gnd✓ AIR✓ H✓ → SUCCESS [8.0s]
[light_noh             ] J6=1.2420 | CL=1.041 OLDQ=1.627 H=2.555 CLFF=1.135 OLDQFF=1.988 AIR=0.345 S2S=0.327 JW2=1.116 | gnd✗ AIR✓ H✗ → fail [5.2s]
[I0.40_dz-0.030_blo    ] J6=0.9438 | CL=0.975 OLDQ=1.031 H=1.345 CLFF=1.034 OLDQFF=1.045 AIR=0.346 S2S=0.490 JW2=1.016 | gnd✗ AIR✓ H✗ → fail [5.1s]
[I0.40_dz-0.030_bfit   ] J6=0.9605 | CL=0.985 OLDQ=1.151 H=1.572 CLFF=1.046 OLDQFF=0.928 AIR=0.346 S2S=0.426 JW2=1.027 | gnd✗ AIR✓ H✗ → fail [5.2s]
[I0.40_dz-0.030_bhi    ] J6=1.0284 | CL=0.998 OLDQ=1.278 H=1.820 CLFF=1.064 OLDQFF=1.188 AIR=0.346 S2S=0.375 JW2=1.045 | gnd✗ AIR✓ H✗ → fail [5.1s]
[I0.40_dz-0.015_blo    ] J6=0.9545 | CL=0.964 OLDQ=0.975 H=1.159 CLFF=1.021 OLDQFF=1.328 AIR=0.347 S2S=0.520 JW2=1.004 | gnd✗ AIR✓ H✗ → fail [5.1s]
[I0.40_dz-0.015_bfit   ] J6=0.9316 | CL=0.972 OLDQ=1.060 H=1.350 CLFF=1.027 OLDQFF=0.956 AIR=0.347 S2S=0.452 JW2=1.010 | gnd✗ AIR✓ H✗ → fail [5.1s]
[I0.40_dz-0.015_bhi    ] J6=0.9678 | CL=0.982 OLDQ=1.179 H=1.589 CLFF=1.041 OLDQFF=0.987 AIR=0.347 S2S=0.394 JW2=1.024 | gnd✗ AIR✓ H✗ → fail [5.1s]
[I0.50_dz-0.030_blo    ] J6=0.9459 | CL=0.978 OLDQ=1.039 H=1.334 CLFF=1.037 OLDQFF=1.053 AIR=0.346 S2S=0.487 JW2=1.020 | gnd✗ AIR✓ H✗ → fail [5.1s]
[I0.50_dz-0.030_bfit   ] J6=0.9624 | CL=0.989 OLDQ=1.157 H=1.560 CLFF=1.049 OLDQFF=0.933 AIR=0.346 S2S=0.423 JW2=1.032 | gnd✗ AIR✓ H✗ → fail [5.2s]
[I0.50_dz-0.030_bhi    ] J6=1.0314 | CL=1.002 OLDQ=1.285 H=1.813 CLFF=1.067 OLDQFF=1.197 AIR=0.346 S2S=0.372 JW2=1.051 | gnd✗ AIR✓ H✗ → fail [5.2s]
[I0.50_dz-0.015_blo    ] J6=0.9503 | CL=0.967 OLDQ=0.981 H=1.133 CLFF=1.023 OLDQFF=1.296 AIR=0.347 S2S=0.518 JW2=1.008 | gnd✗ AIR✓ H✗ → fail [5.2s]
[I0.50_dz-0.015_bfit   ] J6=0.9328 | CL=0.974 OLDQ=1.067 H=1.345 CLFF=1.030 OLDQFF=0.953 AIR=0.347 S2S=0.449 JW2=1.015 | gnd✗ AIR✓ H✗ → fail [5.2s]
[I0.50_dz-0.015_bhi    ] J6=0.9701 | CL=0.985 OLDQ=1.184 H=1.581 CLFF=1.044 OLDQFF=0.995 AIR=0.347 S2S=0.391 JW2=1.028 | gnd✗ AIR✓ H✗ → fail [5.2s]
[H2_lit                ] J6=0.9668 | CL=0.991 OLDQ=1.240 H=1.531 CLFF=0.995 OLDQFF=0.938 AIR=0.367 S2S=0.496 JW2=0.990 | gnd✗ AIR✓ H✗ → fail [5.1s]

=== v6 성분 norm 표 (열 = 성분, ref = base; ⧫ = base 대비 +5% 초과 악화) ===
case                        CL      DQ     JW2     JW6     S2S      O6    OLDQ       H    CLFF  OLDQFF     AIR    J_v6
base                    0.963   0.994   1.019   0.900   0.373   0.787   1.120   0.959   0.995   0.926   0.350   0.8976
light_noh               1.041⧫  1.051⧫  1.116⧫  1.064⧫  0.327   0.790   1.627⧫  2.555   1.135⧫  1.988⧫  0.345   1.2420
I0.40_dz-0.030_blo      0.975   1.018   1.016   0.884   0.490⧫  0.825   1.031   1.345   1.034   1.045⧫  0.346   0.9438
I0.40_dz-0.030_bfit     0.985   1.021   1.027   0.908   0.426⧫  0.802   1.151   1.572   1.046⧫  0.928   0.346   0.9605
I0.40_dz-0.030_bhi      0.998   1.028   1.045   0.944   0.375   0.786   1.278⧫  1.820   1.064⧫  1.188⧫  0.346   1.0284
I0.40_dz-0.015_blo      0.964   1.010   1.004   0.869   0.520⧫  0.836⧫  0.975   1.159   1.021   1.328⧫  0.347   0.9545
I0.40_dz-0.015_bfit     0.972   1.013   1.010   0.880   0.452⧫  0.810   1.060   1.350   1.027   0.956   0.347   0.9316
I0.40_dz-0.015_bhi      0.982   1.017   1.024   0.905   0.394⧫  0.791   1.179⧫  1.589   1.041   0.987⧫  0.347   0.9678
I0.50_dz-0.030_blo      0.978   1.015   1.020   0.890   0.487⧫  0.825   1.039   1.334   1.037   1.053⧫  0.346   0.9459
I0.50_dz-0.030_bfit     0.989   1.020   1.032   0.915   0.423⧫  0.802   1.157   1.560   1.049⧫  0.933   0.346   0.9624
I0.50_dz-0.030_bhi      1.002   1.026   1.051   0.951⧫  0.372   0.786   1.285⧫  1.813   1.067⧫  1.197⧫  0.346   1.0314
I0.50_dz-0.015_blo      0.967   1.008   1.008   0.873   0.518⧫  0.836⧫  0.981   1.133   1.023   1.296⧫  0.347   0.9503
I0.50_dz-0.015_bfit     0.974   1.011   1.015   0.886   0.449⧫  0.810   1.067   1.345   1.030   0.953   0.347   0.9328
I0.50_dz-0.015_bhi      0.985   1.015   1.028   0.911   0.391   0.791   1.184⧫  1.581   1.044   0.995⧫  0.347   0.9701
H2_lit                  0.991   1.046⧫  0.990   0.882   0.496⧫  0.745   1.240⧫  1.531   0.995   0.938   0.367   0.9668

=== 지상 재생 dq (OLDQ 세션 raw, rad/s) — '가벼운 관성' 개선 여부 ===
case                    jump_0424  jump_0602  jump_0429 FF: mp_0422 FF: 0319tau
base                        1.884      1.327      4.333       2.359       1.039
light_noh                   3.496      2.803      2.650       4.730       2.345
I0.40_dz-0.030_blo          1.849      1.503      3.046       2.185       1.335
I0.40_dz-0.030_bfit         2.132      1.822      2.896       2.551       0.979
I0.40_dz-0.030_bhi          2.475      2.119      2.782       3.206       1.273
I0.40_dz-0.015_blo          1.694      1.270      3.377       2.150       1.907
I0.40_dz-0.015_bfit         1.909      1.516      3.191       2.264       1.131
I0.40_dz-0.015_bhi          2.198      1.840      3.017       2.741       1.032
I0.50_dz-0.030_blo          1.866      1.522      3.039       2.182       1.351
I0.50_dz-0.030_bfit         2.149      1.835      2.897       2.569       0.983
I0.50_dz-0.030_bhi          2.494      2.131      2.785       3.219       1.288
I0.50_dz-0.015_blo          1.702      1.285      3.383       2.135       1.848
I0.50_dz-0.015_bfit         1.924      1.536      3.180       2.272       1.122
I0.50_dz-0.015_bhi          2.218      1.850      3.006       2.766       1.039
H2_lit                      2.156      2.106      2.992       2.773       0.924

saved p24_hip_recon.json [1.4m]
